[2026-02-07T05:44:09.881+0000] {local_task_job_runner.py:120} INFO - ::group::Pre task execution logs
[2026-02-07T05:44:09.904+0000] {taskinstance.py:2076} INFO - Dependencies all met for dep_context=non-requeueable deps ti=<TaskInstance: list_s3_bucket_files_dag.log_files_to_logs manual__2026-02-07T05:43:55.759281+00:00 [queued]>
[2026-02-07T05:44:09.921+0000] {taskinstance.py:2076} INFO - Dependencies all met for dep_context=requeueable deps ti=<TaskInstance: list_s3_bucket_files_dag.log_files_to_logs manual__2026-02-07T05:43:55.759281+00:00 [queued]>
[2026-02-07T05:44:09.921+0000] {taskinstance.py:2306} INFO - Starting attempt 1 of 1
[2026-02-07T05:44:09.965+0000] {taskinstance.py:2330} INFO - Executing <Task(PythonOperator): log_files_to_logs> on 2026-02-07 05:43:55.759281+00:00
[2026-02-07T05:44:09.972+0000] {standard_task_runner.py:64} INFO - Started process 125365 to run task
[2026-02-07T05:44:09.984+0000] {standard_task_runner.py:90} INFO - Running: ['airflow', 'tasks', 'run', 'list_s3_bucket_files_dag', 'log_files_to_logs', 'manual__2026-02-07T05:43:55.759281+00:00', '--job-id', '27', '--raw', '--subdir', 'DAGS_FOLDER/list_s3_bucket_files_dag.py', '--cfg-path', '/tmp/tmpxw4a47ne']
[2026-02-07T05:44:09.992+0000] {standard_task_runner.py:91} INFO - Job 27: Subtask log_files_to_logs
[2026-02-07T05:44:10.108+0000] {task_command.py:426} INFO - Running <TaskInstance: list_s3_bucket_files_dag.log_files_to_logs manual__2026-02-07T05:43:55.759281+00:00 [running]> on host DESKTOP-OGBECNS.localdomain
[2026-02-07T05:44:10.284+0000] {taskinstance.py:2648} INFO - Exporting env vars: AIRFLOW_CTX_DAG_OWNER='airflow' AIRFLOW_CTX_DAG_ID='list_s3_bucket_files_dag' AIRFLOW_CTX_TASK_ID='log_files_to_logs' AIRFLOW_CTX_EXECUTION_DATE='2026-02-07T05:43:55.759281+00:00' AIRFLOW_CTX_TRY_NUMBER='1' AIRFLOW_CTX_DAG_RUN_ID='manual__2026-02-07T05:43:55.759281+00:00'
[2026-02-07T05:44:10.286+0000] {taskinstance.py:430} INFO - ::endgroup::
[2026-02-07T05:44:10.336+0000] {list_s3_bucket_files_dag.py:20} INFO - Found the following files in the S3 bucket:
[2026-02-07T05:44:10.337+0000] {list_s3_bucket_files_dag.py:22} INFO - * parquet/
[2026-02-07T05:44:10.337+0000] {list_s3_bucket_files_dag.py:22} INFO - * parquet/orders.parquet
[2026-02-07T05:44:10.338+0000] {list_s3_bucket_files_dag.py:22} INFO - * parquet/products.parquet
[2026-02-07T05:44:10.339+0000] {list_s3_bucket_files_dag.py:22} INFO - * parquet/reviews.parquet
[2026-02-07T05:44:10.339+0000] {list_s3_bucket_files_dag.py:22} INFO - * parquet/users.parquet
[2026-02-07T05:44:10.339+0000] {python.py:237} INFO - Done. Returned value was: None
[2026-02-07T05:44:10.340+0000] {taskinstance.py:441} INFO - ::group::Post task execution logs
[2026-02-07T05:44:10.350+0000] {taskinstance.py:1206} INFO - Marking task as SUCCESS. dag_id=list_s3_bucket_files_dag, task_id=log_files_to_logs, run_id=manual__2026-02-07T05:43:55.759281+00:00, execution_date=20260207T054355, start_date=20260207T054409, end_date=20260207T054410
[2026-02-07T05:44:10.399+0000] {local_task_job_runner.py:243} INFO - Task exited with return code 0
[2026-02-07T05:44:10.422+0000] {taskinstance.py:3503} INFO - 0 downstream tasks scheduled from follow-on schedule check
[2026-02-07T05:44:10.423+0000] {local_task_job_runner.py:222} INFO - ::endgroup::
