[2026-02-06T15:39:33.256+0000] {local_task_job_runner.py:120} INFO - ::group::Pre task execution logs
[2026-02-06T15:39:33.278+0000] {taskinstance.py:2076} INFO - Dependencies all met for dep_context=non-requeueable deps ti=<TaskInstance: list_s3_bucket_files_dag.log_files_to_logs manual__2026-02-06T15:39:19.420951+00:00 [queued]>
[2026-02-06T15:39:33.292+0000] {taskinstance.py:2076} INFO - Dependencies all met for dep_context=requeueable deps ti=<TaskInstance: list_s3_bucket_files_dag.log_files_to_logs manual__2026-02-06T15:39:19.420951+00:00 [queued]>
[2026-02-06T15:39:33.293+0000] {taskinstance.py:2306} INFO - Starting attempt 1 of 1
[2026-02-06T15:39:33.328+0000] {taskinstance.py:2330} INFO - Executing <Task(PythonOperator): log_files_to_logs> on 2026-02-06 15:39:19.420951+00:00
[2026-02-06T15:39:33.335+0000] {standard_task_runner.py:64} INFO - Started process 106876 to run task
[2026-02-06T15:39:33.344+0000] {standard_task_runner.py:90} INFO - Running: ['airflow', 'tasks', 'run', 'list_s3_bucket_files_dag', 'log_files_to_logs', 'manual__2026-02-06T15:39:19.420951+00:00', '--job-id', '25', '--raw', '--subdir', 'DAGS_FOLDER/list_s3_bucket_files_dag.py', '--cfg-path', '/tmp/tmp0arh3n2b']
[2026-02-06T15:39:33.347+0000] {standard_task_runner.py:91} INFO - Job 25: Subtask log_files_to_logs
[2026-02-06T15:39:33.435+0000] {task_command.py:426} INFO - Running <TaskInstance: list_s3_bucket_files_dag.log_files_to_logs manual__2026-02-06T15:39:19.420951+00:00 [running]> on host DESKTOP-OGBECNS.localdomain
[2026-02-06T15:39:33.618+0000] {taskinstance.py:2648} INFO - Exporting env vars: AIRFLOW_CTX_DAG_OWNER='airflow' AIRFLOW_CTX_DAG_ID='list_s3_bucket_files_dag' AIRFLOW_CTX_TASK_ID='log_files_to_logs' AIRFLOW_CTX_EXECUTION_DATE='2026-02-06T15:39:19.420951+00:00' AIRFLOW_CTX_TRY_NUMBER='1' AIRFLOW_CTX_DAG_RUN_ID='manual__2026-02-06T15:39:19.420951+00:00'
[2026-02-06T15:39:33.622+0000] {taskinstance.py:430} INFO - ::endgroup::
[2026-02-06T15:39:33.693+0000] {list_s3_bucket_files_dag.py:20} INFO - Found the following files in the S3 bucket:
[2026-02-06T15:39:33.694+0000] {list_s3_bucket_files_dag.py:22} INFO - * parquet/
[2026-02-06T15:39:33.695+0000] {list_s3_bucket_files_dag.py:22} INFO - * parquet/orders.parquet
[2026-02-06T15:39:33.695+0000] {list_s3_bucket_files_dag.py:22} INFO - * parquet/products.parquet
[2026-02-06T15:39:33.696+0000] {list_s3_bucket_files_dag.py:22} INFO - * parquet/reviews.parquet
[2026-02-06T15:39:33.697+0000] {list_s3_bucket_files_dag.py:22} INFO - * parquet/users.parquet
[2026-02-06T15:39:33.698+0000] {python.py:237} INFO - Done. Returned value was: None
[2026-02-06T15:39:33.698+0000] {taskinstance.py:441} INFO - ::group::Post task execution logs
[2026-02-06T15:39:33.711+0000] {taskinstance.py:1206} INFO - Marking task as SUCCESS. dag_id=list_s3_bucket_files_dag, task_id=log_files_to_logs, run_id=manual__2026-02-06T15:39:19.420951+00:00, execution_date=20260206T153919, start_date=20260206T153933, end_date=20260206T153933
[2026-02-06T15:39:33.801+0000] {local_task_job_runner.py:243} INFO - Task exited with return code 0
[2026-02-06T15:39:33.836+0000] {taskinstance.py:3503} INFO - 0 downstream tasks scheduled from follow-on schedule check
[2026-02-06T15:39:33.837+0000] {local_task_job_runner.py:222} INFO - ::endgroup::
