[2026-03-10T04:35:49.183+0000] {local_task_job_runner.py:120} INFO - ::group::Pre task execution logs
[2026-03-10T04:35:49.339+0000] {taskinstance.py:2076} INFO - Dependencies all met for dep_context=non-requeueable deps ti=<TaskInstance: dag_Generate_Semantic_Model.Generating_Model manual__2026-03-10T04:35:45.468547+00:00 [queued]>
[2026-03-10T04:35:49.350+0000] {taskinstance.py:2076} INFO - Dependencies all met for dep_context=requeueable deps ti=<TaskInstance: dag_Generate_Semantic_Model.Generating_Model manual__2026-03-10T04:35:45.468547+00:00 [queued]>
[2026-03-10T04:35:49.351+0000] {taskinstance.py:2306} INFO - Starting attempt 1 of 1
[2026-03-10T04:35:49.373+0000] {taskinstance.py:2330} INFO - Executing <Task(PythonOperator): Generating_Model> on 2026-03-10 04:35:45.468547+00:00
[2026-03-10T04:35:49.377+0000] {standard_task_runner.py:64} INFO - Started process 270002 to run task
[2026-03-10T04:35:49.382+0000] {standard_task_runner.py:90} INFO - Running: ['airflow', 'tasks', 'run', 'dag_Generate_Semantic_Model', 'Generating_Model', 'manual__2026-03-10T04:35:45.468547+00:00', '--job-id', '51', '--raw', '--subdir', 'DAGS_FOLDER/dag_Generate_Semantic_Model.py', '--cfg-path', '/tmp/tmpntr56kof']
[2026-03-10T04:35:49.386+0000] {standard_task_runner.py:91} INFO - Job 51: Subtask Generating_Model
[2026-03-10T04:35:49.451+0000] {task_command.py:426} INFO - Running <TaskInstance: dag_Generate_Semantic_Model.Generating_Model manual__2026-03-10T04:35:45.468547+00:00 [running]> on host DESKTOP-OGBECNS.localdomain
[2026-03-10T04:35:49.576+0000] {taskinstance.py:2648} INFO - Exporting env vars: AIRFLOW_CTX_DAG_OWNER='airflow' AIRFLOW_CTX_DAG_ID='dag_Generate_Semantic_Model' AIRFLOW_CTX_TASK_ID='Generating_Model' AIRFLOW_CTX_EXECUTION_DATE='2026-03-10T04:35:45.468547+00:00' AIRFLOW_CTX_TRY_NUMBER='1' AIRFLOW_CTX_DAG_RUN_ID='manual__2026-03-10T04:35:45.468547+00:00'
[2026-03-10T04:35:49.578+0000] {taskinstance.py:430} INFO - ::endgroup::
[2026-03-10T04:35:50.784+0000] {connection.py:611} INFO - Snowflake Connector for Python Version: 4.2.0, Python Version: 3.12.3, Platform: Linux-6.6.87.2-microsoft-standard-WSL2-x86_64-with-glibc2.39
[2026-03-10T04:35:50.786+0000] {connection.py:1695} INFO - Connecting to GLOBAL Snowflake domain
[2026-03-10T04:35:50.956+0000] {credentials.py:1278} INFO - Found credentials in shared credentials file: ~/.aws/credentials
[2026-03-10T04:35:53.188+0000] {python.py:237} INFO - Done. Returned value was: None
[2026-03-10T04:35:53.188+0000] {taskinstance.py:441} INFO - ::group::Post task execution logs
[2026-03-10T04:35:53.193+0000] {taskinstance.py:1206} INFO - Marking task as SUCCESS. dag_id=dag_Generate_Semantic_Model, task_id=Generating_Model, run_id=manual__2026-03-10T04:35:45.468547+00:00, execution_date=20260310T043545, start_date=20260310T043549, end_date=20260310T043553
[2026-03-10T04:35:53.261+0000] {local_task_job_runner.py:243} INFO - Task exited with return code 0
[2026-03-10T04:35:53.274+0000] {taskinstance.py:3503} INFO - 0 downstream tasks scheduled from follow-on schedule check
[2026-03-10T04:35:53.275+0000] {local_task_job_runner.py:222} INFO - ::endgroup::
