[2026-03-10T12:30:55.404+0000] {local_task_job_runner.py:120} INFO - ::group::Pre task execution logs
[2026-03-10T12:30:55.437+0000] {taskinstance.py:2076} INFO - Dependencies all met for dep_context=non-requeueable deps ti=<TaskInstance: 1_dag_Create_Apply_TAGs_AND_Policies.Applying_Tags manual__2026-03-10T12:30:42.937334+00:00 [queued]>
[2026-03-10T12:30:55.447+0000] {taskinstance.py:2076} INFO - Dependencies all met for dep_context=requeueable deps ti=<TaskInstance: 1_dag_Create_Apply_TAGs_AND_Policies.Applying_Tags manual__2026-03-10T12:30:42.937334+00:00 [queued]>
[2026-03-10T12:30:55.448+0000] {taskinstance.py:2306} INFO - Starting attempt 1 of 1
[2026-03-10T12:30:55.475+0000] {taskinstance.py:2330} INFO - Executing <Task(PythonOperator): Applying_Tags> on 2026-03-10 12:30:42.937334+00:00
[2026-03-10T12:30:55.490+0000] {standard_task_runner.py:90} INFO - Running: ['airflow', 'tasks', 'run', '1_dag_Create_Apply_TAGs_AND_Policies', 'Applying_Tags', 'manual__2026-03-10T12:30:42.937334+00:00', '--job-id', '71', '--raw', '--subdir', 'DAGS_FOLDER/1_dag_Create_Apply_TAGs_AND_Policies.py', '--cfg-path', '/tmp/tmpdnfih507']
[2026-03-10T12:30:55.494+0000] {standard_task_runner.py:91} INFO - Job 71: Subtask Applying_Tags
[2026-03-10T12:30:55.496+0000] {logging_mixin.py:188} WARNING - /home/cloud/codings/mvenv/lib/python3.12/site-packages/airflow/task/task_runner/standard_task_runner.py:62 DeprecationWarning: This process (pid=474483) is multi-threaded, use of fork() may lead to deadlocks in the child.
[2026-03-10T12:30:55.497+0000] {standard_task_runner.py:64} INFO - Started process 474526 to run task
[2026-03-10T12:30:55.559+0000] {task_command.py:426} INFO - Running <TaskInstance: 1_dag_Create_Apply_TAGs_AND_Policies.Applying_Tags manual__2026-03-10T12:30:42.937334+00:00 [running]> on host DESKTOP-OGBECNS.localdomain
[2026-03-10T12:30:55.656+0000] {taskinstance.py:2648} INFO - Exporting env vars: AIRFLOW_CTX_DAG_OWNER='airflow' AIRFLOW_CTX_DAG_ID='1_dag_Create_Apply_TAGs_AND_Policies' AIRFLOW_CTX_TASK_ID='Applying_Tags' AIRFLOW_CTX_EXECUTION_DATE='2026-03-10T12:30:42.937334+00:00' AIRFLOW_CTX_TRY_NUMBER='1' AIRFLOW_CTX_DAG_RUN_ID='manual__2026-03-10T12:30:42.937334+00:00'
[2026-03-10T12:30:55.657+0000] {taskinstance.py:430} INFO - ::endgroup::
[2026-03-10T12:30:55.685+0000] {connection.py:611} INFO - Snowflake Connector for Python Version: 4.2.0, Python Version: 3.12.3, Platform: Linux-6.6.87.2-microsoft-standard-WSL2-x86_64-with-glibc2.39
[2026-03-10T12:30:55.687+0000] {connection.py:1695} INFO - Connecting to GLOBAL Snowflake domain
[2026-03-10T12:30:55.961+0000] {credentials.py:1278} INFO - Found credentials in shared credentials file: ~/.aws/credentials
[2026-03-10T12:30:57.922+0000] {logging_mixin.py:188} INFO - Applying tag on VW_PROJECT_INDICATION_FLAT.indication_ptrs
[2026-03-10T12:30:58.354+0000] {logging_mixin.py:188} INFO -      tag applied successfully
[2026-03-10T12:30:58.355+0000] {logging_mixin.py:188} INFO - Applying tag on VW_PROJECT_INDICATION_FLAT.gov_approved_phase_1_pos
[2026-03-10T12:30:58.722+0000] {logging_mixin.py:188} INFO -      tag applied successfully
[2026-03-10T12:30:58.723+0000] {logging_mixin.py:188} INFO - Applying tag on VW_PROJECT_INDICATION_FLAT.gov_approved_phase_2a_pos
[2026-03-10T12:30:59.117+0000] {logging_mixin.py:188} INFO -      tag applied successfully
[2026-03-10T12:30:59.117+0000] {logging_mixin.py:188} INFO - Applying tag on VW_PROJECT_INDICATION_FLAT.gov_approved_phase_2b_pos
[2026-03-10T12:30:59.500+0000] {logging_mixin.py:188} INFO -      tag applied successfully
[2026-03-10T12:30:59.500+0000] {logging_mixin.py:188} INFO - Applying tag on VW_PROJECT_INDICATION_FLAT.gov_approved_phase_2_pos
[2026-03-10T12:31:00.031+0000] {logging_mixin.py:188} INFO -      tag applied successfully
[2026-03-10T12:31:00.033+0000] {logging_mixin.py:188} INFO - Applying tag on VW_PROJECT_INDICATION_FLAT.gov_approved_phase_3_pos
[2026-03-10T12:31:00.586+0000] {logging_mixin.py:188} INFO -      tag applied successfully
[2026-03-10T12:31:00.586+0000] {logging_mixin.py:188} INFO - Applying tag on VW_PROJECT_INDICATION_TPP.tpp_base_profile_soc_for_subcategory
[2026-03-10T12:31:01.030+0000] {logging_mixin.py:188} INFO -      tag applied successfully
[2026-03-10T12:31:01.031+0000] {logging_mixin.py:188} INFO - Applying tag on VW_PROJECT_INDICATION_TPP.tpp_upside_profile_soc_for_subcategory
[2026-03-10T12:31:01.579+0000] {logging_mixin.py:188} INFO -      tag applied successfully
[2026-03-10T12:31:01.580+0000] {logging_mixin.py:188} INFO - Applying tag on VW_PROJECT_INDICATION_TPP.tpp_minimally_marketable_profile_soc_for_subcategory
[2026-03-10T12:31:02.068+0000] {logging_mixin.py:188} INFO -      tag applied successfully
[2026-03-10T12:31:02.068+0000] {logging_mixin.py:188} INFO - Applying tag on VW_PROJECT_INDICATION_TPP.tpp_base_vs_comparator_product1_soc_for_subcategory
[2026-03-10T12:31:02.484+0000] {logging_mixin.py:188} INFO -      tag applied successfully
[2026-03-10T12:31:02.485+0000] {logging_mixin.py:188} INFO - Applying tag on VW_PROJECT_INDICATION_TPP.tpp_upside_vs_comparator_product1_soc_for_subcategory
[2026-03-10T12:31:02.840+0000] {logging_mixin.py:188} INFO -      tag applied successfully
[2026-03-10T12:31:02.842+0000] {logging_mixin.py:188} INFO - Applying tag on VW_PROJECT_INDICATION_TPP.tpp_minimally_marketable_vs_comparator_product1_soc_for_subcategory
[2026-03-10T12:31:03.222+0000] {logging_mixin.py:188} INFO -      tag applied successfully
[2026-03-10T12:31:03.223+0000] {logging_mixin.py:188} INFO - Applying tag on VW_PROJECT_INDICATION_TPP.tpp_base_vs_comparator_product2_soc_for_subcategory
[2026-03-10T12:31:03.685+0000] {logging_mixin.py:188} INFO -      tag applied successfully
[2026-03-10T12:31:03.685+0000] {logging_mixin.py:188} INFO - Applying tag on VW_PROJECT_INDICATION_TPP.tpp_upside_vs_comparator_product2_soc_for_subcategory
[2026-03-10T12:31:04.035+0000] {logging_mixin.py:188} INFO -      tag applied successfully
[2026-03-10T12:31:04.036+0000] {logging_mixin.py:188} INFO - Applying tag on VW_PROJECT_INDICATION_TPP.tpp_minimally_marketable_vs_comparator_product2_soc_for_subcategory
[2026-03-10T12:31:04.401+0000] {logging_mixin.py:188} INFO -      tag applied successfully
[2026-03-10T12:31:04.401+0000] {logging_mixin.py:188} INFO - Applying tag on VW_PROJECT_INDICATION_TPP.tpp_base_vs_comparator_product3_soc_for_subcategory
[2026-03-10T12:31:04.800+0000] {logging_mixin.py:188} INFO -      tag applied successfully
[2026-03-10T12:31:04.801+0000] {logging_mixin.py:188} INFO - Applying tag on VW_PROJECT_INDICATION_TPP.tpp_upside_vs_comparator_product3_soc_for_subcategory
[2026-03-10T12:31:05.153+0000] {logging_mixin.py:188} INFO -      tag applied successfully
[2026-03-10T12:31:05.153+0000] {logging_mixin.py:188} INFO - Applying tag on VW_PROJECT_INDICATION_TPP.tpp_minimally_marketable_vs_comparator_product3_soc_for_subcategory
[2026-03-10T12:31:05.525+0000] {logging_mixin.py:188} INFO -      tag applied successfully
[2026-03-10T12:31:05.526+0000] {logging_mixin.py:188} INFO - Applying tag on VW_PROJECT_TCP.tcp_characteristic_value
[2026-03-10T12:31:05.906+0000] {logging_mixin.py:188} INFO -      tag applied successfully
[2026-03-10T12:31:05.906+0000] {logging_mixin.py:188} INFO - Applying tag on VW_PROJECT_TCP.tcp_created_by
[2026-03-10T12:31:06.312+0000] {logging_mixin.py:188} INFO -      tag applied successfully
[2026-03-10T12:31:06.313+0000] {logging_mixin.py:188} INFO - Applying tag on VW_PROJECT_TCP.tcp_modified_by
[2026-03-10T12:31:06.675+0000] {logging_mixin.py:188} INFO -      tag applied successfully
[2026-03-10T12:31:06.675+0000] {logging_mixin.py:188} INFO - Applying tag on VW_PROJECT_TEAM_MEMBER.project_team_member_email
[2026-03-10T12:31:07.057+0000] {logging_mixin.py:188} INFO -      tag applied successfully
[2026-03-10T12:31:07.057+0000] {logging_mixin.py:188} INFO - Applying tag on VW_PROJECT_TVP.tvp_populations_of_interest
[2026-03-10T12:31:07.409+0000] {logging_mixin.py:188} INFO -      tag applied successfully
[2026-03-10T12:31:07.410+0000] {logging_mixin.py:188} INFO - Applying tag on VW_PROJECT_TVP.tvp_populations_of_interest
[2026-03-10T12:31:07.759+0000] {logging_mixin.py:188} INFO -      tag applied successfully
[2026-03-10T12:31:07.759+0000] {logging_mixin.py:188} INFO - Applying tag on VW_PROJECT_TVP.tvp_need
[2026-03-10T12:31:08.162+0000] {logging_mixin.py:188} INFO -      tag applied successfully
[2026-03-10T12:31:08.163+0000] {logging_mixin.py:188} INFO - Applying tag on VW_PROJECT_TVP.tvp_competitive_positioning_current_soc
[2026-03-10T12:31:08.513+0000] {logging_mixin.py:188} INFO -      tag applied successfully
[2026-03-10T12:31:08.513+0000] {logging_mixin.py:188} INFO - Applying tag on VW_PROJECT_TVP.tvp_competitive_positioning_future_soc_competitors
[2026-03-10T12:31:08.897+0000] {logging_mixin.py:188} INFO -      tag applied successfully
[2026-03-10T12:31:08.897+0000] {logging_mixin.py:188} INFO - Applying tag on VW_PROJECT_TVP.tvp_value_to_prescribers
[2026-03-10T12:31:09.255+0000] {logging_mixin.py:188} INFO -      tag applied successfully
[2026-03-10T12:31:09.255+0000] {logging_mixin.py:188} INFO - Applying tag on VW_PROJECT_TVP.tvp_value_to_patients
[2026-03-10T12:31:09.608+0000] {logging_mixin.py:188} INFO -      tag applied successfully
[2026-03-10T12:31:09.608+0000] {logging_mixin.py:188} INFO - Applying tag on VW_PROJECT_TVP.tvp_value_to_payers
[2026-03-10T12:31:09.979+0000] {logging_mixin.py:188} INFO -      tag applied successfully
[2026-03-10T12:31:09.979+0000] {logging_mixin.py:188} INFO - Applying tag on VW_PROJECT_INDICATION_FLAT.project_name
[2026-03-10T12:31:10.347+0000] {logging_mixin.py:188} INFO -      tag applied successfully
[2026-03-10T12:31:10.347+0000] {logging_mixin.py:188} INFO - Applying tag on VW_PROJECT_INDICATION_FLAT.project_description
[2026-03-10T12:31:10.723+0000] {logging_mixin.py:188} INFO -      tag applied successfully
[2026-03-10T12:31:10.724+0000] {logging_mixin.py:188} INFO - Applying tag on VW_PROJECT_INDICATION_FLAT.project_phase
[2026-03-10T12:31:11.075+0000] {logging_mixin.py:188} INFO -      tag applied successfully
[2026-03-10T12:31:11.075+0000] {logging_mixin.py:188} INFO - Applying tag on VW_PROJECT_INDICATION_FLAT.project_priority
[2026-03-10T12:31:11.413+0000] {logging_mixin.py:188} INFO -      tag applied successfully
[2026-03-10T12:31:11.414+0000] {logging_mixin.py:188} INFO - Applying tag on VW_PROJECT_INDICATION_FLAT.project_innovation_status
[2026-03-10T12:31:11.786+0000] {logging_mixin.py:188} INFO -      tag applied successfully
[2026-03-10T12:31:11.787+0000] {logging_mixin.py:188} INFO - Applying tag on VW_PROJECT_INDICATION_FLAT.project_research_development_link
[2026-03-10T12:31:12.169+0000] {logging_mixin.py:188} INFO -      tag applied successfully
[2026-03-10T12:31:12.169+0000] {logging_mixin.py:188} INFO - Applying tag on VW_PROJECT_INDICATION_FLAT.asset_brand_name
[2026-03-10T12:31:12.529+0000] {logging_mixin.py:188} INFO -      tag applied successfully
[2026-03-10T12:31:12.529+0000] {logging_mixin.py:188} INFO - Applying tag on VW_PROJECT_INDICATION_FLAT.asset_mechanism_of_action
[2026-03-10T12:31:12.870+0000] {logging_mixin.py:188} INFO -      tag applied successfully
[2026-03-10T12:31:12.871+0000] {logging_mixin.py:188} INFO - Applying tag on VW_PROJECT_INDICATION_FLAT.asset_pharmacological_effect
[2026-03-10T12:31:13.229+0000] {logging_mixin.py:188} INFO -      tag applied successfully
[2026-03-10T12:31:13.229+0000] {logging_mixin.py:188} INFO - Applying tag on VW_PROJECT_INDICATION_FLAT.indication_phase
[2026-03-10T12:31:13.803+0000] {logging_mixin.py:188} INFO -      tag applied successfully
[2026-03-10T12:31:13.804+0000] {logging_mixin.py:188} INFO - Applying tag on VW_PROJECT_INDICATION_TPP.tpp_soc_category
[2026-03-10T12:31:14.214+0000] {logging_mixin.py:188} INFO -      tag applied successfully
[2026-03-10T12:31:14.215+0000] {logging_mixin.py:188} INFO - Applying tag on VW_PROJECT_INDICATION_TPP.tpp_soc_subcategory
[2026-03-10T12:31:14.576+0000] {logging_mixin.py:188} INFO -      tag applied successfully
[2026-03-10T12:31:14.577+0000] {logging_mixin.py:188} INFO - Applying tag on VW_PROJECT_INDICATION_TPP.tpp_comparator_product1_name
[2026-03-10T12:31:14.941+0000] {logging_mixin.py:188} INFO -      tag applied successfully
[2026-03-10T12:31:14.941+0000] {logging_mixin.py:188} INFO - Applying tag on VW_PROJECT_INDICATION_TPP.tpp_comparator_product1_soc_for_subcategory
[2026-03-10T12:31:15.385+0000] {logging_mixin.py:188} INFO -      tag applied successfully
[2026-03-10T12:31:15.385+0000] {logging_mixin.py:188} INFO - Applying tag on VW_PROJECT_INDICATION_TPP.tpp_comparator_product2_name
[2026-03-10T12:31:15.732+0000] {logging_mixin.py:188} INFO -      tag applied successfully
[2026-03-10T12:31:15.733+0000] {logging_mixin.py:188} INFO - Applying tag on VW_PROJECT_INDICATION_TPP.tpp_comparator_product2_soc_for_subcategory
[2026-03-10T12:31:16.102+0000] {logging_mixin.py:188} INFO -      tag applied successfully
[2026-03-10T12:31:16.103+0000] {logging_mixin.py:188} INFO - Applying tag on VW_PROJECT_INDICATION_TPP.tpp_comparator_product3_name
[2026-03-10T12:31:16.474+0000] {logging_mixin.py:188} INFO -      tag applied successfully
[2026-03-10T12:31:16.474+0000] {logging_mixin.py:188} INFO - Applying tag on VW_PROJECT_INDICATION_TPP.tpp_comparator_product3_soc_for_subcategory
[2026-03-10T12:31:16.876+0000] {logging_mixin.py:188} INFO -      tag applied successfully
[2026-03-10T12:31:16.877+0000] {logging_mixin.py:188} INFO - Applying tag on VW_PROJECT_TCP.project_name
[2026-03-10T12:31:17.243+0000] {logging_mixin.py:188} INFO -      tag applied successfully
[2026-03-10T12:31:17.243+0000] {logging_mixin.py:188} INFO - Applying tag on VW_PROJECT_TCP.tcp_characteristic
[2026-03-10T12:31:17.603+0000] {logging_mixin.py:188} INFO -      tag applied successfully
[2026-03-10T12:31:17.603+0000] {logging_mixin.py:188} INFO - Applying tag on VW_PROJECT_TEAM_MEMBER.project_team_member_teams
[2026-03-10T12:31:17.972+0000] {logging_mixin.py:188} INFO -      tag applied successfully
[2026-03-10T12:31:17.972+0000] {logging_mixin.py:188} INFO - Applying tag on VW_PROJECT_TEAM_MEMBER.project_team_member_project_role_orig
[2026-03-10T12:31:18.388+0000] {logging_mixin.py:188} INFO -      tag applied successfully
[2026-03-10T12:31:18.389+0000] {logging_mixin.py:188} INFO - Applying tag on VW_PROJECT_TEAM_MEMBER.project_team_member_desc
[2026-03-10T12:31:18.740+0000] {logging_mixin.py:188} INFO -      tag applied successfully
[2026-03-10T12:31:18.741+0000] {logging_mixin.py:188} INFO - Applying tag on VW_PROJECT_TEAM_MEMBER.project_team_member_sub_teams
[2026-03-10T12:31:19.314+0000] {logging_mixin.py:188} INFO -      tag applied successfully
[2026-03-10T12:31:19.314+0000] {logging_mixin.py:188} INFO - Applying tag on VW_PROJECT_TEAM_MEMBER.project_team_member_department_code
[2026-03-10T12:31:19.700+0000] {logging_mixin.py:188} INFO -      tag applied successfully
[2026-03-10T12:31:19.701+0000] {logging_mixin.py:188} INFO - Applying tag on VW_PROJECT_TEAM_MEMBER.project_team_member_function
[2026-03-10T12:31:20.116+0000] {logging_mixin.py:188} INFO -      tag applied successfully
[2026-03-10T12:31:20.117+0000] {logging_mixin.py:188} INFO - Applying tag on VW_PROJECT_TEAM_MEMBER.project_team_member_scope_desc
[2026-03-10T12:31:20.457+0000] {logging_mixin.py:188} INFO -      tag applied successfully
[2026-03-10T12:31:20.457+0000] {logging_mixin.py:188} INFO - Applying tag on VW_PROJECT_TEAM_MEMBER.project_team_member_project_role
[2026-03-10T12:31:20.791+0000] {logging_mixin.py:188} INFO -      tag applied successfully
[2026-03-10T12:31:20.791+0000] {logging_mixin.py:188} INFO - Applying tag on VW_PROJECT_TVP.tvp_source_record_ids
[2026-03-10T12:31:21.206+0000] {logging_mixin.py:188} INFO -      tag applied successfully
[2026-03-10T12:31:21.206+0000] {logging_mixin.py:188} INFO - Applying tag on VW_PROJECT_INDICATION_FLAT.project_code
[2026-03-10T12:31:21.570+0000] {logging_mixin.py:188} INFO -      tag applied successfully
[2026-03-10T12:31:21.570+0000] {logging_mixin.py:188} INFO - Applying tag on VW_PROJECT_INDICATION_FLAT.project_category
[2026-03-10T12:31:21.982+0000] {logging_mixin.py:188} INFO -      tag applied successfully
[2026-03-10T12:31:21.983+0000] {logging_mixin.py:188} INFO - Applying tag on VW_PROJECT_INDICATION_FLAT.project_organization
[2026-03-10T12:31:22.352+0000] {logging_mixin.py:188} INFO -      tag applied successfully
[2026-03-10T12:31:22.353+0000] {logging_mixin.py:188} INFO - Applying tag on VW_PROJECT_INDICATION_FLAT.project_status
[2026-03-10T12:31:22.720+0000] {logging_mixin.py:188} INFO -      tag applied successfully
[2026-03-10T12:31:22.720+0000] {logging_mixin.py:188} INFO - Applying tag on VW_PROJECT_INDICATION_FLAT.project_sanofi_therapeutic_area
[2026-03-10T12:31:23.072+0000] {logging_mixin.py:188} INFO -      tag applied successfully
[2026-03-10T12:31:23.072+0000] {logging_mixin.py:188} INFO - Applying tag on VW_PROJECT_INDICATION_FLAT.asset_inn
[2026-03-10T12:31:23.434+0000] {logging_mixin.py:188} INFO -      tag applied successfully
[2026-03-10T12:31:23.434+0000] {logging_mixin.py:188} INFO - Applying tag on VW_PROJECT_INDICATION_FLAT.asset_moa_short_name
[2026-03-10T12:31:23.849+0000] {logging_mixin.py:188} INFO -      tag applied successfully
[2026-03-10T12:31:23.850+0000] {logging_mixin.py:188} INFO - Applying tag on VW_PROJECT_INDICATION_FLAT.asset_active_substance_type
[2026-03-10T12:31:24.216+0000] {logging_mixin.py:188} INFO -      tag applied successfully
[2026-03-10T12:31:24.216+0000] {logging_mixin.py:188} INFO - Applying tag on VW_PROJECT_INDICATION_FLAT.asset_active_substance_subtype
[2026-03-10T12:31:24.601+0000] {logging_mixin.py:188} INFO -      tag applied successfully
[2026-03-10T12:31:24.602+0000] {logging_mixin.py:188} INFO - Applying tag on VW_PROJECT_INDICATION_FLAT.asset_origin_of_active_substance
[2026-03-10T12:31:25.014+0000] {logging_mixin.py:188} INFO -      tag applied successfully
[2026-03-10T12:31:25.015+0000] {logging_mixin.py:188} INFO - Applying tag on VW_PROJECT_INDICATION_FLAT.indication_unique_code
[2026-03-10T12:31:25.386+0000] {logging_mixin.py:188} INFO -      tag applied successfully
[2026-03-10T12:31:25.386+0000] {logging_mixin.py:188} INFO - Applying tag on VW_PROJECT_INDICATION_FLAT.indication_lead_flag
[2026-03-10T12:31:25.766+0000] {logging_mixin.py:188} INFO -      tag applied successfully
[2026-03-10T12:31:25.767+0000] {logging_mixin.py:188} INFO - Applying tag on VW_PROJECT_INDICATION_FLAT.indication_longname
[2026-03-10T12:31:26.219+0000] {logging_mixin.py:188} INFO -      tag applied successfully
[2026-03-10T12:31:26.220+0000] {logging_mixin.py:188} INFO - Applying tag on VW_PROJECT_INDICATION_FLAT.indication_shortname
[2026-03-10T12:31:27.077+0000] {logging_mixin.py:188} INFO -      tag applied successfully
[2026-03-10T12:31:27.077+0000] {logging_mixin.py:188} INFO - Applying tag on VW_PROJECT_INDICATION_FLAT.indication_status
[2026-03-10T12:31:27.448+0000] {logging_mixin.py:188} INFO -      tag applied successfully
[2026-03-10T12:31:27.448+0000] {logging_mixin.py:188} INFO - Applying tag on VW_PROJECT_INDICATION_FLAT.indication_sanofi_therapeutic_area
[2026-03-10T12:31:27.801+0000] {logging_mixin.py:188} INFO -      tag applied successfully
[2026-03-10T12:31:27.802+0000] {logging_mixin.py:188} INFO - Applying tag on VW_PROJECT_INDICATION_FLAT.indication_sanofi_sub_therapeutic_area_franchise
[2026-03-10T12:31:28.193+0000] {logging_mixin.py:188} INFO -      tag applied successfully
[2026-03-10T12:31:28.193+0000] {logging_mixin.py:188} INFO - Applying tag on VW_PROJECT_INDICATION_TPP.tpp_sys_id
[2026-03-10T12:31:28.549+0000] {logging_mixin.py:188} INFO -      tag applied successfully
[2026-03-10T12:31:28.550+0000] {logging_mixin.py:188} INFO - Applying tag on VW_PROJECT_INDICATION_TPP.project_code
[2026-03-10T12:31:28.884+0000] {logging_mixin.py:188} INFO -      tag applied successfully
[2026-03-10T12:31:28.885+0000] {logging_mixin.py:188} INFO - Applying tag on VW_PROJECT_INDICATION_TPP.indication_unique_code
[2026-03-10T12:31:29.239+0000] {logging_mixin.py:188} INFO -      tag applied successfully
[2026-03-10T12:31:29.239+0000] {logging_mixin.py:188} INFO - Applying tag on VW_PROJECT_INDICATION_TPP.tpp_status
[2026-03-10T12:31:29.631+0000] {logging_mixin.py:188} INFO -      tag applied successfully
[2026-03-10T12:31:29.632+0000] {logging_mixin.py:188} INFO - Applying tag on VW_PROJECT_TCP.tcp_id
[2026-03-10T12:31:30.008+0000] {logging_mixin.py:188} INFO -      tag applied successfully
[2026-03-10T12:31:30.009+0000] {logging_mixin.py:188} INFO - Applying tag on VW_PROJECT_TCP.project_code
[2026-03-10T12:31:30.378+0000] {logging_mixin.py:188} INFO -      tag applied successfully
[2026-03-10T12:31:30.379+0000] {logging_mixin.py:188} INFO - Applying tag on VW_PROJECT_TCP.tcp_status
[2026-03-10T12:31:30.729+0000] {logging_mixin.py:188} INFO -      tag applied successfully
[2026-03-10T12:31:30.730+0000] {logging_mixin.py:188} INFO - Applying tag on VW_PROJECT_TEAM_MEMBER.project_code
[2026-03-10T12:31:31.125+0000] {logging_mixin.py:188} INFO -      tag applied successfully
[2026-03-10T12:31:31.125+0000] {logging_mixin.py:188} INFO - Applying tag on VW_PROJECT_TEAM_MEMBER.indication_unique_code
[2026-03-10T12:31:31.486+0000] {logging_mixin.py:188} INFO -      tag applied successfully
[2026-03-10T12:31:31.487+0000] {logging_mixin.py:188} INFO - Applying tag on VW_PROJECT_TVP.project_code
[2026-03-10T12:31:31.880+0000] {logging_mixin.py:188} INFO -      tag applied successfully
[2026-03-10T12:31:31.881+0000] {logging_mixin.py:188} INFO - Applying tag on VW_PROJECT_TVP.indication_unique_code
[2026-03-10T12:31:32.236+0000] {logging_mixin.py:188} INFO -      tag applied successfully
[2026-03-10T12:31:32.237+0000] {logging_mixin.py:188} INFO - Applying tag on VW_PROJECT_TVP.tvp_status
[2026-03-10T12:31:32.607+0000] {logging_mixin.py:188} INFO -      tag applied successfully
[2026-03-10T12:31:32.608+0000] {logging_mixin.py:188} INFO - Applying tag on VW_MEDDRA_ICD10_MAPPING.sanofi_meddra_indication_code
[2026-03-10T12:31:32.994+0000] {logging_mixin.py:188} INFO -      tag applied successfully
[2026-03-10T12:31:32.995+0000] {logging_mixin.py:188} INFO - Applying tag on VW_MEDDRA_ICD10_MAPPING.icd10_code_2019_intl_core_ver
[2026-03-10T12:31:33.362+0000] {logging_mixin.py:188} INFO -      tag applied successfully
[2026-03-10T12:31:33.364+0000] {logging_mixin.py:188} INFO - Applying tag on VW_MEDDRA_ICD10_MAPPING.meddra_pt_code
[2026-03-10T12:31:33.738+0000] {logging_mixin.py:188} INFO -      tag applied successfully
[2026-03-10T12:31:33.739+0000] {logging_mixin.py:188} INFO - Applying tag on VW_MEDDRA_ICD10_MAPPING.meddra_llt_code
[2026-03-10T12:31:34.111+0000] {logging_mixin.py:188} INFO -      tag applied successfully
[2026-03-10T12:31:34.111+0000] {logging_mixin.py:188} INFO - Applying tag on VW_MEDDRA_SNOMEDCT_MAPPING.clinical_ind
[2026-03-10T12:31:34.512+0000] {logging_mixin.py:188} INFO -      tag applied successfully
[2026-03-10T12:31:34.512+0000] {logging_mixin.py:188} INFO - Applying tag on VW_MEDDRA_SNOMEDCT_MAPPING.meddra_llt_code
[2026-03-10T12:31:35.280+0000] {logging_mixin.py:188} INFO -      tag applied successfully
[2026-03-10T12:31:35.280+0000] {logging_mixin.py:188} INFO - Applying tag on VW_MEDDRA_SNOMEDCT_MAPPING.snomed_ct_code
[2026-03-10T12:31:35.681+0000] {logging_mixin.py:188} INFO -      tag applied successfully
[2026-03-10T12:31:35.681+0000] {logging_mixin.py:188} INFO - Applying tag on VW_PROJECT_INDICATION_FLAT.indication_code_meddra
[2026-03-10T12:31:36.059+0000] {logging_mixin.py:188} INFO -      tag applied successfully
[2026-03-10T12:31:36.060+0000] {logging_mixin.py:188} INFO - Applying tag on VW_PROJECT_INDICATION_FLAT.indication_name_meddra
[2026-03-10T12:31:36.410+0000] {logging_mixin.py:188} INFO -      tag applied successfully
[2026-03-10T12:31:36.411+0000] {logging_mixin.py:188} INFO - 

Tagging Process Completed Successfully.
[2026-03-10T12:31:36.412+0000] {python.py:237} INFO - Done. Returned value was: None
[2026-03-10T12:31:36.413+0000] {taskinstance.py:441} INFO - ::group::Post task execution logs
[2026-03-10T12:31:36.418+0000] {taskinstance.py:1206} INFO - Marking task as SUCCESS. dag_id=1_dag_Create_Apply_TAGs_AND_Policies, task_id=Applying_Tags, run_id=manual__2026-03-10T12:30:42.937334+00:00, execution_date=20260310T123042, start_date=20260310T123055, end_date=20260310T123136
[2026-03-10T12:31:36.464+0000] {local_task_job_runner.py:243} INFO - Task exited with return code 0
[2026-03-10T12:31:36.482+0000] {taskinstance.py:3503} INFO - 1 downstream tasks scheduled from follow-on schedule check
[2026-03-10T12:31:36.492+0000] {local_task_job_runner.py:222} INFO - ::endgroup::
