[2026-02-06T15:29:36.155+0000] {local_task_job_runner.py:120} INFO - ::group::Pre task execution logs
[2026-02-06T15:29:36.175+0000] {taskinstance.py:2076} INFO - Dependencies all met for dep_context=non-requeueable deps ti=<TaskInstance: aws_s3_list_dag.list_s3_objects manual__2026-02-06T15:29:30.461504+00:00 [queued]>
[2026-02-06T15:29:36.189+0000] {taskinstance.py:2076} INFO - Dependencies all met for dep_context=requeueable deps ti=<TaskInstance: aws_s3_list_dag.list_s3_objects manual__2026-02-06T15:29:30.461504+00:00 [queued]>
[2026-02-06T15:29:36.190+0000] {taskinstance.py:2306} INFO - Starting attempt 1 of 1
[2026-02-06T15:29:36.226+0000] {taskinstance.py:2330} INFO - Executing <Task(PythonOperator): list_s3_objects> on 2026-02-06 15:29:30.461504+00:00
[2026-02-06T15:29:36.233+0000] {standard_task_runner.py:64} INFO - Started process 50411 to run task
[2026-02-06T15:29:36.243+0000] {standard_task_runner.py:90} INFO - Running: ['airflow', 'tasks', 'run', 'aws_s3_list_dag', 'list_s3_objects', 'manual__2026-02-06T15:29:30.461504+00:00', '--job-id', '23', '--raw', '--subdir', 'DAGS_FOLDER/aws_s3_list.py', '--cfg-path', '/tmp/tmpnaz0i72l']
[2026-02-06T15:29:36.247+0000] {standard_task_runner.py:91} INFO - Job 23: Subtask list_s3_objects
[2026-02-06T15:29:36.388+0000] {task_command.py:426} INFO - Running <TaskInstance: aws_s3_list_dag.list_s3_objects manual__2026-02-06T15:29:30.461504+00:00 [running]> on host DESKTOP-OGBECNS.localdomain
[2026-02-06T15:29:36.685+0000] {taskinstance.py:2648} INFO - Exporting env vars: AIRFLOW_CTX_DAG_OWNER='airflow' AIRFLOW_CTX_DAG_ID='aws_s3_list_dag' AIRFLOW_CTX_TASK_ID='list_s3_objects' AIRFLOW_CTX_EXECUTION_DATE='2026-02-06T15:29:30.461504+00:00' AIRFLOW_CTX_TRY_NUMBER='1' AIRFLOW_CTX_DAG_RUN_ID='manual__2026-02-06T15:29:30.461504+00:00'
[2026-02-06T15:29:36.688+0000] {taskinstance.py:430} INFO - ::endgroup::
[2026-02-06T15:29:36.735+0000] {base.py:84} INFO - Using connection ID 'aws_conn_id' for task execution.
[2026-02-06T15:29:36.738+0000] {connection_wrapper.py:384} INFO - AWS Connection (conn_id='aws_conn_id', conn_type='aws') credentials retrieved from login and password.
[2026-02-06T15:29:38.335+0000] {logging_mixin.py:188} INFO - ['parquet/', 'parquet/orders.parquet', 'parquet/products.parquet', 'parquet/reviews.parquet', 'parquet/users.parquet']
[2026-02-06T15:29:38.337+0000] {python.py:237} INFO - Done. Returned value was: None
[2026-02-06T15:29:38.339+0000] {taskinstance.py:441} INFO - ::group::Post task execution logs
[2026-02-06T15:29:38.352+0000] {taskinstance.py:1206} INFO - Marking task as SUCCESS. dag_id=aws_s3_list_dag, task_id=list_s3_objects, run_id=manual__2026-02-06T15:29:30.461504+00:00, execution_date=20260206T152930, start_date=20260206T152936, end_date=20260206T152938
[2026-02-06T15:29:38.400+0000] {local_task_job_runner.py:243} INFO - Task exited with return code 0
[2026-02-06T15:29:38.424+0000] {taskinstance.py:3503} INFO - 0 downstream tasks scheduled from follow-on schedule check
[2026-02-06T15:29:38.424+0000] {local_task_job_runner.py:222} INFO - ::endgroup::
