[2026-02-07T07:51:28.493+0000] {local_task_job_runner.py:120} INFO - ::group::Pre task execution logs
[2026-02-07T07:51:28.539+0000] {taskinstance.py:2076} INFO - Dependencies all met for dep_context=non-requeueable deps ti=<TaskInstance: list_s3_files_in_logs.print_objects_to_logs manual__2026-02-07T07:51:16.669252+00:00 [queued]>
[2026-02-07T07:51:28.556+0000] {taskinstance.py:2076} INFO - Dependencies all met for dep_context=requeueable deps ti=<TaskInstance: list_s3_files_in_logs.print_objects_to_logs manual__2026-02-07T07:51:16.669252+00:00 [queued]>
[2026-02-07T07:51:28.557+0000] {taskinstance.py:2306} INFO - Starting attempt 1 of 1
[2026-02-07T07:51:28.608+0000] {taskinstance.py:2330} INFO - Executing <Task(_PythonDecoratedOperator): print_objects_to_logs> on 2026-02-07 07:51:16.669252+00:00
[2026-02-07T07:51:28.619+0000] {standard_task_runner.py:64} INFO - Started process 127558 to run task
[2026-02-07T07:51:28.627+0000] {standard_task_runner.py:90} INFO - Running: ['airflow', 'tasks', 'run', 'list_s3_files_in_logs', 'print_objects_to_logs', 'manual__2026-02-07T07:51:16.669252+00:00', '--job-id', '29', '--raw', '--subdir', 'DAGS_FOLDER/list_s3_files_in_logs.py', '--cfg-path', '/tmp/tmp22koxa81']
[2026-02-07T07:51:28.632+0000] {standard_task_runner.py:91} INFO - Job 29: Subtask print_objects_to_logs
[2026-02-07T07:51:28.728+0000] {task_command.py:426} INFO - Running <TaskInstance: list_s3_files_in_logs.print_objects_to_logs manual__2026-02-07T07:51:16.669252+00:00 [running]> on host DESKTOP-OGBECNS.localdomain
[2026-02-07T07:51:28.854+0000] {taskinstance.py:2648} INFO - Exporting env vars: AIRFLOW_CTX_DAG_OWNER='airflow' AIRFLOW_CTX_DAG_ID='list_s3_files_in_logs' AIRFLOW_CTX_TASK_ID='print_objects_to_logs' AIRFLOW_CTX_EXECUTION_DATE='2026-02-07T07:51:16.669252+00:00' AIRFLOW_CTX_TRY_NUMBER='1' AIRFLOW_CTX_DAG_RUN_ID='manual__2026-02-07T07:51:16.669252+00:00'
[2026-02-07T07:51:28.856+0000] {taskinstance.py:430} INFO - ::endgroup::
[2026-02-07T07:51:28.858+0000] {list_s3_files_in_logs.py:25} INFO - S3 Object Keys:
[2026-02-07T07:51:28.858+0000] {list_s3_files_in_logs.py:27} INFO - parquet/
[2026-02-07T07:51:28.859+0000] {list_s3_files_in_logs.py:27} INFO - parquet/orders.parquet
[2026-02-07T07:51:28.859+0000] {list_s3_files_in_logs.py:27} INFO - parquet/products.parquet
[2026-02-07T07:51:28.859+0000] {list_s3_files_in_logs.py:27} INFO - parquet/reviews.parquet
[2026-02-07T07:51:28.859+0000] {list_s3_files_in_logs.py:27} INFO - parquet/users.parquet
[2026-02-07T07:51:28.860+0000] {python.py:237} INFO - Done. Returned value was: None
[2026-02-07T07:51:28.860+0000] {taskinstance.py:441} INFO - ::group::Post task execution logs
[2026-02-07T07:51:28.866+0000] {taskinstance.py:1206} INFO - Marking task as SUCCESS. dag_id=list_s3_files_in_logs, task_id=print_objects_to_logs, run_id=manual__2026-02-07T07:51:16.669252+00:00, execution_date=20260207T075116, start_date=20260207T075128, end_date=20260207T075128
[2026-02-07T07:51:28.923+0000] {local_task_job_runner.py:243} INFO - Task exited with return code 0
[2026-02-07T07:51:28.937+0000] {taskinstance.py:3503} INFO - 0 downstream tasks scheduled from follow-on schedule check
[2026-02-07T07:51:28.938+0000] {local_task_job_runner.py:222} INFO - ::endgroup::
