[2026-02-08T06:56:39.889+0000] {processor.py:161} INFO - Started process (PID=245772) to work on /home/cloud/codings/airflow/dags/dag_snowflake_through_airflow.py
[2026-02-08T06:56:39.890+0000] {processor.py:830} INFO - Processing file /home/cloud/codings/airflow/dags/dag_snowflake_through_airflow.py for tasks to queue
[2026-02-08T06:56:39.892+0000] {logging_mixin.py:188} INFO - [2026-02-08T06:56:39.891+0000] {dagbag.py:545} INFO - Filling up the DagBag from /home/cloud/codings/airflow/dags/dag_snowflake_through_airflow.py
[2026-02-08T06:56:39.926+0000] {processor.py:840} INFO - DAG(s) 'dag_snowflake_through_airflow' retrieved from /home/cloud/codings/airflow/dags/dag_snowflake_through_airflow.py
[2026-02-08T06:56:40.022+0000] {logging_mixin.py:188} INFO - [2026-02-08T06:56:40.021+0000] {dag.py:3089} INFO - Sync 1 DAGs
[2026-02-08T06:56:40.095+0000] {logging_mixin.py:188} INFO - [2026-02-08T06:56:40.094+0000] {dag.py:3947} INFO - Setting next_dagrun for dag_snowflake_through_airflow to None, run_after=None
[2026-02-08T06:56:40.194+0000] {processor.py:183} INFO - Processing /home/cloud/codings/airflow/dags/dag_snowflake_through_airflow.py took 0.333 seconds
[2026-02-08T06:57:10.834+0000] {processor.py:161} INFO - Started process (PID=246009) to work on /home/cloud/codings/airflow/dags/dag_snowflake_through_airflow.py
[2026-02-08T06:57:10.837+0000] {processor.py:830} INFO - Processing file /home/cloud/codings/airflow/dags/dag_snowflake_through_airflow.py for tasks to queue
[2026-02-08T06:57:10.850+0000] {logging_mixin.py:188} INFO - [2026-02-08T06:57:10.849+0000] {dagbag.py:545} INFO - Filling up the DagBag from /home/cloud/codings/airflow/dags/dag_snowflake_through_airflow.py
[2026-02-08T06:57:11.045+0000] {processor.py:840} INFO - DAG(s) 'dag_snowflake_through_airflow' retrieved from /home/cloud/codings/airflow/dags/dag_snowflake_through_airflow.py
[2026-02-08T06:57:11.276+0000] {logging_mixin.py:188} INFO - [2026-02-08T06:57:11.275+0000] {dag.py:3089} INFO - Sync 1 DAGs
[2026-02-08T06:57:11.501+0000] {logging_mixin.py:188} INFO - [2026-02-08T06:57:11.500+0000] {dag.py:3947} INFO - Setting next_dagrun for dag_snowflake_through_airflow to None, run_after=None
[2026-02-08T06:57:11.744+0000] {processor.py:183} INFO - Processing /home/cloud/codings/airflow/dags/dag_snowflake_through_airflow.py took 0.959 seconds
[2026-02-08T06:57:44.955+0000] {processor.py:161} INFO - Started process (PID=246500) to work on /home/cloud/codings/airflow/dags/dag_snowflake_through_airflow.py
[2026-02-08T06:57:44.957+0000] {processor.py:830} INFO - Processing file /home/cloud/codings/airflow/dags/dag_snowflake_through_airflow.py for tasks to queue
[2026-02-08T06:57:44.958+0000] {logging_mixin.py:188} INFO - [2026-02-08T06:57:44.958+0000] {dagbag.py:545} INFO - Filling up the DagBag from /home/cloud/codings/airflow/dags/dag_snowflake_through_airflow.py
[2026-02-08T06:57:44.972+0000] {processor.py:840} INFO - DAG(s) 'dag_snowflake_through_airflow' retrieved from /home/cloud/codings/airflow/dags/dag_snowflake_through_airflow.py
[2026-02-08T06:57:45.006+0000] {logging_mixin.py:188} INFO - [2026-02-08T06:57:45.006+0000] {dag.py:3089} INFO - Sync 1 DAGs
[2026-02-08T06:57:45.029+0000] {logging_mixin.py:188} INFO - [2026-02-08T06:57:45.029+0000] {dag.py:3947} INFO - Setting next_dagrun for dag_snowflake_through_airflow to None, run_after=None
[2026-02-08T06:57:45.068+0000] {processor.py:183} INFO - Processing /home/cloud/codings/airflow/dags/dag_snowflake_through_airflow.py took 0.129 seconds
[2026-02-08T06:58:15.421+0000] {processor.py:161} INFO - Started process (PID=246542) to work on /home/cloud/codings/airflow/dags/dag_snowflake_through_airflow.py
[2026-02-08T06:58:15.447+0000] {processor.py:830} INFO - Processing file /home/cloud/codings/airflow/dags/dag_snowflake_through_airflow.py for tasks to queue
[2026-02-08T06:58:15.449+0000] {logging_mixin.py:188} INFO - [2026-02-08T06:58:15.448+0000] {dagbag.py:545} INFO - Filling up the DagBag from /home/cloud/codings/airflow/dags/dag_snowflake_through_airflow.py
[2026-02-08T06:58:15.470+0000] {processor.py:840} INFO - DAG(s) 'dag_snowflake_through_airflow' retrieved from /home/cloud/codings/airflow/dags/dag_snowflake_through_airflow.py
[2026-02-08T06:58:15.511+0000] {logging_mixin.py:188} INFO - [2026-02-08T06:58:15.510+0000] {dag.py:3089} INFO - Sync 1 DAGs
[2026-02-08T06:58:15.536+0000] {logging_mixin.py:188} INFO - [2026-02-08T06:58:15.536+0000] {dag.py:3947} INFO - Setting next_dagrun for dag_snowflake_through_airflow to None, run_after=None
[2026-02-08T06:58:15.586+0000] {processor.py:183} INFO - Processing /home/cloud/codings/airflow/dags/dag_snowflake_through_airflow.py took 0.179 seconds
[2026-02-08T06:58:45.712+0000] {processor.py:161} INFO - Started process (PID=246588) to work on /home/cloud/codings/airflow/dags/dag_snowflake_through_airflow.py
[2026-02-08T06:58:45.734+0000] {processor.py:830} INFO - Processing file /home/cloud/codings/airflow/dags/dag_snowflake_through_airflow.py for tasks to queue
[2026-02-08T06:58:45.736+0000] {logging_mixin.py:188} INFO - [2026-02-08T06:58:45.735+0000] {dagbag.py:545} INFO - Filling up the DagBag from /home/cloud/codings/airflow/dags/dag_snowflake_through_airflow.py
[2026-02-08T06:58:45.748+0000] {processor.py:840} INFO - DAG(s) 'dag_snowflake_through_airflow' retrieved from /home/cloud/codings/airflow/dags/dag_snowflake_through_airflow.py
[2026-02-08T06:58:45.772+0000] {logging_mixin.py:188} INFO - [2026-02-08T06:58:45.772+0000] {dag.py:3089} INFO - Sync 1 DAGs
[2026-02-08T06:58:45.787+0000] {logging_mixin.py:188} INFO - [2026-02-08T06:58:45.787+0000] {dag.py:3947} INFO - Setting next_dagrun for dag_snowflake_through_airflow to None, run_after=None
[2026-02-08T06:58:45.816+0000] {processor.py:183} INFO - Processing /home/cloud/codings/airflow/dags/dag_snowflake_through_airflow.py took 0.111 seconds
[2026-02-08T06:59:16.003+0000] {processor.py:161} INFO - Started process (PID=246638) to work on /home/cloud/codings/airflow/dags/dag_snowflake_through_airflow.py
[2026-02-08T06:59:16.017+0000] {processor.py:830} INFO - Processing file /home/cloud/codings/airflow/dags/dag_snowflake_through_airflow.py for tasks to queue
[2026-02-08T06:59:16.019+0000] {logging_mixin.py:188} INFO - [2026-02-08T06:59:16.018+0000] {dagbag.py:545} INFO - Filling up the DagBag from /home/cloud/codings/airflow/dags/dag_snowflake_through_airflow.py
[2026-02-08T06:59:16.033+0000] {processor.py:840} INFO - DAG(s) 'dag_snowflake_through_airflow' retrieved from /home/cloud/codings/airflow/dags/dag_snowflake_through_airflow.py
[2026-02-08T06:59:16.061+0000] {logging_mixin.py:188} INFO - [2026-02-08T06:59:16.061+0000] {dag.py:3089} INFO - Sync 1 DAGs
[2026-02-08T06:59:16.082+0000] {logging_mixin.py:188} INFO - [2026-02-08T06:59:16.081+0000] {dag.py:3947} INFO - Setting next_dagrun for dag_snowflake_through_airflow to None, run_after=None
[2026-02-08T06:59:16.111+0000] {processor.py:183} INFO - Processing /home/cloud/codings/airflow/dags/dag_snowflake_through_airflow.py took 0.118 seconds
[2026-02-08T06:59:46.349+0000] {processor.py:161} INFO - Started process (PID=246792) to work on /home/cloud/codings/airflow/dags/dag_snowflake_through_airflow.py
[2026-02-08T06:59:46.351+0000] {processor.py:830} INFO - Processing file /home/cloud/codings/airflow/dags/dag_snowflake_through_airflow.py for tasks to queue
[2026-02-08T06:59:46.352+0000] {logging_mixin.py:188} INFO - [2026-02-08T06:59:46.352+0000] {dagbag.py:545} INFO - Filling up the DagBag from /home/cloud/codings/airflow/dags/dag_snowflake_through_airflow.py
[2026-02-08T06:59:46.366+0000] {processor.py:840} INFO - DAG(s) 'dag_snowflake_through_airflow' retrieved from /home/cloud/codings/airflow/dags/dag_snowflake_through_airflow.py
[2026-02-08T06:59:46.398+0000] {logging_mixin.py:188} INFO - [2026-02-08T06:59:46.397+0000] {dag.py:3089} INFO - Sync 1 DAGs
[2026-02-08T06:59:46.416+0000] {logging_mixin.py:188} INFO - [2026-02-08T06:59:46.416+0000] {dag.py:3947} INFO - Setting next_dagrun for dag_snowflake_through_airflow to None, run_after=None
[2026-02-08T06:59:46.449+0000] {processor.py:183} INFO - Processing /home/cloud/codings/airflow/dags/dag_snowflake_through_airflow.py took 0.112 seconds
[2026-02-08T07:00:16.757+0000] {processor.py:161} INFO - Started process (PID=246840) to work on /home/cloud/codings/airflow/dags/dag_snowflake_through_airflow.py
[2026-02-08T07:00:16.766+0000] {processor.py:830} INFO - Processing file /home/cloud/codings/airflow/dags/dag_snowflake_through_airflow.py for tasks to queue
[2026-02-08T07:00:16.769+0000] {logging_mixin.py:188} INFO - [2026-02-08T07:00:16.768+0000] {dagbag.py:545} INFO - Filling up the DagBag from /home/cloud/codings/airflow/dags/dag_snowflake_through_airflow.py
[2026-02-08T07:00:16.812+0000] {processor.py:840} INFO - DAG(s) 'dag_snowflake_through_airflow' retrieved from /home/cloud/codings/airflow/dags/dag_snowflake_through_airflow.py
[2026-02-08T07:00:16.899+0000] {logging_mixin.py:188} INFO - [2026-02-08T07:00:16.898+0000] {dag.py:3089} INFO - Sync 1 DAGs
[2026-02-08T07:00:16.951+0000] {logging_mixin.py:188} INFO - [2026-02-08T07:00:16.951+0000] {dag.py:3947} INFO - Setting next_dagrun for dag_snowflake_through_airflow to None, run_after=None
[2026-02-08T07:00:17.008+0000] {processor.py:183} INFO - Processing /home/cloud/codings/airflow/dags/dag_snowflake_through_airflow.py took 0.276 seconds
[2026-02-08T07:00:47.181+0000] {processor.py:161} INFO - Started process (PID=246922) to work on /home/cloud/codings/airflow/dags/dag_snowflake_through_airflow.py
[2026-02-08T07:00:47.200+0000] {processor.py:830} INFO - Processing file /home/cloud/codings/airflow/dags/dag_snowflake_through_airflow.py for tasks to queue
[2026-02-08T07:00:47.202+0000] {logging_mixin.py:188} INFO - [2026-02-08T07:00:47.201+0000] {dagbag.py:545} INFO - Filling up the DagBag from /home/cloud/codings/airflow/dags/dag_snowflake_through_airflow.py
[2026-02-08T07:00:47.242+0000] {processor.py:840} INFO - DAG(s) 'dag_snowflake_through_airflow' retrieved from /home/cloud/codings/airflow/dags/dag_snowflake_through_airflow.py
[2026-02-08T07:00:47.319+0000] {logging_mixin.py:188} INFO - [2026-02-08T07:00:47.318+0000] {dag.py:3089} INFO - Sync 1 DAGs
[2026-02-08T07:00:47.365+0000] {logging_mixin.py:188} INFO - [2026-02-08T07:00:47.364+0000] {dag.py:3947} INFO - Setting next_dagrun for dag_snowflake_through_airflow to None, run_after=None
[2026-02-08T07:00:47.470+0000] {processor.py:183} INFO - Processing /home/cloud/codings/airflow/dags/dag_snowflake_through_airflow.py took 0.322 seconds
[2026-02-08T07:01:18.474+0000] {processor.py:161} INFO - Started process (PID=246981) to work on /home/cloud/codings/airflow/dags/dag_snowflake_through_airflow.py
[2026-02-08T07:01:18.500+0000] {processor.py:830} INFO - Processing file /home/cloud/codings/airflow/dags/dag_snowflake_through_airflow.py for tasks to queue
[2026-02-08T07:01:18.502+0000] {logging_mixin.py:188} INFO - [2026-02-08T07:01:18.501+0000] {dagbag.py:545} INFO - Filling up the DagBag from /home/cloud/codings/airflow/dags/dag_snowflake_through_airflow.py
[2026-02-08T07:01:18.520+0000] {processor.py:840} INFO - DAG(s) 'dag_snowflake_through_airflow' retrieved from /home/cloud/codings/airflow/dags/dag_snowflake_through_airflow.py
[2026-02-08T07:01:18.558+0000] {logging_mixin.py:188} INFO - [2026-02-08T07:01:18.557+0000] {dag.py:3089} INFO - Sync 1 DAGs
[2026-02-08T07:01:18.587+0000] {logging_mixin.py:188} INFO - [2026-02-08T07:01:18.587+0000] {dag.py:3947} INFO - Setting next_dagrun for dag_snowflake_through_airflow to None, run_after=None
[2026-02-08T07:01:18.629+0000] {processor.py:183} INFO - Processing /home/cloud/codings/airflow/dags/dag_snowflake_through_airflow.py took 0.169 seconds
[2026-02-08T07:01:48.796+0000] {processor.py:161} INFO - Started process (PID=247091) to work on /home/cloud/codings/airflow/dags/dag_snowflake_through_airflow.py
[2026-02-08T07:01:48.798+0000] {processor.py:830} INFO - Processing file /home/cloud/codings/airflow/dags/dag_snowflake_through_airflow.py for tasks to queue
[2026-02-08T07:01:48.800+0000] {logging_mixin.py:188} INFO - [2026-02-08T07:01:48.799+0000] {dagbag.py:545} INFO - Filling up the DagBag from /home/cloud/codings/airflow/dags/dag_snowflake_through_airflow.py
[2026-02-08T07:01:48.820+0000] {processor.py:840} INFO - DAG(s) 'dag_snowflake_through_airflow' retrieved from /home/cloud/codings/airflow/dags/dag_snowflake_through_airflow.py
[2026-02-08T07:01:48.858+0000] {logging_mixin.py:188} INFO - [2026-02-08T07:01:48.858+0000] {dag.py:3089} INFO - Sync 1 DAGs
[2026-02-08T07:01:48.885+0000] {logging_mixin.py:188} INFO - [2026-02-08T07:01:48.884+0000] {dag.py:3947} INFO - Setting next_dagrun for dag_snowflake_through_airflow to None, run_after=None
[2026-02-08T07:01:48.926+0000] {processor.py:183} INFO - Processing /home/cloud/codings/airflow/dags/dag_snowflake_through_airflow.py took 0.141 seconds
[2026-02-08T07:02:19.095+0000] {processor.py:161} INFO - Started process (PID=247289) to work on /home/cloud/codings/airflow/dags/dag_snowflake_through_airflow.py
[2026-02-08T07:02:19.124+0000] {processor.py:830} INFO - Processing file /home/cloud/codings/airflow/dags/dag_snowflake_through_airflow.py for tasks to queue
[2026-02-08T07:02:19.125+0000] {logging_mixin.py:188} INFO - [2026-02-08T07:02:19.125+0000] {dagbag.py:545} INFO - Filling up the DagBag from /home/cloud/codings/airflow/dags/dag_snowflake_through_airflow.py
[2026-02-08T07:02:19.140+0000] {processor.py:840} INFO - DAG(s) 'dag_snowflake_through_airflow' retrieved from /home/cloud/codings/airflow/dags/dag_snowflake_through_airflow.py
[2026-02-08T07:02:19.172+0000] {logging_mixin.py:188} INFO - [2026-02-08T07:02:19.171+0000] {dag.py:3089} INFO - Sync 1 DAGs
[2026-02-08T07:02:19.192+0000] {logging_mixin.py:188} INFO - [2026-02-08T07:02:19.192+0000] {dag.py:3947} INFO - Setting next_dagrun for dag_snowflake_through_airflow to None, run_after=None
[2026-02-08T07:02:19.224+0000] {processor.py:183} INFO - Processing /home/cloud/codings/airflow/dags/dag_snowflake_through_airflow.py took 0.141 seconds
[2026-02-08T07:02:49.484+0000] {processor.py:161} INFO - Started process (PID=247564) to work on /home/cloud/codings/airflow/dags/dag_snowflake_through_airflow.py
[2026-02-08T07:02:49.506+0000] {processor.py:830} INFO - Processing file /home/cloud/codings/airflow/dags/dag_snowflake_through_airflow.py for tasks to queue
[2026-02-08T07:02:49.507+0000] {logging_mixin.py:188} INFO - [2026-02-08T07:02:49.506+0000] {dagbag.py:545} INFO - Filling up the DagBag from /home/cloud/codings/airflow/dags/dag_snowflake_through_airflow.py
[2026-02-08T07:02:49.523+0000] {processor.py:840} INFO - DAG(s) 'dag_snowflake_through_airflow' retrieved from /home/cloud/codings/airflow/dags/dag_snowflake_through_airflow.py
[2026-02-08T07:02:49.552+0000] {logging_mixin.py:188} INFO - [2026-02-08T07:02:49.551+0000] {dag.py:3089} INFO - Sync 1 DAGs
[2026-02-08T07:02:49.573+0000] {logging_mixin.py:188} INFO - [2026-02-08T07:02:49.573+0000] {dag.py:3947} INFO - Setting next_dagrun for dag_snowflake_through_airflow to None, run_after=None
[2026-02-08T07:02:49.621+0000] {processor.py:183} INFO - Processing /home/cloud/codings/airflow/dags/dag_snowflake_through_airflow.py took 0.149 seconds
[2026-02-08T07:03:19.849+0000] {processor.py:161} INFO - Started process (PID=247918) to work on /home/cloud/codings/airflow/dags/dag_snowflake_through_airflow.py
[2026-02-08T07:03:19.879+0000] {processor.py:830} INFO - Processing file /home/cloud/codings/airflow/dags/dag_snowflake_through_airflow.py for tasks to queue
[2026-02-08T07:03:19.881+0000] {logging_mixin.py:188} INFO - [2026-02-08T07:03:19.880+0000] {dagbag.py:545} INFO - Filling up the DagBag from /home/cloud/codings/airflow/dags/dag_snowflake_through_airflow.py
[2026-02-08T07:03:19.904+0000] {processor.py:840} INFO - DAG(s) 'dag_snowflake_through_airflow' retrieved from /home/cloud/codings/airflow/dags/dag_snowflake_through_airflow.py
[2026-02-08T07:03:19.948+0000] {logging_mixin.py:188} INFO - [2026-02-08T07:03:19.948+0000] {dag.py:3089} INFO - Sync 1 DAGs
[2026-02-08T07:03:19.974+0000] {logging_mixin.py:188} INFO - [2026-02-08T07:03:19.974+0000] {dag.py:3947} INFO - Setting next_dagrun for dag_snowflake_through_airflow to None, run_after=None
[2026-02-08T07:03:20.011+0000] {processor.py:183} INFO - Processing /home/cloud/codings/airflow/dags/dag_snowflake_through_airflow.py took 0.177 seconds
[2026-02-08T07:03:50.326+0000] {processor.py:161} INFO - Started process (PID=248143) to work on /home/cloud/codings/airflow/dags/dag_snowflake_through_airflow.py
[2026-02-08T07:03:50.344+0000] {processor.py:830} INFO - Processing file /home/cloud/codings/airflow/dags/dag_snowflake_through_airflow.py for tasks to queue
[2026-02-08T07:03:50.347+0000] {logging_mixin.py:188} INFO - [2026-02-08T07:03:50.345+0000] {dagbag.py:545} INFO - Filling up the DagBag from /home/cloud/codings/airflow/dags/dag_snowflake_through_airflow.py
[2026-02-08T07:03:50.368+0000] {processor.py:840} INFO - DAG(s) 'dag_snowflake_through_airflow' retrieved from /home/cloud/codings/airflow/dags/dag_snowflake_through_airflow.py
[2026-02-08T07:03:50.402+0000] {logging_mixin.py:188} INFO - [2026-02-08T07:03:50.401+0000] {dag.py:3089} INFO - Sync 1 DAGs
[2026-02-08T07:03:50.435+0000] {logging_mixin.py:188} INFO - [2026-02-08T07:03:50.434+0000] {dag.py:3947} INFO - Setting next_dagrun for dag_snowflake_through_airflow to None, run_after=None
[2026-02-08T07:03:50.482+0000] {processor.py:183} INFO - Processing /home/cloud/codings/airflow/dags/dag_snowflake_through_airflow.py took 0.166 seconds
[2026-02-08T07:04:20.865+0000] {processor.py:161} INFO - Started process (PID=248389) to work on /home/cloud/codings/airflow/dags/dag_snowflake_through_airflow.py
[2026-02-08T07:04:20.867+0000] {processor.py:830} INFO - Processing file /home/cloud/codings/airflow/dags/dag_snowflake_through_airflow.py for tasks to queue
[2026-02-08T07:04:20.868+0000] {logging_mixin.py:188} INFO - [2026-02-08T07:04:20.867+0000] {dagbag.py:545} INFO - Filling up the DagBag from /home/cloud/codings/airflow/dags/dag_snowflake_through_airflow.py
[2026-02-08T07:04:20.883+0000] {processor.py:840} INFO - DAG(s) 'dag_snowflake_through_airflow' retrieved from /home/cloud/codings/airflow/dags/dag_snowflake_through_airflow.py
[2026-02-08T07:04:20.910+0000] {logging_mixin.py:188} INFO - [2026-02-08T07:04:20.909+0000] {dag.py:3089} INFO - Sync 1 DAGs
[2026-02-08T07:04:20.929+0000] {logging_mixin.py:188} INFO - [2026-02-08T07:04:20.929+0000] {dag.py:3947} INFO - Setting next_dagrun for dag_snowflake_through_airflow to None, run_after=None
[2026-02-08T07:04:21.008+0000] {processor.py:183} INFO - Processing /home/cloud/codings/airflow/dags/dag_snowflake_through_airflow.py took 0.152 seconds
[2026-02-08T07:04:51.639+0000] {processor.py:161} INFO - Started process (PID=248600) to work on /home/cloud/codings/airflow/dags/dag_snowflake_through_airflow.py
[2026-02-08T07:04:51.641+0000] {processor.py:830} INFO - Processing file /home/cloud/codings/airflow/dags/dag_snowflake_through_airflow.py for tasks to queue
[2026-02-08T07:04:51.642+0000] {logging_mixin.py:188} INFO - [2026-02-08T07:04:51.642+0000] {dagbag.py:545} INFO - Filling up the DagBag from /home/cloud/codings/airflow/dags/dag_snowflake_through_airflow.py
[2026-02-08T07:04:51.663+0000] {processor.py:840} INFO - DAG(s) 'dag_snowflake_through_airflow' retrieved from /home/cloud/codings/airflow/dags/dag_snowflake_through_airflow.py
[2026-02-08T07:04:51.700+0000] {logging_mixin.py:188} INFO - [2026-02-08T07:04:51.699+0000] {dag.py:3089} INFO - Sync 1 DAGs
[2026-02-08T07:04:51.722+0000] {logging_mixin.py:188} INFO - [2026-02-08T07:04:51.722+0000] {dag.py:3947} INFO - Setting next_dagrun for dag_snowflake_through_airflow to None, run_after=None
[2026-02-08T07:04:51.758+0000] {processor.py:183} INFO - Processing /home/cloud/codings/airflow/dags/dag_snowflake_through_airflow.py took 0.131 seconds
[2026-02-08T07:05:22.274+0000] {processor.py:161} INFO - Started process (PID=248800) to work on /home/cloud/codings/airflow/dags/dag_snowflake_through_airflow.py
[2026-02-08T07:05:22.292+0000] {processor.py:830} INFO - Processing file /home/cloud/codings/airflow/dags/dag_snowflake_through_airflow.py for tasks to queue
[2026-02-08T07:05:22.294+0000] {logging_mixin.py:188} INFO - [2026-02-08T07:05:22.293+0000] {dagbag.py:545} INFO - Filling up the DagBag from /home/cloud/codings/airflow/dags/dag_snowflake_through_airflow.py
[2026-02-08T07:05:22.312+0000] {processor.py:840} INFO - DAG(s) 'dag_snowflake_through_airflow' retrieved from /home/cloud/codings/airflow/dags/dag_snowflake_through_airflow.py
[2026-02-08T07:05:22.347+0000] {logging_mixin.py:188} INFO - [2026-02-08T07:05:22.347+0000] {dag.py:3089} INFO - Sync 1 DAGs
[2026-02-08T07:05:22.376+0000] {logging_mixin.py:188} INFO - [2026-02-08T07:05:22.376+0000] {dag.py:3947} INFO - Setting next_dagrun for dag_snowflake_through_airflow to None, run_after=None
[2026-02-08T07:05:22.424+0000] {processor.py:183} INFO - Processing /home/cloud/codings/airflow/dags/dag_snowflake_through_airflow.py took 0.162 seconds
[2026-02-08T07:05:52.792+0000] {processor.py:161} INFO - Started process (PID=249012) to work on /home/cloud/codings/airflow/dags/dag_snowflake_through_airflow.py
[2026-02-08T07:05:52.793+0000] {processor.py:830} INFO - Processing file /home/cloud/codings/airflow/dags/dag_snowflake_through_airflow.py for tasks to queue
[2026-02-08T07:05:52.795+0000] {logging_mixin.py:188} INFO - [2026-02-08T07:05:52.794+0000] {dagbag.py:545} INFO - Filling up the DagBag from /home/cloud/codings/airflow/dags/dag_snowflake_through_airflow.py
[2026-02-08T07:05:52.818+0000] {processor.py:840} INFO - DAG(s) 'dag_snowflake_through_airflow' retrieved from /home/cloud/codings/airflow/dags/dag_snowflake_through_airflow.py
[2026-02-08T07:05:52.859+0000] {logging_mixin.py:188} INFO - [2026-02-08T07:05:52.858+0000] {dag.py:3089} INFO - Sync 1 DAGs
[2026-02-08T07:05:52.895+0000] {logging_mixin.py:188} INFO - [2026-02-08T07:05:52.894+0000] {dag.py:3947} INFO - Setting next_dagrun for dag_snowflake_through_airflow to None, run_after=None
[2026-02-08T07:05:52.938+0000] {processor.py:183} INFO - Processing /home/cloud/codings/airflow/dags/dag_snowflake_through_airflow.py took 0.162 seconds
[2026-02-08T07:06:23.259+0000] {processor.py:161} INFO - Started process (PID=249219) to work on /home/cloud/codings/airflow/dags/dag_snowflake_through_airflow.py
[2026-02-08T07:06:23.277+0000] {processor.py:830} INFO - Processing file /home/cloud/codings/airflow/dags/dag_snowflake_through_airflow.py for tasks to queue
[2026-02-08T07:06:23.279+0000] {logging_mixin.py:188} INFO - [2026-02-08T07:06:23.278+0000] {dagbag.py:545} INFO - Filling up the DagBag from /home/cloud/codings/airflow/dags/dag_snowflake_through_airflow.py
[2026-02-08T07:06:23.296+0000] {processor.py:840} INFO - DAG(s) 'dag_snowflake_through_airflow' retrieved from /home/cloud/codings/airflow/dags/dag_snowflake_through_airflow.py
[2026-02-08T07:06:23.326+0000] {logging_mixin.py:188} INFO - [2026-02-08T07:06:23.326+0000] {dag.py:3089} INFO - Sync 1 DAGs
[2026-02-08T07:06:23.348+0000] {logging_mixin.py:188} INFO - [2026-02-08T07:06:23.348+0000] {dag.py:3947} INFO - Setting next_dagrun for dag_snowflake_through_airflow to None, run_after=None
[2026-02-08T07:06:23.379+0000] {processor.py:183} INFO - Processing /home/cloud/codings/airflow/dags/dag_snowflake_through_airflow.py took 0.132 seconds
[2026-02-08T07:06:53.727+0000] {processor.py:161} INFO - Started process (PID=249413) to work on /home/cloud/codings/airflow/dags/dag_snowflake_through_airflow.py
[2026-02-08T07:06:53.730+0000] {processor.py:830} INFO - Processing file /home/cloud/codings/airflow/dags/dag_snowflake_through_airflow.py for tasks to queue
[2026-02-08T07:06:53.731+0000] {logging_mixin.py:188} INFO - [2026-02-08T07:06:53.730+0000] {dagbag.py:545} INFO - Filling up the DagBag from /home/cloud/codings/airflow/dags/dag_snowflake_through_airflow.py
[2026-02-08T07:06:53.745+0000] {processor.py:840} INFO - DAG(s) 'dag_snowflake_through_airflow' retrieved from /home/cloud/codings/airflow/dags/dag_snowflake_through_airflow.py
[2026-02-08T07:06:53.771+0000] {logging_mixin.py:188} INFO - [2026-02-08T07:06:53.771+0000] {dag.py:3089} INFO - Sync 1 DAGs
[2026-02-08T07:06:53.791+0000] {logging_mixin.py:188} INFO - [2026-02-08T07:06:53.791+0000] {dag.py:3947} INFO - Setting next_dagrun for dag_snowflake_through_airflow to None, run_after=None
[2026-02-08T07:06:53.833+0000] {processor.py:183} INFO - Processing /home/cloud/codings/airflow/dags/dag_snowflake_through_airflow.py took 0.119 seconds
[2026-02-08T07:07:24.622+0000] {processor.py:161} INFO - Started process (PID=249475) to work on /home/cloud/codings/airflow/dags/dag_snowflake_through_airflow.py
[2026-02-08T07:07:24.624+0000] {processor.py:830} INFO - Processing file /home/cloud/codings/airflow/dags/dag_snowflake_through_airflow.py for tasks to queue
[2026-02-08T07:07:24.625+0000] {logging_mixin.py:188} INFO - [2026-02-08T07:07:24.625+0000] {dagbag.py:545} INFO - Filling up the DagBag from /home/cloud/codings/airflow/dags/dag_snowflake_through_airflow.py
[2026-02-08T07:07:24.642+0000] {processor.py:840} INFO - DAG(s) 'dag_snowflake_through_airflow' retrieved from /home/cloud/codings/airflow/dags/dag_snowflake_through_airflow.py
[2026-02-08T07:07:24.677+0000] {logging_mixin.py:188} INFO - [2026-02-08T07:07:24.676+0000] {dag.py:3089} INFO - Sync 1 DAGs
[2026-02-08T07:07:24.702+0000] {logging_mixin.py:188} INFO - [2026-02-08T07:07:24.701+0000] {dag.py:3947} INFO - Setting next_dagrun for dag_snowflake_through_airflow to None, run_after=None
[2026-02-08T07:07:24.745+0000] {processor.py:183} INFO - Processing /home/cloud/codings/airflow/dags/dag_snowflake_through_airflow.py took 0.134 seconds
[2026-02-08T07:07:55.220+0000] {processor.py:161} INFO - Started process (PID=249535) to work on /home/cloud/codings/airflow/dags/dag_snowflake_through_airflow.py
[2026-02-08T07:07:55.246+0000] {processor.py:830} INFO - Processing file /home/cloud/codings/airflow/dags/dag_snowflake_through_airflow.py for tasks to queue
[2026-02-08T07:07:55.247+0000] {logging_mixin.py:188} INFO - [2026-02-08T07:07:55.247+0000] {dagbag.py:545} INFO - Filling up the DagBag from /home/cloud/codings/airflow/dags/dag_snowflake_through_airflow.py
[2026-02-08T07:07:55.259+0000] {processor.py:840} INFO - DAG(s) 'dag_snowflake_through_airflow' retrieved from /home/cloud/codings/airflow/dags/dag_snowflake_through_airflow.py
[2026-02-08T07:07:55.285+0000] {logging_mixin.py:188} INFO - [2026-02-08T07:07:55.285+0000] {dag.py:3089} INFO - Sync 1 DAGs
[2026-02-08T07:07:55.304+0000] {logging_mixin.py:188} INFO - [2026-02-08T07:07:55.304+0000] {dag.py:3947} INFO - Setting next_dagrun for dag_snowflake_through_airflow to None, run_after=None
[2026-02-08T07:07:55.348+0000] {processor.py:183} INFO - Processing /home/cloud/codings/airflow/dags/dag_snowflake_through_airflow.py took 0.134 seconds
[2026-02-08T07:08:25.947+0000] {processor.py:161} INFO - Started process (PID=249621) to work on /home/cloud/codings/airflow/dags/dag_snowflake_through_airflow.py
[2026-02-08T07:08:25.950+0000] {processor.py:830} INFO - Processing file /home/cloud/codings/airflow/dags/dag_snowflake_through_airflow.py for tasks to queue
[2026-02-08T07:08:25.953+0000] {logging_mixin.py:188} INFO - [2026-02-08T07:08:25.951+0000] {dagbag.py:545} INFO - Filling up the DagBag from /home/cloud/codings/airflow/dags/dag_snowflake_through_airflow.py
[2026-02-08T07:08:25.976+0000] {processor.py:840} INFO - DAG(s) 'dag_snowflake_through_airflow' retrieved from /home/cloud/codings/airflow/dags/dag_snowflake_through_airflow.py
[2026-02-08T07:08:26.024+0000] {logging_mixin.py:188} INFO - [2026-02-08T07:08:26.023+0000] {dag.py:3089} INFO - Sync 1 DAGs
[2026-02-08T07:08:26.069+0000] {logging_mixin.py:188} INFO - [2026-02-08T07:08:26.069+0000] {dag.py:3947} INFO - Setting next_dagrun for dag_snowflake_through_airflow to None, run_after=None
[2026-02-08T07:08:26.130+0000] {processor.py:183} INFO - Processing /home/cloud/codings/airflow/dags/dag_snowflake_through_airflow.py took 0.199 seconds
[2026-02-08T07:08:56.728+0000] {processor.py:161} INFO - Started process (PID=249847) to work on /home/cloud/codings/airflow/dags/dag_snowflake_through_airflow.py
[2026-02-08T07:08:56.731+0000] {processor.py:830} INFO - Processing file /home/cloud/codings/airflow/dags/dag_snowflake_through_airflow.py for tasks to queue
[2026-02-08T07:08:56.733+0000] {logging_mixin.py:188} INFO - [2026-02-08T07:08:56.732+0000] {dagbag.py:545} INFO - Filling up the DagBag from /home/cloud/codings/airflow/dags/dag_snowflake_through_airflow.py
[2026-02-08T07:08:56.752+0000] {processor.py:840} INFO - DAG(s) 'dag_snowflake_through_airflow' retrieved from /home/cloud/codings/airflow/dags/dag_snowflake_through_airflow.py
[2026-02-08T07:08:56.790+0000] {logging_mixin.py:188} INFO - [2026-02-08T07:08:56.790+0000] {dag.py:3089} INFO - Sync 1 DAGs
[2026-02-08T07:08:56.814+0000] {logging_mixin.py:188} INFO - [2026-02-08T07:08:56.814+0000] {dag.py:3947} INFO - Setting next_dagrun for dag_snowflake_through_airflow to None, run_after=None
[2026-02-08T07:08:56.850+0000] {processor.py:183} INFO - Processing /home/cloud/codings/airflow/dags/dag_snowflake_through_airflow.py took 0.135 seconds
[2026-02-08T07:09:27.387+0000] {processor.py:161} INFO - Started process (PID=250048) to work on /home/cloud/codings/airflow/dags/dag_snowflake_through_airflow.py
[2026-02-08T07:09:27.409+0000] {processor.py:830} INFO - Processing file /home/cloud/codings/airflow/dags/dag_snowflake_through_airflow.py for tasks to queue
[2026-02-08T07:09:27.410+0000] {logging_mixin.py:188} INFO - [2026-02-08T07:09:27.410+0000] {dagbag.py:545} INFO - Filling up the DagBag from /home/cloud/codings/airflow/dags/dag_snowflake_through_airflow.py
[2026-02-08T07:09:27.428+0000] {processor.py:840} INFO - DAG(s) 'dag_snowflake_through_airflow' retrieved from /home/cloud/codings/airflow/dags/dag_snowflake_through_airflow.py
[2026-02-08T07:09:27.455+0000] {logging_mixin.py:188} INFO - [2026-02-08T07:09:27.455+0000] {dag.py:3089} INFO - Sync 1 DAGs
[2026-02-08T07:09:27.473+0000] {logging_mixin.py:188} INFO - [2026-02-08T07:09:27.473+0000] {dag.py:3947} INFO - Setting next_dagrun for dag_snowflake_through_airflow to None, run_after=None
[2026-02-08T07:09:27.508+0000] {processor.py:183} INFO - Processing /home/cloud/codings/airflow/dags/dag_snowflake_through_airflow.py took 0.134 seconds
[2026-02-08T07:09:58.040+0000] {processor.py:161} INFO - Started process (PID=250257) to work on /home/cloud/codings/airflow/dags/dag_snowflake_through_airflow.py
[2026-02-08T07:09:58.042+0000] {processor.py:830} INFO - Processing file /home/cloud/codings/airflow/dags/dag_snowflake_through_airflow.py for tasks to queue
[2026-02-08T07:09:58.044+0000] {logging_mixin.py:188} INFO - [2026-02-08T07:09:58.043+0000] {dagbag.py:545} INFO - Filling up the DagBag from /home/cloud/codings/airflow/dags/dag_snowflake_through_airflow.py
[2026-02-08T07:09:58.057+0000] {processor.py:840} INFO - DAG(s) 'dag_snowflake_through_airflow' retrieved from /home/cloud/codings/airflow/dags/dag_snowflake_through_airflow.py
[2026-02-08T07:09:58.086+0000] {logging_mixin.py:188} INFO - [2026-02-08T07:09:58.086+0000] {dag.py:3089} INFO - Sync 1 DAGs
[2026-02-08T07:09:58.106+0000] {logging_mixin.py:188} INFO - [2026-02-08T07:09:58.105+0000] {dag.py:3947} INFO - Setting next_dagrun for dag_snowflake_through_airflow to None, run_after=None
[2026-02-08T07:09:58.138+0000] {processor.py:183} INFO - Processing /home/cloud/codings/airflow/dags/dag_snowflake_through_airflow.py took 0.114 seconds
[2026-02-08T07:10:28.574+0000] {processor.py:161} INFO - Started process (PID=250386) to work on /home/cloud/codings/airflow/dags/dag_snowflake_through_airflow.py
[2026-02-08T07:10:28.596+0000] {processor.py:830} INFO - Processing file /home/cloud/codings/airflow/dags/dag_snowflake_through_airflow.py for tasks to queue
[2026-02-08T07:10:28.597+0000] {logging_mixin.py:188} INFO - [2026-02-08T07:10:28.597+0000] {dagbag.py:545} INFO - Filling up the DagBag from /home/cloud/codings/airflow/dags/dag_snowflake_through_airflow.py
[2026-02-08T07:10:28.609+0000] {processor.py:840} INFO - DAG(s) 'dag_snowflake_through_airflow' retrieved from /home/cloud/codings/airflow/dags/dag_snowflake_through_airflow.py
[2026-02-08T07:10:28.631+0000] {logging_mixin.py:188} INFO - [2026-02-08T07:10:28.631+0000] {dag.py:3089} INFO - Sync 1 DAGs
[2026-02-08T07:10:28.648+0000] {logging_mixin.py:188} INFO - [2026-02-08T07:10:28.648+0000] {dag.py:3947} INFO - Setting next_dagrun for dag_snowflake_through_airflow to None, run_after=None
[2026-02-08T07:10:28.673+0000] {processor.py:183} INFO - Processing /home/cloud/codings/airflow/dags/dag_snowflake_through_airflow.py took 0.106 seconds
[2026-02-08T07:10:59.190+0000] {processor.py:161} INFO - Started process (PID=250520) to work on /home/cloud/codings/airflow/dags/dag_snowflake_through_airflow.py
[2026-02-08T07:10:59.208+0000] {processor.py:830} INFO - Processing file /home/cloud/codings/airflow/dags/dag_snowflake_through_airflow.py for tasks to queue
[2026-02-08T07:10:59.209+0000] {logging_mixin.py:188} INFO - [2026-02-08T07:10:59.209+0000] {dagbag.py:545} INFO - Filling up the DagBag from /home/cloud/codings/airflow/dags/dag_snowflake_through_airflow.py
[2026-02-08T07:10:59.221+0000] {processor.py:840} INFO - DAG(s) 'dag_snowflake_through_airflow' retrieved from /home/cloud/codings/airflow/dags/dag_snowflake_through_airflow.py
[2026-02-08T07:10:59.245+0000] {logging_mixin.py:188} INFO - [2026-02-08T07:10:59.244+0000] {dag.py:3089} INFO - Sync 1 DAGs
[2026-02-08T07:10:59.260+0000] {logging_mixin.py:188} INFO - [2026-02-08T07:10:59.260+0000] {dag.py:3947} INFO - Setting next_dagrun for dag_snowflake_through_airflow to None, run_after=None
[2026-02-08T07:10:59.289+0000] {processor.py:183} INFO - Processing /home/cloud/codings/airflow/dags/dag_snowflake_through_airflow.py took 0.106 seconds
[2026-02-08T07:11:29.785+0000] {processor.py:161} INFO - Started process (PID=250730) to work on /home/cloud/codings/airflow/dags/dag_snowflake_through_airflow.py
[2026-02-08T07:11:29.786+0000] {processor.py:830} INFO - Processing file /home/cloud/codings/airflow/dags/dag_snowflake_through_airflow.py for tasks to queue
[2026-02-08T07:11:29.787+0000] {logging_mixin.py:188} INFO - [2026-02-08T07:11:29.787+0000] {dagbag.py:545} INFO - Filling up the DagBag from /home/cloud/codings/airflow/dags/dag_snowflake_through_airflow.py
[2026-02-08T07:11:29.797+0000] {processor.py:840} INFO - DAG(s) 'dag_snowflake_through_airflow' retrieved from /home/cloud/codings/airflow/dags/dag_snowflake_through_airflow.py
[2026-02-08T07:11:29.817+0000] {logging_mixin.py:188} INFO - [2026-02-08T07:11:29.816+0000] {dag.py:3089} INFO - Sync 1 DAGs
[2026-02-08T07:11:29.830+0000] {logging_mixin.py:188} INFO - [2026-02-08T07:11:29.830+0000] {dag.py:3947} INFO - Setting next_dagrun for dag_snowflake_through_airflow to None, run_after=None
[2026-02-08T07:11:29.854+0000] {processor.py:183} INFO - Processing /home/cloud/codings/airflow/dags/dag_snowflake_through_airflow.py took 0.076 seconds
[2026-02-08T07:12:00.347+0000] {processor.py:161} INFO - Started process (PID=251005) to work on /home/cloud/codings/airflow/dags/dag_snowflake_through_airflow.py
[2026-02-08T07:12:00.350+0000] {processor.py:830} INFO - Processing file /home/cloud/codings/airflow/dags/dag_snowflake_through_airflow.py for tasks to queue
[2026-02-08T07:12:00.352+0000] {logging_mixin.py:188} INFO - [2026-02-08T07:12:00.351+0000] {dagbag.py:545} INFO - Filling up the DagBag from /home/cloud/codings/airflow/dags/dag_snowflake_through_airflow.py
[2026-02-08T07:12:00.370+0000] {processor.py:840} INFO - DAG(s) 'dag_snowflake_through_airflow' retrieved from /home/cloud/codings/airflow/dags/dag_snowflake_through_airflow.py
[2026-02-08T07:12:00.391+0000] {logging_mixin.py:188} INFO - [2026-02-08T07:12:00.390+0000] {dag.py:3089} INFO - Sync 1 DAGs
[2026-02-08T07:12:00.404+0000] {logging_mixin.py:188} INFO - [2026-02-08T07:12:00.404+0000] {dag.py:3947} INFO - Setting next_dagrun for dag_snowflake_through_airflow to None, run_after=None
[2026-02-08T07:12:00.430+0000] {processor.py:183} INFO - Processing /home/cloud/codings/airflow/dags/dag_snowflake_through_airflow.py took 0.104 seconds
[2026-02-08T07:12:30.774+0000] {processor.py:161} INFO - Started process (PID=251212) to work on /home/cloud/codings/airflow/dags/dag_snowflake_through_airflow.py
[2026-02-08T07:12:30.797+0000] {processor.py:830} INFO - Processing file /home/cloud/codings/airflow/dags/dag_snowflake_through_airflow.py for tasks to queue
[2026-02-08T07:12:30.798+0000] {logging_mixin.py:188} INFO - [2026-02-08T07:12:30.797+0000] {dagbag.py:545} INFO - Filling up the DagBag from /home/cloud/codings/airflow/dags/dag_snowflake_through_airflow.py
[2026-02-08T07:12:30.812+0000] {processor.py:840} INFO - DAG(s) 'dag_snowflake_through_airflow' retrieved from /home/cloud/codings/airflow/dags/dag_snowflake_through_airflow.py
[2026-02-08T07:12:30.837+0000] {logging_mixin.py:188} INFO - [2026-02-08T07:12:30.837+0000] {dag.py:3089} INFO - Sync 1 DAGs
[2026-02-08T07:12:30.853+0000] {logging_mixin.py:188} INFO - [2026-02-08T07:12:30.853+0000] {dag.py:3947} INFO - Setting next_dagrun for dag_snowflake_through_airflow to None, run_after=None
[2026-02-08T07:12:30.882+0000] {processor.py:183} INFO - Processing /home/cloud/codings/airflow/dags/dag_snowflake_through_airflow.py took 0.118 seconds
[2026-02-08T07:13:01.171+0000] {processor.py:161} INFO - Started process (PID=251465) to work on /home/cloud/codings/airflow/dags/dag_snowflake_through_airflow.py
[2026-02-08T07:13:01.190+0000] {processor.py:830} INFO - Processing file /home/cloud/codings/airflow/dags/dag_snowflake_through_airflow.py for tasks to queue
[2026-02-08T07:13:01.191+0000] {logging_mixin.py:188} INFO - [2026-02-08T07:13:01.191+0000] {dagbag.py:545} INFO - Filling up the DagBag from /home/cloud/codings/airflow/dags/dag_snowflake_through_airflow.py
[2026-02-08T07:13:01.201+0000] {processor.py:840} INFO - DAG(s) 'dag_snowflake_through_airflow' retrieved from /home/cloud/codings/airflow/dags/dag_snowflake_through_airflow.py
[2026-02-08T07:13:01.223+0000] {logging_mixin.py:188} INFO - [2026-02-08T07:13:01.222+0000] {dag.py:3089} INFO - Sync 1 DAGs
[2026-02-08T07:13:01.237+0000] {logging_mixin.py:188} INFO - [2026-02-08T07:13:01.237+0000] {dag.py:3947} INFO - Setting next_dagrun for dag_snowflake_through_airflow to None, run_after=None
[2026-02-08T07:13:01.259+0000] {processor.py:183} INFO - Processing /home/cloud/codings/airflow/dags/dag_snowflake_through_airflow.py took 0.095 seconds
[2026-02-08T07:13:31.567+0000] {processor.py:161} INFO - Started process (PID=251675) to work on /home/cloud/codings/airflow/dags/dag_snowflake_through_airflow.py
[2026-02-08T07:13:31.569+0000] {processor.py:830} INFO - Processing file /home/cloud/codings/airflow/dags/dag_snowflake_through_airflow.py for tasks to queue
[2026-02-08T07:13:31.571+0000] {logging_mixin.py:188} INFO - [2026-02-08T07:13:31.570+0000] {dagbag.py:545} INFO - Filling up the DagBag from /home/cloud/codings/airflow/dags/dag_snowflake_through_airflow.py
[2026-02-08T07:13:31.592+0000] {processor.py:840} INFO - DAG(s) 'dag_snowflake_through_airflow' retrieved from /home/cloud/codings/airflow/dags/dag_snowflake_through_airflow.py
[2026-02-08T07:13:31.640+0000] {logging_mixin.py:188} INFO - [2026-02-08T07:13:31.639+0000] {dag.py:3089} INFO - Sync 1 DAGs
[2026-02-08T07:13:31.671+0000] {logging_mixin.py:188} INFO - [2026-02-08T07:13:31.671+0000] {dag.py:3947} INFO - Setting next_dagrun for dag_snowflake_through_airflow to None, run_after=None
[2026-02-08T07:13:31.753+0000] {processor.py:183} INFO - Processing /home/cloud/codings/airflow/dags/dag_snowflake_through_airflow.py took 0.197 seconds
[2026-02-08T07:14:01.893+0000] {processor.py:161} INFO - Started process (PID=251932) to work on /home/cloud/codings/airflow/dags/dag_snowflake_through_airflow.py
[2026-02-08T07:14:01.895+0000] {processor.py:830} INFO - Processing file /home/cloud/codings/airflow/dags/dag_snowflake_through_airflow.py for tasks to queue
[2026-02-08T07:14:01.897+0000] {logging_mixin.py:188} INFO - [2026-02-08T07:14:01.896+0000] {dagbag.py:545} INFO - Filling up the DagBag from /home/cloud/codings/airflow/dags/dag_snowflake_through_airflow.py
[2026-02-08T07:14:01.916+0000] {processor.py:840} INFO - DAG(s) 'dag_snowflake_through_airflow' retrieved from /home/cloud/codings/airflow/dags/dag_snowflake_through_airflow.py
[2026-02-08T07:14:01.952+0000] {logging_mixin.py:188} INFO - [2026-02-08T07:14:01.952+0000] {dag.py:3089} INFO - Sync 1 DAGs
[2026-02-08T07:14:01.974+0000] {logging_mixin.py:188} INFO - [2026-02-08T07:14:01.973+0000] {dag.py:3947} INFO - Setting next_dagrun for dag_snowflake_through_airflow to None, run_after=None
[2026-02-08T07:14:02.006+0000] {processor.py:183} INFO - Processing /home/cloud/codings/airflow/dags/dag_snowflake_through_airflow.py took 0.124 seconds
[2026-02-08T07:14:32.228+0000] {processor.py:161} INFO - Started process (PID=252198) to work on /home/cloud/codings/airflow/dags/dag_snowflake_through_airflow.py
[2026-02-08T07:14:32.229+0000] {processor.py:830} INFO - Processing file /home/cloud/codings/airflow/dags/dag_snowflake_through_airflow.py for tasks to queue
[2026-02-08T07:14:32.230+0000] {logging_mixin.py:188} INFO - [2026-02-08T07:14:32.230+0000] {dagbag.py:545} INFO - Filling up the DagBag from /home/cloud/codings/airflow/dags/dag_snowflake_through_airflow.py
[2026-02-08T07:14:32.242+0000] {processor.py:840} INFO - DAG(s) 'dag_snowflake_through_airflow' retrieved from /home/cloud/codings/airflow/dags/dag_snowflake_through_airflow.py
[2026-02-08T07:14:32.264+0000] {logging_mixin.py:188} INFO - [2026-02-08T07:14:32.264+0000] {dag.py:3089} INFO - Sync 1 DAGs
[2026-02-08T07:14:32.278+0000] {logging_mixin.py:188} INFO - [2026-02-08T07:14:32.278+0000] {dag.py:3947} INFO - Setting next_dagrun for dag_snowflake_through_airflow to None, run_after=None
[2026-02-08T07:14:32.301+0000] {processor.py:183} INFO - Processing /home/cloud/codings/airflow/dags/dag_snowflake_through_airflow.py took 0.080 seconds
[2026-02-08T07:15:02.763+0000] {processor.py:161} INFO - Started process (PID=252417) to work on /home/cloud/codings/airflow/dags/dag_snowflake_through_airflow.py
[2026-02-08T07:15:02.766+0000] {processor.py:830} INFO - Processing file /home/cloud/codings/airflow/dags/dag_snowflake_through_airflow.py for tasks to queue
[2026-02-08T07:15:02.768+0000] {logging_mixin.py:188} INFO - [2026-02-08T07:15:02.767+0000] {dagbag.py:545} INFO - Filling up the DagBag from /home/cloud/codings/airflow/dags/dag_snowflake_through_airflow.py
[2026-02-08T07:15:02.789+0000] {processor.py:840} INFO - DAG(s) 'dag_snowflake_through_airflow' retrieved from /home/cloud/codings/airflow/dags/dag_snowflake_through_airflow.py
[2026-02-08T07:15:02.828+0000] {logging_mixin.py:188} INFO - [2026-02-08T07:15:02.828+0000] {dag.py:3089} INFO - Sync 1 DAGs
[2026-02-08T07:15:02.848+0000] {logging_mixin.py:188} INFO - [2026-02-08T07:15:02.848+0000] {dag.py:3947} INFO - Setting next_dagrun for dag_snowflake_through_airflow to None, run_after=None
[2026-02-08T07:15:02.899+0000] {processor.py:183} INFO - Processing /home/cloud/codings/airflow/dags/dag_snowflake_through_airflow.py took 0.149 seconds
[2026-02-08T07:15:33.545+0000] {processor.py:161} INFO - Started process (PID=252608) to work on /home/cloud/codings/airflow/dags/dag_snowflake_through_airflow.py
[2026-02-08T07:15:33.548+0000] {processor.py:830} INFO - Processing file /home/cloud/codings/airflow/dags/dag_snowflake_through_airflow.py for tasks to queue
[2026-02-08T07:15:33.550+0000] {logging_mixin.py:188} INFO - [2026-02-08T07:15:33.549+0000] {dagbag.py:545} INFO - Filling up the DagBag from /home/cloud/codings/airflow/dags/dag_snowflake_through_airflow.py
[2026-02-08T07:15:33.572+0000] {processor.py:840} INFO - DAG(s) 'dag_snowflake_through_airflow' retrieved from /home/cloud/codings/airflow/dags/dag_snowflake_through_airflow.py
[2026-02-08T07:15:33.613+0000] {logging_mixin.py:188} INFO - [2026-02-08T07:15:33.613+0000] {dag.py:3089} INFO - Sync 1 DAGs
[2026-02-08T07:15:33.637+0000] {logging_mixin.py:188} INFO - [2026-02-08T07:15:33.637+0000] {dag.py:3947} INFO - Setting next_dagrun for dag_snowflake_through_airflow to None, run_after=None
[2026-02-08T07:15:33.679+0000] {processor.py:183} INFO - Processing /home/cloud/codings/airflow/dags/dag_snowflake_through_airflow.py took 0.151 seconds
[2026-02-08T07:16:04.118+0000] {processor.py:161} INFO - Started process (PID=252693) to work on /home/cloud/codings/airflow/dags/dag_snowflake_through_airflow.py
[2026-02-08T07:16:04.121+0000] {processor.py:830} INFO - Processing file /home/cloud/codings/airflow/dags/dag_snowflake_through_airflow.py for tasks to queue
[2026-02-08T07:16:04.124+0000] {logging_mixin.py:188} INFO - [2026-02-08T07:16:04.122+0000] {dagbag.py:545} INFO - Filling up the DagBag from /home/cloud/codings/airflow/dags/dag_snowflake_through_airflow.py
[2026-02-08T07:16:04.149+0000] {processor.py:840} INFO - DAG(s) 'dag_snowflake_through_airflow' retrieved from /home/cloud/codings/airflow/dags/dag_snowflake_through_airflow.py
[2026-02-08T07:16:04.198+0000] {logging_mixin.py:188} INFO - [2026-02-08T07:16:04.198+0000] {dag.py:3089} INFO - Sync 1 DAGs
[2026-02-08T07:16:04.224+0000] {logging_mixin.py:188} INFO - [2026-02-08T07:16:04.224+0000] {dag.py:3947} INFO - Setting next_dagrun for dag_snowflake_through_airflow to None, run_after=None
[2026-02-08T07:16:04.263+0000] {processor.py:183} INFO - Processing /home/cloud/codings/airflow/dags/dag_snowflake_through_airflow.py took 0.161 seconds
[2026-02-08T07:16:34.745+0000] {processor.py:161} INFO - Started process (PID=252757) to work on /home/cloud/codings/airflow/dags/dag_snowflake_through_airflow.py
[2026-02-08T07:16:34.750+0000] {processor.py:830} INFO - Processing file /home/cloud/codings/airflow/dags/dag_snowflake_through_airflow.py for tasks to queue
[2026-02-08T07:16:34.753+0000] {logging_mixin.py:188} INFO - [2026-02-08T07:16:34.752+0000] {dagbag.py:545} INFO - Filling up the DagBag from /home/cloud/codings/airflow/dags/dag_snowflake_through_airflow.py
[2026-02-08T07:16:34.783+0000] {processor.py:840} INFO - DAG(s) 'dag_snowflake_through_airflow' retrieved from /home/cloud/codings/airflow/dags/dag_snowflake_through_airflow.py
[2026-02-08T07:16:34.823+0000] {logging_mixin.py:188} INFO - [2026-02-08T07:16:34.823+0000] {dag.py:3089} INFO - Sync 1 DAGs
[2026-02-08T07:16:34.851+0000] {logging_mixin.py:188} INFO - [2026-02-08T07:16:34.850+0000] {dag.py:3947} INFO - Setting next_dagrun for dag_snowflake_through_airflow to None, run_after=None
[2026-02-08T07:16:34.901+0000] {processor.py:183} INFO - Processing /home/cloud/codings/airflow/dags/dag_snowflake_through_airflow.py took 0.178 seconds
[2026-02-08T07:17:05.520+0000] {processor.py:161} INFO - Started process (PID=253181) to work on /home/cloud/codings/airflow/dags/dag_snowflake_through_airflow.py
[2026-02-08T07:17:05.523+0000] {processor.py:830} INFO - Processing file /home/cloud/codings/airflow/dags/dag_snowflake_through_airflow.py for tasks to queue
[2026-02-08T07:17:05.525+0000] {logging_mixin.py:188} INFO - [2026-02-08T07:17:05.524+0000] {dagbag.py:545} INFO - Filling up the DagBag from /home/cloud/codings/airflow/dags/dag_snowflake_through_airflow.py
[2026-02-08T07:17:05.559+0000] {processor.py:840} INFO - DAG(s) 'dag_snowflake_through_airflow' retrieved from /home/cloud/codings/airflow/dags/dag_snowflake_through_airflow.py
[2026-02-08T07:17:05.630+0000] {logging_mixin.py:188} INFO - [2026-02-08T07:17:05.630+0000] {dag.py:3089} INFO - Sync 1 DAGs
[2026-02-08T07:17:05.660+0000] {logging_mixin.py:188} INFO - [2026-02-08T07:17:05.660+0000] {dag.py:3947} INFO - Setting next_dagrun for dag_snowflake_through_airflow to None, run_after=None
[2026-02-08T07:17:05.710+0000] {processor.py:183} INFO - Processing /home/cloud/codings/airflow/dags/dag_snowflake_through_airflow.py took 0.211 seconds
[2026-02-08T07:17:36.211+0000] {processor.py:161} INFO - Started process (PID=253259) to work on /home/cloud/codings/airflow/dags/dag_snowflake_through_airflow.py
[2026-02-08T07:17:36.212+0000] {processor.py:830} INFO - Processing file /home/cloud/codings/airflow/dags/dag_snowflake_through_airflow.py for tasks to queue
[2026-02-08T07:17:36.213+0000] {logging_mixin.py:188} INFO - [2026-02-08T07:17:36.213+0000] {dagbag.py:545} INFO - Filling up the DagBag from /home/cloud/codings/airflow/dags/dag_snowflake_through_airflow.py
[2026-02-08T07:17:36.231+0000] {processor.py:840} INFO - DAG(s) 'dag_snowflake_through_airflow' retrieved from /home/cloud/codings/airflow/dags/dag_snowflake_through_airflow.py
[2026-02-08T07:17:36.259+0000] {logging_mixin.py:188} INFO - [2026-02-08T07:17:36.259+0000] {dag.py:3089} INFO - Sync 1 DAGs
[2026-02-08T07:17:36.280+0000] {logging_mixin.py:188} INFO - [2026-02-08T07:17:36.280+0000] {dag.py:3947} INFO - Setting next_dagrun for dag_snowflake_through_airflow to None, run_after=None
[2026-02-08T07:17:36.317+0000] {processor.py:183} INFO - Processing /home/cloud/codings/airflow/dags/dag_snowflake_through_airflow.py took 0.115 seconds
[2026-02-08T07:18:06.760+0000] {processor.py:161} INFO - Started process (PID=253319) to work on /home/cloud/codings/airflow/dags/dag_snowflake_through_airflow.py
[2026-02-08T07:18:06.779+0000] {processor.py:830} INFO - Processing file /home/cloud/codings/airflow/dags/dag_snowflake_through_airflow.py for tasks to queue
[2026-02-08T07:18:06.781+0000] {logging_mixin.py:188} INFO - [2026-02-08T07:18:06.780+0000] {dagbag.py:545} INFO - Filling up the DagBag from /home/cloud/codings/airflow/dags/dag_snowflake_through_airflow.py
[2026-02-08T07:18:06.804+0000] {processor.py:840} INFO - DAG(s) 'dag_snowflake_through_airflow' retrieved from /home/cloud/codings/airflow/dags/dag_snowflake_through_airflow.py
[2026-02-08T07:18:06.846+0000] {logging_mixin.py:188} INFO - [2026-02-08T07:18:06.846+0000] {dag.py:3089} INFO - Sync 1 DAGs
[2026-02-08T07:18:06.863+0000] {logging_mixin.py:188} INFO - [2026-02-08T07:18:06.863+0000] {dag.py:3947} INFO - Setting next_dagrun for dag_snowflake_through_airflow to None, run_after=None
[2026-02-08T07:18:06.890+0000] {processor.py:183} INFO - Processing /home/cloud/codings/airflow/dags/dag_snowflake_through_airflow.py took 0.146 seconds
[2026-02-08T07:18:37.064+0000] {processor.py:161} INFO - Started process (PID=253383) to work on /home/cloud/codings/airflow/dags/dag_snowflake_through_airflow.py
[2026-02-08T07:18:37.076+0000] {processor.py:830} INFO - Processing file /home/cloud/codings/airflow/dags/dag_snowflake_through_airflow.py for tasks to queue
[2026-02-08T07:18:37.077+0000] {logging_mixin.py:188} INFO - [2026-02-08T07:18:37.077+0000] {dagbag.py:545} INFO - Filling up the DagBag from /home/cloud/codings/airflow/dags/dag_snowflake_through_airflow.py
[2026-02-08T07:18:37.088+0000] {processor.py:840} INFO - DAG(s) 'dag_snowflake_through_airflow' retrieved from /home/cloud/codings/airflow/dags/dag_snowflake_through_airflow.py
[2026-02-08T07:18:37.107+0000] {logging_mixin.py:188} INFO - [2026-02-08T07:18:37.106+0000] {dag.py:3089} INFO - Sync 1 DAGs
[2026-02-08T07:18:37.120+0000] {logging_mixin.py:188} INFO - [2026-02-08T07:18:37.120+0000] {dag.py:3947} INFO - Setting next_dagrun for dag_snowflake_through_airflow to None, run_after=None
[2026-02-08T07:18:37.150+0000] {processor.py:183} INFO - Processing /home/cloud/codings/airflow/dags/dag_snowflake_through_airflow.py took 0.094 seconds
[2026-02-08T07:19:07.340+0000] {processor.py:161} INFO - Started process (PID=253445) to work on /home/cloud/codings/airflow/dags/dag_snowflake_through_airflow.py
[2026-02-08T07:19:07.341+0000] {processor.py:830} INFO - Processing file /home/cloud/codings/airflow/dags/dag_snowflake_through_airflow.py for tasks to queue
[2026-02-08T07:19:07.343+0000] {logging_mixin.py:188} INFO - [2026-02-08T07:19:07.342+0000] {dagbag.py:545} INFO - Filling up the DagBag from /home/cloud/codings/airflow/dags/dag_snowflake_through_airflow.py
[2026-02-08T07:19:07.356+0000] {processor.py:840} INFO - DAG(s) 'dag_snowflake_through_airflow' retrieved from /home/cloud/codings/airflow/dags/dag_snowflake_through_airflow.py
[2026-02-08T07:19:07.377+0000] {logging_mixin.py:188} INFO - [2026-02-08T07:19:07.376+0000] {dag.py:3089} INFO - Sync 1 DAGs
[2026-02-08T07:19:07.391+0000] {logging_mixin.py:188} INFO - [2026-02-08T07:19:07.391+0000] {dag.py:3947} INFO - Setting next_dagrun for dag_snowflake_through_airflow to None, run_after=None
[2026-02-08T07:19:07.416+0000] {processor.py:183} INFO - Processing /home/cloud/codings/airflow/dags/dag_snowflake_through_airflow.py took 0.084 seconds
[2026-02-08T07:19:37.554+0000] {processor.py:161} INFO - Started process (PID=253509) to work on /home/cloud/codings/airflow/dags/dag_snowflake_through_airflow.py
[2026-02-08T07:19:37.572+0000] {processor.py:830} INFO - Processing file /home/cloud/codings/airflow/dags/dag_snowflake_through_airflow.py for tasks to queue
[2026-02-08T07:19:37.573+0000] {logging_mixin.py:188} INFO - [2026-02-08T07:19:37.573+0000] {dagbag.py:545} INFO - Filling up the DagBag from /home/cloud/codings/airflow/dags/dag_snowflake_through_airflow.py
[2026-02-08T07:19:37.586+0000] {processor.py:840} INFO - DAG(s) 'dag_snowflake_through_airflow' retrieved from /home/cloud/codings/airflow/dags/dag_snowflake_through_airflow.py
[2026-02-08T07:19:37.610+0000] {logging_mixin.py:188} INFO - [2026-02-08T07:19:37.610+0000] {dag.py:3089} INFO - Sync 1 DAGs
[2026-02-08T07:19:37.628+0000] {logging_mixin.py:188} INFO - [2026-02-08T07:19:37.628+0000] {dag.py:3947} INFO - Setting next_dagrun for dag_snowflake_through_airflow to None, run_after=None
[2026-02-08T07:19:37.658+0000] {processor.py:183} INFO - Processing /home/cloud/codings/airflow/dags/dag_snowflake_through_airflow.py took 0.112 seconds
[2026-02-08T07:20:07.858+0000] {processor.py:161} INFO - Started process (PID=253569) to work on /home/cloud/codings/airflow/dags/dag_snowflake_through_airflow.py
[2026-02-08T07:20:07.859+0000] {processor.py:830} INFO - Processing file /home/cloud/codings/airflow/dags/dag_snowflake_through_airflow.py for tasks to queue
[2026-02-08T07:20:07.860+0000] {logging_mixin.py:188} INFO - [2026-02-08T07:20:07.859+0000] {dagbag.py:545} INFO - Filling up the DagBag from /home/cloud/codings/airflow/dags/dag_snowflake_through_airflow.py
[2026-02-08T07:20:07.872+0000] {processor.py:840} INFO - DAG(s) 'dag_snowflake_through_airflow' retrieved from /home/cloud/codings/airflow/dags/dag_snowflake_through_airflow.py
[2026-02-08T07:20:07.894+0000] {logging_mixin.py:188} INFO - [2026-02-08T07:20:07.894+0000] {dag.py:3089} INFO - Sync 1 DAGs
[2026-02-08T07:20:07.912+0000] {logging_mixin.py:188} INFO - [2026-02-08T07:20:07.911+0000] {dag.py:3947} INFO - Setting next_dagrun for dag_snowflake_through_airflow to None, run_after=None
[2026-02-08T07:20:07.941+0000] {processor.py:183} INFO - Processing /home/cloud/codings/airflow/dags/dag_snowflake_through_airflow.py took 0.090 seconds
[2026-02-08T07:20:38.365+0000] {processor.py:161} INFO - Started process (PID=253633) to work on /home/cloud/codings/airflow/dags/dag_snowflake_through_airflow.py
[2026-02-08T07:20:38.383+0000] {processor.py:830} INFO - Processing file /home/cloud/codings/airflow/dags/dag_snowflake_through_airflow.py for tasks to queue
[2026-02-08T07:20:38.386+0000] {logging_mixin.py:188} INFO - [2026-02-08T07:20:38.385+0000] {dagbag.py:545} INFO - Filling up the DagBag from /home/cloud/codings/airflow/dags/dag_snowflake_through_airflow.py
[2026-02-08T07:20:38.409+0000] {processor.py:840} INFO - DAG(s) 'dag_snowflake_through_airflow' retrieved from /home/cloud/codings/airflow/dags/dag_snowflake_through_airflow.py
[2026-02-08T07:20:38.443+0000] {logging_mixin.py:188} INFO - [2026-02-08T07:20:38.443+0000] {dag.py:3089} INFO - Sync 1 DAGs
[2026-02-08T07:20:38.456+0000] {logging_mixin.py:188} INFO - [2026-02-08T07:20:38.456+0000] {dag.py:3947} INFO - Setting next_dagrun for dag_snowflake_through_airflow to None, run_after=None
[2026-02-08T07:20:38.480+0000] {processor.py:183} INFO - Processing /home/cloud/codings/airflow/dags/dag_snowflake_through_airflow.py took 0.131 seconds
[2026-02-08T07:21:08.675+0000] {processor.py:161} INFO - Started process (PID=253719) to work on /home/cloud/codings/airflow/dags/dag_snowflake_through_airflow.py
[2026-02-08T07:21:08.676+0000] {processor.py:830} INFO - Processing file /home/cloud/codings/airflow/dags/dag_snowflake_through_airflow.py for tasks to queue
[2026-02-08T07:21:08.677+0000] {logging_mixin.py:188} INFO - [2026-02-08T07:21:08.676+0000] {dagbag.py:545} INFO - Filling up the DagBag from /home/cloud/codings/airflow/dags/dag_snowflake_through_airflow.py
[2026-02-08T07:21:08.686+0000] {processor.py:840} INFO - DAG(s) 'dag_snowflake_through_airflow' retrieved from /home/cloud/codings/airflow/dags/dag_snowflake_through_airflow.py
[2026-02-08T07:21:08.708+0000] {logging_mixin.py:188} INFO - [2026-02-08T07:21:08.708+0000] {dag.py:3089} INFO - Sync 1 DAGs
[2026-02-08T07:21:08.729+0000] {logging_mixin.py:188} INFO - [2026-02-08T07:21:08.728+0000] {dag.py:3947} INFO - Setting next_dagrun for dag_snowflake_through_airflow to None, run_after=None
[2026-02-08T07:21:08.762+0000] {processor.py:183} INFO - Processing /home/cloud/codings/airflow/dags/dag_snowflake_through_airflow.py took 0.094 seconds
[2026-02-08T07:21:39.097+0000] {processor.py:161} INFO - Started process (PID=253993) to work on /home/cloud/codings/airflow/dags/dag_snowflake_through_airflow.py
[2026-02-08T07:21:39.115+0000] {processor.py:830} INFO - Processing file /home/cloud/codings/airflow/dags/dag_snowflake_through_airflow.py for tasks to queue
[2026-02-08T07:21:39.116+0000] {logging_mixin.py:188} INFO - [2026-02-08T07:21:39.115+0000] {dagbag.py:545} INFO - Filling up the DagBag from /home/cloud/codings/airflow/dags/dag_snowflake_through_airflow.py
[2026-02-08T07:21:39.127+0000] {processor.py:840} INFO - DAG(s) 'dag_snowflake_through_airflow' retrieved from /home/cloud/codings/airflow/dags/dag_snowflake_through_airflow.py
[2026-02-08T07:21:39.149+0000] {logging_mixin.py:188} INFO - [2026-02-08T07:21:39.148+0000] {dag.py:3089} INFO - Sync 1 DAGs
[2026-02-08T07:21:39.163+0000] {logging_mixin.py:188} INFO - [2026-02-08T07:21:39.162+0000] {dag.py:3947} INFO - Setting next_dagrun for dag_snowflake_through_airflow to None, run_after=None
[2026-02-08T07:21:39.188+0000] {processor.py:183} INFO - Processing /home/cloud/codings/airflow/dags/dag_snowflake_through_airflow.py took 0.098 seconds
[2026-02-08T07:22:09.603+0000] {processor.py:161} INFO - Started process (PID=254156) to work on /home/cloud/codings/airflow/dags/dag_snowflake_through_airflow.py
[2026-02-08T07:22:09.604+0000] {processor.py:830} INFO - Processing file /home/cloud/codings/airflow/dags/dag_snowflake_through_airflow.py for tasks to queue
[2026-02-08T07:22:09.606+0000] {logging_mixin.py:188} INFO - [2026-02-08T07:22:09.605+0000] {dagbag.py:545} INFO - Filling up the DagBag from /home/cloud/codings/airflow/dags/dag_snowflake_through_airflow.py
[2026-02-08T07:22:09.619+0000] {processor.py:840} INFO - DAG(s) 'dag_snowflake_through_airflow' retrieved from /home/cloud/codings/airflow/dags/dag_snowflake_through_airflow.py
[2026-02-08T07:22:09.643+0000] {logging_mixin.py:188} INFO - [2026-02-08T07:22:09.643+0000] {dag.py:3089} INFO - Sync 1 DAGs
[2026-02-08T07:22:09.658+0000] {logging_mixin.py:188} INFO - [2026-02-08T07:22:09.658+0000] {dag.py:3947} INFO - Setting next_dagrun for dag_snowflake_through_airflow to None, run_after=None
[2026-02-08T07:22:09.689+0000] {processor.py:183} INFO - Processing /home/cloud/codings/airflow/dags/dag_snowflake_through_airflow.py took 0.095 seconds
[2026-02-08T07:22:40.975+0000] {processor.py:161} INFO - Started process (PID=254220) to work on /home/cloud/codings/airflow/dags/dag_snowflake_through_airflow.py
[2026-02-08T07:22:40.992+0000] {processor.py:830} INFO - Processing file /home/cloud/codings/airflow/dags/dag_snowflake_through_airflow.py for tasks to queue
[2026-02-08T07:22:40.993+0000] {logging_mixin.py:188} INFO - [2026-02-08T07:22:40.993+0000] {dagbag.py:545} INFO - Filling up the DagBag from /home/cloud/codings/airflow/dags/dag_snowflake_through_airflow.py
[2026-02-08T07:22:41.002+0000] {processor.py:840} INFO - DAG(s) 'dag_snowflake_through_airflow' retrieved from /home/cloud/codings/airflow/dags/dag_snowflake_through_airflow.py
[2026-02-08T07:22:41.021+0000] {logging_mixin.py:188} INFO - [2026-02-08T07:22:41.021+0000] {dag.py:3089} INFO - Sync 1 DAGs
[2026-02-08T07:22:41.035+0000] {logging_mixin.py:188} INFO - [2026-02-08T07:22:41.034+0000] {dag.py:3947} INFO - Setting next_dagrun for dag_snowflake_through_airflow to None, run_after=None
[2026-02-08T07:22:41.058+0000] {processor.py:183} INFO - Processing /home/cloud/codings/airflow/dags/dag_snowflake_through_airflow.py took 0.092 seconds
[2026-02-08T07:23:11.429+0000] {processor.py:161} INFO - Started process (PID=254308) to work on /home/cloud/codings/airflow/dags/dag_snowflake_through_airflow.py
[2026-02-08T07:23:11.430+0000] {processor.py:830} INFO - Processing file /home/cloud/codings/airflow/dags/dag_snowflake_through_airflow.py for tasks to queue
[2026-02-08T07:23:11.431+0000] {logging_mixin.py:188} INFO - [2026-02-08T07:23:11.430+0000] {dagbag.py:545} INFO - Filling up the DagBag from /home/cloud/codings/airflow/dags/dag_snowflake_through_airflow.py
[2026-02-08T07:23:11.441+0000] {processor.py:840} INFO - DAG(s) 'dag_snowflake_through_airflow' retrieved from /home/cloud/codings/airflow/dags/dag_snowflake_through_airflow.py
[2026-02-08T07:23:11.460+0000] {logging_mixin.py:188} INFO - [2026-02-08T07:23:11.459+0000] {dag.py:3089} INFO - Sync 1 DAGs
[2026-02-08T07:23:11.474+0000] {logging_mixin.py:188} INFO - [2026-02-08T07:23:11.473+0000] {dag.py:3947} INFO - Setting next_dagrun for dag_snowflake_through_airflow to None, run_after=None
[2026-02-08T07:23:11.497+0000] {processor.py:183} INFO - Processing /home/cloud/codings/airflow/dags/dag_snowflake_through_airflow.py took 0.075 seconds
[2026-02-08T07:23:41.928+0000] {processor.py:161} INFO - Started process (PID=254514) to work on /home/cloud/codings/airflow/dags/dag_snowflake_through_airflow.py
[2026-02-08T07:23:41.930+0000] {processor.py:830} INFO - Processing file /home/cloud/codings/airflow/dags/dag_snowflake_through_airflow.py for tasks to queue
[2026-02-08T07:23:41.932+0000] {logging_mixin.py:188} INFO - [2026-02-08T07:23:41.931+0000] {dagbag.py:545} INFO - Filling up the DagBag from /home/cloud/codings/airflow/dags/dag_snowflake_through_airflow.py
[2026-02-08T07:23:41.944+0000] {processor.py:840} INFO - DAG(s) 'dag_snowflake_through_airflow' retrieved from /home/cloud/codings/airflow/dags/dag_snowflake_through_airflow.py
[2026-02-08T07:23:41.968+0000] {logging_mixin.py:188} INFO - [2026-02-08T07:23:41.968+0000] {dag.py:3089} INFO - Sync 1 DAGs
[2026-02-08T07:23:41.986+0000] {logging_mixin.py:188} INFO - [2026-02-08T07:23:41.985+0000] {dag.py:3947} INFO - Setting next_dagrun for dag_snowflake_through_airflow to None, run_after=None
[2026-02-08T07:23:42.015+0000] {processor.py:183} INFO - Processing /home/cloud/codings/airflow/dags/dag_snowflake_through_airflow.py took 0.094 seconds
[2026-02-08T07:24:12.288+0000] {processor.py:161} INFO - Started process (PID=254726) to work on /home/cloud/codings/airflow/dags/dag_snowflake_through_airflow.py
[2026-02-08T07:24:12.290+0000] {processor.py:830} INFO - Processing file /home/cloud/codings/airflow/dags/dag_snowflake_through_airflow.py for tasks to queue
[2026-02-08T07:24:12.292+0000] {logging_mixin.py:188} INFO - [2026-02-08T07:24:12.291+0000] {dagbag.py:545} INFO - Filling up the DagBag from /home/cloud/codings/airflow/dags/dag_snowflake_through_airflow.py
[2026-02-08T07:24:12.304+0000] {processor.py:840} INFO - DAG(s) 'dag_snowflake_through_airflow' retrieved from /home/cloud/codings/airflow/dags/dag_snowflake_through_airflow.py
[2026-02-08T07:24:12.328+0000] {logging_mixin.py:188} INFO - [2026-02-08T07:24:12.327+0000] {dag.py:3089} INFO - Sync 1 DAGs
[2026-02-08T07:24:12.342+0000] {logging_mixin.py:188} INFO - [2026-02-08T07:24:12.342+0000] {dag.py:3947} INFO - Setting next_dagrun for dag_snowflake_through_airflow to None, run_after=None
[2026-02-08T07:24:12.368+0000] {processor.py:183} INFO - Processing /home/cloud/codings/airflow/dags/dag_snowflake_through_airflow.py took 0.088 seconds
[2026-02-08T07:24:42.620+0000] {processor.py:161} INFO - Started process (PID=254933) to work on /home/cloud/codings/airflow/dags/dag_snowflake_through_airflow.py
[2026-02-08T07:24:42.621+0000] {processor.py:830} INFO - Processing file /home/cloud/codings/airflow/dags/dag_snowflake_through_airflow.py for tasks to queue
[2026-02-08T07:24:42.622+0000] {logging_mixin.py:188} INFO - [2026-02-08T07:24:42.622+0000] {dagbag.py:545} INFO - Filling up the DagBag from /home/cloud/codings/airflow/dags/dag_snowflake_through_airflow.py
[2026-02-08T07:24:42.635+0000] {processor.py:840} INFO - DAG(s) 'dag_snowflake_through_airflow' retrieved from /home/cloud/codings/airflow/dags/dag_snowflake_through_airflow.py
[2026-02-08T07:24:42.657+0000] {logging_mixin.py:188} INFO - [2026-02-08T07:24:42.656+0000] {dag.py:3089} INFO - Sync 1 DAGs
[2026-02-08T07:24:42.672+0000] {logging_mixin.py:188} INFO - [2026-02-08T07:24:42.671+0000] {dag.py:3947} INFO - Setting next_dagrun for dag_snowflake_through_airflow to None, run_after=None
[2026-02-08T07:24:42.699+0000] {processor.py:183} INFO - Processing /home/cloud/codings/airflow/dags/dag_snowflake_through_airflow.py took 0.087 seconds
[2026-02-08T07:25:13.312+0000] {processor.py:161} INFO - Started process (PID=255142) to work on /home/cloud/codings/airflow/dags/dag_snowflake_through_airflow.py
[2026-02-08T07:25:13.315+0000] {processor.py:830} INFO - Processing file /home/cloud/codings/airflow/dags/dag_snowflake_through_airflow.py for tasks to queue
[2026-02-08T07:25:13.319+0000] {logging_mixin.py:188} INFO - [2026-02-08T07:25:13.317+0000] {dagbag.py:545} INFO - Filling up the DagBag from /home/cloud/codings/airflow/dags/dag_snowflake_through_airflow.py
[2026-02-08T07:25:13.336+0000] {processor.py:840} INFO - DAG(s) 'dag_snowflake_through_airflow' retrieved from /home/cloud/codings/airflow/dags/dag_snowflake_through_airflow.py
[2026-02-08T07:25:13.375+0000] {logging_mixin.py:188} INFO - [2026-02-08T07:25:13.374+0000] {dag.py:3089} INFO - Sync 1 DAGs
[2026-02-08T07:25:13.397+0000] {logging_mixin.py:188} INFO - [2026-02-08T07:25:13.397+0000] {dag.py:3947} INFO - Setting next_dagrun for dag_snowflake_through_airflow to None, run_after=None
[2026-02-08T07:25:13.440+0000] {processor.py:183} INFO - Processing /home/cloud/codings/airflow/dags/dag_snowflake_through_airflow.py took 0.140 seconds
[2026-02-08T07:25:43.736+0000] {processor.py:161} INFO - Started process (PID=255350) to work on /home/cloud/codings/airflow/dags/dag_snowflake_through_airflow.py
[2026-02-08T07:25:43.737+0000] {processor.py:830} INFO - Processing file /home/cloud/codings/airflow/dags/dag_snowflake_through_airflow.py for tasks to queue
[2026-02-08T07:25:43.738+0000] {logging_mixin.py:188} INFO - [2026-02-08T07:25:43.738+0000] {dagbag.py:545} INFO - Filling up the DagBag from /home/cloud/codings/airflow/dags/dag_snowflake_through_airflow.py
[2026-02-08T07:25:43.748+0000] {processor.py:840} INFO - DAG(s) 'dag_snowflake_through_airflow' retrieved from /home/cloud/codings/airflow/dags/dag_snowflake_through_airflow.py
[2026-02-08T07:25:43.770+0000] {logging_mixin.py:188} INFO - [2026-02-08T07:25:43.770+0000] {dag.py:3089} INFO - Sync 1 DAGs
[2026-02-08T07:25:43.784+0000] {logging_mixin.py:188} INFO - [2026-02-08T07:25:43.784+0000] {dag.py:3947} INFO - Setting next_dagrun for dag_snowflake_through_airflow to None, run_after=None
[2026-02-08T07:25:43.809+0000] {processor.py:183} INFO - Processing /home/cloud/codings/airflow/dags/dag_snowflake_through_airflow.py took 0.082 seconds
[2026-02-08T07:26:14.170+0000] {processor.py:161} INFO - Started process (PID=255556) to work on /home/cloud/codings/airflow/dags/dag_snowflake_through_airflow.py
[2026-02-08T07:26:14.198+0000] {processor.py:830} INFO - Processing file /home/cloud/codings/airflow/dags/dag_snowflake_through_airflow.py for tasks to queue
[2026-02-08T07:26:14.200+0000] {logging_mixin.py:188} INFO - [2026-02-08T07:26:14.199+0000] {dagbag.py:545} INFO - Filling up the DagBag from /home/cloud/codings/airflow/dags/dag_snowflake_through_airflow.py
[2026-02-08T07:26:14.210+0000] {processor.py:840} INFO - DAG(s) 'dag_snowflake_through_airflow' retrieved from /home/cloud/codings/airflow/dags/dag_snowflake_through_airflow.py
[2026-02-08T07:26:14.231+0000] {logging_mixin.py:188} INFO - [2026-02-08T07:26:14.231+0000] {dag.py:3089} INFO - Sync 1 DAGs
[2026-02-08T07:26:14.246+0000] {logging_mixin.py:188} INFO - [2026-02-08T07:26:14.246+0000] {dag.py:3947} INFO - Setting next_dagrun for dag_snowflake_through_airflow to None, run_after=None
[2026-02-08T07:26:14.271+0000] {processor.py:183} INFO - Processing /home/cloud/codings/airflow/dags/dag_snowflake_through_airflow.py took 0.109 seconds
[2026-02-08T07:26:44.724+0000] {processor.py:161} INFO - Started process (PID=255852) to work on /home/cloud/codings/airflow/dags/dag_snowflake_through_airflow.py
[2026-02-08T07:26:44.726+0000] {processor.py:830} INFO - Processing file /home/cloud/codings/airflow/dags/dag_snowflake_through_airflow.py for tasks to queue
[2026-02-08T07:26:44.727+0000] {logging_mixin.py:188} INFO - [2026-02-08T07:26:44.727+0000] {dagbag.py:545} INFO - Filling up the DagBag from /home/cloud/codings/airflow/dags/dag_snowflake_through_airflow.py
[2026-02-08T07:26:44.742+0000] {processor.py:840} INFO - DAG(s) 'dag_snowflake_through_airflow' retrieved from /home/cloud/codings/airflow/dags/dag_snowflake_through_airflow.py
[2026-02-08T07:26:44.775+0000] {logging_mixin.py:188} INFO - [2026-02-08T07:26:44.775+0000] {dag.py:3089} INFO - Sync 1 DAGs
[2026-02-08T07:26:44.799+0000] {logging_mixin.py:188} INFO - [2026-02-08T07:26:44.799+0000] {dag.py:3947} INFO - Setting next_dagrun for dag_snowflake_through_airflow to None, run_after=None
[2026-02-08T07:26:44.842+0000] {processor.py:183} INFO - Processing /home/cloud/codings/airflow/dags/dag_snowflake_through_airflow.py took 0.129 seconds
[2026-02-08T07:27:15.501+0000] {processor.py:161} INFO - Started process (PID=256062) to work on /home/cloud/codings/airflow/dags/dag_snowflake_through_airflow.py
[2026-02-08T07:27:15.527+0000] {processor.py:830} INFO - Processing file /home/cloud/codings/airflow/dags/dag_snowflake_through_airflow.py for tasks to queue
[2026-02-08T07:27:15.528+0000] {logging_mixin.py:188} INFO - [2026-02-08T07:27:15.528+0000] {dagbag.py:545} INFO - Filling up the DagBag from /home/cloud/codings/airflow/dags/dag_snowflake_through_airflow.py
[2026-02-08T07:27:15.544+0000] {processor.py:840} INFO - DAG(s) 'dag_snowflake_through_airflow' retrieved from /home/cloud/codings/airflow/dags/dag_snowflake_through_airflow.py
[2026-02-08T07:27:15.573+0000] {logging_mixin.py:188} INFO - [2026-02-08T07:27:15.573+0000] {dag.py:3089} INFO - Sync 1 DAGs
[2026-02-08T07:27:15.591+0000] {logging_mixin.py:188} INFO - [2026-02-08T07:27:15.591+0000] {dag.py:3947} INFO - Setting next_dagrun for dag_snowflake_through_airflow to None, run_after=None
[2026-02-08T07:27:15.618+0000] {processor.py:183} INFO - Processing /home/cloud/codings/airflow/dags/dag_snowflake_through_airflow.py took 0.129 seconds
[2026-02-08T07:27:45.982+0000] {processor.py:161} INFO - Started process (PID=256283) to work on /home/cloud/codings/airflow/dags/dag_snowflake_through_airflow.py
[2026-02-08T07:27:46.010+0000] {processor.py:830} INFO - Processing file /home/cloud/codings/airflow/dags/dag_snowflake_through_airflow.py for tasks to queue
[2026-02-08T07:27:46.011+0000] {logging_mixin.py:188} INFO - [2026-02-08T07:27:46.011+0000] {dagbag.py:545} INFO - Filling up the DagBag from /home/cloud/codings/airflow/dags/dag_snowflake_through_airflow.py
[2026-02-08T07:27:46.023+0000] {processor.py:840} INFO - DAG(s) 'dag_snowflake_through_airflow' retrieved from /home/cloud/codings/airflow/dags/dag_snowflake_through_airflow.py
[2026-02-08T07:27:46.050+0000] {logging_mixin.py:188} INFO - [2026-02-08T07:27:46.050+0000] {dag.py:3089} INFO - Sync 1 DAGs
[2026-02-08T07:27:46.075+0000] {logging_mixin.py:188} INFO - [2026-02-08T07:27:46.074+0000] {dag.py:3947} INFO - Setting next_dagrun for dag_snowflake_through_airflow to None, run_after=None
[2026-02-08T07:27:46.104+0000] {processor.py:183} INFO - Processing /home/cloud/codings/airflow/dags/dag_snowflake_through_airflow.py took 0.131 seconds
[2026-02-08T07:28:16.398+0000] {processor.py:161} INFO - Started process (PID=256480) to work on /home/cloud/codings/airflow/dags/dag_snowflake_through_airflow.py
[2026-02-08T07:28:16.399+0000] {processor.py:830} INFO - Processing file /home/cloud/codings/airflow/dags/dag_snowflake_through_airflow.py for tasks to queue
[2026-02-08T07:28:16.400+0000] {logging_mixin.py:188} INFO - [2026-02-08T07:28:16.399+0000] {dagbag.py:545} INFO - Filling up the DagBag from /home/cloud/codings/airflow/dags/dag_snowflake_through_airflow.py
[2026-02-08T07:28:16.410+0000] {processor.py:840} INFO - DAG(s) 'dag_snowflake_through_airflow' retrieved from /home/cloud/codings/airflow/dags/dag_snowflake_through_airflow.py
[2026-02-08T07:28:16.430+0000] {logging_mixin.py:188} INFO - [2026-02-08T07:28:16.430+0000] {dag.py:3089} INFO - Sync 1 DAGs
[2026-02-08T07:28:16.444+0000] {logging_mixin.py:188} INFO - [2026-02-08T07:28:16.443+0000] {dag.py:3947} INFO - Setting next_dagrun for dag_snowflake_through_airflow to None, run_after=None
[2026-02-08T07:28:16.466+0000] {processor.py:183} INFO - Processing /home/cloud/codings/airflow/dags/dag_snowflake_through_airflow.py took 0.074 seconds
[2026-02-08T07:28:46.854+0000] {processor.py:161} INFO - Started process (PID=256550) to work on /home/cloud/codings/airflow/dags/dag_snowflake_through_airflow.py
[2026-02-08T07:28:46.872+0000] {processor.py:830} INFO - Processing file /home/cloud/codings/airflow/dags/dag_snowflake_through_airflow.py for tasks to queue
[2026-02-08T07:28:46.873+0000] {logging_mixin.py:188} INFO - [2026-02-08T07:28:46.872+0000] {dagbag.py:545} INFO - Filling up the DagBag from /home/cloud/codings/airflow/dags/dag_snowflake_through_airflow.py
[2026-02-08T07:28:46.885+0000] {processor.py:840} INFO - DAG(s) 'dag_snowflake_through_airflow' retrieved from /home/cloud/codings/airflow/dags/dag_snowflake_through_airflow.py
[2026-02-08T07:28:46.907+0000] {logging_mixin.py:188} INFO - [2026-02-08T07:28:46.906+0000] {dag.py:3089} INFO - Sync 1 DAGs
[2026-02-08T07:28:46.922+0000] {logging_mixin.py:188} INFO - [2026-02-08T07:28:46.922+0000] {dag.py:3947} INFO - Setting next_dagrun for dag_snowflake_through_airflow to None, run_after=None
[2026-02-08T07:28:46.952+0000] {processor.py:183} INFO - Processing /home/cloud/codings/airflow/dags/dag_snowflake_through_airflow.py took 0.104 seconds
[2026-02-08T07:29:17.642+0000] {processor.py:161} INFO - Started process (PID=256698) to work on /home/cloud/codings/airflow/dags/dag_snowflake_through_airflow.py
[2026-02-08T07:29:17.644+0000] {processor.py:830} INFO - Processing file /home/cloud/codings/airflow/dags/dag_snowflake_through_airflow.py for tasks to queue
[2026-02-08T07:29:17.646+0000] {logging_mixin.py:188} INFO - [2026-02-08T07:29:17.645+0000] {dagbag.py:545} INFO - Filling up the DagBag from /home/cloud/codings/airflow/dags/dag_snowflake_through_airflow.py
[2026-02-08T07:29:17.665+0000] {processor.py:840} INFO - DAG(s) 'dag_snowflake_through_airflow' retrieved from /home/cloud/codings/airflow/dags/dag_snowflake_through_airflow.py
[2026-02-08T07:29:17.704+0000] {logging_mixin.py:188} INFO - [2026-02-08T07:29:17.704+0000] {dag.py:3089} INFO - Sync 1 DAGs
[2026-02-08T07:29:17.728+0000] {logging_mixin.py:188} INFO - [2026-02-08T07:29:17.728+0000] {dag.py:3947} INFO - Setting next_dagrun for dag_snowflake_through_airflow to None, run_after=None
[2026-02-08T07:29:17.769+0000] {processor.py:183} INFO - Processing /home/cloud/codings/airflow/dags/dag_snowflake_through_airflow.py took 0.140 seconds
