[2026-02-08T06:56:38.483+0000] {processor.py:161} INFO - Started process (PID=245770) to work on /home/cloud/codings/airflow/dags/list_s3_files_in_logs.py
[2026-02-08T06:56:38.517+0000] {processor.py:830} INFO - Processing file /home/cloud/codings/airflow/dags/list_s3_files_in_logs.py for tasks to queue
[2026-02-08T06:56:38.519+0000] {logging_mixin.py:188} INFO - [2026-02-08T06:56:38.518+0000] {dagbag.py:545} INFO - Filling up the DagBag from /home/cloud/codings/airflow/dags/list_s3_files_in_logs.py
[2026-02-08T06:56:38.559+0000] {processor.py:840} INFO - DAG(s) 'list_s3_files_in_logs' retrieved from /home/cloud/codings/airflow/dags/list_s3_files_in_logs.py
[2026-02-08T06:56:38.655+0000] {logging_mixin.py:188} INFO - [2026-02-08T06:56:38.654+0000] {dag.py:3089} INFO - Sync 1 DAGs
[2026-02-08T06:56:38.765+0000] {logging_mixin.py:188} INFO - [2026-02-08T06:56:38.764+0000] {dag.py:3947} INFO - Setting next_dagrun for list_s3_files_in_logs to None, run_after=None
[2026-02-08T06:56:38.956+0000] {processor.py:183} INFO - Processing /home/cloud/codings/airflow/dags/list_s3_files_in_logs.py took 0.573 seconds
[2026-02-08T06:57:09.870+0000] {processor.py:161} INFO - Started process (PID=246006) to work on /home/cloud/codings/airflow/dags/list_s3_files_in_logs.py
[2026-02-08T06:57:09.875+0000] {processor.py:830} INFO - Processing file /home/cloud/codings/airflow/dags/list_s3_files_in_logs.py for tasks to queue
[2026-02-08T06:57:09.877+0000] {logging_mixin.py:188} INFO - [2026-02-08T06:57:09.876+0000] {dagbag.py:545} INFO - Filling up the DagBag from /home/cloud/codings/airflow/dags/list_s3_files_in_logs.py
[2026-02-08T06:57:09.955+0000] {processor.py:840} INFO - DAG(s) 'list_s3_files_in_logs' retrieved from /home/cloud/codings/airflow/dags/list_s3_files_in_logs.py
[2026-02-08T06:57:10.088+0000] {logging_mixin.py:188} INFO - [2026-02-08T06:57:10.085+0000] {dag.py:3089} INFO - Sync 1 DAGs
[2026-02-08T06:57:10.152+0000] {logging_mixin.py:188} INFO - [2026-02-08T06:57:10.151+0000] {dag.py:3947} INFO - Setting next_dagrun for list_s3_files_in_logs to None, run_after=None
[2026-02-08T06:57:10.231+0000] {processor.py:183} INFO - Processing /home/cloud/codings/airflow/dags/list_s3_files_in_logs.py took 0.406 seconds
[2026-02-08T06:57:43.612+0000] {processor.py:161} INFO - Started process (PID=246499) to work on /home/cloud/codings/airflow/dags/list_s3_files_in_logs.py
[2026-02-08T06:57:43.614+0000] {processor.py:830} INFO - Processing file /home/cloud/codings/airflow/dags/list_s3_files_in_logs.py for tasks to queue
[2026-02-08T06:57:43.618+0000] {logging_mixin.py:188} INFO - [2026-02-08T06:57:43.617+0000] {dagbag.py:545} INFO - Filling up the DagBag from /home/cloud/codings/airflow/dags/list_s3_files_in_logs.py
[2026-02-08T06:57:43.643+0000] {processor.py:840} INFO - DAG(s) 'list_s3_files_in_logs' retrieved from /home/cloud/codings/airflow/dags/list_s3_files_in_logs.py
[2026-02-08T06:57:43.692+0000] {logging_mixin.py:188} INFO - [2026-02-08T06:57:43.691+0000] {dag.py:3089} INFO - Sync 1 DAGs
[2026-02-08T06:57:43.727+0000] {logging_mixin.py:188} INFO - [2026-02-08T06:57:43.727+0000] {dag.py:3947} INFO - Setting next_dagrun for list_s3_files_in_logs to None, run_after=None
[2026-02-08T06:57:43.778+0000] {processor.py:183} INFO - Processing /home/cloud/codings/airflow/dags/list_s3_files_in_logs.py took 0.191 seconds
[2026-02-08T06:58:14.044+0000] {processor.py:161} INFO - Started process (PID=246535) to work on /home/cloud/codings/airflow/dags/list_s3_files_in_logs.py
[2026-02-08T06:58:14.070+0000] {processor.py:830} INFO - Processing file /home/cloud/codings/airflow/dags/list_s3_files_in_logs.py for tasks to queue
[2026-02-08T06:58:14.072+0000] {logging_mixin.py:188} INFO - [2026-02-08T06:58:14.071+0000] {dagbag.py:545} INFO - Filling up the DagBag from /home/cloud/codings/airflow/dags/list_s3_files_in_logs.py
[2026-02-08T06:58:14.110+0000] {processor.py:840} INFO - DAG(s) 'list_s3_files_in_logs' retrieved from /home/cloud/codings/airflow/dags/list_s3_files_in_logs.py
[2026-02-08T06:58:14.188+0000] {logging_mixin.py:188} INFO - [2026-02-08T06:58:14.188+0000] {dag.py:3089} INFO - Sync 1 DAGs
[2026-02-08T06:58:14.230+0000] {logging_mixin.py:188} INFO - [2026-02-08T06:58:14.229+0000] {dag.py:3947} INFO - Setting next_dagrun for list_s3_files_in_logs to None, run_after=None
[2026-02-08T06:58:14.286+0000] {processor.py:183} INFO - Processing /home/cloud/codings/airflow/dags/list_s3_files_in_logs.py took 0.275 seconds
[2026-02-08T06:58:44.467+0000] {processor.py:161} INFO - Started process (PID=246587) to work on /home/cloud/codings/airflow/dags/list_s3_files_in_logs.py
[2026-02-08T06:58:44.489+0000] {processor.py:830} INFO - Processing file /home/cloud/codings/airflow/dags/list_s3_files_in_logs.py for tasks to queue
[2026-02-08T06:58:44.490+0000] {logging_mixin.py:188} INFO - [2026-02-08T06:58:44.489+0000] {dagbag.py:545} INFO - Filling up the DagBag from /home/cloud/codings/airflow/dags/list_s3_files_in_logs.py
[2026-02-08T06:58:44.503+0000] {processor.py:840} INFO - DAG(s) 'list_s3_files_in_logs' retrieved from /home/cloud/codings/airflow/dags/list_s3_files_in_logs.py
[2026-02-08T06:58:44.528+0000] {logging_mixin.py:188} INFO - [2026-02-08T06:58:44.528+0000] {dag.py:3089} INFO - Sync 1 DAGs
[2026-02-08T06:58:44.544+0000] {logging_mixin.py:188} INFO - [2026-02-08T06:58:44.544+0000] {dag.py:3947} INFO - Setting next_dagrun for list_s3_files_in_logs to None, run_after=None
[2026-02-08T06:58:44.573+0000] {processor.py:183} INFO - Processing /home/cloud/codings/airflow/dags/list_s3_files_in_logs.py took 0.115 seconds
[2026-02-08T06:59:14.756+0000] {processor.py:161} INFO - Started process (PID=246637) to work on /home/cloud/codings/airflow/dags/list_s3_files_in_logs.py
[2026-02-08T06:59:14.784+0000] {processor.py:830} INFO - Processing file /home/cloud/codings/airflow/dags/list_s3_files_in_logs.py for tasks to queue
[2026-02-08T06:59:14.785+0000] {logging_mixin.py:188} INFO - [2026-02-08T06:59:14.785+0000] {dagbag.py:545} INFO - Filling up the DagBag from /home/cloud/codings/airflow/dags/list_s3_files_in_logs.py
[2026-02-08T06:59:14.798+0000] {processor.py:840} INFO - DAG(s) 'list_s3_files_in_logs' retrieved from /home/cloud/codings/airflow/dags/list_s3_files_in_logs.py
[2026-02-08T06:59:14.824+0000] {logging_mixin.py:188} INFO - [2026-02-08T06:59:14.824+0000] {dag.py:3089} INFO - Sync 1 DAGs
[2026-02-08T06:59:14.840+0000] {logging_mixin.py:188} INFO - [2026-02-08T06:59:14.840+0000] {dag.py:3947} INFO - Setting next_dagrun for list_s3_files_in_logs to None, run_after=None
[2026-02-08T06:59:14.874+0000] {processor.py:183} INFO - Processing /home/cloud/codings/airflow/dags/list_s3_files_in_logs.py took 0.127 seconds
[2026-02-08T06:59:45.085+0000] {processor.py:161} INFO - Started process (PID=246785) to work on /home/cloud/codings/airflow/dags/list_s3_files_in_logs.py
[2026-02-08T06:59:45.087+0000] {processor.py:830} INFO - Processing file /home/cloud/codings/airflow/dags/list_s3_files_in_logs.py for tasks to queue
[2026-02-08T06:59:45.089+0000] {logging_mixin.py:188} INFO - [2026-02-08T06:59:45.088+0000] {dagbag.py:545} INFO - Filling up the DagBag from /home/cloud/codings/airflow/dags/list_s3_files_in_logs.py
[2026-02-08T06:59:45.110+0000] {processor.py:840} INFO - DAG(s) 'list_s3_files_in_logs' retrieved from /home/cloud/codings/airflow/dags/list_s3_files_in_logs.py
[2026-02-08T06:59:45.150+0000] {logging_mixin.py:188} INFO - [2026-02-08T06:59:45.150+0000] {dag.py:3089} INFO - Sync 1 DAGs
[2026-02-08T06:59:45.177+0000] {logging_mixin.py:188} INFO - [2026-02-08T06:59:45.177+0000] {dag.py:3947} INFO - Setting next_dagrun for list_s3_files_in_logs to None, run_after=None
[2026-02-08T06:59:45.235+0000] {processor.py:183} INFO - Processing /home/cloud/codings/airflow/dags/list_s3_files_in_logs.py took 0.165 seconds
[2026-02-08T07:00:15.422+0000] {processor.py:161} INFO - Started process (PID=246839) to work on /home/cloud/codings/airflow/dags/list_s3_files_in_logs.py
[2026-02-08T07:00:15.427+0000] {processor.py:830} INFO - Processing file /home/cloud/codings/airflow/dags/list_s3_files_in_logs.py for tasks to queue
[2026-02-08T07:00:15.429+0000] {logging_mixin.py:188} INFO - [2026-02-08T07:00:15.428+0000] {dagbag.py:545} INFO - Filling up the DagBag from /home/cloud/codings/airflow/dags/list_s3_files_in_logs.py
[2026-02-08T07:00:15.450+0000] {processor.py:840} INFO - DAG(s) 'list_s3_files_in_logs' retrieved from /home/cloud/codings/airflow/dags/list_s3_files_in_logs.py
[2026-02-08T07:00:15.484+0000] {logging_mixin.py:188} INFO - [2026-02-08T07:00:15.484+0000] {dag.py:3089} INFO - Sync 1 DAGs
[2026-02-08T07:00:15.515+0000] {logging_mixin.py:188} INFO - [2026-02-08T07:00:15.514+0000] {dag.py:3947} INFO - Setting next_dagrun for list_s3_files_in_logs to None, run_after=None
[2026-02-08T07:00:15.569+0000] {processor.py:183} INFO - Processing /home/cloud/codings/airflow/dags/list_s3_files_in_logs.py took 0.160 seconds
[2026-02-08T07:00:45.784+0000] {processor.py:161} INFO - Started process (PID=246921) to work on /home/cloud/codings/airflow/dags/list_s3_files_in_logs.py
[2026-02-08T07:00:45.803+0000] {processor.py:830} INFO - Processing file /home/cloud/codings/airflow/dags/list_s3_files_in_logs.py for tasks to queue
[2026-02-08T07:00:45.805+0000] {logging_mixin.py:188} INFO - [2026-02-08T07:00:45.804+0000] {dagbag.py:545} INFO - Filling up the DagBag from /home/cloud/codings/airflow/dags/list_s3_files_in_logs.py
[2026-02-08T07:00:45.831+0000] {processor.py:840} INFO - DAG(s) 'list_s3_files_in_logs' retrieved from /home/cloud/codings/airflow/dags/list_s3_files_in_logs.py
[2026-02-08T07:00:45.879+0000] {logging_mixin.py:188} INFO - [2026-02-08T07:00:45.879+0000] {dag.py:3089} INFO - Sync 1 DAGs
[2026-02-08T07:00:45.923+0000] {logging_mixin.py:188} INFO - [2026-02-08T07:00:45.922+0000] {dag.py:3947} INFO - Setting next_dagrun for list_s3_files_in_logs to None, run_after=None
[2026-02-08T07:00:45.994+0000] {processor.py:183} INFO - Processing /home/cloud/codings/airflow/dags/list_s3_files_in_logs.py took 0.224 seconds
[2026-02-08T07:01:16.173+0000] {processor.py:161} INFO - Started process (PID=246977) to work on /home/cloud/codings/airflow/dags/list_s3_files_in_logs.py
[2026-02-08T07:01:16.199+0000] {processor.py:830} INFO - Processing file /home/cloud/codings/airflow/dags/list_s3_files_in_logs.py for tasks to queue
[2026-02-08T07:01:16.201+0000] {logging_mixin.py:188} INFO - [2026-02-08T07:01:16.200+0000] {dagbag.py:545} INFO - Filling up the DagBag from /home/cloud/codings/airflow/dags/list_s3_files_in_logs.py
[2026-02-08T07:01:16.222+0000] {processor.py:840} INFO - DAG(s) 'list_s3_files_in_logs' retrieved from /home/cloud/codings/airflow/dags/list_s3_files_in_logs.py
[2026-02-08T07:01:16.267+0000] {logging_mixin.py:188} INFO - [2026-02-08T07:01:16.266+0000] {dag.py:3089} INFO - Sync 1 DAGs
[2026-02-08T07:01:16.300+0000] {logging_mixin.py:188} INFO - [2026-02-08T07:01:16.299+0000] {dag.py:3947} INFO - Setting next_dagrun for list_s3_files_in_logs to None, run_after=None
[2026-02-08T07:01:16.342+0000] {processor.py:183} INFO - Processing /home/cloud/codings/airflow/dags/list_s3_files_in_logs.py took 0.180 seconds
[2026-02-08T07:01:46.504+0000] {processor.py:161} INFO - Started process (PID=247084) to work on /home/cloud/codings/airflow/dags/list_s3_files_in_logs.py
[2026-02-08T07:01:46.506+0000] {processor.py:830} INFO - Processing file /home/cloud/codings/airflow/dags/list_s3_files_in_logs.py for tasks to queue
[2026-02-08T07:01:46.507+0000] {logging_mixin.py:188} INFO - [2026-02-08T07:01:46.507+0000] {dagbag.py:545} INFO - Filling up the DagBag from /home/cloud/codings/airflow/dags/list_s3_files_in_logs.py
[2026-02-08T07:01:46.528+0000] {processor.py:840} INFO - DAG(s) 'list_s3_files_in_logs' retrieved from /home/cloud/codings/airflow/dags/list_s3_files_in_logs.py
[2026-02-08T07:01:46.570+0000] {logging_mixin.py:188} INFO - [2026-02-08T07:01:46.569+0000] {dag.py:3089} INFO - Sync 1 DAGs
[2026-02-08T07:01:46.603+0000] {logging_mixin.py:188} INFO - [2026-02-08T07:01:46.603+0000] {dag.py:3947} INFO - Setting next_dagrun for list_s3_files_in_logs to None, run_after=None
[2026-02-08T07:01:46.675+0000] {processor.py:183} INFO - Processing /home/cloud/codings/airflow/dags/list_s3_files_in_logs.py took 0.183 seconds
[2026-02-08T07:02:16.811+0000] {processor.py:161} INFO - Started process (PID=247282) to work on /home/cloud/codings/airflow/dags/list_s3_files_in_logs.py
[2026-02-08T07:02:16.833+0000] {processor.py:830} INFO - Processing file /home/cloud/codings/airflow/dags/list_s3_files_in_logs.py for tasks to queue
[2026-02-08T07:02:16.835+0000] {logging_mixin.py:188} INFO - [2026-02-08T07:02:16.834+0000] {dagbag.py:545} INFO - Filling up the DagBag from /home/cloud/codings/airflow/dags/list_s3_files_in_logs.py
[2026-02-08T07:02:16.856+0000] {processor.py:840} INFO - DAG(s) 'list_s3_files_in_logs' retrieved from /home/cloud/codings/airflow/dags/list_s3_files_in_logs.py
[2026-02-08T07:02:16.893+0000] {logging_mixin.py:188} INFO - [2026-02-08T07:02:16.892+0000] {dag.py:3089} INFO - Sync 1 DAGs
[2026-02-08T07:02:16.916+0000] {logging_mixin.py:188} INFO - [2026-02-08T07:02:16.916+0000] {dag.py:3947} INFO - Setting next_dagrun for list_s3_files_in_logs to None, run_after=None
[2026-02-08T07:02:16.959+0000] {processor.py:183} INFO - Processing /home/cloud/codings/airflow/dags/list_s3_files_in_logs.py took 0.162 seconds
[2026-02-08T07:02:47.149+0000] {processor.py:161} INFO - Started process (PID=247526) to work on /home/cloud/codings/airflow/dags/list_s3_files_in_logs.py
[2026-02-08T07:02:47.151+0000] {processor.py:830} INFO - Processing file /home/cloud/codings/airflow/dags/list_s3_files_in_logs.py for tasks to queue
[2026-02-08T07:02:47.153+0000] {logging_mixin.py:188} INFO - [2026-02-08T07:02:47.152+0000] {dagbag.py:545} INFO - Filling up the DagBag from /home/cloud/codings/airflow/dags/list_s3_files_in_logs.py
[2026-02-08T07:02:47.172+0000] {processor.py:840} INFO - DAG(s) 'list_s3_files_in_logs' retrieved from /home/cloud/codings/airflow/dags/list_s3_files_in_logs.py
[2026-02-08T07:02:47.206+0000] {logging_mixin.py:188} INFO - [2026-02-08T07:02:47.205+0000] {dag.py:3089} INFO - Sync 1 DAGs
[2026-02-08T07:02:47.233+0000] {logging_mixin.py:188} INFO - [2026-02-08T07:02:47.233+0000] {dag.py:3947} INFO - Setting next_dagrun for list_s3_files_in_logs to None, run_after=None
[2026-02-08T07:02:47.278+0000] {processor.py:183} INFO - Processing /home/cloud/codings/airflow/dags/list_s3_files_in_logs.py took 0.137 seconds
[2026-02-08T07:03:17.512+0000] {processor.py:161} INFO - Started process (PID=247886) to work on /home/cloud/codings/airflow/dags/list_s3_files_in_logs.py
[2026-02-08T07:03:17.515+0000] {processor.py:830} INFO - Processing file /home/cloud/codings/airflow/dags/list_s3_files_in_logs.py for tasks to queue
[2026-02-08T07:03:17.516+0000] {logging_mixin.py:188} INFO - [2026-02-08T07:03:17.516+0000] {dagbag.py:545} INFO - Filling up the DagBag from /home/cloud/codings/airflow/dags/list_s3_files_in_logs.py
[2026-02-08T07:03:17.537+0000] {processor.py:840} INFO - DAG(s) 'list_s3_files_in_logs' retrieved from /home/cloud/codings/airflow/dags/list_s3_files_in_logs.py
[2026-02-08T07:03:17.576+0000] {logging_mixin.py:188} INFO - [2026-02-08T07:03:17.576+0000] {dag.py:3089} INFO - Sync 1 DAGs
[2026-02-08T07:03:17.608+0000] {logging_mixin.py:188} INFO - [2026-02-08T07:03:17.608+0000] {dag.py:3947} INFO - Setting next_dagrun for list_s3_files_in_logs to None, run_after=None
[2026-02-08T07:03:17.662+0000] {processor.py:183} INFO - Processing /home/cloud/codings/airflow/dags/list_s3_files_in_logs.py took 0.161 seconds
[2026-02-08T07:03:47.826+0000] {processor.py:161} INFO - Started process (PID=248100) to work on /home/cloud/codings/airflow/dags/list_s3_files_in_logs.py
[2026-02-08T07:03:47.828+0000] {processor.py:830} INFO - Processing file /home/cloud/codings/airflow/dags/list_s3_files_in_logs.py for tasks to queue
[2026-02-08T07:03:47.829+0000] {logging_mixin.py:188} INFO - [2026-02-08T07:03:47.829+0000] {dagbag.py:545} INFO - Filling up the DagBag from /home/cloud/codings/airflow/dags/list_s3_files_in_logs.py
[2026-02-08T07:03:47.855+0000] {processor.py:840} INFO - DAG(s) 'list_s3_files_in_logs' retrieved from /home/cloud/codings/airflow/dags/list_s3_files_in_logs.py
[2026-02-08T07:03:47.890+0000] {logging_mixin.py:188} INFO - [2026-02-08T07:03:47.889+0000] {dag.py:3089} INFO - Sync 1 DAGs
[2026-02-08T07:03:47.913+0000] {logging_mixin.py:188} INFO - [2026-02-08T07:03:47.913+0000] {dag.py:3947} INFO - Setting next_dagrun for list_s3_files_in_logs to None, run_after=None
[2026-02-08T07:03:47.958+0000] {processor.py:183} INFO - Processing /home/cloud/codings/airflow/dags/list_s3_files_in_logs.py took 0.144 seconds
[2026-02-08T07:04:18.123+0000] {processor.py:161} INFO - Started process (PID=248373) to work on /home/cloud/codings/airflow/dags/list_s3_files_in_logs.py
[2026-02-08T07:04:18.124+0000] {processor.py:830} INFO - Processing file /home/cloud/codings/airflow/dags/list_s3_files_in_logs.py for tasks to queue
[2026-02-08T07:04:18.126+0000] {logging_mixin.py:188} INFO - [2026-02-08T07:04:18.125+0000] {dagbag.py:545} INFO - Filling up the DagBag from /home/cloud/codings/airflow/dags/list_s3_files_in_logs.py
[2026-02-08T07:04:18.145+0000] {processor.py:840} INFO - DAG(s) 'list_s3_files_in_logs' retrieved from /home/cloud/codings/airflow/dags/list_s3_files_in_logs.py
[2026-02-08T07:04:18.180+0000] {logging_mixin.py:188} INFO - [2026-02-08T07:04:18.179+0000] {dag.py:3089} INFO - Sync 1 DAGs
[2026-02-08T07:04:18.204+0000] {logging_mixin.py:188} INFO - [2026-02-08T07:04:18.204+0000] {dag.py:3947} INFO - Setting next_dagrun for list_s3_files_in_logs to None, run_after=None
[2026-02-08T07:04:18.250+0000] {processor.py:183} INFO - Processing /home/cloud/codings/airflow/dags/list_s3_files_in_logs.py took 0.138 seconds
[2026-02-08T07:04:49.226+0000] {processor.py:161} INFO - Started process (PID=248593) to work on /home/cloud/codings/airflow/dags/list_s3_files_in_logs.py
[2026-02-08T07:04:49.256+0000] {processor.py:830} INFO - Processing file /home/cloud/codings/airflow/dags/list_s3_files_in_logs.py for tasks to queue
[2026-02-08T07:04:49.258+0000] {logging_mixin.py:188} INFO - [2026-02-08T07:04:49.258+0000] {dagbag.py:545} INFO - Filling up the DagBag from /home/cloud/codings/airflow/dags/list_s3_files_in_logs.py
[2026-02-08T07:04:49.281+0000] {processor.py:840} INFO - DAG(s) 'list_s3_files_in_logs' retrieved from /home/cloud/codings/airflow/dags/list_s3_files_in_logs.py
[2026-02-08T07:04:49.330+0000] {logging_mixin.py:188} INFO - [2026-02-08T07:04:49.329+0000] {dag.py:3089} INFO - Sync 1 DAGs
[2026-02-08T07:04:49.360+0000] {logging_mixin.py:188} INFO - [2026-02-08T07:04:49.359+0000] {dag.py:3947} INFO - Setting next_dagrun for list_s3_files_in_logs to None, run_after=None
[2026-02-08T07:04:49.430+0000] {processor.py:183} INFO - Processing /home/cloud/codings/airflow/dags/list_s3_files_in_logs.py took 0.217 seconds
[2026-02-08T07:05:19.969+0000] {processor.py:161} INFO - Started process (PID=248793) to work on /home/cloud/codings/airflow/dags/list_s3_files_in_logs.py
[2026-02-08T07:05:19.987+0000] {processor.py:830} INFO - Processing file /home/cloud/codings/airflow/dags/list_s3_files_in_logs.py for tasks to queue
[2026-02-08T07:05:19.988+0000] {logging_mixin.py:188} INFO - [2026-02-08T07:05:19.988+0000] {dagbag.py:545} INFO - Filling up the DagBag from /home/cloud/codings/airflow/dags/list_s3_files_in_logs.py
[2026-02-08T07:05:20.004+0000] {processor.py:840} INFO - DAG(s) 'list_s3_files_in_logs' retrieved from /home/cloud/codings/airflow/dags/list_s3_files_in_logs.py
[2026-02-08T07:05:20.039+0000] {logging_mixin.py:188} INFO - [2026-02-08T07:05:20.037+0000] {dag.py:3089} INFO - Sync 1 DAGs
[2026-02-08T07:05:20.067+0000] {logging_mixin.py:188} INFO - [2026-02-08T07:05:20.067+0000] {dag.py:3947} INFO - Setting next_dagrun for list_s3_files_in_logs to None, run_after=None
[2026-02-08T07:05:20.105+0000] {processor.py:183} INFO - Processing /home/cloud/codings/airflow/dags/list_s3_files_in_logs.py took 0.148 seconds
[2026-02-08T07:05:50.486+0000] {processor.py:161} INFO - Started process (PID=249011) to work on /home/cloud/codings/airflow/dags/list_s3_files_in_logs.py
[2026-02-08T07:05:50.487+0000] {processor.py:830} INFO - Processing file /home/cloud/codings/airflow/dags/list_s3_files_in_logs.py for tasks to queue
[2026-02-08T07:05:50.490+0000] {logging_mixin.py:188} INFO - [2026-02-08T07:05:50.489+0000] {dagbag.py:545} INFO - Filling up the DagBag from /home/cloud/codings/airflow/dags/list_s3_files_in_logs.py
[2026-02-08T07:05:50.518+0000] {processor.py:840} INFO - DAG(s) 'list_s3_files_in_logs' retrieved from /home/cloud/codings/airflow/dags/list_s3_files_in_logs.py
[2026-02-08T07:05:50.572+0000] {logging_mixin.py:188} INFO - [2026-02-08T07:05:50.571+0000] {dag.py:3089} INFO - Sync 1 DAGs
[2026-02-08T07:05:50.600+0000] {logging_mixin.py:188} INFO - [2026-02-08T07:05:50.600+0000] {dag.py:3947} INFO - Setting next_dagrun for list_s3_files_in_logs to None, run_after=None
[2026-02-08T07:05:50.657+0000] {processor.py:183} INFO - Processing /home/cloud/codings/airflow/dags/list_s3_files_in_logs.py took 0.184 seconds
[2026-02-08T07:06:20.800+0000] {processor.py:161} INFO - Started process (PID=249212) to work on /home/cloud/codings/airflow/dags/list_s3_files_in_logs.py
[2026-02-08T07:06:20.822+0000] {processor.py:830} INFO - Processing file /home/cloud/codings/airflow/dags/list_s3_files_in_logs.py for tasks to queue
[2026-02-08T07:06:20.824+0000] {logging_mixin.py:188} INFO - [2026-02-08T07:06:20.823+0000] {dagbag.py:545} INFO - Filling up the DagBag from /home/cloud/codings/airflow/dags/list_s3_files_in_logs.py
[2026-02-08T07:06:20.857+0000] {processor.py:840} INFO - DAG(s) 'list_s3_files_in_logs' retrieved from /home/cloud/codings/airflow/dags/list_s3_files_in_logs.py
[2026-02-08T07:06:20.937+0000] {logging_mixin.py:188} INFO - [2026-02-08T07:06:20.936+0000] {dag.py:3089} INFO - Sync 1 DAGs
[2026-02-08T07:06:20.976+0000] {logging_mixin.py:188} INFO - [2026-02-08T07:06:20.975+0000] {dag.py:3947} INFO - Setting next_dagrun for list_s3_files_in_logs to None, run_after=None
[2026-02-08T07:06:21.041+0000] {processor.py:183} INFO - Processing /home/cloud/codings/airflow/dags/list_s3_files_in_logs.py took 0.262 seconds
[2026-02-08T07:06:51.123+0000] {processor.py:161} INFO - Started process (PID=249410) to work on /home/cloud/codings/airflow/dags/list_s3_files_in_logs.py
[2026-02-08T07:06:51.126+0000] {processor.py:830} INFO - Processing file /home/cloud/codings/airflow/dags/list_s3_files_in_logs.py for tasks to queue
[2026-02-08T07:06:51.130+0000] {logging_mixin.py:188} INFO - [2026-02-08T07:06:51.127+0000] {dagbag.py:545} INFO - Filling up the DagBag from /home/cloud/codings/airflow/dags/list_s3_files_in_logs.py
[2026-02-08T07:06:51.150+0000] {processor.py:840} INFO - DAG(s) 'list_s3_files_in_logs' retrieved from /home/cloud/codings/airflow/dags/list_s3_files_in_logs.py
[2026-02-08T07:06:51.183+0000] {logging_mixin.py:188} INFO - [2026-02-08T07:06:51.183+0000] {dag.py:3089} INFO - Sync 1 DAGs
[2026-02-08T07:06:51.207+0000] {logging_mixin.py:188} INFO - [2026-02-08T07:06:51.207+0000] {dag.py:3947} INFO - Setting next_dagrun for list_s3_files_in_logs to None, run_after=None
[2026-02-08T07:06:51.257+0000] {processor.py:183} INFO - Processing /home/cloud/codings/airflow/dags/list_s3_files_in_logs.py took 0.150 seconds
[2026-02-08T07:07:21.452+0000] {processor.py:161} INFO - Started process (PID=249468) to work on /home/cloud/codings/airflow/dags/list_s3_files_in_logs.py
[2026-02-08T07:07:21.454+0000] {processor.py:830} INFO - Processing file /home/cloud/codings/airflow/dags/list_s3_files_in_logs.py for tasks to queue
[2026-02-08T07:07:21.456+0000] {logging_mixin.py:188} INFO - [2026-02-08T07:07:21.456+0000] {dagbag.py:545} INFO - Filling up the DagBag from /home/cloud/codings/airflow/dags/list_s3_files_in_logs.py
[2026-02-08T07:07:21.495+0000] {processor.py:840} INFO - DAG(s) 'list_s3_files_in_logs' retrieved from /home/cloud/codings/airflow/dags/list_s3_files_in_logs.py
[2026-02-08T07:07:21.565+0000] {logging_mixin.py:188} INFO - [2026-02-08T07:07:21.565+0000] {dag.py:3089} INFO - Sync 1 DAGs
[2026-02-08T07:07:21.597+0000] {logging_mixin.py:188} INFO - [2026-02-08T07:07:21.597+0000] {dag.py:3947} INFO - Setting next_dagrun for list_s3_files_in_logs to None, run_after=None
[2026-02-08T07:07:21.652+0000] {processor.py:183} INFO - Processing /home/cloud/codings/airflow/dags/list_s3_files_in_logs.py took 0.228 seconds
[2026-02-08T07:07:52.745+0000] {processor.py:161} INFO - Started process (PID=249528) to work on /home/cloud/codings/airflow/dags/list_s3_files_in_logs.py
[2026-02-08T07:07:52.750+0000] {processor.py:830} INFO - Processing file /home/cloud/codings/airflow/dags/list_s3_files_in_logs.py for tasks to queue
[2026-02-08T07:07:52.752+0000] {logging_mixin.py:188} INFO - [2026-02-08T07:07:52.751+0000] {dagbag.py:545} INFO - Filling up the DagBag from /home/cloud/codings/airflow/dags/list_s3_files_in_logs.py
[2026-02-08T07:07:52.767+0000] {processor.py:840} INFO - DAG(s) 'list_s3_files_in_logs' retrieved from /home/cloud/codings/airflow/dags/list_s3_files_in_logs.py
[2026-02-08T07:07:52.795+0000] {logging_mixin.py:188} INFO - [2026-02-08T07:07:52.795+0000] {dag.py:3089} INFO - Sync 1 DAGs
[2026-02-08T07:07:52.813+0000] {logging_mixin.py:188} INFO - [2026-02-08T07:07:52.813+0000] {dag.py:3947} INFO - Setting next_dagrun for list_s3_files_in_logs to None, run_after=None
[2026-02-08T07:07:52.846+0000] {processor.py:183} INFO - Processing /home/cloud/codings/airflow/dags/list_s3_files_in_logs.py took 0.108 seconds
[2026-02-08T07:08:23.089+0000] {processor.py:161} INFO - Started process (PID=249590) to work on /home/cloud/codings/airflow/dags/list_s3_files_in_logs.py
[2026-02-08T07:08:23.091+0000] {processor.py:830} INFO - Processing file /home/cloud/codings/airflow/dags/list_s3_files_in_logs.py for tasks to queue
[2026-02-08T07:08:23.093+0000] {logging_mixin.py:188} INFO - [2026-02-08T07:08:23.092+0000] {dagbag.py:545} INFO - Filling up the DagBag from /home/cloud/codings/airflow/dags/list_s3_files_in_logs.py
[2026-02-08T07:08:23.112+0000] {processor.py:840} INFO - DAG(s) 'list_s3_files_in_logs' retrieved from /home/cloud/codings/airflow/dags/list_s3_files_in_logs.py
[2026-02-08T07:08:23.143+0000] {logging_mixin.py:188} INFO - [2026-02-08T07:08:23.143+0000] {dag.py:3089} INFO - Sync 1 DAGs
[2026-02-08T07:08:23.166+0000] {logging_mixin.py:188} INFO - [2026-02-08T07:08:23.165+0000] {dag.py:3947} INFO - Setting next_dagrun for list_s3_files_in_logs to None, run_after=None
[2026-02-08T07:08:23.207+0000] {processor.py:183} INFO - Processing /home/cloud/codings/airflow/dags/list_s3_files_in_logs.py took 0.128 seconds
[2026-02-08T07:08:53.372+0000] {processor.py:161} INFO - Started process (PID=249816) to work on /home/cloud/codings/airflow/dags/list_s3_files_in_logs.py
[2026-02-08T07:08:53.374+0000] {processor.py:830} INFO - Processing file /home/cloud/codings/airflow/dags/list_s3_files_in_logs.py for tasks to queue
[2026-02-08T07:08:53.376+0000] {logging_mixin.py:188} INFO - [2026-02-08T07:08:53.375+0000] {dagbag.py:545} INFO - Filling up the DagBag from /home/cloud/codings/airflow/dags/list_s3_files_in_logs.py
[2026-02-08T07:08:53.392+0000] {processor.py:840} INFO - DAG(s) 'list_s3_files_in_logs' retrieved from /home/cloud/codings/airflow/dags/list_s3_files_in_logs.py
[2026-02-08T07:08:53.426+0000] {logging_mixin.py:188} INFO - [2026-02-08T07:08:53.425+0000] {dag.py:3089} INFO - Sync 1 DAGs
[2026-02-08T07:08:53.447+0000] {logging_mixin.py:188} INFO - [2026-02-08T07:08:53.447+0000] {dag.py:3947} INFO - Setting next_dagrun for list_s3_files_in_logs to None, run_after=None
[2026-02-08T07:08:53.482+0000] {processor.py:183} INFO - Processing /home/cloud/codings/airflow/dags/list_s3_files_in_logs.py took 0.121 seconds
[2026-02-08T07:09:23.728+0000] {processor.py:161} INFO - Started process (PID=250017) to work on /home/cloud/codings/airflow/dags/list_s3_files_in_logs.py
[2026-02-08T07:09:23.749+0000] {processor.py:830} INFO - Processing file /home/cloud/codings/airflow/dags/list_s3_files_in_logs.py for tasks to queue
[2026-02-08T07:09:23.751+0000] {logging_mixin.py:188} INFO - [2026-02-08T07:09:23.750+0000] {dagbag.py:545} INFO - Filling up the DagBag from /home/cloud/codings/airflow/dags/list_s3_files_in_logs.py
[2026-02-08T07:09:23.768+0000] {processor.py:840} INFO - DAG(s) 'list_s3_files_in_logs' retrieved from /home/cloud/codings/airflow/dags/list_s3_files_in_logs.py
[2026-02-08T07:09:23.795+0000] {logging_mixin.py:188} INFO - [2026-02-08T07:09:23.795+0000] {dag.py:3089} INFO - Sync 1 DAGs
[2026-02-08T07:09:23.814+0000] {logging_mixin.py:188} INFO - [2026-02-08T07:09:23.813+0000] {dag.py:3947} INFO - Setting next_dagrun for list_s3_files_in_logs to None, run_after=None
[2026-02-08T07:09:23.847+0000] {processor.py:183} INFO - Processing /home/cloud/codings/airflow/dags/list_s3_files_in_logs.py took 0.129 seconds
[2026-02-08T07:09:54.216+0000] {processor.py:161} INFO - Started process (PID=250224) to work on /home/cloud/codings/airflow/dags/list_s3_files_in_logs.py
[2026-02-08T07:09:54.242+0000] {processor.py:830} INFO - Processing file /home/cloud/codings/airflow/dags/list_s3_files_in_logs.py for tasks to queue
[2026-02-08T07:09:54.245+0000] {logging_mixin.py:188} INFO - [2026-02-08T07:09:54.243+0000] {dagbag.py:545} INFO - Filling up the DagBag from /home/cloud/codings/airflow/dags/list_s3_files_in_logs.py
[2026-02-08T07:09:54.273+0000] {processor.py:840} INFO - DAG(s) 'list_s3_files_in_logs' retrieved from /home/cloud/codings/airflow/dags/list_s3_files_in_logs.py
[2026-02-08T07:09:54.329+0000] {logging_mixin.py:188} INFO - [2026-02-08T07:09:54.329+0000] {dag.py:3089} INFO - Sync 1 DAGs
[2026-02-08T07:09:54.363+0000] {logging_mixin.py:188} INFO - [2026-02-08T07:09:54.362+0000] {dag.py:3947} INFO - Setting next_dagrun for list_s3_files_in_logs to None, run_after=None
[2026-02-08T07:09:54.429+0000] {processor.py:183} INFO - Processing /home/cloud/codings/airflow/dags/list_s3_files_in_logs.py took 0.230 seconds
[2026-02-08T07:10:24.973+0000] {processor.py:161} INFO - Started process (PID=250377) to work on /home/cloud/codings/airflow/dags/list_s3_files_in_logs.py
[2026-02-08T07:10:24.975+0000] {processor.py:830} INFO - Processing file /home/cloud/codings/airflow/dags/list_s3_files_in_logs.py for tasks to queue
[2026-02-08T07:10:24.976+0000] {logging_mixin.py:188} INFO - [2026-02-08T07:10:24.975+0000] {dagbag.py:545} INFO - Filling up the DagBag from /home/cloud/codings/airflow/dags/list_s3_files_in_logs.py
[2026-02-08T07:10:24.989+0000] {processor.py:840} INFO - DAG(s) 'list_s3_files_in_logs' retrieved from /home/cloud/codings/airflow/dags/list_s3_files_in_logs.py
[2026-02-08T07:10:25.014+0000] {logging_mixin.py:188} INFO - [2026-02-08T07:10:25.014+0000] {dag.py:3089} INFO - Sync 1 DAGs
[2026-02-08T07:10:25.032+0000] {logging_mixin.py:188} INFO - [2026-02-08T07:10:25.032+0000] {dag.py:3947} INFO - Setting next_dagrun for list_s3_files_in_logs to None, run_after=None
[2026-02-08T07:10:25.065+0000] {processor.py:183} INFO - Processing /home/cloud/codings/airflow/dags/list_s3_files_in_logs.py took 0.102 seconds
[2026-02-08T07:10:55.870+0000] {processor.py:161} INFO - Started process (PID=250513) to work on /home/cloud/codings/airflow/dags/list_s3_files_in_logs.py
[2026-02-08T07:10:55.872+0000] {processor.py:830} INFO - Processing file /home/cloud/codings/airflow/dags/list_s3_files_in_logs.py for tasks to queue
[2026-02-08T07:10:55.873+0000] {logging_mixin.py:188} INFO - [2026-02-08T07:10:55.872+0000] {dagbag.py:545} INFO - Filling up the DagBag from /home/cloud/codings/airflow/dags/list_s3_files_in_logs.py
[2026-02-08T07:10:55.885+0000] {processor.py:840} INFO - DAG(s) 'list_s3_files_in_logs' retrieved from /home/cloud/codings/airflow/dags/list_s3_files_in_logs.py
[2026-02-08T07:10:55.906+0000] {logging_mixin.py:188} INFO - [2026-02-08T07:10:55.906+0000] {dag.py:3089} INFO - Sync 1 DAGs
[2026-02-08T07:10:55.919+0000] {logging_mixin.py:188} INFO - [2026-02-08T07:10:55.918+0000] {dag.py:3947} INFO - Setting next_dagrun for list_s3_files_in_logs to None, run_after=None
[2026-02-08T07:10:55.941+0000] {processor.py:183} INFO - Processing /home/cloud/codings/airflow/dags/list_s3_files_in_logs.py took 0.077 seconds
[2026-02-08T07:11:26.254+0000] {processor.py:161} INFO - Started process (PID=250714) to work on /home/cloud/codings/airflow/dags/list_s3_files_in_logs.py
[2026-02-08T07:11:26.255+0000] {processor.py:830} INFO - Processing file /home/cloud/codings/airflow/dags/list_s3_files_in_logs.py for tasks to queue
[2026-02-08T07:11:26.256+0000] {logging_mixin.py:188} INFO - [2026-02-08T07:11:26.255+0000] {dagbag.py:545} INFO - Filling up the DagBag from /home/cloud/codings/airflow/dags/list_s3_files_in_logs.py
[2026-02-08T07:11:26.275+0000] {processor.py:840} INFO - DAG(s) 'list_s3_files_in_logs' retrieved from /home/cloud/codings/airflow/dags/list_s3_files_in_logs.py
[2026-02-08T07:11:26.306+0000] {logging_mixin.py:188} INFO - [2026-02-08T07:11:26.305+0000] {dag.py:3089} INFO - Sync 1 DAGs
[2026-02-08T07:11:26.324+0000] {logging_mixin.py:188} INFO - [2026-02-08T07:11:26.324+0000] {dag.py:3947} INFO - Setting next_dagrun for list_s3_files_in_logs to None, run_after=None
[2026-02-08T07:11:26.364+0000] {processor.py:183} INFO - Processing /home/cloud/codings/airflow/dags/list_s3_files_in_logs.py took 0.121 seconds
[2026-02-08T07:11:56.496+0000] {processor.py:161} INFO - Started process (PID=250974) to work on /home/cloud/codings/airflow/dags/list_s3_files_in_logs.py
[2026-02-08T07:11:56.525+0000] {processor.py:830} INFO - Processing file /home/cloud/codings/airflow/dags/list_s3_files_in_logs.py for tasks to queue
[2026-02-08T07:11:56.526+0000] {logging_mixin.py:188} INFO - [2026-02-08T07:11:56.525+0000] {dagbag.py:545} INFO - Filling up the DagBag from /home/cloud/codings/airflow/dags/list_s3_files_in_logs.py
[2026-02-08T07:11:56.538+0000] {processor.py:840} INFO - DAG(s) 'list_s3_files_in_logs' retrieved from /home/cloud/codings/airflow/dags/list_s3_files_in_logs.py
[2026-02-08T07:11:56.564+0000] {logging_mixin.py:188} INFO - [2026-02-08T07:11:56.564+0000] {dag.py:3089} INFO - Sync 1 DAGs
[2026-02-08T07:11:56.579+0000] {logging_mixin.py:188} INFO - [2026-02-08T07:11:56.578+0000] {dag.py:3947} INFO - Setting next_dagrun for list_s3_files_in_logs to None, run_after=None
[2026-02-08T07:11:56.607+0000] {processor.py:183} INFO - Processing /home/cloud/codings/airflow/dags/list_s3_files_in_logs.py took 0.119 seconds
[2026-02-08T07:12:27.349+0000] {processor.py:161} INFO - Started process (PID=251181) to work on /home/cloud/codings/airflow/dags/list_s3_files_in_logs.py
[2026-02-08T07:12:27.351+0000] {processor.py:830} INFO - Processing file /home/cloud/codings/airflow/dags/list_s3_files_in_logs.py for tasks to queue
[2026-02-08T07:12:27.352+0000] {logging_mixin.py:188} INFO - [2026-02-08T07:12:27.352+0000] {dagbag.py:545} INFO - Filling up the DagBag from /home/cloud/codings/airflow/dags/list_s3_files_in_logs.py
[2026-02-08T07:12:27.373+0000] {processor.py:840} INFO - DAG(s) 'list_s3_files_in_logs' retrieved from /home/cloud/codings/airflow/dags/list_s3_files_in_logs.py
[2026-02-08T07:12:27.400+0000] {logging_mixin.py:188} INFO - [2026-02-08T07:12:27.399+0000] {dag.py:3089} INFO - Sync 1 DAGs
[2026-02-08T07:12:27.416+0000] {logging_mixin.py:188} INFO - [2026-02-08T07:12:27.416+0000] {dag.py:3947} INFO - Setting next_dagrun for list_s3_files_in_logs to None, run_after=None
[2026-02-08T07:12:27.447+0000] {processor.py:183} INFO - Processing /home/cloud/codings/airflow/dags/list_s3_files_in_logs.py took 0.106 seconds
[2026-02-08T07:12:58.276+0000] {processor.py:161} INFO - Started process (PID=251440) to work on /home/cloud/codings/airflow/dags/list_s3_files_in_logs.py
[2026-02-08T07:12:58.294+0000] {processor.py:830} INFO - Processing file /home/cloud/codings/airflow/dags/list_s3_files_in_logs.py for tasks to queue
[2026-02-08T07:12:58.295+0000] {logging_mixin.py:188} INFO - [2026-02-08T07:12:58.294+0000] {dagbag.py:545} INFO - Filling up the DagBag from /home/cloud/codings/airflow/dags/list_s3_files_in_logs.py
[2026-02-08T07:12:58.306+0000] {processor.py:840} INFO - DAG(s) 'list_s3_files_in_logs' retrieved from /home/cloud/codings/airflow/dags/list_s3_files_in_logs.py
[2026-02-08T07:12:58.324+0000] {logging_mixin.py:188} INFO - [2026-02-08T07:12:58.324+0000] {dag.py:3089} INFO - Sync 1 DAGs
[2026-02-08T07:12:58.336+0000] {logging_mixin.py:188} INFO - [2026-02-08T07:12:58.335+0000] {dag.py:3947} INFO - Setting next_dagrun for list_s3_files_in_logs to None, run_after=None
[2026-02-08T07:12:58.360+0000] {processor.py:183} INFO - Processing /home/cloud/codings/airflow/dags/list_s3_files_in_logs.py took 0.089 seconds
[2026-02-08T07:13:28.678+0000] {processor.py:161} INFO - Started process (PID=251641) to work on /home/cloud/codings/airflow/dags/list_s3_files_in_logs.py
[2026-02-08T07:13:28.697+0000] {processor.py:830} INFO - Processing file /home/cloud/codings/airflow/dags/list_s3_files_in_logs.py for tasks to queue
[2026-02-08T07:13:28.699+0000] {logging_mixin.py:188} INFO - [2026-02-08T07:13:28.698+0000] {dagbag.py:545} INFO - Filling up the DagBag from /home/cloud/codings/airflow/dags/list_s3_files_in_logs.py
[2026-02-08T07:13:28.721+0000] {processor.py:840} INFO - DAG(s) 'list_s3_files_in_logs' retrieved from /home/cloud/codings/airflow/dags/list_s3_files_in_logs.py
[2026-02-08T07:13:28.760+0000] {logging_mixin.py:188} INFO - [2026-02-08T07:13:28.759+0000] {dag.py:3089} INFO - Sync 1 DAGs
[2026-02-08T07:13:28.786+0000] {logging_mixin.py:188} INFO - [2026-02-08T07:13:28.786+0000] {dag.py:3947} INFO - Setting next_dagrun for list_s3_files_in_logs to None, run_after=None
[2026-02-08T07:13:28.827+0000] {processor.py:183} INFO - Processing /home/cloud/codings/airflow/dags/list_s3_files_in_logs.py took 0.160 seconds
[2026-02-08T07:13:59.108+0000] {processor.py:161} INFO - Started process (PID=251901) to work on /home/cloud/codings/airflow/dags/list_s3_files_in_logs.py
[2026-02-08T07:13:59.110+0000] {processor.py:830} INFO - Processing file /home/cloud/codings/airflow/dags/list_s3_files_in_logs.py for tasks to queue
[2026-02-08T07:13:59.111+0000] {logging_mixin.py:188} INFO - [2026-02-08T07:13:59.111+0000] {dagbag.py:545} INFO - Filling up the DagBag from /home/cloud/codings/airflow/dags/list_s3_files_in_logs.py
[2026-02-08T07:13:59.132+0000] {processor.py:840} INFO - DAG(s) 'list_s3_files_in_logs' retrieved from /home/cloud/codings/airflow/dags/list_s3_files_in_logs.py
[2026-02-08T07:13:59.164+0000] {logging_mixin.py:188} INFO - [2026-02-08T07:13:59.164+0000] {dag.py:3089} INFO - Sync 1 DAGs
[2026-02-08T07:13:59.187+0000] {logging_mixin.py:188} INFO - [2026-02-08T07:13:59.187+0000] {dag.py:3947} INFO - Setting next_dagrun for list_s3_files_in_logs to None, run_after=None
[2026-02-08T07:13:59.219+0000] {processor.py:183} INFO - Processing /home/cloud/codings/airflow/dags/list_s3_files_in_logs.py took 0.120 seconds
[2026-02-08T07:14:29.948+0000] {processor.py:161} INFO - Started process (PID=252171) to work on /home/cloud/codings/airflow/dags/list_s3_files_in_logs.py
[2026-02-08T07:14:29.950+0000] {processor.py:830} INFO - Processing file /home/cloud/codings/airflow/dags/list_s3_files_in_logs.py for tasks to queue
[2026-02-08T07:14:29.952+0000] {logging_mixin.py:188} INFO - [2026-02-08T07:14:29.951+0000] {dagbag.py:545} INFO - Filling up the DagBag from /home/cloud/codings/airflow/dags/list_s3_files_in_logs.py
[2026-02-08T07:14:29.978+0000] {processor.py:840} INFO - DAG(s) 'list_s3_files_in_logs' retrieved from /home/cloud/codings/airflow/dags/list_s3_files_in_logs.py
[2026-02-08T07:14:30.014+0000] {logging_mixin.py:188} INFO - [2026-02-08T07:14:30.014+0000] {dag.py:3089} INFO - Sync 1 DAGs
[2026-02-08T07:14:30.034+0000] {logging_mixin.py:188} INFO - [2026-02-08T07:14:30.034+0000] {dag.py:3947} INFO - Setting next_dagrun for list_s3_files_in_logs to None, run_after=None
[2026-02-08T07:14:30.093+0000] {processor.py:183} INFO - Processing /home/cloud/codings/airflow/dags/list_s3_files_in_logs.py took 0.162 seconds
[2026-02-08T07:15:00.430+0000] {processor.py:161} INFO - Started process (PID=252392) to work on /home/cloud/codings/airflow/dags/list_s3_files_in_logs.py
[2026-02-08T07:15:00.431+0000] {processor.py:830} INFO - Processing file /home/cloud/codings/airflow/dags/list_s3_files_in_logs.py for tasks to queue
[2026-02-08T07:15:00.432+0000] {logging_mixin.py:188} INFO - [2026-02-08T07:15:00.432+0000] {dagbag.py:545} INFO - Filling up the DagBag from /home/cloud/codings/airflow/dags/list_s3_files_in_logs.py
[2026-02-08T07:15:00.447+0000] {processor.py:840} INFO - DAG(s) 'list_s3_files_in_logs' retrieved from /home/cloud/codings/airflow/dags/list_s3_files_in_logs.py
[2026-02-08T07:15:00.480+0000] {logging_mixin.py:188} INFO - [2026-02-08T07:15:00.480+0000] {dag.py:3089} INFO - Sync 1 DAGs
[2026-02-08T07:15:00.504+0000] {logging_mixin.py:188} INFO - [2026-02-08T07:15:00.503+0000] {dag.py:3947} INFO - Setting next_dagrun for list_s3_files_in_logs to None, run_after=None
[2026-02-08T07:15:00.554+0000] {processor.py:183} INFO - Processing /home/cloud/codings/airflow/dags/list_s3_files_in_logs.py took 0.132 seconds
[2026-02-08T07:15:31.113+0000] {processor.py:161} INFO - Started process (PID=252605) to work on /home/cloud/codings/airflow/dags/list_s3_files_in_logs.py
[2026-02-08T07:15:31.138+0000] {processor.py:830} INFO - Processing file /home/cloud/codings/airflow/dags/list_s3_files_in_logs.py for tasks to queue
[2026-02-08T07:15:31.140+0000] {logging_mixin.py:188} INFO - [2026-02-08T07:15:31.139+0000] {dagbag.py:545} INFO - Filling up the DagBag from /home/cloud/codings/airflow/dags/list_s3_files_in_logs.py
[2026-02-08T07:15:31.169+0000] {processor.py:840} INFO - DAG(s) 'list_s3_files_in_logs' retrieved from /home/cloud/codings/airflow/dags/list_s3_files_in_logs.py
[2026-02-08T07:15:31.221+0000] {logging_mixin.py:188} INFO - [2026-02-08T07:15:31.220+0000] {dag.py:3089} INFO - Sync 1 DAGs
[2026-02-08T07:15:31.253+0000] {logging_mixin.py:188} INFO - [2026-02-08T07:15:31.253+0000] {dag.py:3947} INFO - Setting next_dagrun for list_s3_files_in_logs to None, run_after=None
[2026-02-08T07:15:31.304+0000] {processor.py:183} INFO - Processing /home/cloud/codings/airflow/dags/list_s3_files_in_logs.py took 0.209 seconds
[2026-02-08T07:16:01.800+0000] {processor.py:161} INFO - Started process (PID=252689) to work on /home/cloud/codings/airflow/dags/list_s3_files_in_logs.py
[2026-02-08T07:16:01.821+0000] {processor.py:830} INFO - Processing file /home/cloud/codings/airflow/dags/list_s3_files_in_logs.py for tasks to queue
[2026-02-08T07:16:01.824+0000] {logging_mixin.py:188} INFO - [2026-02-08T07:16:01.823+0000] {dagbag.py:545} INFO - Filling up the DagBag from /home/cloud/codings/airflow/dags/list_s3_files_in_logs.py
[2026-02-08T07:16:01.840+0000] {processor.py:840} INFO - DAG(s) 'list_s3_files_in_logs' retrieved from /home/cloud/codings/airflow/dags/list_s3_files_in_logs.py
[2026-02-08T07:16:01.877+0000] {logging_mixin.py:188} INFO - [2026-02-08T07:16:01.877+0000] {dag.py:3089} INFO - Sync 1 DAGs
[2026-02-08T07:16:01.904+0000] {logging_mixin.py:188} INFO - [2026-02-08T07:16:01.903+0000] {dag.py:3947} INFO - Setting next_dagrun for list_s3_files_in_logs to None, run_after=None
[2026-02-08T07:16:01.944+0000] {processor.py:183} INFO - Processing /home/cloud/codings/airflow/dags/list_s3_files_in_logs.py took 0.156 seconds
[2026-02-08T07:16:32.423+0000] {processor.py:161} INFO - Started process (PID=252750) to work on /home/cloud/codings/airflow/dags/list_s3_files_in_logs.py
[2026-02-08T07:16:32.424+0000] {processor.py:830} INFO - Processing file /home/cloud/codings/airflow/dags/list_s3_files_in_logs.py for tasks to queue
[2026-02-08T07:16:32.426+0000] {logging_mixin.py:188} INFO - [2026-02-08T07:16:32.425+0000] {dagbag.py:545} INFO - Filling up the DagBag from /home/cloud/codings/airflow/dags/list_s3_files_in_logs.py
[2026-02-08T07:16:32.441+0000] {processor.py:840} INFO - DAG(s) 'list_s3_files_in_logs' retrieved from /home/cloud/codings/airflow/dags/list_s3_files_in_logs.py
[2026-02-08T07:16:32.492+0000] {logging_mixin.py:188} INFO - [2026-02-08T07:16:32.491+0000] {dag.py:3089} INFO - Sync 1 DAGs
[2026-02-08T07:16:32.524+0000] {logging_mixin.py:188} INFO - [2026-02-08T07:16:32.523+0000] {dag.py:3947} INFO - Setting next_dagrun for list_s3_files_in_logs to None, run_after=None
[2026-02-08T07:16:32.582+0000] {processor.py:183} INFO - Processing /home/cloud/codings/airflow/dags/list_s3_files_in_logs.py took 0.168 seconds
[2026-02-08T07:17:03.050+0000] {processor.py:161} INFO - Started process (PID=253174) to work on /home/cloud/codings/airflow/dags/list_s3_files_in_logs.py
[2026-02-08T07:17:03.053+0000] {processor.py:830} INFO - Processing file /home/cloud/codings/airflow/dags/list_s3_files_in_logs.py for tasks to queue
[2026-02-08T07:17:03.054+0000] {logging_mixin.py:188} INFO - [2026-02-08T07:17:03.054+0000] {dagbag.py:545} INFO - Filling up the DagBag from /home/cloud/codings/airflow/dags/list_s3_files_in_logs.py
[2026-02-08T07:17:03.073+0000] {processor.py:840} INFO - DAG(s) 'list_s3_files_in_logs' retrieved from /home/cloud/codings/airflow/dags/list_s3_files_in_logs.py
[2026-02-08T07:17:03.116+0000] {logging_mixin.py:188} INFO - [2026-02-08T07:17:03.115+0000] {dag.py:3089} INFO - Sync 1 DAGs
[2026-02-08T07:17:03.160+0000] {logging_mixin.py:188} INFO - [2026-02-08T07:17:03.159+0000] {dag.py:3947} INFO - Setting next_dagrun for list_s3_files_in_logs to None, run_after=None
[2026-02-08T07:17:03.237+0000] {processor.py:183} INFO - Processing /home/cloud/codings/airflow/dags/list_s3_files_in_logs.py took 0.200 seconds
[2026-02-08T07:17:33.925+0000] {processor.py:161} INFO - Started process (PID=253252) to work on /home/cloud/codings/airflow/dags/list_s3_files_in_logs.py
[2026-02-08T07:17:33.927+0000] {processor.py:830} INFO - Processing file /home/cloud/codings/airflow/dags/list_s3_files_in_logs.py for tasks to queue
[2026-02-08T07:17:33.929+0000] {logging_mixin.py:188} INFO - [2026-02-08T07:17:33.928+0000] {dagbag.py:545} INFO - Filling up the DagBag from /home/cloud/codings/airflow/dags/list_s3_files_in_logs.py
[2026-02-08T07:17:33.960+0000] {processor.py:840} INFO - DAG(s) 'list_s3_files_in_logs' retrieved from /home/cloud/codings/airflow/dags/list_s3_files_in_logs.py
[2026-02-08T07:17:34.001+0000] {logging_mixin.py:188} INFO - [2026-02-08T07:17:34.001+0000] {dag.py:3089} INFO - Sync 1 DAGs
[2026-02-08T07:17:34.028+0000] {logging_mixin.py:188} INFO - [2026-02-08T07:17:34.028+0000] {dag.py:3947} INFO - Setting next_dagrun for list_s3_files_in_logs to None, run_after=None
[2026-02-08T07:17:34.056+0000] {processor.py:183} INFO - Processing /home/cloud/codings/airflow/dags/list_s3_files_in_logs.py took 0.188 seconds
[2026-02-08T07:18:04.456+0000] {processor.py:161} INFO - Started process (PID=253318) to work on /home/cloud/codings/airflow/dags/list_s3_files_in_logs.py
[2026-02-08T07:18:04.466+0000] {processor.py:830} INFO - Processing file /home/cloud/codings/airflow/dags/list_s3_files_in_logs.py for tasks to queue
[2026-02-08T07:18:04.467+0000] {logging_mixin.py:188} INFO - [2026-02-08T07:18:04.466+0000] {dagbag.py:545} INFO - Filling up the DagBag from /home/cloud/codings/airflow/dags/list_s3_files_in_logs.py
[2026-02-08T07:18:04.482+0000] {processor.py:840} INFO - DAG(s) 'list_s3_files_in_logs' retrieved from /home/cloud/codings/airflow/dags/list_s3_files_in_logs.py
[2026-02-08T07:18:04.505+0000] {logging_mixin.py:188} INFO - [2026-02-08T07:18:04.505+0000] {dag.py:3089} INFO - Sync 1 DAGs
[2026-02-08T07:18:04.523+0000] {logging_mixin.py:188} INFO - [2026-02-08T07:18:04.523+0000] {dag.py:3947} INFO - Setting next_dagrun for list_s3_files_in_logs to None, run_after=None
[2026-02-08T07:18:04.555+0000] {processor.py:183} INFO - Processing /home/cloud/codings/airflow/dags/list_s3_files_in_logs.py took 0.107 seconds
[2026-02-08T07:18:35.062+0000] {processor.py:161} INFO - Started process (PID=253382) to work on /home/cloud/codings/airflow/dags/list_s3_files_in_logs.py
[2026-02-08T07:18:35.087+0000] {processor.py:830} INFO - Processing file /home/cloud/codings/airflow/dags/list_s3_files_in_logs.py for tasks to queue
[2026-02-08T07:18:35.088+0000] {logging_mixin.py:188} INFO - [2026-02-08T07:18:35.088+0000] {dagbag.py:545} INFO - Filling up the DagBag from /home/cloud/codings/airflow/dags/list_s3_files_in_logs.py
[2026-02-08T07:18:35.099+0000] {processor.py:840} INFO - DAG(s) 'list_s3_files_in_logs' retrieved from /home/cloud/codings/airflow/dags/list_s3_files_in_logs.py
[2026-02-08T07:18:35.120+0000] {logging_mixin.py:188} INFO - [2026-02-08T07:18:35.120+0000] {dag.py:3089} INFO - Sync 1 DAGs
[2026-02-08T07:18:35.135+0000] {logging_mixin.py:188} INFO - [2026-02-08T07:18:35.135+0000] {dag.py:3947} INFO - Setting next_dagrun for list_s3_files_in_logs to None, run_after=None
[2026-02-08T07:18:35.159+0000] {processor.py:183} INFO - Processing /home/cloud/codings/airflow/dags/list_s3_files_in_logs.py took 0.103 seconds
[2026-02-08T07:19:05.713+0000] {processor.py:161} INFO - Started process (PID=253444) to work on /home/cloud/codings/airflow/dags/list_s3_files_in_logs.py
[2026-02-08T07:19:05.715+0000] {processor.py:830} INFO - Processing file /home/cloud/codings/airflow/dags/list_s3_files_in_logs.py for tasks to queue
[2026-02-08T07:19:05.717+0000] {logging_mixin.py:188} INFO - [2026-02-08T07:19:05.716+0000] {dagbag.py:545} INFO - Filling up the DagBag from /home/cloud/codings/airflow/dags/list_s3_files_in_logs.py
[2026-02-08T07:19:05.740+0000] {processor.py:840} INFO - DAG(s) 'list_s3_files_in_logs' retrieved from /home/cloud/codings/airflow/dags/list_s3_files_in_logs.py
[2026-02-08T07:19:05.764+0000] {logging_mixin.py:188} INFO - [2026-02-08T07:19:05.764+0000] {dag.py:3089} INFO - Sync 1 DAGs
[2026-02-08T07:19:05.779+0000] {logging_mixin.py:188} INFO - [2026-02-08T07:19:05.778+0000] {dag.py:3947} INFO - Setting next_dagrun for list_s3_files_in_logs to None, run_after=None
[2026-02-08T07:19:05.807+0000] {processor.py:183} INFO - Processing /home/cloud/codings/airflow/dags/list_s3_files_in_logs.py took 0.112 seconds
[2026-02-08T07:19:36.185+0000] {processor.py:161} INFO - Started process (PID=253508) to work on /home/cloud/codings/airflow/dags/list_s3_files_in_logs.py
[2026-02-08T07:19:36.203+0000] {processor.py:830} INFO - Processing file /home/cloud/codings/airflow/dags/list_s3_files_in_logs.py for tasks to queue
[2026-02-08T07:19:36.205+0000] {logging_mixin.py:188} INFO - [2026-02-08T07:19:36.205+0000] {dagbag.py:545} INFO - Filling up the DagBag from /home/cloud/codings/airflow/dags/list_s3_files_in_logs.py
[2026-02-08T07:19:36.227+0000] {processor.py:840} INFO - DAG(s) 'list_s3_files_in_logs' retrieved from /home/cloud/codings/airflow/dags/list_s3_files_in_logs.py
[2026-02-08T07:19:36.262+0000] {logging_mixin.py:188} INFO - [2026-02-08T07:19:36.262+0000] {dag.py:3089} INFO - Sync 1 DAGs
[2026-02-08T07:19:36.285+0000] {logging_mixin.py:188} INFO - [2026-02-08T07:19:36.285+0000] {dag.py:3947} INFO - Setting next_dagrun for list_s3_files_in_logs to None, run_after=None
[2026-02-08T07:19:36.318+0000] {processor.py:183} INFO - Processing /home/cloud/codings/airflow/dags/list_s3_files_in_logs.py took 0.141 seconds
[2026-02-08T07:20:06.739+0000] {processor.py:161} INFO - Started process (PID=253568) to work on /home/cloud/codings/airflow/dags/list_s3_files_in_logs.py
[2026-02-08T07:20:06.740+0000] {processor.py:830} INFO - Processing file /home/cloud/codings/airflow/dags/list_s3_files_in_logs.py for tasks to queue
[2026-02-08T07:20:06.741+0000] {logging_mixin.py:188} INFO - [2026-02-08T07:20:06.741+0000] {dagbag.py:545} INFO - Filling up the DagBag from /home/cloud/codings/airflow/dags/list_s3_files_in_logs.py
[2026-02-08T07:20:06.755+0000] {processor.py:840} INFO - DAG(s) 'list_s3_files_in_logs' retrieved from /home/cloud/codings/airflow/dags/list_s3_files_in_logs.py
[2026-02-08T07:20:06.779+0000] {logging_mixin.py:188} INFO - [2026-02-08T07:20:06.778+0000] {dag.py:3089} INFO - Sync 1 DAGs
[2026-02-08T07:20:06.793+0000] {logging_mixin.py:188} INFO - [2026-02-08T07:20:06.793+0000] {dag.py:3947} INFO - Setting next_dagrun for list_s3_files_in_logs to None, run_after=None
[2026-02-08T07:20:06.819+0000] {processor.py:183} INFO - Processing /home/cloud/codings/airflow/dags/list_s3_files_in_logs.py took 0.087 seconds
[2026-02-08T07:20:37.236+0000] {processor.py:161} INFO - Started process (PID=253632) to work on /home/cloud/codings/airflow/dags/list_s3_files_in_logs.py
[2026-02-08T07:20:37.253+0000] {processor.py:830} INFO - Processing file /home/cloud/codings/airflow/dags/list_s3_files_in_logs.py for tasks to queue
[2026-02-08T07:20:37.254+0000] {logging_mixin.py:188} INFO - [2026-02-08T07:20:37.253+0000] {dagbag.py:545} INFO - Filling up the DagBag from /home/cloud/codings/airflow/dags/list_s3_files_in_logs.py
[2026-02-08T07:20:37.264+0000] {processor.py:840} INFO - DAG(s) 'list_s3_files_in_logs' retrieved from /home/cloud/codings/airflow/dags/list_s3_files_in_logs.py
[2026-02-08T07:20:37.284+0000] {logging_mixin.py:188} INFO - [2026-02-08T07:20:37.284+0000] {dag.py:3089} INFO - Sync 1 DAGs
[2026-02-08T07:20:37.297+0000] {logging_mixin.py:188} INFO - [2026-02-08T07:20:37.297+0000] {dag.py:3947} INFO - Setting next_dagrun for list_s3_files_in_logs to None, run_after=None
[2026-02-08T07:20:37.321+0000] {processor.py:183} INFO - Processing /home/cloud/codings/airflow/dags/list_s3_files_in_logs.py took 0.092 seconds
[2026-02-08T07:21:08.010+0000] {processor.py:161} INFO - Started process (PID=253718) to work on /home/cloud/codings/airflow/dags/list_s3_files_in_logs.py
[2026-02-08T07:21:08.012+0000] {processor.py:830} INFO - Processing file /home/cloud/codings/airflow/dags/list_s3_files_in_logs.py for tasks to queue
[2026-02-08T07:21:08.013+0000] {logging_mixin.py:188} INFO - [2026-02-08T07:21:08.013+0000] {dagbag.py:545} INFO - Filling up the DagBag from /home/cloud/codings/airflow/dags/list_s3_files_in_logs.py
[2026-02-08T07:21:08.026+0000] {processor.py:840} INFO - DAG(s) 'list_s3_files_in_logs' retrieved from /home/cloud/codings/airflow/dags/list_s3_files_in_logs.py
[2026-02-08T07:21:08.052+0000] {logging_mixin.py:188} INFO - [2026-02-08T07:21:08.052+0000] {dag.py:3089} INFO - Sync 1 DAGs
[2026-02-08T07:21:08.069+0000] {logging_mixin.py:188} INFO - [2026-02-08T07:21:08.069+0000] {dag.py:3947} INFO - Setting next_dagrun for list_s3_files_in_logs to None, run_after=None
[2026-02-08T07:21:08.099+0000] {processor.py:183} INFO - Processing /home/cloud/codings/airflow/dags/list_s3_files_in_logs.py took 0.098 seconds
[2026-02-08T07:21:38.598+0000] {processor.py:161} INFO - Started process (PID=253992) to work on /home/cloud/codings/airflow/dags/list_s3_files_in_logs.py
[2026-02-08T07:21:38.600+0000] {processor.py:830} INFO - Processing file /home/cloud/codings/airflow/dags/list_s3_files_in_logs.py for tasks to queue
[2026-02-08T07:21:38.602+0000] {logging_mixin.py:188} INFO - [2026-02-08T07:21:38.601+0000] {dagbag.py:545} INFO - Filling up the DagBag from /home/cloud/codings/airflow/dags/list_s3_files_in_logs.py
[2026-02-08T07:21:38.620+0000] {processor.py:840} INFO - DAG(s) 'list_s3_files_in_logs' retrieved from /home/cloud/codings/airflow/dags/list_s3_files_in_logs.py
[2026-02-08T07:21:38.652+0000] {logging_mixin.py:188} INFO - [2026-02-08T07:21:38.652+0000] {dag.py:3089} INFO - Sync 1 DAGs
[2026-02-08T07:21:38.679+0000] {logging_mixin.py:188} INFO - [2026-02-08T07:21:38.678+0000] {dag.py:3947} INFO - Setting next_dagrun for list_s3_files_in_logs to None, run_after=None
[2026-02-08T07:21:38.719+0000] {processor.py:183} INFO - Processing /home/cloud/codings/airflow/dags/list_s3_files_in_logs.py took 0.127 seconds
[2026-02-08T07:22:09.189+0000] {processor.py:161} INFO - Started process (PID=254149) to work on /home/cloud/codings/airflow/dags/list_s3_files_in_logs.py
[2026-02-08T07:22:09.191+0000] {processor.py:830} INFO - Processing file /home/cloud/codings/airflow/dags/list_s3_files_in_logs.py for tasks to queue
[2026-02-08T07:22:09.194+0000] {logging_mixin.py:188} INFO - [2026-02-08T07:22:09.193+0000] {dagbag.py:545} INFO - Filling up the DagBag from /home/cloud/codings/airflow/dags/list_s3_files_in_logs.py
[2026-02-08T07:22:09.219+0000] {processor.py:840} INFO - DAG(s) 'list_s3_files_in_logs' retrieved from /home/cloud/codings/airflow/dags/list_s3_files_in_logs.py
[2026-02-08T07:22:09.246+0000] {logging_mixin.py:188} INFO - [2026-02-08T07:22:09.246+0000] {dag.py:3089} INFO - Sync 1 DAGs
[2026-02-08T07:22:09.260+0000] {logging_mixin.py:188} INFO - [2026-02-08T07:22:09.260+0000] {dag.py:3947} INFO - Setting next_dagrun for list_s3_files_in_logs to None, run_after=None
[2026-02-08T07:22:09.285+0000] {processor.py:183} INFO - Processing /home/cloud/codings/airflow/dags/list_s3_files_in_logs.py took 0.111 seconds
[2026-02-08T07:22:39.823+0000] {processor.py:161} INFO - Started process (PID=254219) to work on /home/cloud/codings/airflow/dags/list_s3_files_in_logs.py
[2026-02-08T07:22:39.825+0000] {processor.py:830} INFO - Processing file /home/cloud/codings/airflow/dags/list_s3_files_in_logs.py for tasks to queue
[2026-02-08T07:22:39.826+0000] {logging_mixin.py:188} INFO - [2026-02-08T07:22:39.825+0000] {dagbag.py:545} INFO - Filling up the DagBag from /home/cloud/codings/airflow/dags/list_s3_files_in_logs.py
[2026-02-08T07:22:39.838+0000] {processor.py:840} INFO - DAG(s) 'list_s3_files_in_logs' retrieved from /home/cloud/codings/airflow/dags/list_s3_files_in_logs.py
[2026-02-08T07:22:39.861+0000] {logging_mixin.py:188} INFO - [2026-02-08T07:22:39.860+0000] {dag.py:3089} INFO - Sync 1 DAGs
[2026-02-08T07:22:39.876+0000] {logging_mixin.py:188} INFO - [2026-02-08T07:22:39.876+0000] {dag.py:3947} INFO - Setting next_dagrun for list_s3_files_in_logs to None, run_after=None
[2026-02-08T07:22:39.905+0000] {processor.py:183} INFO - Processing /home/cloud/codings/airflow/dags/list_s3_files_in_logs.py took 0.091 seconds
[2026-02-08T07:23:10.278+0000] {processor.py:161} INFO - Started process (PID=254307) to work on /home/cloud/codings/airflow/dags/list_s3_files_in_logs.py
[2026-02-08T07:23:10.279+0000] {processor.py:830} INFO - Processing file /home/cloud/codings/airflow/dags/list_s3_files_in_logs.py for tasks to queue
[2026-02-08T07:23:10.280+0000] {logging_mixin.py:188} INFO - [2026-02-08T07:23:10.280+0000] {dagbag.py:545} INFO - Filling up the DagBag from /home/cloud/codings/airflow/dags/list_s3_files_in_logs.py
[2026-02-08T07:23:10.294+0000] {processor.py:840} INFO - DAG(s) 'list_s3_files_in_logs' retrieved from /home/cloud/codings/airflow/dags/list_s3_files_in_logs.py
[2026-02-08T07:23:10.318+0000] {logging_mixin.py:188} INFO - [2026-02-08T07:23:10.318+0000] {dag.py:3089} INFO - Sync 1 DAGs
[2026-02-08T07:23:10.337+0000] {logging_mixin.py:188} INFO - [2026-02-08T07:23:10.337+0000] {dag.py:3947} INFO - Setting next_dagrun for list_s3_files_in_logs to None, run_after=None
[2026-02-08T07:23:10.364+0000] {processor.py:183} INFO - Processing /home/cloud/codings/airflow/dags/list_s3_files_in_logs.py took 0.095 seconds
[2026-02-08T07:23:40.491+0000] {processor.py:161} INFO - Started process (PID=254513) to work on /home/cloud/codings/airflow/dags/list_s3_files_in_logs.py
[2026-02-08T07:23:40.508+0000] {processor.py:830} INFO - Processing file /home/cloud/codings/airflow/dags/list_s3_files_in_logs.py for tasks to queue
[2026-02-08T07:23:40.510+0000] {logging_mixin.py:188} INFO - [2026-02-08T07:23:40.509+0000] {dagbag.py:545} INFO - Filling up the DagBag from /home/cloud/codings/airflow/dags/list_s3_files_in_logs.py
[2026-02-08T07:23:40.520+0000] {processor.py:840} INFO - DAG(s) 'list_s3_files_in_logs' retrieved from /home/cloud/codings/airflow/dags/list_s3_files_in_logs.py
[2026-02-08T07:23:40.541+0000] {logging_mixin.py:188} INFO - [2026-02-08T07:23:40.541+0000] {dag.py:3089} INFO - Sync 1 DAGs
[2026-02-08T07:23:40.555+0000] {logging_mixin.py:188} INFO - [2026-02-08T07:23:40.555+0000] {dag.py:3947} INFO - Setting next_dagrun for list_s3_files_in_logs to None, run_after=None
[2026-02-08T07:23:40.579+0000] {processor.py:183} INFO - Processing /home/cloud/codings/airflow/dags/list_s3_files_in_logs.py took 0.094 seconds
[2026-02-08T07:24:10.825+0000] {processor.py:161} INFO - Started process (PID=254719) to work on /home/cloud/codings/airflow/dags/list_s3_files_in_logs.py
[2026-02-08T07:24:10.851+0000] {processor.py:830} INFO - Processing file /home/cloud/codings/airflow/dags/list_s3_files_in_logs.py for tasks to queue
[2026-02-08T07:24:10.853+0000] {logging_mixin.py:188} INFO - [2026-02-08T07:24:10.852+0000] {dagbag.py:545} INFO - Filling up the DagBag from /home/cloud/codings/airflow/dags/list_s3_files_in_logs.py
[2026-02-08T07:24:10.885+0000] {processor.py:840} INFO - DAG(s) 'list_s3_files_in_logs' retrieved from /home/cloud/codings/airflow/dags/list_s3_files_in_logs.py
[2026-02-08T07:24:10.931+0000] {logging_mixin.py:188} INFO - [2026-02-08T07:24:10.931+0000] {dag.py:3089} INFO - Sync 1 DAGs
[2026-02-08T07:24:10.954+0000] {logging_mixin.py:188} INFO - [2026-02-08T07:24:10.953+0000] {dag.py:3947} INFO - Setting next_dagrun for list_s3_files_in_logs to None, run_after=None
[2026-02-08T07:24:11.017+0000] {processor.py:183} INFO - Processing /home/cloud/codings/airflow/dags/list_s3_files_in_logs.py took 0.210 seconds
[2026-02-08T07:24:41.338+0000] {processor.py:161} INFO - Started process (PID=254926) to work on /home/cloud/codings/airflow/dags/list_s3_files_in_logs.py
[2026-02-08T07:24:41.341+0000] {processor.py:830} INFO - Processing file /home/cloud/codings/airflow/dags/list_s3_files_in_logs.py for tasks to queue
[2026-02-08T07:24:41.344+0000] {logging_mixin.py:188} INFO - [2026-02-08T07:24:41.343+0000] {dagbag.py:545} INFO - Filling up the DagBag from /home/cloud/codings/airflow/dags/list_s3_files_in_logs.py
[2026-02-08T07:24:41.370+0000] {processor.py:840} INFO - DAG(s) 'list_s3_files_in_logs' retrieved from /home/cloud/codings/airflow/dags/list_s3_files_in_logs.py
[2026-02-08T07:24:41.411+0000] {logging_mixin.py:188} INFO - [2026-02-08T07:24:41.411+0000] {dag.py:3089} INFO - Sync 1 DAGs
[2026-02-08T07:24:41.430+0000] {logging_mixin.py:188} INFO - [2026-02-08T07:24:41.430+0000] {dag.py:3947} INFO - Setting next_dagrun for list_s3_files_in_logs to None, run_after=None
[2026-02-08T07:24:41.460+0000] {processor.py:183} INFO - Processing /home/cloud/codings/airflow/dags/list_s3_files_in_logs.py took 0.142 seconds
[2026-02-08T07:25:12.024+0000] {processor.py:161} INFO - Started process (PID=255141) to work on /home/cloud/codings/airflow/dags/list_s3_files_in_logs.py
[2026-02-08T07:25:12.078+0000] {processor.py:830} INFO - Processing file /home/cloud/codings/airflow/dags/list_s3_files_in_logs.py for tasks to queue
[2026-02-08T07:25:12.080+0000] {logging_mixin.py:188} INFO - [2026-02-08T07:25:12.079+0000] {dagbag.py:545} INFO - Filling up the DagBag from /home/cloud/codings/airflow/dags/list_s3_files_in_logs.py
[2026-02-08T07:25:12.101+0000] {processor.py:840} INFO - DAG(s) 'list_s3_files_in_logs' retrieved from /home/cloud/codings/airflow/dags/list_s3_files_in_logs.py
[2026-02-08T07:25:12.135+0000] {logging_mixin.py:188} INFO - [2026-02-08T07:25:12.135+0000] {dag.py:3089} INFO - Sync 1 DAGs
[2026-02-08T07:25:12.156+0000] {logging_mixin.py:188} INFO - [2026-02-08T07:25:12.156+0000] {dag.py:3947} INFO - Setting next_dagrun for list_s3_files_in_logs to None, run_after=None
[2026-02-08T07:25:12.192+0000] {processor.py:183} INFO - Processing /home/cloud/codings/airflow/dags/list_s3_files_in_logs.py took 0.178 seconds
[2026-02-08T07:25:42.416+0000] {processor.py:161} INFO - Started process (PID=255328) to work on /home/cloud/codings/airflow/dags/list_s3_files_in_logs.py
[2026-02-08T07:25:42.418+0000] {processor.py:830} INFO - Processing file /home/cloud/codings/airflow/dags/list_s3_files_in_logs.py for tasks to queue
[2026-02-08T07:25:42.420+0000] {logging_mixin.py:188} INFO - [2026-02-08T07:25:42.419+0000] {dagbag.py:545} INFO - Filling up the DagBag from /home/cloud/codings/airflow/dags/list_s3_files_in_logs.py
[2026-02-08T07:25:42.434+0000] {processor.py:840} INFO - DAG(s) 'list_s3_files_in_logs' retrieved from /home/cloud/codings/airflow/dags/list_s3_files_in_logs.py
[2026-02-08T07:25:42.459+0000] {logging_mixin.py:188} INFO - [2026-02-08T07:25:42.459+0000] {dag.py:3089} INFO - Sync 1 DAGs
[2026-02-08T07:25:42.479+0000] {logging_mixin.py:188} INFO - [2026-02-08T07:25:42.478+0000] {dag.py:3947} INFO - Setting next_dagrun for list_s3_files_in_logs to None, run_after=None
[2026-02-08T07:25:42.510+0000] {processor.py:183} INFO - Processing /home/cloud/codings/airflow/dags/list_s3_files_in_logs.py took 0.109 seconds
[2026-02-08T07:26:12.893+0000] {processor.py:161} INFO - Started process (PID=255531) to work on /home/cloud/codings/airflow/dags/list_s3_files_in_logs.py
[2026-02-08T07:26:12.895+0000] {processor.py:830} INFO - Processing file /home/cloud/codings/airflow/dags/list_s3_files_in_logs.py for tasks to queue
[2026-02-08T07:26:12.896+0000] {logging_mixin.py:188} INFO - [2026-02-08T07:26:12.896+0000] {dagbag.py:545} INFO - Filling up the DagBag from /home/cloud/codings/airflow/dags/list_s3_files_in_logs.py
[2026-02-08T07:26:12.910+0000] {processor.py:840} INFO - DAG(s) 'list_s3_files_in_logs' retrieved from /home/cloud/codings/airflow/dags/list_s3_files_in_logs.py
[2026-02-08T07:26:12.938+0000] {logging_mixin.py:188} INFO - [2026-02-08T07:26:12.938+0000] {dag.py:3089} INFO - Sync 1 DAGs
[2026-02-08T07:26:12.958+0000] {logging_mixin.py:188} INFO - [2026-02-08T07:26:12.958+0000] {dag.py:3947} INFO - Setting next_dagrun for list_s3_files_in_logs to None, run_after=None
[2026-02-08T07:26:12.988+0000] {processor.py:183} INFO - Processing /home/cloud/codings/airflow/dags/list_s3_files_in_logs.py took 0.101 seconds
[2026-02-08T07:26:43.445+0000] {processor.py:161} INFO - Started process (PID=255821) to work on /home/cloud/codings/airflow/dags/list_s3_files_in_logs.py
[2026-02-08T07:26:43.447+0000] {processor.py:830} INFO - Processing file /home/cloud/codings/airflow/dags/list_s3_files_in_logs.py for tasks to queue
[2026-02-08T07:26:43.449+0000] {logging_mixin.py:188} INFO - [2026-02-08T07:26:43.448+0000] {dagbag.py:545} INFO - Filling up the DagBag from /home/cloud/codings/airflow/dags/list_s3_files_in_logs.py
[2026-02-08T07:26:43.469+0000] {processor.py:840} INFO - DAG(s) 'list_s3_files_in_logs' retrieved from /home/cloud/codings/airflow/dags/list_s3_files_in_logs.py
[2026-02-08T07:26:43.499+0000] {logging_mixin.py:188} INFO - [2026-02-08T07:26:43.498+0000] {dag.py:3089} INFO - Sync 1 DAGs
[2026-02-08T07:26:43.520+0000] {logging_mixin.py:188} INFO - [2026-02-08T07:26:43.520+0000] {dag.py:3947} INFO - Setting next_dagrun for list_s3_files_in_logs to None, run_after=None
[2026-02-08T07:26:43.562+0000] {processor.py:183} INFO - Processing /home/cloud/codings/airflow/dags/list_s3_files_in_logs.py took 0.126 seconds
[2026-02-08T07:27:14.212+0000] {processor.py:161} INFO - Started process (PID=256031) to work on /home/cloud/codings/airflow/dags/list_s3_files_in_logs.py
[2026-02-08T07:27:14.215+0000] {processor.py:830} INFO - Processing file /home/cloud/codings/airflow/dags/list_s3_files_in_logs.py for tasks to queue
[2026-02-08T07:27:14.216+0000] {logging_mixin.py:188} INFO - [2026-02-08T07:27:14.215+0000] {dagbag.py:545} INFO - Filling up the DagBag from /home/cloud/codings/airflow/dags/list_s3_files_in_logs.py
[2026-02-08T07:27:14.232+0000] {processor.py:840} INFO - DAG(s) 'list_s3_files_in_logs' retrieved from /home/cloud/codings/airflow/dags/list_s3_files_in_logs.py
[2026-02-08T07:27:14.260+0000] {logging_mixin.py:188} INFO - [2026-02-08T07:27:14.259+0000] {dag.py:3089} INFO - Sync 1 DAGs
[2026-02-08T07:27:14.276+0000] {logging_mixin.py:188} INFO - [2026-02-08T07:27:14.276+0000] {dag.py:3947} INFO - Setting next_dagrun for list_s3_files_in_logs to None, run_after=None
[2026-02-08T07:27:14.307+0000] {processor.py:183} INFO - Processing /home/cloud/codings/airflow/dags/list_s3_files_in_logs.py took 0.103 seconds
[2026-02-08T07:27:44.728+0000] {processor.py:161} INFO - Started process (PID=256277) to work on /home/cloud/codings/airflow/dags/list_s3_files_in_logs.py
[2026-02-08T07:27:44.757+0000] {processor.py:830} INFO - Processing file /home/cloud/codings/airflow/dags/list_s3_files_in_logs.py for tasks to queue
[2026-02-08T07:27:44.758+0000] {logging_mixin.py:188} INFO - [2026-02-08T07:27:44.758+0000] {dagbag.py:545} INFO - Filling up the DagBag from /home/cloud/codings/airflow/dags/list_s3_files_in_logs.py
[2026-02-08T07:27:44.771+0000] {processor.py:840} INFO - DAG(s) 'list_s3_files_in_logs' retrieved from /home/cloud/codings/airflow/dags/list_s3_files_in_logs.py
[2026-02-08T07:27:44.793+0000] {logging_mixin.py:188} INFO - [2026-02-08T07:27:44.793+0000] {dag.py:3089} INFO - Sync 1 DAGs
[2026-02-08T07:27:44.809+0000] {logging_mixin.py:188} INFO - [2026-02-08T07:27:44.809+0000] {dag.py:3947} INFO - Setting next_dagrun for list_s3_files_in_logs to None, run_after=None
[2026-02-08T07:27:44.838+0000] {processor.py:183} INFO - Processing /home/cloud/codings/airflow/dags/list_s3_files_in_logs.py took 0.118 seconds
[2026-02-08T07:28:15.248+0000] {processor.py:161} INFO - Started process (PID=256479) to work on /home/cloud/codings/airflow/dags/list_s3_files_in_logs.py
[2026-02-08T07:28:15.250+0000] {processor.py:830} INFO - Processing file /home/cloud/codings/airflow/dags/list_s3_files_in_logs.py for tasks to queue
[2026-02-08T07:28:15.251+0000] {logging_mixin.py:188} INFO - [2026-02-08T07:28:15.250+0000] {dagbag.py:545} INFO - Filling up the DagBag from /home/cloud/codings/airflow/dags/list_s3_files_in_logs.py
[2026-02-08T07:28:15.262+0000] {processor.py:840} INFO - DAG(s) 'list_s3_files_in_logs' retrieved from /home/cloud/codings/airflow/dags/list_s3_files_in_logs.py
[2026-02-08T07:28:15.283+0000] {logging_mixin.py:188} INFO - [2026-02-08T07:28:15.283+0000] {dag.py:3089} INFO - Sync 1 DAGs
[2026-02-08T07:28:15.296+0000] {logging_mixin.py:188} INFO - [2026-02-08T07:28:15.296+0000] {dag.py:3947} INFO - Setting next_dagrun for list_s3_files_in_logs to None, run_after=None
[2026-02-08T07:28:15.323+0000] {processor.py:183} INFO - Processing /home/cloud/codings/airflow/dags/list_s3_files_in_logs.py took 0.083 seconds
[2026-02-08T07:28:45.580+0000] {processor.py:161} INFO - Started process (PID=256543) to work on /home/cloud/codings/airflow/dags/list_s3_files_in_logs.py
[2026-02-08T07:28:45.597+0000] {processor.py:830} INFO - Processing file /home/cloud/codings/airflow/dags/list_s3_files_in_logs.py for tasks to queue
[2026-02-08T07:28:45.599+0000] {logging_mixin.py:188} INFO - [2026-02-08T07:28:45.598+0000] {dagbag.py:545} INFO - Filling up the DagBag from /home/cloud/codings/airflow/dags/list_s3_files_in_logs.py
[2026-02-08T07:28:45.613+0000] {processor.py:840} INFO - DAG(s) 'list_s3_files_in_logs' retrieved from /home/cloud/codings/airflow/dags/list_s3_files_in_logs.py
[2026-02-08T07:28:45.634+0000] {logging_mixin.py:188} INFO - [2026-02-08T07:28:45.634+0000] {dag.py:3089} INFO - Sync 1 DAGs
[2026-02-08T07:28:45.648+0000] {logging_mixin.py:188} INFO - [2026-02-08T07:28:45.648+0000] {dag.py:3947} INFO - Setting next_dagrun for list_s3_files_in_logs to None, run_after=None
[2026-02-08T07:28:45.675+0000] {processor.py:183} INFO - Processing /home/cloud/codings/airflow/dags/list_s3_files_in_logs.py took 0.103 seconds
[2026-02-08T07:29:15.984+0000] {processor.py:161} INFO - Started process (PID=256664) to work on /home/cloud/codings/airflow/dags/list_s3_files_in_logs.py
[2026-02-08T07:29:15.986+0000] {processor.py:830} INFO - Processing file /home/cloud/codings/airflow/dags/list_s3_files_in_logs.py for tasks to queue
[2026-02-08T07:29:15.987+0000] {logging_mixin.py:188} INFO - [2026-02-08T07:29:15.986+0000] {dagbag.py:545} INFO - Filling up the DagBag from /home/cloud/codings/airflow/dags/list_s3_files_in_logs.py
[2026-02-08T07:29:16.005+0000] {processor.py:840} INFO - DAG(s) 'list_s3_files_in_logs' retrieved from /home/cloud/codings/airflow/dags/list_s3_files_in_logs.py
[2026-02-08T07:29:16.033+0000] {logging_mixin.py:188} INFO - [2026-02-08T07:29:16.032+0000] {dag.py:3089} INFO - Sync 1 DAGs
[2026-02-08T07:29:16.051+0000] {logging_mixin.py:188} INFO - [2026-02-08T07:29:16.050+0000] {dag.py:3947} INFO - Setting next_dagrun for list_s3_files_in_logs to None, run_after=None
[2026-02-08T07:29:16.084+0000] {processor.py:183} INFO - Processing /home/cloud/codings/airflow/dags/list_s3_files_in_logs.py took 0.111 seconds
