[2026-02-08T06:56:37.403+0000] {processor.py:161} INFO - Started process (PID=245768) to work on /home/cloud/codings/airflow/dags/list_s3_bucket_files_dag.py
[2026-02-08T06:56:37.404+0000] {processor.py:830} INFO - Processing file /home/cloud/codings/airflow/dags/list_s3_bucket_files_dag.py for tasks to queue
[2026-02-08T06:56:37.406+0000] {logging_mixin.py:188} INFO - [2026-02-08T06:56:37.405+0000] {dagbag.py:545} INFO - Filling up the DagBag from /home/cloud/codings/airflow/dags/list_s3_bucket_files_dag.py
[2026-02-08T06:56:37.453+0000] {processor.py:840} INFO - DAG(s) 'list_s3_bucket_files_dag' retrieved from /home/cloud/codings/airflow/dags/list_s3_bucket_files_dag.py
[2026-02-08T06:56:37.532+0000] {logging_mixin.py:188} INFO - [2026-02-08T06:56:37.532+0000] {dag.py:3089} INFO - Sync 1 DAGs
[2026-02-08T06:56:37.613+0000] {logging_mixin.py:188} INFO - [2026-02-08T06:56:37.613+0000] {dag.py:3947} INFO - Setting next_dagrun for list_s3_bucket_files_dag to None, run_after=None
[2026-02-08T06:56:37.916+0000] {processor.py:183} INFO - Processing /home/cloud/codings/airflow/dags/list_s3_bucket_files_dag.py took 0.540 seconds
[2026-02-08T06:57:08.684+0000] {processor.py:161} INFO - Started process (PID=245989) to work on /home/cloud/codings/airflow/dags/list_s3_bucket_files_dag.py
[2026-02-08T06:57:08.692+0000] {processor.py:830} INFO - Processing file /home/cloud/codings/airflow/dags/list_s3_bucket_files_dag.py for tasks to queue
[2026-02-08T06:57:08.694+0000] {logging_mixin.py:188} INFO - [2026-02-08T06:57:08.693+0000] {dagbag.py:545} INFO - Filling up the DagBag from /home/cloud/codings/airflow/dags/list_s3_bucket_files_dag.py
[2026-02-08T06:57:08.744+0000] {processor.py:840} INFO - DAG(s) 'list_s3_bucket_files_dag' retrieved from /home/cloud/codings/airflow/dags/list_s3_bucket_files_dag.py
[2026-02-08T06:57:08.841+0000] {logging_mixin.py:188} INFO - [2026-02-08T06:57:08.841+0000] {dag.py:3089} INFO - Sync 1 DAGs
[2026-02-08T06:57:08.927+0000] {logging_mixin.py:188} INFO - [2026-02-08T06:57:08.926+0000] {dag.py:3947} INFO - Setting next_dagrun for list_s3_bucket_files_dag to None, run_after=None
[2026-02-08T06:57:09.090+0000] {processor.py:183} INFO - Processing /home/cloud/codings/airflow/dags/list_s3_bucket_files_dag.py took 0.431 seconds
[2026-02-08T06:57:42.020+0000] {processor.py:161} INFO - Started process (PID=246498) to work on /home/cloud/codings/airflow/dags/list_s3_bucket_files_dag.py
[2026-02-08T06:57:42.042+0000] {processor.py:830} INFO - Processing file /home/cloud/codings/airflow/dags/list_s3_bucket_files_dag.py for tasks to queue
[2026-02-08T06:57:42.045+0000] {logging_mixin.py:188} INFO - [2026-02-08T06:57:42.044+0000] {dagbag.py:545} INFO - Filling up the DagBag from /home/cloud/codings/airflow/dags/list_s3_bucket_files_dag.py
[2026-02-08T06:57:42.118+0000] {processor.py:840} INFO - DAG(s) 'list_s3_bucket_files_dag' retrieved from /home/cloud/codings/airflow/dags/list_s3_bucket_files_dag.py
[2026-02-08T06:57:42.268+0000] {logging_mixin.py:188} INFO - [2026-02-08T06:57:42.267+0000] {dag.py:3089} INFO - Sync 1 DAGs
[2026-02-08T06:57:42.317+0000] {logging_mixin.py:188} INFO - [2026-02-08T06:57:42.316+0000] {dag.py:3947} INFO - Setting next_dagrun for list_s3_bucket_files_dag to None, run_after=None
[2026-02-08T06:57:42.406+0000] {processor.py:183} INFO - Processing /home/cloud/codings/airflow/dags/list_s3_bucket_files_dag.py took 0.431 seconds
[2026-02-08T06:58:12.692+0000] {processor.py:161} INFO - Started process (PID=246534) to work on /home/cloud/codings/airflow/dags/list_s3_bucket_files_dag.py
[2026-02-08T06:58:12.717+0000] {processor.py:830} INFO - Processing file /home/cloud/codings/airflow/dags/list_s3_bucket_files_dag.py for tasks to queue
[2026-02-08T06:58:12.719+0000] {logging_mixin.py:188} INFO - [2026-02-08T06:58:12.718+0000] {dagbag.py:545} INFO - Filling up the DagBag from /home/cloud/codings/airflow/dags/list_s3_bucket_files_dag.py
[2026-02-08T06:58:12.741+0000] {processor.py:840} INFO - DAG(s) 'list_s3_bucket_files_dag' retrieved from /home/cloud/codings/airflow/dags/list_s3_bucket_files_dag.py
[2026-02-08T06:58:12.788+0000] {logging_mixin.py:188} INFO - [2026-02-08T06:58:12.786+0000] {dag.py:3089} INFO - Sync 1 DAGs
[2026-02-08T06:58:12.846+0000] {logging_mixin.py:188} INFO - [2026-02-08T06:58:12.844+0000] {dag.py:3947} INFO - Setting next_dagrun for list_s3_bucket_files_dag to None, run_after=None
[2026-02-08T06:58:12.995+0000] {processor.py:183} INFO - Processing /home/cloud/codings/airflow/dags/list_s3_bucket_files_dag.py took 0.315 seconds
[2026-02-08T06:58:43.278+0000] {processor.py:161} INFO - Started process (PID=246580) to work on /home/cloud/codings/airflow/dags/list_s3_bucket_files_dag.py
[2026-02-08T06:58:43.299+0000] {processor.py:830} INFO - Processing file /home/cloud/codings/airflow/dags/list_s3_bucket_files_dag.py for tasks to queue
[2026-02-08T06:58:43.301+0000] {logging_mixin.py:188} INFO - [2026-02-08T06:58:43.300+0000] {dagbag.py:545} INFO - Filling up the DagBag from /home/cloud/codings/airflow/dags/list_s3_bucket_files_dag.py
[2026-02-08T06:58:43.315+0000] {processor.py:840} INFO - DAG(s) 'list_s3_bucket_files_dag' retrieved from /home/cloud/codings/airflow/dags/list_s3_bucket_files_dag.py
[2026-02-08T06:58:43.341+0000] {logging_mixin.py:188} INFO - [2026-02-08T06:58:43.341+0000] {dag.py:3089} INFO - Sync 1 DAGs
[2026-02-08T06:58:43.358+0000] {logging_mixin.py:188} INFO - [2026-02-08T06:58:43.358+0000] {dag.py:3947} INFO - Setting next_dagrun for list_s3_bucket_files_dag to None, run_after=None
[2026-02-08T06:58:43.392+0000] {processor.py:183} INFO - Processing /home/cloud/codings/airflow/dags/list_s3_bucket_files_dag.py took 0.121 seconds
[2026-02-08T06:59:13.603+0000] {processor.py:161} INFO - Started process (PID=246636) to work on /home/cloud/codings/airflow/dags/list_s3_bucket_files_dag.py
[2026-02-08T06:59:13.605+0000] {processor.py:830} INFO - Processing file /home/cloud/codings/airflow/dags/list_s3_bucket_files_dag.py for tasks to queue
[2026-02-08T06:59:13.606+0000] {logging_mixin.py:188} INFO - [2026-02-08T06:59:13.606+0000] {dagbag.py:545} INFO - Filling up the DagBag from /home/cloud/codings/airflow/dags/list_s3_bucket_files_dag.py
[2026-02-08T06:59:13.619+0000] {processor.py:840} INFO - DAG(s) 'list_s3_bucket_files_dag' retrieved from /home/cloud/codings/airflow/dags/list_s3_bucket_files_dag.py
[2026-02-08T06:59:13.645+0000] {logging_mixin.py:188} INFO - [2026-02-08T06:59:13.645+0000] {dag.py:3089} INFO - Sync 1 DAGs
[2026-02-08T06:59:13.663+0000] {logging_mixin.py:188} INFO - [2026-02-08T06:59:13.662+0000] {dag.py:3947} INFO - Setting next_dagrun for list_s3_bucket_files_dag to None, run_after=None
[2026-02-08T06:59:13.701+0000] {processor.py:183} INFO - Processing /home/cloud/codings/airflow/dags/list_s3_bucket_files_dag.py took 0.106 seconds
[2026-02-08T06:59:43.942+0000] {processor.py:161} INFO - Started process (PID=246784) to work on /home/cloud/codings/airflow/dags/list_s3_bucket_files_dag.py
[2026-02-08T06:59:43.944+0000] {processor.py:830} INFO - Processing file /home/cloud/codings/airflow/dags/list_s3_bucket_files_dag.py for tasks to queue
[2026-02-08T06:59:43.946+0000] {logging_mixin.py:188} INFO - [2026-02-08T06:59:43.945+0000] {dagbag.py:545} INFO - Filling up the DagBag from /home/cloud/codings/airflow/dags/list_s3_bucket_files_dag.py
[2026-02-08T06:59:43.967+0000] {processor.py:840} INFO - DAG(s) 'list_s3_bucket_files_dag' retrieved from /home/cloud/codings/airflow/dags/list_s3_bucket_files_dag.py
[2026-02-08T06:59:44.002+0000] {logging_mixin.py:188} INFO - [2026-02-08T06:59:44.002+0000] {dag.py:3089} INFO - Sync 1 DAGs
[2026-02-08T06:59:44.028+0000] {logging_mixin.py:188} INFO - [2026-02-08T06:59:44.027+0000] {dag.py:3947} INFO - Setting next_dagrun for list_s3_bucket_files_dag to None, run_after=None
[2026-02-08T06:59:44.069+0000] {processor.py:183} INFO - Processing /home/cloud/codings/airflow/dags/list_s3_bucket_files_dag.py took 0.143 seconds
[2026-02-08T07:00:14.306+0000] {processor.py:161} INFO - Started process (PID=246838) to work on /home/cloud/codings/airflow/dags/list_s3_bucket_files_dag.py
[2026-02-08T07:00:14.308+0000] {processor.py:830} INFO - Processing file /home/cloud/codings/airflow/dags/list_s3_bucket_files_dag.py for tasks to queue
[2026-02-08T07:00:14.310+0000] {logging_mixin.py:188} INFO - [2026-02-08T07:00:14.309+0000] {dagbag.py:545} INFO - Filling up the DagBag from /home/cloud/codings/airflow/dags/list_s3_bucket_files_dag.py
[2026-02-08T07:00:14.336+0000] {processor.py:840} INFO - DAG(s) 'list_s3_bucket_files_dag' retrieved from /home/cloud/codings/airflow/dags/list_s3_bucket_files_dag.py
[2026-02-08T07:00:14.421+0000] {logging_mixin.py:188} INFO - [2026-02-08T07:00:14.420+0000] {dag.py:3089} INFO - Sync 1 DAGs
[2026-02-08T07:00:14.520+0000] {logging_mixin.py:188} INFO - [2026-02-08T07:00:14.520+0000] {dag.py:3947} INFO - Setting next_dagrun for list_s3_bucket_files_dag to None, run_after=None
[2026-02-08T07:00:14.586+0000] {processor.py:183} INFO - Processing /home/cloud/codings/airflow/dags/list_s3_bucket_files_dag.py took 0.293 seconds
[2026-02-08T07:00:44.729+0000] {processor.py:161} INFO - Started process (PID=246920) to work on /home/cloud/codings/airflow/dags/list_s3_bucket_files_dag.py
[2026-02-08T07:00:44.731+0000] {processor.py:830} INFO - Processing file /home/cloud/codings/airflow/dags/list_s3_bucket_files_dag.py for tasks to queue
[2026-02-08T07:00:44.733+0000] {logging_mixin.py:188} INFO - [2026-02-08T07:00:44.732+0000] {dagbag.py:545} INFO - Filling up the DagBag from /home/cloud/codings/airflow/dags/list_s3_bucket_files_dag.py
[2026-02-08T07:00:44.748+0000] {processor.py:840} INFO - DAG(s) 'list_s3_bucket_files_dag' retrieved from /home/cloud/codings/airflow/dags/list_s3_bucket_files_dag.py
[2026-02-08T07:00:44.776+0000] {logging_mixin.py:188} INFO - [2026-02-08T07:00:44.775+0000] {dag.py:3089} INFO - Sync 1 DAGs
[2026-02-08T07:00:44.794+0000] {logging_mixin.py:188} INFO - [2026-02-08T07:00:44.794+0000] {dag.py:3947} INFO - Setting next_dagrun for list_s3_bucket_files_dag to None, run_after=None
[2026-02-08T07:00:44.835+0000] {processor.py:183} INFO - Processing /home/cloud/codings/airflow/dags/list_s3_bucket_files_dag.py took 0.114 seconds
[2026-02-08T07:01:15.104+0000] {processor.py:161} INFO - Started process (PID=246976) to work on /home/cloud/codings/airflow/dags/list_s3_bucket_files_dag.py
[2026-02-08T07:01:15.107+0000] {processor.py:830} INFO - Processing file /home/cloud/codings/airflow/dags/list_s3_bucket_files_dag.py for tasks to queue
[2026-02-08T07:01:15.108+0000] {logging_mixin.py:188} INFO - [2026-02-08T07:01:15.108+0000] {dagbag.py:545} INFO - Filling up the DagBag from /home/cloud/codings/airflow/dags/list_s3_bucket_files_dag.py
[2026-02-08T07:01:15.134+0000] {processor.py:840} INFO - DAG(s) 'list_s3_bucket_files_dag' retrieved from /home/cloud/codings/airflow/dags/list_s3_bucket_files_dag.py
[2026-02-08T07:01:15.176+0000] {logging_mixin.py:188} INFO - [2026-02-08T07:01:15.176+0000] {dag.py:3089} INFO - Sync 1 DAGs
[2026-02-08T07:01:15.200+0000] {logging_mixin.py:188} INFO - [2026-02-08T07:01:15.200+0000] {dag.py:3947} INFO - Setting next_dagrun for list_s3_bucket_files_dag to None, run_after=None
[2026-02-08T07:01:15.247+0000] {processor.py:183} INFO - Processing /home/cloud/codings/airflow/dags/list_s3_bucket_files_dag.py took 0.158 seconds
[2026-02-08T07:01:45.433+0000] {processor.py:161} INFO - Started process (PID=247083) to work on /home/cloud/codings/airflow/dags/list_s3_bucket_files_dag.py
[2026-02-08T07:01:45.435+0000] {processor.py:830} INFO - Processing file /home/cloud/codings/airflow/dags/list_s3_bucket_files_dag.py for tasks to queue
[2026-02-08T07:01:45.436+0000] {logging_mixin.py:188} INFO - [2026-02-08T07:01:45.436+0000] {dagbag.py:545} INFO - Filling up the DagBag from /home/cloud/codings/airflow/dags/list_s3_bucket_files_dag.py
[2026-02-08T07:01:45.450+0000] {processor.py:840} INFO - DAG(s) 'list_s3_bucket_files_dag' retrieved from /home/cloud/codings/airflow/dags/list_s3_bucket_files_dag.py
[2026-02-08T07:01:45.479+0000] {logging_mixin.py:188} INFO - [2026-02-08T07:01:45.479+0000] {dag.py:3089} INFO - Sync 1 DAGs
[2026-02-08T07:01:45.495+0000] {logging_mixin.py:188} INFO - [2026-02-08T07:01:45.495+0000] {dag.py:3947} INFO - Setting next_dagrun for list_s3_bucket_files_dag to None, run_after=None
[2026-02-08T07:01:45.525+0000] {processor.py:183} INFO - Processing /home/cloud/codings/airflow/dags/list_s3_bucket_files_dag.py took 0.100 seconds
[2026-02-08T07:02:15.774+0000] {processor.py:161} INFO - Started process (PID=247257) to work on /home/cloud/codings/airflow/dags/list_s3_bucket_files_dag.py
[2026-02-08T07:02:15.776+0000] {processor.py:830} INFO - Processing file /home/cloud/codings/airflow/dags/list_s3_bucket_files_dag.py for tasks to queue
[2026-02-08T07:02:15.778+0000] {logging_mixin.py:188} INFO - [2026-02-08T07:02:15.777+0000] {dagbag.py:545} INFO - Filling up the DagBag from /home/cloud/codings/airflow/dags/list_s3_bucket_files_dag.py
[2026-02-08T07:02:15.795+0000] {processor.py:840} INFO - DAG(s) 'list_s3_bucket_files_dag' retrieved from /home/cloud/codings/airflow/dags/list_s3_bucket_files_dag.py
[2026-02-08T07:02:15.827+0000] {logging_mixin.py:188} INFO - [2026-02-08T07:02:15.826+0000] {dag.py:3089} INFO - Sync 1 DAGs
[2026-02-08T07:02:15.844+0000] {logging_mixin.py:188} INFO - [2026-02-08T07:02:15.843+0000] {dag.py:3947} INFO - Setting next_dagrun for list_s3_bucket_files_dag to None, run_after=None
[2026-02-08T07:02:15.876+0000] {processor.py:183} INFO - Processing /home/cloud/codings/airflow/dags/list_s3_bucket_files_dag.py took 0.113 seconds
[2026-02-08T07:02:46.149+0000] {processor.py:161} INFO - Started process (PID=247500) to work on /home/cloud/codings/airflow/dags/list_s3_bucket_files_dag.py
[2026-02-08T07:02:46.171+0000] {processor.py:830} INFO - Processing file /home/cloud/codings/airflow/dags/list_s3_bucket_files_dag.py for tasks to queue
[2026-02-08T07:02:46.172+0000] {logging_mixin.py:188} INFO - [2026-02-08T07:02:46.172+0000] {dagbag.py:545} INFO - Filling up the DagBag from /home/cloud/codings/airflow/dags/list_s3_bucket_files_dag.py
[2026-02-08T07:02:46.188+0000] {processor.py:840} INFO - DAG(s) 'list_s3_bucket_files_dag' retrieved from /home/cloud/codings/airflow/dags/list_s3_bucket_files_dag.py
[2026-02-08T07:02:46.219+0000] {logging_mixin.py:188} INFO - [2026-02-08T07:02:46.219+0000] {dag.py:3089} INFO - Sync 1 DAGs
[2026-02-08T07:02:46.244+0000] {logging_mixin.py:188} INFO - [2026-02-08T07:02:46.243+0000] {dag.py:3947} INFO - Setting next_dagrun for list_s3_bucket_files_dag to None, run_after=None
[2026-02-08T07:02:46.294+0000] {processor.py:183} INFO - Processing /home/cloud/codings/airflow/dags/list_s3_bucket_files_dag.py took 0.156 seconds
[2026-02-08T07:03:16.498+0000] {processor.py:161} INFO - Started process (PID=247885) to work on /home/cloud/codings/airflow/dags/list_s3_bucket_files_dag.py
[2026-02-08T07:03:16.512+0000] {processor.py:830} INFO - Processing file /home/cloud/codings/airflow/dags/list_s3_bucket_files_dag.py for tasks to queue
[2026-02-08T07:03:16.514+0000] {logging_mixin.py:188} INFO - [2026-02-08T07:03:16.513+0000] {dagbag.py:545} INFO - Filling up the DagBag from /home/cloud/codings/airflow/dags/list_s3_bucket_files_dag.py
[2026-02-08T07:03:16.533+0000] {processor.py:840} INFO - DAG(s) 'list_s3_bucket_files_dag' retrieved from /home/cloud/codings/airflow/dags/list_s3_bucket_files_dag.py
[2026-02-08T07:03:16.569+0000] {logging_mixin.py:188} INFO - [2026-02-08T07:03:16.569+0000] {dag.py:3089} INFO - Sync 1 DAGs
[2026-02-08T07:03:16.592+0000] {logging_mixin.py:188} INFO - [2026-02-08T07:03:16.592+0000] {dag.py:3947} INFO - Setting next_dagrun for list_s3_bucket_files_dag to None, run_after=None
[2026-02-08T07:03:16.631+0000] {processor.py:183} INFO - Processing /home/cloud/codings/airflow/dags/list_s3_bucket_files_dag.py took 0.146 seconds
[2026-02-08T07:03:46.826+0000] {processor.py:161} INFO - Started process (PID=248098) to work on /home/cloud/codings/airflow/dags/list_s3_bucket_files_dag.py
[2026-02-08T07:03:46.843+0000] {processor.py:830} INFO - Processing file /home/cloud/codings/airflow/dags/list_s3_bucket_files_dag.py for tasks to queue
[2026-02-08T07:03:46.844+0000] {logging_mixin.py:188} INFO - [2026-02-08T07:03:46.844+0000] {dagbag.py:545} INFO - Filling up the DagBag from /home/cloud/codings/airflow/dags/list_s3_bucket_files_dag.py
[2026-02-08T07:03:46.861+0000] {processor.py:840} INFO - DAG(s) 'list_s3_bucket_files_dag' retrieved from /home/cloud/codings/airflow/dags/list_s3_bucket_files_dag.py
[2026-02-08T07:03:46.888+0000] {logging_mixin.py:188} INFO - [2026-02-08T07:03:46.888+0000] {dag.py:3089} INFO - Sync 1 DAGs
[2026-02-08T07:03:46.904+0000] {logging_mixin.py:188} INFO - [2026-02-08T07:03:46.904+0000] {dag.py:3947} INFO - Setting next_dagrun for list_s3_bucket_files_dag to None, run_after=None
[2026-02-08T07:03:46.931+0000] {processor.py:183} INFO - Processing /home/cloud/codings/airflow/dags/list_s3_bucket_files_dag.py took 0.116 seconds
[2026-02-08T07:04:17.172+0000] {processor.py:161} INFO - Started process (PID=248372) to work on /home/cloud/codings/airflow/dags/list_s3_bucket_files_dag.py
[2026-02-08T07:04:17.174+0000] {processor.py:830} INFO - Processing file /home/cloud/codings/airflow/dags/list_s3_bucket_files_dag.py for tasks to queue
[2026-02-08T07:04:17.177+0000] {logging_mixin.py:188} INFO - [2026-02-08T07:04:17.176+0000] {dagbag.py:545} INFO - Filling up the DagBag from /home/cloud/codings/airflow/dags/list_s3_bucket_files_dag.py
[2026-02-08T07:04:17.206+0000] {processor.py:840} INFO - DAG(s) 'list_s3_bucket_files_dag' retrieved from /home/cloud/codings/airflow/dags/list_s3_bucket_files_dag.py
[2026-02-08T07:04:17.249+0000] {logging_mixin.py:188} INFO - [2026-02-08T07:04:17.249+0000] {dag.py:3089} INFO - Sync 1 DAGs
[2026-02-08T07:04:17.270+0000] {logging_mixin.py:188} INFO - [2026-02-08T07:04:17.270+0000] {dag.py:3947} INFO - Setting next_dagrun for list_s3_bucket_files_dag to None, run_after=None
[2026-02-08T07:04:17.305+0000] {processor.py:183} INFO - Processing /home/cloud/codings/airflow/dags/list_s3_bucket_files_dag.py took 0.148 seconds
[2026-02-08T07:04:48.460+0000] {processor.py:161} INFO - Started process (PID=248592) to work on /home/cloud/codings/airflow/dags/list_s3_bucket_files_dag.py
[2026-02-08T07:04:48.467+0000] {processor.py:830} INFO - Processing file /home/cloud/codings/airflow/dags/list_s3_bucket_files_dag.py for tasks to queue
[2026-02-08T07:04:48.472+0000] {logging_mixin.py:188} INFO - [2026-02-08T07:04:48.470+0000] {dagbag.py:545} INFO - Filling up the DagBag from /home/cloud/codings/airflow/dags/list_s3_bucket_files_dag.py
[2026-02-08T07:04:48.495+0000] {processor.py:840} INFO - DAG(s) 'list_s3_bucket_files_dag' retrieved from /home/cloud/codings/airflow/dags/list_s3_bucket_files_dag.py
[2026-02-08T07:04:48.547+0000] {logging_mixin.py:188} INFO - [2026-02-08T07:04:48.547+0000] {dag.py:3089} INFO - Sync 1 DAGs
[2026-02-08T07:04:48.578+0000] {logging_mixin.py:188} INFO - [2026-02-08T07:04:48.578+0000] {dag.py:3947} INFO - Setting next_dagrun for list_s3_bucket_files_dag to None, run_after=None
[2026-02-08T07:04:48.657+0000] {processor.py:183} INFO - Processing /home/cloud/codings/airflow/dags/list_s3_bucket_files_dag.py took 0.221 seconds
[2026-02-08T07:05:18.839+0000] {processor.py:161} INFO - Started process (PID=248792) to work on /home/cloud/codings/airflow/dags/list_s3_bucket_files_dag.py
[2026-02-08T07:05:18.857+0000] {processor.py:830} INFO - Processing file /home/cloud/codings/airflow/dags/list_s3_bucket_files_dag.py for tasks to queue
[2026-02-08T07:05:18.859+0000] {logging_mixin.py:188} INFO - [2026-02-08T07:05:18.858+0000] {dagbag.py:545} INFO - Filling up the DagBag from /home/cloud/codings/airflow/dags/list_s3_bucket_files_dag.py
[2026-02-08T07:05:18.885+0000] {processor.py:840} INFO - DAG(s) 'list_s3_bucket_files_dag' retrieved from /home/cloud/codings/airflow/dags/list_s3_bucket_files_dag.py
[2026-02-08T07:05:18.937+0000] {logging_mixin.py:188} INFO - [2026-02-08T07:05:18.936+0000] {dag.py:3089} INFO - Sync 1 DAGs
[2026-02-08T07:05:18.979+0000] {logging_mixin.py:188} INFO - [2026-02-08T07:05:18.979+0000] {dag.py:3947} INFO - Setting next_dagrun for list_s3_bucket_files_dag to None, run_after=None
[2026-02-08T07:05:19.047+0000] {processor.py:183} INFO - Processing /home/cloud/codings/airflow/dags/list_s3_bucket_files_dag.py took 0.221 seconds
[2026-02-08T07:05:49.236+0000] {processor.py:161} INFO - Started process (PID=248982) to work on /home/cloud/codings/airflow/dags/list_s3_bucket_files_dag.py
[2026-02-08T07:05:49.238+0000] {processor.py:830} INFO - Processing file /home/cloud/codings/airflow/dags/list_s3_bucket_files_dag.py for tasks to queue
[2026-02-08T07:05:49.240+0000] {logging_mixin.py:188} INFO - [2026-02-08T07:05:49.239+0000] {dagbag.py:545} INFO - Filling up the DagBag from /home/cloud/codings/airflow/dags/list_s3_bucket_files_dag.py
[2026-02-08T07:05:49.271+0000] {processor.py:840} INFO - DAG(s) 'list_s3_bucket_files_dag' retrieved from /home/cloud/codings/airflow/dags/list_s3_bucket_files_dag.py
[2026-02-08T07:05:49.312+0000] {logging_mixin.py:188} INFO - [2026-02-08T07:05:49.311+0000] {dag.py:3089} INFO - Sync 1 DAGs
[2026-02-08T07:05:49.343+0000] {logging_mixin.py:188} INFO - [2026-02-08T07:05:49.343+0000] {dag.py:3947} INFO - Setting next_dagrun for list_s3_bucket_files_dag to None, run_after=None
[2026-02-08T07:05:49.399+0000] {processor.py:183} INFO - Processing /home/cloud/codings/airflow/dags/list_s3_bucket_files_dag.py took 0.179 seconds
[2026-02-08T07:06:19.544+0000] {processor.py:161} INFO - Started process (PID=249187) to work on /home/cloud/codings/airflow/dags/list_s3_bucket_files_dag.py
[2026-02-08T07:06:19.562+0000] {processor.py:830} INFO - Processing file /home/cloud/codings/airflow/dags/list_s3_bucket_files_dag.py for tasks to queue
[2026-02-08T07:06:19.564+0000] {logging_mixin.py:188} INFO - [2026-02-08T07:06:19.563+0000] {dagbag.py:545} INFO - Filling up the DagBag from /home/cloud/codings/airflow/dags/list_s3_bucket_files_dag.py
[2026-02-08T07:06:19.578+0000] {processor.py:840} INFO - DAG(s) 'list_s3_bucket_files_dag' retrieved from /home/cloud/codings/airflow/dags/list_s3_bucket_files_dag.py
[2026-02-08T07:06:19.609+0000] {logging_mixin.py:188} INFO - [2026-02-08T07:06:19.608+0000] {dag.py:3089} INFO - Sync 1 DAGs
[2026-02-08T07:06:19.629+0000] {logging_mixin.py:188} INFO - [2026-02-08T07:06:19.629+0000] {dag.py:3947} INFO - Setting next_dagrun for list_s3_bucket_files_dag to None, run_after=None
[2026-02-08T07:06:19.661+0000] {processor.py:183} INFO - Processing /home/cloud/codings/airflow/dags/list_s3_bucket_files_dag.py took 0.133 seconds
[2026-02-08T07:06:49.860+0000] {processor.py:161} INFO - Started process (PID=249405) to work on /home/cloud/codings/airflow/dags/list_s3_bucket_files_dag.py
[2026-02-08T07:06:49.863+0000] {processor.py:830} INFO - Processing file /home/cloud/codings/airflow/dags/list_s3_bucket_files_dag.py for tasks to queue
[2026-02-08T07:06:49.865+0000] {logging_mixin.py:188} INFO - [2026-02-08T07:06:49.864+0000] {dagbag.py:545} INFO - Filling up the DagBag from /home/cloud/codings/airflow/dags/list_s3_bucket_files_dag.py
[2026-02-08T07:06:49.884+0000] {processor.py:840} INFO - DAG(s) 'list_s3_bucket_files_dag' retrieved from /home/cloud/codings/airflow/dags/list_s3_bucket_files_dag.py
[2026-02-08T07:06:49.930+0000] {logging_mixin.py:188} INFO - [2026-02-08T07:06:49.929+0000] {dag.py:3089} INFO - Sync 1 DAGs
[2026-02-08T07:06:49.956+0000] {logging_mixin.py:188} INFO - [2026-02-08T07:06:49.955+0000] {dag.py:3947} INFO - Setting next_dagrun for list_s3_bucket_files_dag to None, run_after=None
[2026-02-08T07:06:49.999+0000] {processor.py:183} INFO - Processing /home/cloud/codings/airflow/dags/list_s3_bucket_files_dag.py took 0.153 seconds
[2026-02-08T07:07:20.154+0000] {processor.py:161} INFO - Started process (PID=249461) to work on /home/cloud/codings/airflow/dags/list_s3_bucket_files_dag.py
[2026-02-08T07:07:20.156+0000] {processor.py:830} INFO - Processing file /home/cloud/codings/airflow/dags/list_s3_bucket_files_dag.py for tasks to queue
[2026-02-08T07:07:20.158+0000] {logging_mixin.py:188} INFO - [2026-02-08T07:07:20.157+0000] {dagbag.py:545} INFO - Filling up the DagBag from /home/cloud/codings/airflow/dags/list_s3_bucket_files_dag.py
[2026-02-08T07:07:20.176+0000] {processor.py:840} INFO - DAG(s) 'list_s3_bucket_files_dag' retrieved from /home/cloud/codings/airflow/dags/list_s3_bucket_files_dag.py
[2026-02-08T07:07:20.220+0000] {logging_mixin.py:188} INFO - [2026-02-08T07:07:20.219+0000] {dag.py:3089} INFO - Sync 1 DAGs
[2026-02-08T07:07:20.250+0000] {logging_mixin.py:188} INFO - [2026-02-08T07:07:20.250+0000] {dag.py:3947} INFO - Setting next_dagrun for list_s3_bucket_files_dag to None, run_after=None
[2026-02-08T07:07:20.295+0000] {processor.py:183} INFO - Processing /home/cloud/codings/airflow/dags/list_s3_bucket_files_dag.py took 0.154 seconds
[2026-02-08T07:07:50.475+0000] {processor.py:161} INFO - Started process (PID=249527) to work on /home/cloud/codings/airflow/dags/list_s3_bucket_files_dag.py
[2026-02-08T07:07:50.478+0000] {processor.py:830} INFO - Processing file /home/cloud/codings/airflow/dags/list_s3_bucket_files_dag.py for tasks to queue
[2026-02-08T07:07:50.482+0000] {logging_mixin.py:188} INFO - [2026-02-08T07:07:50.480+0000] {dagbag.py:545} INFO - Filling up the DagBag from /home/cloud/codings/airflow/dags/list_s3_bucket_files_dag.py
[2026-02-08T07:07:50.513+0000] {processor.py:840} INFO - DAG(s) 'list_s3_bucket_files_dag' retrieved from /home/cloud/codings/airflow/dags/list_s3_bucket_files_dag.py
[2026-02-08T07:07:50.563+0000] {logging_mixin.py:188} INFO - [2026-02-08T07:07:50.562+0000] {dag.py:3089} INFO - Sync 1 DAGs
[2026-02-08T07:07:50.587+0000] {logging_mixin.py:188} INFO - [2026-02-08T07:07:50.586+0000] {dag.py:3947} INFO - Setting next_dagrun for list_s3_bucket_files_dag to None, run_after=None
[2026-02-08T07:07:50.645+0000] {processor.py:183} INFO - Processing /home/cloud/codings/airflow/dags/list_s3_bucket_files_dag.py took 0.190 seconds
[2026-02-08T07:08:20.786+0000] {processor.py:161} INFO - Started process (PID=249583) to work on /home/cloud/codings/airflow/dags/list_s3_bucket_files_dag.py
[2026-02-08T07:08:20.788+0000] {processor.py:830} INFO - Processing file /home/cloud/codings/airflow/dags/list_s3_bucket_files_dag.py for tasks to queue
[2026-02-08T07:08:20.790+0000] {logging_mixin.py:188} INFO - [2026-02-08T07:08:20.790+0000] {dagbag.py:545} INFO - Filling up the DagBag from /home/cloud/codings/airflow/dags/list_s3_bucket_files_dag.py
[2026-02-08T07:08:20.810+0000] {processor.py:840} INFO - DAG(s) 'list_s3_bucket_files_dag' retrieved from /home/cloud/codings/airflow/dags/list_s3_bucket_files_dag.py
[2026-02-08T07:08:20.849+0000] {logging_mixin.py:188} INFO - [2026-02-08T07:08:20.849+0000] {dag.py:3089} INFO - Sync 1 DAGs
[2026-02-08T07:08:20.875+0000] {logging_mixin.py:188} INFO - [2026-02-08T07:08:20.875+0000] {dag.py:3947} INFO - Setting next_dagrun for list_s3_bucket_files_dag to None, run_after=None
[2026-02-08T07:08:20.915+0000] {processor.py:183} INFO - Processing /home/cloud/codings/airflow/dags/list_s3_bucket_files_dag.py took 0.144 seconds
[2026-02-08T07:08:51.088+0000] {processor.py:161} INFO - Started process (PID=249809) to work on /home/cloud/codings/airflow/dags/list_s3_bucket_files_dag.py
[2026-02-08T07:08:51.090+0000] {processor.py:830} INFO - Processing file /home/cloud/codings/airflow/dags/list_s3_bucket_files_dag.py for tasks to queue
[2026-02-08T07:08:51.091+0000] {logging_mixin.py:188} INFO - [2026-02-08T07:08:51.091+0000] {dagbag.py:545} INFO - Filling up the DagBag from /home/cloud/codings/airflow/dags/list_s3_bucket_files_dag.py
[2026-02-08T07:08:51.107+0000] {processor.py:840} INFO - DAG(s) 'list_s3_bucket_files_dag' retrieved from /home/cloud/codings/airflow/dags/list_s3_bucket_files_dag.py
[2026-02-08T07:08:51.139+0000] {logging_mixin.py:188} INFO - [2026-02-08T07:08:51.138+0000] {dag.py:3089} INFO - Sync 1 DAGs
[2026-02-08T07:08:51.159+0000] {logging_mixin.py:188} INFO - [2026-02-08T07:08:51.159+0000] {dag.py:3947} INFO - Setting next_dagrun for list_s3_bucket_files_dag to None, run_after=None
[2026-02-08T07:08:51.196+0000] {processor.py:183} INFO - Processing /home/cloud/codings/airflow/dags/list_s3_bucket_files_dag.py took 0.119 seconds
[2026-02-08T07:09:22.495+0000] {processor.py:161} INFO - Started process (PID=250016) to work on /home/cloud/codings/airflow/dags/list_s3_bucket_files_dag.py
[2026-02-08T07:09:22.516+0000] {processor.py:830} INFO - Processing file /home/cloud/codings/airflow/dags/list_s3_bucket_files_dag.py for tasks to queue
[2026-02-08T07:09:22.518+0000] {logging_mixin.py:188} INFO - [2026-02-08T07:09:22.517+0000] {dagbag.py:545} INFO - Filling up the DagBag from /home/cloud/codings/airflow/dags/list_s3_bucket_files_dag.py
[2026-02-08T07:09:22.536+0000] {processor.py:840} INFO - DAG(s) 'list_s3_bucket_files_dag' retrieved from /home/cloud/codings/airflow/dags/list_s3_bucket_files_dag.py
[2026-02-08T07:09:22.564+0000] {logging_mixin.py:188} INFO - [2026-02-08T07:09:22.563+0000] {dag.py:3089} INFO - Sync 1 DAGs
[2026-02-08T07:09:22.579+0000] {logging_mixin.py:188} INFO - [2026-02-08T07:09:22.579+0000] {dag.py:3947} INFO - Setting next_dagrun for list_s3_bucket_files_dag to None, run_after=None
[2026-02-08T07:09:22.609+0000] {processor.py:183} INFO - Processing /home/cloud/codings/airflow/dags/list_s3_bucket_files_dag.py took 0.127 seconds
[2026-02-08T07:09:52.950+0000] {processor.py:161} INFO - Started process (PID=250217) to work on /home/cloud/codings/airflow/dags/list_s3_bucket_files_dag.py
[2026-02-08T07:09:52.977+0000] {processor.py:830} INFO - Processing file /home/cloud/codings/airflow/dags/list_s3_bucket_files_dag.py for tasks to queue
[2026-02-08T07:09:52.979+0000] {logging_mixin.py:188} INFO - [2026-02-08T07:09:52.978+0000] {dagbag.py:545} INFO - Filling up the DagBag from /home/cloud/codings/airflow/dags/list_s3_bucket_files_dag.py
[2026-02-08T07:09:52.995+0000] {processor.py:840} INFO - DAG(s) 'list_s3_bucket_files_dag' retrieved from /home/cloud/codings/airflow/dags/list_s3_bucket_files_dag.py
[2026-02-08T07:09:53.029+0000] {logging_mixin.py:188} INFO - [2026-02-08T07:09:53.028+0000] {dag.py:3089} INFO - Sync 1 DAGs
[2026-02-08T07:09:53.049+0000] {logging_mixin.py:188} INFO - [2026-02-08T07:09:53.049+0000] {dag.py:3947} INFO - Setting next_dagrun for list_s3_bucket_files_dag to None, run_after=None
[2026-02-08T07:09:53.096+0000] {processor.py:183} INFO - Processing /home/cloud/codings/airflow/dags/list_s3_bucket_files_dag.py took 0.163 seconds
[2026-02-08T07:10:23.267+0000] {processor.py:161} INFO - Started process (PID=250376) to work on /home/cloud/codings/airflow/dags/list_s3_bucket_files_dag.py
[2026-02-08T07:10:23.269+0000] {processor.py:830} INFO - Processing file /home/cloud/codings/airflow/dags/list_s3_bucket_files_dag.py for tasks to queue
[2026-02-08T07:10:23.271+0000] {logging_mixin.py:188} INFO - [2026-02-08T07:10:23.270+0000] {dagbag.py:545} INFO - Filling up the DagBag from /home/cloud/codings/airflow/dags/list_s3_bucket_files_dag.py
[2026-02-08T07:10:23.283+0000] {processor.py:840} INFO - DAG(s) 'list_s3_bucket_files_dag' retrieved from /home/cloud/codings/airflow/dags/list_s3_bucket_files_dag.py
[2026-02-08T07:10:23.308+0000] {logging_mixin.py:188} INFO - [2026-02-08T07:10:23.308+0000] {dag.py:3089} INFO - Sync 1 DAGs
[2026-02-08T07:10:23.326+0000] {logging_mixin.py:188} INFO - [2026-02-08T07:10:23.326+0000] {dag.py:3947} INFO - Setting next_dagrun for list_s3_bucket_files_dag to None, run_after=None
[2026-02-08T07:10:23.362+0000] {processor.py:183} INFO - Processing /home/cloud/codings/airflow/dags/list_s3_bucket_files_dag.py took 0.104 seconds
[2026-02-08T07:10:53.606+0000] {processor.py:161} INFO - Started process (PID=250482) to work on /home/cloud/codings/airflow/dags/list_s3_bucket_files_dag.py
[2026-02-08T07:10:53.627+0000] {processor.py:830} INFO - Processing file /home/cloud/codings/airflow/dags/list_s3_bucket_files_dag.py for tasks to queue
[2026-02-08T07:10:53.629+0000] {logging_mixin.py:188} INFO - [2026-02-08T07:10:53.628+0000] {dagbag.py:545} INFO - Filling up the DagBag from /home/cloud/codings/airflow/dags/list_s3_bucket_files_dag.py
[2026-02-08T07:10:53.642+0000] {processor.py:840} INFO - DAG(s) 'list_s3_bucket_files_dag' retrieved from /home/cloud/codings/airflow/dags/list_s3_bucket_files_dag.py
[2026-02-08T07:10:53.670+0000] {logging_mixin.py:188} INFO - [2026-02-08T07:10:53.670+0000] {dag.py:3089} INFO - Sync 1 DAGs
[2026-02-08T07:10:53.686+0000] {logging_mixin.py:188} INFO - [2026-02-08T07:10:53.686+0000] {dag.py:3947} INFO - Setting next_dagrun for list_s3_bucket_files_dag to None, run_after=None
[2026-02-08T07:10:53.715+0000] {processor.py:183} INFO - Processing /home/cloud/codings/airflow/dags/list_s3_bucket_files_dag.py took 0.116 seconds
[2026-02-08T07:11:23.920+0000] {processor.py:161} INFO - Started process (PID=250689) to work on /home/cloud/codings/airflow/dags/list_s3_bucket_files_dag.py
[2026-02-08T07:11:23.922+0000] {processor.py:830} INFO - Processing file /home/cloud/codings/airflow/dags/list_s3_bucket_files_dag.py for tasks to queue
[2026-02-08T07:11:23.923+0000] {logging_mixin.py:188} INFO - [2026-02-08T07:11:23.922+0000] {dagbag.py:545} INFO - Filling up the DagBag from /home/cloud/codings/airflow/dags/list_s3_bucket_files_dag.py
[2026-02-08T07:11:23.939+0000] {processor.py:840} INFO - DAG(s) 'list_s3_bucket_files_dag' retrieved from /home/cloud/codings/airflow/dags/list_s3_bucket_files_dag.py
[2026-02-08T07:11:23.969+0000] {logging_mixin.py:188} INFO - [2026-02-08T07:11:23.968+0000] {dag.py:3089} INFO - Sync 1 DAGs
[2026-02-08T07:11:23.985+0000] {logging_mixin.py:188} INFO - [2026-02-08T07:11:23.985+0000] {dag.py:3947} INFO - Setting next_dagrun for list_s3_bucket_files_dag to None, run_after=None
[2026-02-08T07:11:24.014+0000] {processor.py:183} INFO - Processing /home/cloud/codings/airflow/dags/list_s3_bucket_files_dag.py took 0.103 seconds
[2026-02-08T07:11:54.216+0000] {processor.py:161} INFO - Started process (PID=250967) to work on /home/cloud/codings/airflow/dags/list_s3_bucket_files_dag.py
[2026-02-08T07:11:54.217+0000] {processor.py:830} INFO - Processing file /home/cloud/codings/airflow/dags/list_s3_bucket_files_dag.py for tasks to queue
[2026-02-08T07:11:54.219+0000] {logging_mixin.py:188} INFO - [2026-02-08T07:11:54.218+0000] {dagbag.py:545} INFO - Filling up the DagBag from /home/cloud/codings/airflow/dags/list_s3_bucket_files_dag.py
[2026-02-08T07:11:54.233+0000] {processor.py:840} INFO - DAG(s) 'list_s3_bucket_files_dag' retrieved from /home/cloud/codings/airflow/dags/list_s3_bucket_files_dag.py
[2026-02-08T07:11:54.259+0000] {logging_mixin.py:188} INFO - [2026-02-08T07:11:54.259+0000] {dag.py:3089} INFO - Sync 1 DAGs
[2026-02-08T07:11:54.276+0000] {logging_mixin.py:188} INFO - [2026-02-08T07:11:54.276+0000] {dag.py:3947} INFO - Setting next_dagrun for list_s3_bucket_files_dag to None, run_after=None
[2026-02-08T07:11:54.316+0000] {processor.py:183} INFO - Processing /home/cloud/codings/airflow/dags/list_s3_bucket_files_dag.py took 0.110 seconds
[2026-02-08T07:12:24.690+0000] {processor.py:161} INFO - Started process (PID=251174) to work on /home/cloud/codings/airflow/dags/list_s3_bucket_files_dag.py
[2026-02-08T07:12:24.692+0000] {processor.py:830} INFO - Processing file /home/cloud/codings/airflow/dags/list_s3_bucket_files_dag.py for tasks to queue
[2026-02-08T07:12:24.693+0000] {logging_mixin.py:188} INFO - [2026-02-08T07:12:24.692+0000] {dagbag.py:545} INFO - Filling up the DagBag from /home/cloud/codings/airflow/dags/list_s3_bucket_files_dag.py
[2026-02-08T07:12:24.704+0000] {processor.py:840} INFO - DAG(s) 'list_s3_bucket_files_dag' retrieved from /home/cloud/codings/airflow/dags/list_s3_bucket_files_dag.py
[2026-02-08T07:12:24.725+0000] {logging_mixin.py:188} INFO - [2026-02-08T07:12:24.725+0000] {dag.py:3089} INFO - Sync 1 DAGs
[2026-02-08T07:12:24.740+0000] {logging_mixin.py:188} INFO - [2026-02-08T07:12:24.740+0000] {dag.py:3947} INFO - Setting next_dagrun for list_s3_bucket_files_dag to None, run_after=None
[2026-02-08T07:12:24.764+0000] {processor.py:183} INFO - Processing /home/cloud/codings/airflow/dags/list_s3_bucket_files_dag.py took 0.084 seconds
[2026-02-08T07:12:55.057+0000] {processor.py:161} INFO - Started process (PID=251421) to work on /home/cloud/codings/airflow/dags/list_s3_bucket_files_dag.py
[2026-02-08T07:12:55.075+0000] {processor.py:830} INFO - Processing file /home/cloud/codings/airflow/dags/list_s3_bucket_files_dag.py for tasks to queue
[2026-02-08T07:12:55.076+0000] {logging_mixin.py:188} INFO - [2026-02-08T07:12:55.076+0000] {dagbag.py:545} INFO - Filling up the DagBag from /home/cloud/codings/airflow/dags/list_s3_bucket_files_dag.py
[2026-02-08T07:12:55.087+0000] {processor.py:840} INFO - DAG(s) 'list_s3_bucket_files_dag' retrieved from /home/cloud/codings/airflow/dags/list_s3_bucket_files_dag.py
[2026-02-08T07:12:55.109+0000] {logging_mixin.py:188} INFO - [2026-02-08T07:12:55.109+0000] {dag.py:3089} INFO - Sync 1 DAGs
[2026-02-08T07:12:55.124+0000] {logging_mixin.py:188} INFO - [2026-02-08T07:12:55.123+0000] {dag.py:3947} INFO - Setting next_dagrun for list_s3_bucket_files_dag to None, run_after=None
[2026-02-08T07:12:55.147+0000] {processor.py:183} INFO - Processing /home/cloud/codings/airflow/dags/list_s3_bucket_files_dag.py took 0.096 seconds
[2026-02-08T07:13:25.322+0000] {processor.py:161} INFO - Started process (PID=251634) to work on /home/cloud/codings/airflow/dags/list_s3_bucket_files_dag.py
[2026-02-08T07:13:25.324+0000] {processor.py:830} INFO - Processing file /home/cloud/codings/airflow/dags/list_s3_bucket_files_dag.py for tasks to queue
[2026-02-08T07:13:25.326+0000] {logging_mixin.py:188} INFO - [2026-02-08T07:13:25.325+0000] {dagbag.py:545} INFO - Filling up the DagBag from /home/cloud/codings/airflow/dags/list_s3_bucket_files_dag.py
[2026-02-08T07:13:25.344+0000] {processor.py:840} INFO - DAG(s) 'list_s3_bucket_files_dag' retrieved from /home/cloud/codings/airflow/dags/list_s3_bucket_files_dag.py
[2026-02-08T07:13:25.380+0000] {logging_mixin.py:188} INFO - [2026-02-08T07:13:25.380+0000] {dag.py:3089} INFO - Sync 1 DAGs
[2026-02-08T07:13:25.412+0000] {logging_mixin.py:188} INFO - [2026-02-08T07:13:25.412+0000] {dag.py:3947} INFO - Setting next_dagrun for list_s3_bucket_files_dag to None, run_after=None
[2026-02-08T07:13:25.461+0000] {processor.py:183} INFO - Processing /home/cloud/codings/airflow/dags/list_s3_bucket_files_dag.py took 0.153 seconds
[2026-02-08T07:13:55.781+0000] {processor.py:161} INFO - Started process (PID=251893) to work on /home/cloud/codings/airflow/dags/list_s3_bucket_files_dag.py
[2026-02-08T07:13:55.783+0000] {processor.py:830} INFO - Processing file /home/cloud/codings/airflow/dags/list_s3_bucket_files_dag.py for tasks to queue
[2026-02-08T07:13:55.784+0000] {logging_mixin.py:188} INFO - [2026-02-08T07:13:55.783+0000] {dagbag.py:545} INFO - Filling up the DagBag from /home/cloud/codings/airflow/dags/list_s3_bucket_files_dag.py
[2026-02-08T07:13:55.796+0000] {processor.py:840} INFO - DAG(s) 'list_s3_bucket_files_dag' retrieved from /home/cloud/codings/airflow/dags/list_s3_bucket_files_dag.py
[2026-02-08T07:13:55.829+0000] {logging_mixin.py:188} INFO - [2026-02-08T07:13:55.828+0000] {dag.py:3089} INFO - Sync 1 DAGs
[2026-02-08T07:13:55.851+0000] {logging_mixin.py:188} INFO - [2026-02-08T07:13:55.851+0000] {dag.py:3947} INFO - Setting next_dagrun for list_s3_bucket_files_dag to None, run_after=None
[2026-02-08T07:13:55.883+0000] {processor.py:183} INFO - Processing /home/cloud/codings/airflow/dags/list_s3_bucket_files_dag.py took 0.110 seconds
[2026-02-08T07:14:26.631+0000] {processor.py:161} INFO - Started process (PID=252150) to work on /home/cloud/codings/airflow/dags/list_s3_bucket_files_dag.py
[2026-02-08T07:14:26.634+0000] {processor.py:830} INFO - Processing file /home/cloud/codings/airflow/dags/list_s3_bucket_files_dag.py for tasks to queue
[2026-02-08T07:14:26.636+0000] {logging_mixin.py:188} INFO - [2026-02-08T07:14:26.635+0000] {dagbag.py:545} INFO - Filling up the DagBag from /home/cloud/codings/airflow/dags/list_s3_bucket_files_dag.py
[2026-02-08T07:14:26.651+0000] {processor.py:840} INFO - DAG(s) 'list_s3_bucket_files_dag' retrieved from /home/cloud/codings/airflow/dags/list_s3_bucket_files_dag.py
[2026-02-08T07:14:26.677+0000] {logging_mixin.py:188} INFO - [2026-02-08T07:14:26.676+0000] {dag.py:3089} INFO - Sync 1 DAGs
[2026-02-08T07:14:26.697+0000] {logging_mixin.py:188} INFO - [2026-02-08T07:14:26.696+0000] {dag.py:3947} INFO - Setting next_dagrun for list_s3_bucket_files_dag to None, run_after=None
[2026-02-08T07:14:26.728+0000] {processor.py:183} INFO - Processing /home/cloud/codings/airflow/dags/list_s3_bucket_files_dag.py took 0.113 seconds
[2026-02-08T07:14:57.469+0000] {processor.py:161} INFO - Started process (PID=252382) to work on /home/cloud/codings/airflow/dags/list_s3_bucket_files_dag.py
[2026-02-08T07:14:57.470+0000] {processor.py:830} INFO - Processing file /home/cloud/codings/airflow/dags/list_s3_bucket_files_dag.py for tasks to queue
[2026-02-08T07:14:57.471+0000] {logging_mixin.py:188} INFO - [2026-02-08T07:14:57.470+0000] {dagbag.py:545} INFO - Filling up the DagBag from /home/cloud/codings/airflow/dags/list_s3_bucket_files_dag.py
[2026-02-08T07:14:57.484+0000] {processor.py:840} INFO - DAG(s) 'list_s3_bucket_files_dag' retrieved from /home/cloud/codings/airflow/dags/list_s3_bucket_files_dag.py
[2026-02-08T07:14:57.516+0000] {logging_mixin.py:188} INFO - [2026-02-08T07:14:57.515+0000] {dag.py:3089} INFO - Sync 1 DAGs
[2026-02-08T07:14:57.535+0000] {logging_mixin.py:188} INFO - [2026-02-08T07:14:57.535+0000] {dag.py:3947} INFO - Setting next_dagrun for list_s3_bucket_files_dag to None, run_after=None
[2026-02-08T07:14:57.567+0000] {processor.py:183} INFO - Processing /home/cloud/codings/airflow/dags/list_s3_bucket_files_dag.py took 0.107 seconds
[2026-02-08T07:15:28.182+0000] {processor.py:161} INFO - Started process (PID=252585) to work on /home/cloud/codings/airflow/dags/list_s3_bucket_files_dag.py
[2026-02-08T07:15:28.184+0000] {processor.py:830} INFO - Processing file /home/cloud/codings/airflow/dags/list_s3_bucket_files_dag.py for tasks to queue
[2026-02-08T07:15:28.187+0000] {logging_mixin.py:188} INFO - [2026-02-08T07:15:28.185+0000] {dagbag.py:545} INFO - Filling up the DagBag from /home/cloud/codings/airflow/dags/list_s3_bucket_files_dag.py
[2026-02-08T07:15:28.218+0000] {processor.py:840} INFO - DAG(s) 'list_s3_bucket_files_dag' retrieved from /home/cloud/codings/airflow/dags/list_s3_bucket_files_dag.py
[2026-02-08T07:15:28.261+0000] {logging_mixin.py:188} INFO - [2026-02-08T07:15:28.260+0000] {dag.py:3089} INFO - Sync 1 DAGs
[2026-02-08T07:15:28.288+0000] {logging_mixin.py:188} INFO - [2026-02-08T07:15:28.287+0000] {dag.py:3947} INFO - Setting next_dagrun for list_s3_bucket_files_dag to None, run_after=None
[2026-02-08T07:15:28.342+0000] {processor.py:183} INFO - Processing /home/cloud/codings/airflow/dags/list_s3_bucket_files_dag.py took 0.177 seconds
[2026-02-08T07:15:58.865+0000] {processor.py:161} INFO - Started process (PID=252681) to work on /home/cloud/codings/airflow/dags/list_s3_bucket_files_dag.py
[2026-02-08T07:15:58.887+0000] {processor.py:830} INFO - Processing file /home/cloud/codings/airflow/dags/list_s3_bucket_files_dag.py for tasks to queue
[2026-02-08T07:15:58.891+0000] {logging_mixin.py:188} INFO - [2026-02-08T07:15:58.890+0000] {dagbag.py:545} INFO - Filling up the DagBag from /home/cloud/codings/airflow/dags/list_s3_bucket_files_dag.py
[2026-02-08T07:15:58.909+0000] {processor.py:840} INFO - DAG(s) 'list_s3_bucket_files_dag' retrieved from /home/cloud/codings/airflow/dags/list_s3_bucket_files_dag.py
[2026-02-08T07:15:58.936+0000] {logging_mixin.py:188} INFO - [2026-02-08T07:15:58.935+0000] {dag.py:3089} INFO - Sync 1 DAGs
[2026-02-08T07:15:58.958+0000] {logging_mixin.py:188} INFO - [2026-02-08T07:15:58.957+0000] {dag.py:3947} INFO - Setting next_dagrun for list_s3_bucket_files_dag to None, run_after=None
[2026-02-08T07:15:58.992+0000] {processor.py:183} INFO - Processing /home/cloud/codings/airflow/dags/list_s3_bucket_files_dag.py took 0.137 seconds
[2026-02-08T07:16:29.470+0000] {processor.py:161} INFO - Started process (PID=252741) to work on /home/cloud/codings/airflow/dags/list_s3_bucket_files_dag.py
[2026-02-08T07:16:29.471+0000] {processor.py:830} INFO - Processing file /home/cloud/codings/airflow/dags/list_s3_bucket_files_dag.py for tasks to queue
[2026-02-08T07:16:29.473+0000] {logging_mixin.py:188} INFO - [2026-02-08T07:16:29.472+0000] {dagbag.py:545} INFO - Filling up the DagBag from /home/cloud/codings/airflow/dags/list_s3_bucket_files_dag.py
[2026-02-08T07:16:29.518+0000] {processor.py:840} INFO - DAG(s) 'list_s3_bucket_files_dag' retrieved from /home/cloud/codings/airflow/dags/list_s3_bucket_files_dag.py
[2026-02-08T07:16:29.605+0000] {logging_mixin.py:188} INFO - [2026-02-08T07:16:29.604+0000] {dag.py:3089} INFO - Sync 1 DAGs
[2026-02-08T07:16:29.645+0000] {logging_mixin.py:188} INFO - [2026-02-08T07:16:29.644+0000] {dag.py:3947} INFO - Setting next_dagrun for list_s3_bucket_files_dag to None, run_after=None
[2026-02-08T07:16:29.701+0000] {processor.py:183} INFO - Processing /home/cloud/codings/airflow/dags/list_s3_bucket_files_dag.py took 0.247 seconds
[2026-02-08T07:17:00.079+0000] {processor.py:161} INFO - Started process (PID=253015) to work on /home/cloud/codings/airflow/dags/list_s3_bucket_files_dag.py
[2026-02-08T07:17:00.115+0000] {processor.py:830} INFO - Processing file /home/cloud/codings/airflow/dags/list_s3_bucket_files_dag.py for tasks to queue
[2026-02-08T07:17:00.117+0000] {logging_mixin.py:188} INFO - [2026-02-08T07:17:00.116+0000] {dagbag.py:545} INFO - Filling up the DagBag from /home/cloud/codings/airflow/dags/list_s3_bucket_files_dag.py
[2026-02-08T07:17:00.139+0000] {processor.py:840} INFO - DAG(s) 'list_s3_bucket_files_dag' retrieved from /home/cloud/codings/airflow/dags/list_s3_bucket_files_dag.py
[2026-02-08T07:17:00.176+0000] {logging_mixin.py:188} INFO - [2026-02-08T07:17:00.176+0000] {dag.py:3089} INFO - Sync 1 DAGs
[2026-02-08T07:17:00.197+0000] {logging_mixin.py:188} INFO - [2026-02-08T07:17:00.197+0000] {dag.py:3947} INFO - Setting next_dagrun for list_s3_bucket_files_dag to None, run_after=None
[2026-02-08T07:17:00.229+0000] {processor.py:183} INFO - Processing /home/cloud/codings/airflow/dags/list_s3_bucket_files_dag.py took 0.165 seconds
[2026-02-08T07:17:30.848+0000] {processor.py:161} INFO - Started process (PID=253243) to work on /home/cloud/codings/airflow/dags/list_s3_bucket_files_dag.py
[2026-02-08T07:17:30.849+0000] {processor.py:830} INFO - Processing file /home/cloud/codings/airflow/dags/list_s3_bucket_files_dag.py for tasks to queue
[2026-02-08T07:17:30.850+0000] {logging_mixin.py:188} INFO - [2026-02-08T07:17:30.850+0000] {dagbag.py:545} INFO - Filling up the DagBag from /home/cloud/codings/airflow/dags/list_s3_bucket_files_dag.py
[2026-02-08T07:17:30.862+0000] {processor.py:840} INFO - DAG(s) 'list_s3_bucket_files_dag' retrieved from /home/cloud/codings/airflow/dags/list_s3_bucket_files_dag.py
[2026-02-08T07:17:30.886+0000] {logging_mixin.py:188} INFO - [2026-02-08T07:17:30.886+0000] {dag.py:3089} INFO - Sync 1 DAGs
[2026-02-08T07:17:30.901+0000] {logging_mixin.py:188} INFO - [2026-02-08T07:17:30.901+0000] {dag.py:3947} INFO - Setting next_dagrun for list_s3_bucket_files_dag to None, run_after=None
[2026-02-08T07:17:30.930+0000] {processor.py:183} INFO - Processing /home/cloud/codings/airflow/dags/list_s3_bucket_files_dag.py took 0.089 seconds
[2026-02-08T07:18:01.506+0000] {processor.py:161} INFO - Started process (PID=253311) to work on /home/cloud/codings/airflow/dags/list_s3_bucket_files_dag.py
[2026-02-08T07:18:01.532+0000] {processor.py:830} INFO - Processing file /home/cloud/codings/airflow/dags/list_s3_bucket_files_dag.py for tasks to queue
[2026-02-08T07:18:01.534+0000] {logging_mixin.py:188} INFO - [2026-02-08T07:18:01.534+0000] {dagbag.py:545} INFO - Filling up the DagBag from /home/cloud/codings/airflow/dags/list_s3_bucket_files_dag.py
[2026-02-08T07:18:01.558+0000] {processor.py:840} INFO - DAG(s) 'list_s3_bucket_files_dag' retrieved from /home/cloud/codings/airflow/dags/list_s3_bucket_files_dag.py
[2026-02-08T07:18:01.598+0000] {logging_mixin.py:188} INFO - [2026-02-08T07:18:01.597+0000] {dag.py:3089} INFO - Sync 1 DAGs
[2026-02-08T07:18:01.618+0000] {logging_mixin.py:188} INFO - [2026-02-08T07:18:01.618+0000] {dag.py:3947} INFO - Setting next_dagrun for list_s3_bucket_files_dag to None, run_after=None
[2026-02-08T07:18:01.647+0000] {processor.py:183} INFO - Processing /home/cloud/codings/airflow/dags/list_s3_bucket_files_dag.py took 0.155 seconds
[2026-02-08T07:18:32.090+0000] {processor.py:161} INFO - Started process (PID=253375) to work on /home/cloud/codings/airflow/dags/list_s3_bucket_files_dag.py
[2026-02-08T07:18:32.092+0000] {processor.py:830} INFO - Processing file /home/cloud/codings/airflow/dags/list_s3_bucket_files_dag.py for tasks to queue
[2026-02-08T07:18:32.093+0000] {logging_mixin.py:188} INFO - [2026-02-08T07:18:32.092+0000] {dagbag.py:545} INFO - Filling up the DagBag from /home/cloud/codings/airflow/dags/list_s3_bucket_files_dag.py
[2026-02-08T07:18:32.106+0000] {processor.py:840} INFO - DAG(s) 'list_s3_bucket_files_dag' retrieved from /home/cloud/codings/airflow/dags/list_s3_bucket_files_dag.py
[2026-02-08T07:18:32.132+0000] {logging_mixin.py:188} INFO - [2026-02-08T07:18:32.131+0000] {dag.py:3089} INFO - Sync 1 DAGs
[2026-02-08T07:18:32.149+0000] {logging_mixin.py:188} INFO - [2026-02-08T07:18:32.149+0000] {dag.py:3947} INFO - Setting next_dagrun for list_s3_bucket_files_dag to None, run_after=None
[2026-02-08T07:18:32.177+0000] {processor.py:183} INFO - Processing /home/cloud/codings/airflow/dags/list_s3_bucket_files_dag.py took 0.094 seconds
[2026-02-08T07:19:02.707+0000] {processor.py:161} INFO - Started process (PID=253437) to work on /home/cloud/codings/airflow/dags/list_s3_bucket_files_dag.py
[2026-02-08T07:19:02.707+0000] {processor.py:830} INFO - Processing file /home/cloud/codings/airflow/dags/list_s3_bucket_files_dag.py for tasks to queue
[2026-02-08T07:19:02.708+0000] {logging_mixin.py:188} INFO - [2026-02-08T07:19:02.708+0000] {dagbag.py:545} INFO - Filling up the DagBag from /home/cloud/codings/airflow/dags/list_s3_bucket_files_dag.py
[2026-02-08T07:19:02.719+0000] {processor.py:840} INFO - DAG(s) 'list_s3_bucket_files_dag' retrieved from /home/cloud/codings/airflow/dags/list_s3_bucket_files_dag.py
[2026-02-08T07:19:02.742+0000] {logging_mixin.py:188} INFO - [2026-02-08T07:19:02.741+0000] {dag.py:3089} INFO - Sync 1 DAGs
[2026-02-08T07:19:02.756+0000] {logging_mixin.py:188} INFO - [2026-02-08T07:19:02.755+0000] {dag.py:3947} INFO - Setting next_dagrun for list_s3_bucket_files_dag to None, run_after=None
[2026-02-08T07:19:02.783+0000] {processor.py:183} INFO - Processing /home/cloud/codings/airflow/dags/list_s3_bucket_files_dag.py took 0.083 seconds
[2026-02-08T07:19:33.217+0000] {processor.py:161} INFO - Started process (PID=253501) to work on /home/cloud/codings/airflow/dags/list_s3_bucket_files_dag.py
[2026-02-08T07:19:33.235+0000] {processor.py:830} INFO - Processing file /home/cloud/codings/airflow/dags/list_s3_bucket_files_dag.py for tasks to queue
[2026-02-08T07:19:33.236+0000] {logging_mixin.py:188} INFO - [2026-02-08T07:19:33.235+0000] {dagbag.py:545} INFO - Filling up the DagBag from /home/cloud/codings/airflow/dags/list_s3_bucket_files_dag.py
[2026-02-08T07:19:33.249+0000] {processor.py:840} INFO - DAG(s) 'list_s3_bucket_files_dag' retrieved from /home/cloud/codings/airflow/dags/list_s3_bucket_files_dag.py
[2026-02-08T07:19:33.277+0000] {logging_mixin.py:188} INFO - [2026-02-08T07:19:33.277+0000] {dag.py:3089} INFO - Sync 1 DAGs
[2026-02-08T07:19:33.294+0000] {logging_mixin.py:188} INFO - [2026-02-08T07:19:33.294+0000] {dag.py:3947} INFO - Setting next_dagrun for list_s3_bucket_files_dag to None, run_after=None
[2026-02-08T07:19:33.324+0000] {processor.py:183} INFO - Processing /home/cloud/codings/airflow/dags/list_s3_bucket_files_dag.py took 0.114 seconds
[2026-02-08T07:20:03.774+0000] {processor.py:161} INFO - Started process (PID=253561) to work on /home/cloud/codings/airflow/dags/list_s3_bucket_files_dag.py
[2026-02-08T07:20:03.776+0000] {processor.py:830} INFO - Processing file /home/cloud/codings/airflow/dags/list_s3_bucket_files_dag.py for tasks to queue
[2026-02-08T07:20:03.778+0000] {logging_mixin.py:188} INFO - [2026-02-08T07:20:03.777+0000] {dagbag.py:545} INFO - Filling up the DagBag from /home/cloud/codings/airflow/dags/list_s3_bucket_files_dag.py
[2026-02-08T07:20:03.794+0000] {processor.py:840} INFO - DAG(s) 'list_s3_bucket_files_dag' retrieved from /home/cloud/codings/airflow/dags/list_s3_bucket_files_dag.py
[2026-02-08T07:20:03.820+0000] {logging_mixin.py:188} INFO - [2026-02-08T07:20:03.820+0000] {dag.py:3089} INFO - Sync 1 DAGs
[2026-02-08T07:20:03.836+0000] {logging_mixin.py:188} INFO - [2026-02-08T07:20:03.836+0000] {dag.py:3947} INFO - Setting next_dagrun for list_s3_bucket_files_dag to None, run_after=None
[2026-02-08T07:20:03.869+0000] {processor.py:183} INFO - Processing /home/cloud/codings/airflow/dags/list_s3_bucket_files_dag.py took 0.107 seconds
[2026-02-08T07:20:34.267+0000] {processor.py:161} INFO - Started process (PID=253625) to work on /home/cloud/codings/airflow/dags/list_s3_bucket_files_dag.py
[2026-02-08T07:20:34.269+0000] {processor.py:830} INFO - Processing file /home/cloud/codings/airflow/dags/list_s3_bucket_files_dag.py for tasks to queue
[2026-02-08T07:20:34.270+0000] {logging_mixin.py:188} INFO - [2026-02-08T07:20:34.270+0000] {dagbag.py:545} INFO - Filling up the DagBag from /home/cloud/codings/airflow/dags/list_s3_bucket_files_dag.py
[2026-02-08T07:20:34.284+0000] {processor.py:840} INFO - DAG(s) 'list_s3_bucket_files_dag' retrieved from /home/cloud/codings/airflow/dags/list_s3_bucket_files_dag.py
[2026-02-08T07:20:34.312+0000] {logging_mixin.py:188} INFO - [2026-02-08T07:20:34.312+0000] {dag.py:3089} INFO - Sync 1 DAGs
[2026-02-08T07:20:34.330+0000] {logging_mixin.py:188} INFO - [2026-02-08T07:20:34.330+0000] {dag.py:3947} INFO - Setting next_dagrun for list_s3_bucket_files_dag to None, run_after=None
[2026-02-08T07:20:34.361+0000] {processor.py:183} INFO - Processing /home/cloud/codings/airflow/dags/list_s3_bucket_files_dag.py took 0.101 seconds
[2026-02-08T07:21:05.032+0000] {processor.py:161} INFO - Started process (PID=253687) to work on /home/cloud/codings/airflow/dags/list_s3_bucket_files_dag.py
[2026-02-08T07:21:05.033+0000] {processor.py:830} INFO - Processing file /home/cloud/codings/airflow/dags/list_s3_bucket_files_dag.py for tasks to queue
[2026-02-08T07:21:05.034+0000] {logging_mixin.py:188} INFO - [2026-02-08T07:21:05.034+0000] {dagbag.py:545} INFO - Filling up the DagBag from /home/cloud/codings/airflow/dags/list_s3_bucket_files_dag.py
[2026-02-08T07:21:05.045+0000] {processor.py:840} INFO - DAG(s) 'list_s3_bucket_files_dag' retrieved from /home/cloud/codings/airflow/dags/list_s3_bucket_files_dag.py
[2026-02-08T07:21:05.067+0000] {logging_mixin.py:188} INFO - [2026-02-08T07:21:05.067+0000] {dag.py:3089} INFO - Sync 1 DAGs
[2026-02-08T07:21:05.082+0000] {logging_mixin.py:188} INFO - [2026-02-08T07:21:05.082+0000] {dag.py:3947} INFO - Setting next_dagrun for list_s3_bucket_files_dag to None, run_after=None
[2026-02-08T07:21:05.108+0000] {processor.py:183} INFO - Processing /home/cloud/codings/airflow/dags/list_s3_bucket_files_dag.py took 0.082 seconds
[2026-02-08T07:21:35.633+0000] {processor.py:161} INFO - Started process (PID=253956) to work on /home/cloud/codings/airflow/dags/list_s3_bucket_files_dag.py
[2026-02-08T07:21:35.662+0000] {processor.py:830} INFO - Processing file /home/cloud/codings/airflow/dags/list_s3_bucket_files_dag.py for tasks to queue
[2026-02-08T07:21:35.664+0000] {logging_mixin.py:188} INFO - [2026-02-08T07:21:35.663+0000] {dagbag.py:545} INFO - Filling up the DagBag from /home/cloud/codings/airflow/dags/list_s3_bucket_files_dag.py
[2026-02-08T07:21:35.678+0000] {processor.py:840} INFO - DAG(s) 'list_s3_bucket_files_dag' retrieved from /home/cloud/codings/airflow/dags/list_s3_bucket_files_dag.py
[2026-02-08T07:21:35.706+0000] {logging_mixin.py:188} INFO - [2026-02-08T07:21:35.706+0000] {dag.py:3089} INFO - Sync 1 DAGs
[2026-02-08T07:21:35.727+0000] {logging_mixin.py:188} INFO - [2026-02-08T07:21:35.727+0000] {dag.py:3947} INFO - Setting next_dagrun for list_s3_bucket_files_dag to None, run_after=None
[2026-02-08T07:21:35.758+0000] {processor.py:183} INFO - Processing /home/cloud/codings/airflow/dags/list_s3_bucket_files_dag.py took 0.134 seconds
[2026-02-08T07:22:06.217+0000] {processor.py:161} INFO - Started process (PID=254148) to work on /home/cloud/codings/airflow/dags/list_s3_bucket_files_dag.py
[2026-02-08T07:22:06.218+0000] {processor.py:830} INFO - Processing file /home/cloud/codings/airflow/dags/list_s3_bucket_files_dag.py for tasks to queue
[2026-02-08T07:22:06.219+0000] {logging_mixin.py:188} INFO - [2026-02-08T07:22:06.219+0000] {dagbag.py:545} INFO - Filling up the DagBag from /home/cloud/codings/airflow/dags/list_s3_bucket_files_dag.py
[2026-02-08T07:22:06.231+0000] {processor.py:840} INFO - DAG(s) 'list_s3_bucket_files_dag' retrieved from /home/cloud/codings/airflow/dags/list_s3_bucket_files_dag.py
[2026-02-08T07:22:06.256+0000] {logging_mixin.py:188} INFO - [2026-02-08T07:22:06.256+0000] {dag.py:3089} INFO - Sync 1 DAGs
[2026-02-08T07:22:06.272+0000] {logging_mixin.py:188} INFO - [2026-02-08T07:22:06.272+0000] {dag.py:3947} INFO - Setting next_dagrun for list_s3_bucket_files_dag to None, run_after=None
[2026-02-08T07:22:06.305+0000] {processor.py:183} INFO - Processing /home/cloud/codings/airflow/dags/list_s3_bucket_files_dag.py took 0.095 seconds
[2026-02-08T07:22:36.857+0000] {processor.py:161} INFO - Started process (PID=254212) to work on /home/cloud/codings/airflow/dags/list_s3_bucket_files_dag.py
[2026-02-08T07:22:36.882+0000] {processor.py:830} INFO - Processing file /home/cloud/codings/airflow/dags/list_s3_bucket_files_dag.py for tasks to queue
[2026-02-08T07:22:36.883+0000] {logging_mixin.py:188} INFO - [2026-02-08T07:22:36.883+0000] {dagbag.py:545} INFO - Filling up the DagBag from /home/cloud/codings/airflow/dags/list_s3_bucket_files_dag.py
[2026-02-08T07:22:36.895+0000] {processor.py:840} INFO - DAG(s) 'list_s3_bucket_files_dag' retrieved from /home/cloud/codings/airflow/dags/list_s3_bucket_files_dag.py
[2026-02-08T07:22:36.916+0000] {logging_mixin.py:188} INFO - [2026-02-08T07:22:36.915+0000] {dag.py:3089} INFO - Sync 1 DAGs
[2026-02-08T07:22:36.931+0000] {logging_mixin.py:188} INFO - [2026-02-08T07:22:36.931+0000] {dag.py:3947} INFO - Setting next_dagrun for list_s3_bucket_files_dag to None, run_after=None
[2026-02-08T07:22:36.955+0000] {processor.py:183} INFO - Processing /home/cloud/codings/airflow/dags/list_s3_bucket_files_dag.py took 0.106 seconds
[2026-02-08T07:23:07.354+0000] {processor.py:161} INFO - Started process (PID=254274) to work on /home/cloud/codings/airflow/dags/list_s3_bucket_files_dag.py
[2026-02-08T07:23:07.355+0000] {processor.py:830} INFO - Processing file /home/cloud/codings/airflow/dags/list_s3_bucket_files_dag.py for tasks to queue
[2026-02-08T07:23:07.356+0000] {logging_mixin.py:188} INFO - [2026-02-08T07:23:07.356+0000] {dagbag.py:545} INFO - Filling up the DagBag from /home/cloud/codings/airflow/dags/list_s3_bucket_files_dag.py
[2026-02-08T07:23:07.368+0000] {processor.py:840} INFO - DAG(s) 'list_s3_bucket_files_dag' retrieved from /home/cloud/codings/airflow/dags/list_s3_bucket_files_dag.py
[2026-02-08T07:23:07.395+0000] {logging_mixin.py:188} INFO - [2026-02-08T07:23:07.395+0000] {dag.py:3089} INFO - Sync 1 DAGs
[2026-02-08T07:23:07.415+0000] {logging_mixin.py:188} INFO - [2026-02-08T07:23:07.414+0000] {dag.py:3947} INFO - Setting next_dagrun for list_s3_bucket_files_dag to None, run_after=None
[2026-02-08T07:23:07.449+0000] {processor.py:183} INFO - Processing /home/cloud/codings/airflow/dags/list_s3_bucket_files_dag.py took 0.103 seconds
[2026-02-08T07:23:37.906+0000] {processor.py:161} INFO - Started process (PID=254482) to work on /home/cloud/codings/airflow/dags/list_s3_bucket_files_dag.py
[2026-02-08T07:23:37.907+0000] {processor.py:830} INFO - Processing file /home/cloud/codings/airflow/dags/list_s3_bucket_files_dag.py for tasks to queue
[2026-02-08T07:23:37.908+0000] {logging_mixin.py:188} INFO - [2026-02-08T07:23:37.908+0000] {dagbag.py:545} INFO - Filling up the DagBag from /home/cloud/codings/airflow/dags/list_s3_bucket_files_dag.py
[2026-02-08T07:23:37.919+0000] {processor.py:840} INFO - DAG(s) 'list_s3_bucket_files_dag' retrieved from /home/cloud/codings/airflow/dags/list_s3_bucket_files_dag.py
[2026-02-08T07:23:37.943+0000] {logging_mixin.py:188} INFO - [2026-02-08T07:23:37.943+0000] {dag.py:3089} INFO - Sync 1 DAGs
[2026-02-08T07:23:37.958+0000] {logging_mixin.py:188} INFO - [2026-02-08T07:23:37.958+0000] {dag.py:3947} INFO - Setting next_dagrun for list_s3_bucket_files_dag to None, run_after=None
[2026-02-08T07:23:37.985+0000] {processor.py:183} INFO - Processing /home/cloud/codings/airflow/dags/list_s3_bucket_files_dag.py took 0.086 seconds
[2026-02-08T07:24:08.262+0000] {processor.py:161} INFO - Started process (PID=254686) to work on /home/cloud/codings/airflow/dags/list_s3_bucket_files_dag.py
[2026-02-08T07:24:08.279+0000] {processor.py:830} INFO - Processing file /home/cloud/codings/airflow/dags/list_s3_bucket_files_dag.py for tasks to queue
[2026-02-08T07:24:08.280+0000] {logging_mixin.py:188} INFO - [2026-02-08T07:24:08.280+0000] {dagbag.py:545} INFO - Filling up the DagBag from /home/cloud/codings/airflow/dags/list_s3_bucket_files_dag.py
[2026-02-08T07:24:08.291+0000] {processor.py:840} INFO - DAG(s) 'list_s3_bucket_files_dag' retrieved from /home/cloud/codings/airflow/dags/list_s3_bucket_files_dag.py
[2026-02-08T07:24:08.312+0000] {logging_mixin.py:188} INFO - [2026-02-08T07:24:08.312+0000] {dag.py:3089} INFO - Sync 1 DAGs
[2026-02-08T07:24:08.326+0000] {logging_mixin.py:188} INFO - [2026-02-08T07:24:08.326+0000] {dag.py:3947} INFO - Setting next_dagrun for list_s3_bucket_files_dag to None, run_after=None
[2026-02-08T07:24:08.349+0000] {processor.py:183} INFO - Processing /home/cloud/codings/airflow/dags/list_s3_bucket_files_dag.py took 0.095 seconds
[2026-02-08T07:24:38.607+0000] {processor.py:161} INFO - Started process (PID=254901) to work on /home/cloud/codings/airflow/dags/list_s3_bucket_files_dag.py
[2026-02-08T07:24:38.608+0000] {processor.py:830} INFO - Processing file /home/cloud/codings/airflow/dags/list_s3_bucket_files_dag.py for tasks to queue
[2026-02-08T07:24:38.609+0000] {logging_mixin.py:188} INFO - [2026-02-08T07:24:38.609+0000] {dagbag.py:545} INFO - Filling up the DagBag from /home/cloud/codings/airflow/dags/list_s3_bucket_files_dag.py
[2026-02-08T07:24:38.623+0000] {processor.py:840} INFO - DAG(s) 'list_s3_bucket_files_dag' retrieved from /home/cloud/codings/airflow/dags/list_s3_bucket_files_dag.py
[2026-02-08T07:24:38.651+0000] {logging_mixin.py:188} INFO - [2026-02-08T07:24:38.650+0000] {dag.py:3089} INFO - Sync 1 DAGs
[2026-02-08T07:24:38.668+0000] {logging_mixin.py:188} INFO - [2026-02-08T07:24:38.667+0000] {dag.py:3947} INFO - Setting next_dagrun for list_s3_bucket_files_dag to None, run_after=None
[2026-02-08T07:24:38.697+0000] {processor.py:183} INFO - Processing /home/cloud/codings/airflow/dags/list_s3_bucket_files_dag.py took 0.099 seconds
[2026-02-08T07:25:09.148+0000] {processor.py:161} INFO - Started process (PID=255110) to work on /home/cloud/codings/airflow/dags/list_s3_bucket_files_dag.py
[2026-02-08T07:25:09.150+0000] {processor.py:830} INFO - Processing file /home/cloud/codings/airflow/dags/list_s3_bucket_files_dag.py for tasks to queue
[2026-02-08T07:25:09.151+0000] {logging_mixin.py:188} INFO - [2026-02-08T07:25:09.150+0000] {dagbag.py:545} INFO - Filling up the DagBag from /home/cloud/codings/airflow/dags/list_s3_bucket_files_dag.py
[2026-02-08T07:25:09.165+0000] {processor.py:840} INFO - DAG(s) 'list_s3_bucket_files_dag' retrieved from /home/cloud/codings/airflow/dags/list_s3_bucket_files_dag.py
[2026-02-08T07:25:09.198+0000] {logging_mixin.py:188} INFO - [2026-02-08T07:25:09.197+0000] {dag.py:3089} INFO - Sync 1 DAGs
[2026-02-08T07:25:09.220+0000] {logging_mixin.py:188} INFO - [2026-02-08T07:25:09.219+0000] {dag.py:3947} INFO - Setting next_dagrun for list_s3_bucket_files_dag to None, run_after=None
[2026-02-08T07:25:09.262+0000] {processor.py:183} INFO - Processing /home/cloud/codings/airflow/dags/list_s3_bucket_files_dag.py took 0.122 seconds
[2026-02-08T07:25:39.679+0000] {processor.py:161} INFO - Started process (PID=255318) to work on /home/cloud/codings/airflow/dags/list_s3_bucket_files_dag.py
[2026-02-08T07:25:39.708+0000] {processor.py:830} INFO - Processing file /home/cloud/codings/airflow/dags/list_s3_bucket_files_dag.py for tasks to queue
[2026-02-08T07:25:39.710+0000] {logging_mixin.py:188} INFO - [2026-02-08T07:25:39.709+0000] {dagbag.py:545} INFO - Filling up the DagBag from /home/cloud/codings/airflow/dags/list_s3_bucket_files_dag.py
[2026-02-08T07:25:39.721+0000] {processor.py:840} INFO - DAG(s) 'list_s3_bucket_files_dag' retrieved from /home/cloud/codings/airflow/dags/list_s3_bucket_files_dag.py
[2026-02-08T07:25:39.745+0000] {logging_mixin.py:188} INFO - [2026-02-08T07:25:39.744+0000] {dag.py:3089} INFO - Sync 1 DAGs
[2026-02-08T07:25:39.760+0000] {logging_mixin.py:188} INFO - [2026-02-08T07:25:39.759+0000] {dag.py:3947} INFO - Setting next_dagrun for list_s3_bucket_files_dag to None, run_after=None
[2026-02-08T07:25:39.787+0000] {processor.py:183} INFO - Processing /home/cloud/codings/airflow/dags/list_s3_bucket_files_dag.py took 0.117 seconds
[2026-02-08T07:26:09.992+0000] {processor.py:161} INFO - Started process (PID=255524) to work on /home/cloud/codings/airflow/dags/list_s3_bucket_files_dag.py
[2026-02-08T07:26:09.995+0000] {processor.py:830} INFO - Processing file /home/cloud/codings/airflow/dags/list_s3_bucket_files_dag.py for tasks to queue
[2026-02-08T07:26:09.997+0000] {logging_mixin.py:188} INFO - [2026-02-08T07:26:09.996+0000] {dagbag.py:545} INFO - Filling up the DagBag from /home/cloud/codings/airflow/dags/list_s3_bucket_files_dag.py
[2026-02-08T07:26:10.023+0000] {processor.py:840} INFO - DAG(s) 'list_s3_bucket_files_dag' retrieved from /home/cloud/codings/airflow/dags/list_s3_bucket_files_dag.py
[2026-02-08T07:26:10.052+0000] {logging_mixin.py:188} INFO - [2026-02-08T07:26:10.052+0000] {dag.py:3089} INFO - Sync 1 DAGs
[2026-02-08T07:26:10.066+0000] {logging_mixin.py:188} INFO - [2026-02-08T07:26:10.066+0000] {dag.py:3947} INFO - Setting next_dagrun for list_s3_bucket_files_dag to None, run_after=None
[2026-02-08T07:26:10.105+0000] {processor.py:183} INFO - Processing /home/cloud/codings/airflow/dags/list_s3_bucket_files_dag.py took 0.129 seconds
[2026-02-08T07:26:40.590+0000] {processor.py:161} INFO - Started process (PID=255814) to work on /home/cloud/codings/airflow/dags/list_s3_bucket_files_dag.py
[2026-02-08T07:26:40.592+0000] {processor.py:830} INFO - Processing file /home/cloud/codings/airflow/dags/list_s3_bucket_files_dag.py for tasks to queue
[2026-02-08T07:26:40.593+0000] {logging_mixin.py:188} INFO - [2026-02-08T07:26:40.593+0000] {dagbag.py:545} INFO - Filling up the DagBag from /home/cloud/codings/airflow/dags/list_s3_bucket_files_dag.py
[2026-02-08T07:26:40.615+0000] {processor.py:840} INFO - DAG(s) 'list_s3_bucket_files_dag' retrieved from /home/cloud/codings/airflow/dags/list_s3_bucket_files_dag.py
[2026-02-08T07:26:40.659+0000] {logging_mixin.py:188} INFO - [2026-02-08T07:26:40.658+0000] {dag.py:3089} INFO - Sync 1 DAGs
[2026-02-08T07:26:40.686+0000] {logging_mixin.py:188} INFO - [2026-02-08T07:26:40.686+0000] {dag.py:3947} INFO - Setting next_dagrun for list_s3_bucket_files_dag to None, run_after=None
[2026-02-08T07:26:40.729+0000] {processor.py:183} INFO - Processing /home/cloud/codings/airflow/dags/list_s3_bucket_files_dag.py took 0.153 seconds
[2026-02-08T07:27:11.348+0000] {processor.py:161} INFO - Started process (PID=256030) to work on /home/cloud/codings/airflow/dags/list_s3_bucket_files_dag.py
[2026-02-08T07:27:11.351+0000] {processor.py:830} INFO - Processing file /home/cloud/codings/airflow/dags/list_s3_bucket_files_dag.py for tasks to queue
[2026-02-08T07:27:11.353+0000] {logging_mixin.py:188} INFO - [2026-02-08T07:27:11.352+0000] {dagbag.py:545} INFO - Filling up the DagBag from /home/cloud/codings/airflow/dags/list_s3_bucket_files_dag.py
[2026-02-08T07:27:11.375+0000] {processor.py:840} INFO - DAG(s) 'list_s3_bucket_files_dag' retrieved from /home/cloud/codings/airflow/dags/list_s3_bucket_files_dag.py
[2026-02-08T07:27:11.417+0000] {logging_mixin.py:188} INFO - [2026-02-08T07:27:11.417+0000] {dag.py:3089} INFO - Sync 1 DAGs
[2026-02-08T07:27:11.442+0000] {logging_mixin.py:188} INFO - [2026-02-08T07:27:11.442+0000] {dag.py:3947} INFO - Setting next_dagrun for list_s3_bucket_files_dag to None, run_after=None
[2026-02-08T07:27:11.474+0000] {processor.py:183} INFO - Processing /home/cloud/codings/airflow/dags/list_s3_bucket_files_dag.py took 0.139 seconds
[2026-02-08T07:27:41.801+0000] {processor.py:161} INFO - Started process (PID=256257) to work on /home/cloud/codings/airflow/dags/list_s3_bucket_files_dag.py
[2026-02-08T07:27:41.807+0000] {processor.py:830} INFO - Processing file /home/cloud/codings/airflow/dags/list_s3_bucket_files_dag.py for tasks to queue
[2026-02-08T07:27:41.809+0000] {logging_mixin.py:188} INFO - [2026-02-08T07:27:41.808+0000] {dagbag.py:545} INFO - Filling up the DagBag from /home/cloud/codings/airflow/dags/list_s3_bucket_files_dag.py
[2026-02-08T07:27:41.821+0000] {processor.py:840} INFO - DAG(s) 'list_s3_bucket_files_dag' retrieved from /home/cloud/codings/airflow/dags/list_s3_bucket_files_dag.py
[2026-02-08T07:27:41.845+0000] {logging_mixin.py:188} INFO - [2026-02-08T07:27:41.845+0000] {dag.py:3089} INFO - Sync 1 DAGs
[2026-02-08T07:27:41.860+0000] {logging_mixin.py:188} INFO - [2026-02-08T07:27:41.859+0000] {dag.py:3947} INFO - Setting next_dagrun for list_s3_bucket_files_dag to None, run_after=None
[2026-02-08T07:27:41.887+0000] {processor.py:183} INFO - Processing /home/cloud/codings/airflow/dags/list_s3_bucket_files_dag.py took 0.093 seconds
[2026-02-08T07:28:12.350+0000] {processor.py:161} INFO - Started process (PID=256472) to work on /home/cloud/codings/airflow/dags/list_s3_bucket_files_dag.py
[2026-02-08T07:28:12.351+0000] {processor.py:830} INFO - Processing file /home/cloud/codings/airflow/dags/list_s3_bucket_files_dag.py for tasks to queue
[2026-02-08T07:28:12.352+0000] {logging_mixin.py:188} INFO - [2026-02-08T07:28:12.351+0000] {dagbag.py:545} INFO - Filling up the DagBag from /home/cloud/codings/airflow/dags/list_s3_bucket_files_dag.py
[2026-02-08T07:28:12.363+0000] {processor.py:840} INFO - DAG(s) 'list_s3_bucket_files_dag' retrieved from /home/cloud/codings/airflow/dags/list_s3_bucket_files_dag.py
[2026-02-08T07:28:12.388+0000] {logging_mixin.py:188} INFO - [2026-02-08T07:28:12.388+0000] {dag.py:3089} INFO - Sync 1 DAGs
[2026-02-08T07:28:12.405+0000] {logging_mixin.py:188} INFO - [2026-02-08T07:28:12.405+0000] {dag.py:3947} INFO - Setting next_dagrun for list_s3_bucket_files_dag to None, run_after=None
[2026-02-08T07:28:12.440+0000] {processor.py:183} INFO - Processing /home/cloud/codings/airflow/dags/list_s3_bucket_files_dag.py took 0.097 seconds
[2026-02-08T07:28:42.677+0000] {processor.py:161} INFO - Started process (PID=256534) to work on /home/cloud/codings/airflow/dags/list_s3_bucket_files_dag.py
[2026-02-08T07:28:42.694+0000] {processor.py:830} INFO - Processing file /home/cloud/codings/airflow/dags/list_s3_bucket_files_dag.py for tasks to queue
[2026-02-08T07:28:42.695+0000] {logging_mixin.py:188} INFO - [2026-02-08T07:28:42.695+0000] {dagbag.py:545} INFO - Filling up the DagBag from /home/cloud/codings/airflow/dags/list_s3_bucket_files_dag.py
[2026-02-08T07:28:42.708+0000] {processor.py:840} INFO - DAG(s) 'list_s3_bucket_files_dag' retrieved from /home/cloud/codings/airflow/dags/list_s3_bucket_files_dag.py
[2026-02-08T07:28:42.730+0000] {logging_mixin.py:188} INFO - [2026-02-08T07:28:42.730+0000] {dag.py:3089} INFO - Sync 1 DAGs
[2026-02-08T07:28:42.744+0000] {logging_mixin.py:188} INFO - [2026-02-08T07:28:42.743+0000] {dag.py:3947} INFO - Setting next_dagrun for list_s3_bucket_files_dag to None, run_after=None
[2026-02-08T07:28:42.766+0000] {processor.py:183} INFO - Processing /home/cloud/codings/airflow/dags/list_s3_bucket_files_dag.py took 0.097 seconds
[2026-02-08T07:29:13.627+0000] {processor.py:161} INFO - Started process (PID=256654) to work on /home/cloud/codings/airflow/dags/list_s3_bucket_files_dag.py
[2026-02-08T07:29:13.629+0000] {processor.py:830} INFO - Processing file /home/cloud/codings/airflow/dags/list_s3_bucket_files_dag.py for tasks to queue
[2026-02-08T07:29:13.631+0000] {logging_mixin.py:188} INFO - [2026-02-08T07:29:13.630+0000] {dagbag.py:545} INFO - Filling up the DagBag from /home/cloud/codings/airflow/dags/list_s3_bucket_files_dag.py
[2026-02-08T07:29:13.653+0000] {processor.py:840} INFO - DAG(s) 'list_s3_bucket_files_dag' retrieved from /home/cloud/codings/airflow/dags/list_s3_bucket_files_dag.py
[2026-02-08T07:29:13.708+0000] {logging_mixin.py:188} INFO - [2026-02-08T07:29:13.707+0000] {dag.py:3089} INFO - Sync 1 DAGs
[2026-02-08T07:29:13.742+0000] {logging_mixin.py:188} INFO - [2026-02-08T07:29:13.740+0000] {dag.py:3947} INFO - Setting next_dagrun for list_s3_bucket_files_dag to None, run_after=None
[2026-02-08T07:29:13.796+0000] {processor.py:183} INFO - Processing /home/cloud/codings/airflow/dags/list_s3_bucket_files_dag.py took 0.183 seconds
[2026-02-08T07:29:44.321+0000] {processor.py:161} INFO - Started process (PID=256918) to work on /home/cloud/codings/airflow/dags/list_s3_bucket_files_dag.py
[2026-02-08T07:29:44.323+0000] {processor.py:830} INFO - Processing file /home/cloud/codings/airflow/dags/list_s3_bucket_files_dag.py for tasks to queue
[2026-02-08T07:29:44.326+0000] {logging_mixin.py:188} INFO - [2026-02-08T07:29:44.324+0000] {dagbag.py:545} INFO - Filling up the DagBag from /home/cloud/codings/airflow/dags/list_s3_bucket_files_dag.py
[2026-02-08T07:29:44.344+0000] {processor.py:840} INFO - DAG(s) 'list_s3_bucket_files_dag' retrieved from /home/cloud/codings/airflow/dags/list_s3_bucket_files_dag.py
[2026-02-08T07:29:44.381+0000] {logging_mixin.py:188} INFO - [2026-02-08T07:29:44.381+0000] {dag.py:3089} INFO - Sync 1 DAGs
[2026-02-08T07:29:44.407+0000] {logging_mixin.py:188} INFO - [2026-02-08T07:29:44.406+0000] {dag.py:3947} INFO - Setting next_dagrun for list_s3_bucket_files_dag to None, run_after=None
[2026-02-08T07:29:44.451+0000] {processor.py:183} INFO - Processing /home/cloud/codings/airflow/dags/list_s3_bucket_files_dag.py took 0.145 seconds
