[2026-02-08T06:56:36.066+0000] {processor.py:161} INFO - Started process (PID=245767) to work on /home/cloud/codings/airflow/dags/s3_to_snowflake_dynamic_load.py
[2026-02-08T06:56:36.084+0000] {processor.py:830} INFO - Processing file /home/cloud/codings/airflow/dags/s3_to_snowflake_dynamic_load.py for tasks to queue
[2026-02-08T06:56:36.088+0000] {logging_mixin.py:188} INFO - [2026-02-08T06:56:36.086+0000] {dagbag.py:545} INFO - Filling up the DagBag from /home/cloud/codings/airflow/dags/s3_to_snowflake_dynamic_load.py
[2026-02-08T06:56:36.192+0000] {processor.py:840} INFO - DAG(s) 's3_to_snowflake_dynamic_load' retrieved from /home/cloud/codings/airflow/dags/s3_to_snowflake_dynamic_load.py
[2026-02-08T06:56:36.434+0000] {logging_mixin.py:188} INFO - [2026-02-08T06:56:36.433+0000] {dag.py:3089} INFO - Sync 1 DAGs
[2026-02-08T06:56:36.580+0000] {logging_mixin.py:188} INFO - [2026-02-08T06:56:36.580+0000] {dag.py:3947} INFO - Setting next_dagrun for s3_to_snowflake_dynamic_load to None, run_after=None
[2026-02-08T06:56:36.794+0000] {processor.py:183} INFO - Processing /home/cloud/codings/airflow/dags/s3_to_snowflake_dynamic_load.py took 0.779 seconds
[2026-02-08T06:57:07.282+0000] {processor.py:161} INFO - Started process (PID=245988) to work on /home/cloud/codings/airflow/dags/s3_to_snowflake_dynamic_load.py
[2026-02-08T06:57:07.288+0000] {processor.py:830} INFO - Processing file /home/cloud/codings/airflow/dags/s3_to_snowflake_dynamic_load.py for tasks to queue
[2026-02-08T06:57:07.292+0000] {logging_mixin.py:188} INFO - [2026-02-08T06:57:07.290+0000] {dagbag.py:545} INFO - Filling up the DagBag from /home/cloud/codings/airflow/dags/s3_to_snowflake_dynamic_load.py
[2026-02-08T06:57:07.331+0000] {processor.py:840} INFO - DAG(s) 's3_to_snowflake_dynamic_load' retrieved from /home/cloud/codings/airflow/dags/s3_to_snowflake_dynamic_load.py
[2026-02-08T06:57:07.402+0000] {logging_mixin.py:188} INFO - [2026-02-08T06:57:07.401+0000] {dag.py:3089} INFO - Sync 1 DAGs
[2026-02-08T06:57:07.443+0000] {logging_mixin.py:188} INFO - [2026-02-08T06:57:07.442+0000] {dag.py:3947} INFO - Setting next_dagrun for s3_to_snowflake_dynamic_load to None, run_after=None
[2026-02-08T06:57:07.514+0000] {processor.py:183} INFO - Processing /home/cloud/codings/airflow/dags/s3_to_snowflake_dynamic_load.py took 0.267 seconds
[2026-02-08T06:57:38.423+0000] {processor.py:161} INFO - Started process (PID=246497) to work on /home/cloud/codings/airflow/dags/s3_to_snowflake_dynamic_load.py
[2026-02-08T06:57:38.439+0000] {processor.py:830} INFO - Processing file /home/cloud/codings/airflow/dags/s3_to_snowflake_dynamic_load.py for tasks to queue
[2026-02-08T06:57:38.458+0000] {logging_mixin.py:188} INFO - [2026-02-08T06:57:38.456+0000] {dagbag.py:545} INFO - Filling up the DagBag from /home/cloud/codings/airflow/dags/s3_to_snowflake_dynamic_load.py
[2026-02-08T06:57:38.526+0000] {processor.py:840} INFO - DAG(s) 's3_to_snowflake_dynamic_load' retrieved from /home/cloud/codings/airflow/dags/s3_to_snowflake_dynamic_load.py
[2026-02-08T06:57:38.677+0000] {logging_mixin.py:188} INFO - [2026-02-08T06:57:38.675+0000] {dag.py:3089} INFO - Sync 1 DAGs
[2026-02-08T06:57:38.765+0000] {logging_mixin.py:188} INFO - [2026-02-08T06:57:38.765+0000] {dag.py:3947} INFO - Setting next_dagrun for s3_to_snowflake_dynamic_load to None, run_after=None
[2026-02-08T06:57:38.868+0000] {processor.py:183} INFO - Processing /home/cloud/codings/airflow/dags/s3_to_snowflake_dynamic_load.py took 0.490 seconds
[2026-02-08T06:58:10.061+0000] {processor.py:161} INFO - Started process (PID=246533) to work on /home/cloud/codings/airflow/dags/s3_to_snowflake_dynamic_load.py
[2026-02-08T06:58:10.076+0000] {processor.py:830} INFO - Processing file /home/cloud/codings/airflow/dags/s3_to_snowflake_dynamic_load.py for tasks to queue
[2026-02-08T06:58:10.100+0000] {logging_mixin.py:188} INFO - [2026-02-08T06:58:10.099+0000] {dagbag.py:545} INFO - Filling up the DagBag from /home/cloud/codings/airflow/dags/s3_to_snowflake_dynamic_load.py
[2026-02-08T06:58:10.137+0000] {processor.py:840} INFO - DAG(s) 's3_to_snowflake_dynamic_load' retrieved from /home/cloud/codings/airflow/dags/s3_to_snowflake_dynamic_load.py
[2026-02-08T06:58:10.200+0000] {logging_mixin.py:188} INFO - [2026-02-08T06:58:10.200+0000] {dag.py:3089} INFO - Sync 1 DAGs
[2026-02-08T06:58:10.238+0000] {logging_mixin.py:188} INFO - [2026-02-08T06:58:10.237+0000] {dag.py:3947} INFO - Setting next_dagrun for s3_to_snowflake_dynamic_load to None, run_after=None
[2026-02-08T06:58:10.297+0000] {processor.py:183} INFO - Processing /home/cloud/codings/airflow/dags/s3_to_snowflake_dynamic_load.py took 0.278 seconds
[2026-02-08T06:58:40.343+0000] {processor.py:161} INFO - Started process (PID=246579) to work on /home/cloud/codings/airflow/dags/s3_to_snowflake_dynamic_load.py
[2026-02-08T06:58:40.345+0000] {processor.py:830} INFO - Processing file /home/cloud/codings/airflow/dags/s3_to_snowflake_dynamic_load.py for tasks to queue
[2026-02-08T06:58:40.347+0000] {logging_mixin.py:188} INFO - [2026-02-08T06:58:40.346+0000] {dagbag.py:545} INFO - Filling up the DagBag from /home/cloud/codings/airflow/dags/s3_to_snowflake_dynamic_load.py
[2026-02-08T06:58:40.359+0000] {processor.py:840} INFO - DAG(s) 's3_to_snowflake_dynamic_load' retrieved from /home/cloud/codings/airflow/dags/s3_to_snowflake_dynamic_load.py
[2026-02-08T06:58:40.384+0000] {logging_mixin.py:188} INFO - [2026-02-08T06:58:40.384+0000] {dag.py:3089} INFO - Sync 1 DAGs
[2026-02-08T06:58:40.400+0000] {logging_mixin.py:188} INFO - [2026-02-08T06:58:40.399+0000] {dag.py:3947} INFO - Setting next_dagrun for s3_to_snowflake_dynamic_load to None, run_after=None
[2026-02-08T06:58:40.432+0000] {processor.py:183} INFO - Processing /home/cloud/codings/airflow/dags/s3_to_snowflake_dynamic_load.py took 0.097 seconds
[2026-02-08T06:59:10.971+0000] {processor.py:161} INFO - Started process (PID=246629) to work on /home/cloud/codings/airflow/dags/s3_to_snowflake_dynamic_load.py
[2026-02-08T06:59:10.974+0000] {processor.py:830} INFO - Processing file /home/cloud/codings/airflow/dags/s3_to_snowflake_dynamic_load.py for tasks to queue
[2026-02-08T06:59:10.975+0000] {logging_mixin.py:188} INFO - [2026-02-08T06:59:10.975+0000] {dagbag.py:545} INFO - Filling up the DagBag from /home/cloud/codings/airflow/dags/s3_to_snowflake_dynamic_load.py
[2026-02-08T06:59:10.993+0000] {processor.py:840} INFO - DAG(s) 's3_to_snowflake_dynamic_load' retrieved from /home/cloud/codings/airflow/dags/s3_to_snowflake_dynamic_load.py
[2026-02-08T06:59:11.031+0000] {logging_mixin.py:188} INFO - [2026-02-08T06:59:11.031+0000] {dag.py:3089} INFO - Sync 1 DAGs
[2026-02-08T06:59:11.059+0000] {logging_mixin.py:188} INFO - [2026-02-08T06:59:11.058+0000] {dag.py:3947} INFO - Setting next_dagrun for s3_to_snowflake_dynamic_load to None, run_after=None
[2026-02-08T06:59:11.105+0000] {processor.py:183} INFO - Processing /home/cloud/codings/airflow/dags/s3_to_snowflake_dynamic_load.py took 0.144 seconds
[2026-02-08T06:59:41.498+0000] {processor.py:161} INFO - Started process (PID=246777) to work on /home/cloud/codings/airflow/dags/s3_to_snowflake_dynamic_load.py
[2026-02-08T06:59:41.501+0000] {processor.py:830} INFO - Processing file /home/cloud/codings/airflow/dags/s3_to_snowflake_dynamic_load.py for tasks to queue
[2026-02-08T06:59:41.506+0000] {logging_mixin.py:188} INFO - [2026-02-08T06:59:41.502+0000] {dagbag.py:545} INFO - Filling up the DagBag from /home/cloud/codings/airflow/dags/s3_to_snowflake_dynamic_load.py
[2026-02-08T06:59:41.539+0000] {processor.py:840} INFO - DAG(s) 's3_to_snowflake_dynamic_load' retrieved from /home/cloud/codings/airflow/dags/s3_to_snowflake_dynamic_load.py
[2026-02-08T06:59:41.584+0000] {logging_mixin.py:188} INFO - [2026-02-08T06:59:41.584+0000] {dag.py:3089} INFO - Sync 1 DAGs
[2026-02-08T06:59:41.613+0000] {logging_mixin.py:188} INFO - [2026-02-08T06:59:41.613+0000] {dag.py:3947} INFO - Setting next_dagrun for s3_to_snowflake_dynamic_load to None, run_after=None
[2026-02-08T06:59:41.680+0000] {processor.py:183} INFO - Processing /home/cloud/codings/airflow/dags/s3_to_snowflake_dynamic_load.py took 0.199 seconds
[2026-02-08T07:00:12.208+0000] {processor.py:161} INFO - Started process (PID=246831) to work on /home/cloud/codings/airflow/dags/s3_to_snowflake_dynamic_load.py
[2026-02-08T07:00:12.230+0000] {processor.py:830} INFO - Processing file /home/cloud/codings/airflow/dags/s3_to_snowflake_dynamic_load.py for tasks to queue
[2026-02-08T07:00:12.232+0000] {logging_mixin.py:188} INFO - [2026-02-08T07:00:12.231+0000] {dagbag.py:545} INFO - Filling up the DagBag from /home/cloud/codings/airflow/dags/s3_to_snowflake_dynamic_load.py
[2026-02-08T07:00:12.249+0000] {processor.py:840} INFO - DAG(s) 's3_to_snowflake_dynamic_load' retrieved from /home/cloud/codings/airflow/dags/s3_to_snowflake_dynamic_load.py
[2026-02-08T07:00:12.283+0000] {logging_mixin.py:188} INFO - [2026-02-08T07:00:12.283+0000] {dag.py:3089} INFO - Sync 1 DAGs
[2026-02-08T07:00:12.311+0000] {logging_mixin.py:188} INFO - [2026-02-08T07:00:12.310+0000] {dag.py:3947} INFO - Setting next_dagrun for s3_to_snowflake_dynamic_load to None, run_after=None
[2026-02-08T07:00:12.349+0000] {processor.py:183} INFO - Processing /home/cloud/codings/airflow/dags/s3_to_snowflake_dynamic_load.py took 0.158 seconds
[2026-02-08T07:00:42.816+0000] {processor.py:161} INFO - Started process (PID=246889) to work on /home/cloud/codings/airflow/dags/s3_to_snowflake_dynamic_load.py
[2026-02-08T07:00:42.834+0000] {processor.py:830} INFO - Processing file /home/cloud/codings/airflow/dags/s3_to_snowflake_dynamic_load.py for tasks to queue
[2026-02-08T07:00:42.836+0000] {logging_mixin.py:188} INFO - [2026-02-08T07:00:42.835+0000] {dagbag.py:545} INFO - Filling up the DagBag from /home/cloud/codings/airflow/dags/s3_to_snowflake_dynamic_load.py
[2026-02-08T07:00:42.856+0000] {processor.py:840} INFO - DAG(s) 's3_to_snowflake_dynamic_load' retrieved from /home/cloud/codings/airflow/dags/s3_to_snowflake_dynamic_load.py
[2026-02-08T07:00:42.891+0000] {logging_mixin.py:188} INFO - [2026-02-08T07:00:42.891+0000] {dag.py:3089} INFO - Sync 1 DAGs
[2026-02-08T07:00:42.929+0000] {logging_mixin.py:188} INFO - [2026-02-08T07:00:42.929+0000] {dag.py:3947} INFO - Setting next_dagrun for s3_to_snowflake_dynamic_load to None, run_after=None
[2026-02-08T07:00:42.992+0000] {processor.py:183} INFO - Processing /home/cloud/codings/airflow/dags/s3_to_snowflake_dynamic_load.py took 0.186 seconds
[2026-02-08T07:01:13.438+0000] {processor.py:161} INFO - Started process (PID=246969) to work on /home/cloud/codings/airflow/dags/s3_to_snowflake_dynamic_load.py
[2026-02-08T07:01:13.440+0000] {processor.py:830} INFO - Processing file /home/cloud/codings/airflow/dags/s3_to_snowflake_dynamic_load.py for tasks to queue
[2026-02-08T07:01:13.448+0000] {logging_mixin.py:188} INFO - [2026-02-08T07:01:13.443+0000] {dagbag.py:545} INFO - Filling up the DagBag from /home/cloud/codings/airflow/dags/s3_to_snowflake_dynamic_load.py
[2026-02-08T07:01:13.468+0000] {processor.py:840} INFO - DAG(s) 's3_to_snowflake_dynamic_load' retrieved from /home/cloud/codings/airflow/dags/s3_to_snowflake_dynamic_load.py
[2026-02-08T07:01:13.504+0000] {logging_mixin.py:188} INFO - [2026-02-08T07:01:13.504+0000] {dag.py:3089} INFO - Sync 1 DAGs
[2026-02-08T07:01:13.540+0000] {logging_mixin.py:188} INFO - [2026-02-08T07:01:13.540+0000] {dag.py:3947} INFO - Setting next_dagrun for s3_to_snowflake_dynamic_load to None, run_after=None
[2026-02-08T07:01:13.624+0000] {processor.py:183} INFO - Processing /home/cloud/codings/airflow/dags/s3_to_snowflake_dynamic_load.py took 0.202 seconds
[2026-02-08T07:01:44.436+0000] {processor.py:161} INFO - Started process (PID=247052) to work on /home/cloud/codings/airflow/dags/s3_to_snowflake_dynamic_load.py
[2026-02-08T07:01:44.439+0000] {processor.py:830} INFO - Processing file /home/cloud/codings/airflow/dags/s3_to_snowflake_dynamic_load.py for tasks to queue
[2026-02-08T07:01:44.441+0000] {logging_mixin.py:188} INFO - [2026-02-08T07:01:44.440+0000] {dagbag.py:545} INFO - Filling up the DagBag from /home/cloud/codings/airflow/dags/s3_to_snowflake_dynamic_load.py
[2026-02-08T07:01:44.459+0000] {processor.py:840} INFO - DAG(s) 's3_to_snowflake_dynamic_load' retrieved from /home/cloud/codings/airflow/dags/s3_to_snowflake_dynamic_load.py
[2026-02-08T07:01:44.494+0000] {logging_mixin.py:188} INFO - [2026-02-08T07:01:44.493+0000] {dag.py:3089} INFO - Sync 1 DAGs
[2026-02-08T07:01:44.522+0000] {logging_mixin.py:188} INFO - [2026-02-08T07:01:44.522+0000] {dag.py:3947} INFO - Setting next_dagrun for s3_to_snowflake_dynamic_load to None, run_after=None
[2026-02-08T07:01:44.574+0000] {processor.py:183} INFO - Processing /home/cloud/codings/airflow/dags/s3_to_snowflake_dynamic_load.py took 0.150 seconds
[2026-02-08T07:02:14.725+0000] {processor.py:161} INFO - Started process (PID=247256) to work on /home/cloud/codings/airflow/dags/s3_to_snowflake_dynamic_load.py
[2026-02-08T07:02:14.749+0000] {processor.py:830} INFO - Processing file /home/cloud/codings/airflow/dags/s3_to_snowflake_dynamic_load.py for tasks to queue
[2026-02-08T07:02:14.750+0000] {logging_mixin.py:188} INFO - [2026-02-08T07:02:14.750+0000] {dagbag.py:545} INFO - Filling up the DagBag from /home/cloud/codings/airflow/dags/s3_to_snowflake_dynamic_load.py
[2026-02-08T07:02:14.765+0000] {processor.py:840} INFO - DAG(s) 's3_to_snowflake_dynamic_load' retrieved from /home/cloud/codings/airflow/dags/s3_to_snowflake_dynamic_load.py
[2026-02-08T07:02:14.801+0000] {logging_mixin.py:188} INFO - [2026-02-08T07:02:14.801+0000] {dag.py:3089} INFO - Sync 1 DAGs
[2026-02-08T07:02:14.821+0000] {logging_mixin.py:188} INFO - [2026-02-08T07:02:14.821+0000] {dag.py:3947} INFO - Setting next_dagrun for s3_to_snowflake_dynamic_load to None, run_after=None
[2026-02-08T07:02:14.855+0000] {processor.py:183} INFO - Processing /home/cloud/codings/airflow/dags/s3_to_snowflake_dynamic_load.py took 0.142 seconds
[2026-02-08T07:02:45.226+0000] {processor.py:161} INFO - Started process (PID=247499) to work on /home/cloud/codings/airflow/dags/s3_to_snowflake_dynamic_load.py
[2026-02-08T07:02:45.248+0000] {processor.py:830} INFO - Processing file /home/cloud/codings/airflow/dags/s3_to_snowflake_dynamic_load.py for tasks to queue
[2026-02-08T07:02:45.250+0000] {logging_mixin.py:188} INFO - [2026-02-08T07:02:45.249+0000] {dagbag.py:545} INFO - Filling up the DagBag from /home/cloud/codings/airflow/dags/s3_to_snowflake_dynamic_load.py
[2026-02-08T07:02:45.274+0000] {processor.py:840} INFO - DAG(s) 's3_to_snowflake_dynamic_load' retrieved from /home/cloud/codings/airflow/dags/s3_to_snowflake_dynamic_load.py
[2026-02-08T07:02:45.312+0000] {logging_mixin.py:188} INFO - [2026-02-08T07:02:45.311+0000] {dag.py:3089} INFO - Sync 1 DAGs
[2026-02-08T07:02:45.338+0000] {logging_mixin.py:188} INFO - [2026-02-08T07:02:45.338+0000] {dag.py:3947} INFO - Setting next_dagrun for s3_to_snowflake_dynamic_load to None, run_after=None
[2026-02-08T07:02:45.373+0000] {processor.py:183} INFO - Processing /home/cloud/codings/airflow/dags/s3_to_snowflake_dynamic_load.py took 0.158 seconds
[2026-02-08T07:03:15.835+0000] {processor.py:161} INFO - Started process (PID=247873) to work on /home/cloud/codings/airflow/dags/s3_to_snowflake_dynamic_load.py
[2026-02-08T07:03:15.841+0000] {processor.py:830} INFO - Processing file /home/cloud/codings/airflow/dags/s3_to_snowflake_dynamic_load.py for tasks to queue
[2026-02-08T07:03:15.845+0000] {logging_mixin.py:188} INFO - [2026-02-08T07:03:15.844+0000] {dagbag.py:545} INFO - Filling up the DagBag from /home/cloud/codings/airflow/dags/s3_to_snowflake_dynamic_load.py
[2026-02-08T07:03:15.864+0000] {processor.py:840} INFO - DAG(s) 's3_to_snowflake_dynamic_load' retrieved from /home/cloud/codings/airflow/dags/s3_to_snowflake_dynamic_load.py
[2026-02-08T07:03:15.903+0000] {logging_mixin.py:188} INFO - [2026-02-08T07:03:15.902+0000] {dag.py:3089} INFO - Sync 1 DAGs
[2026-02-08T07:03:15.923+0000] {logging_mixin.py:188} INFO - [2026-02-08T07:03:15.922+0000] {dag.py:3947} INFO - Setting next_dagrun for s3_to_snowflake_dynamic_load to None, run_after=None
[2026-02-08T07:03:15.961+0000] {processor.py:183} INFO - Processing /home/cloud/codings/airflow/dags/s3_to_snowflake_dynamic_load.py took 0.138 seconds
[2026-02-08T07:03:46.314+0000] {processor.py:161} INFO - Started process (PID=248097) to work on /home/cloud/codings/airflow/dags/s3_to_snowflake_dynamic_load.py
[2026-02-08T07:03:46.333+0000] {processor.py:830} INFO - Processing file /home/cloud/codings/airflow/dags/s3_to_snowflake_dynamic_load.py for tasks to queue
[2026-02-08T07:03:46.335+0000] {logging_mixin.py:188} INFO - [2026-02-08T07:03:46.334+0000] {dagbag.py:545} INFO - Filling up the DagBag from /home/cloud/codings/airflow/dags/s3_to_snowflake_dynamic_load.py
[2026-02-08T07:03:46.352+0000] {processor.py:840} INFO - DAG(s) 's3_to_snowflake_dynamic_load' retrieved from /home/cloud/codings/airflow/dags/s3_to_snowflake_dynamic_load.py
[2026-02-08T07:03:46.384+0000] {logging_mixin.py:188} INFO - [2026-02-08T07:03:46.384+0000] {dag.py:3089} INFO - Sync 1 DAGs
[2026-02-08T07:03:46.402+0000] {logging_mixin.py:188} INFO - [2026-02-08T07:03:46.402+0000] {dag.py:3947} INFO - Setting next_dagrun for s3_to_snowflake_dynamic_load to None, run_after=None
[2026-02-08T07:03:46.447+0000] {processor.py:183} INFO - Processing /home/cloud/codings/airflow/dags/s3_to_snowflake_dynamic_load.py took 0.143 seconds
[2026-02-08T07:04:16.806+0000] {processor.py:161} INFO - Started process (PID=248371) to work on /home/cloud/codings/airflow/dags/s3_to_snowflake_dynamic_load.py
[2026-02-08T07:04:16.808+0000] {processor.py:830} INFO - Processing file /home/cloud/codings/airflow/dags/s3_to_snowflake_dynamic_load.py for tasks to queue
[2026-02-08T07:04:16.810+0000] {logging_mixin.py:188} INFO - [2026-02-08T07:04:16.809+0000] {dagbag.py:545} INFO - Filling up the DagBag from /home/cloud/codings/airflow/dags/s3_to_snowflake_dynamic_load.py
[2026-02-08T07:04:16.828+0000] {processor.py:840} INFO - DAG(s) 's3_to_snowflake_dynamic_load' retrieved from /home/cloud/codings/airflow/dags/s3_to_snowflake_dynamic_load.py
[2026-02-08T07:04:16.867+0000] {logging_mixin.py:188} INFO - [2026-02-08T07:04:16.867+0000] {dag.py:3089} INFO - Sync 1 DAGs
[2026-02-08T07:04:16.894+0000] {logging_mixin.py:188} INFO - [2026-02-08T07:04:16.893+0000] {dag.py:3947} INFO - Setting next_dagrun for s3_to_snowflake_dynamic_load to None, run_after=None
[2026-02-08T07:04:16.930+0000] {processor.py:183} INFO - Processing /home/cloud/codings/airflow/dags/s3_to_snowflake_dynamic_load.py took 0.138 seconds
[2026-02-08T07:04:47.320+0000] {processor.py:161} INFO - Started process (PID=248585) to work on /home/cloud/codings/airflow/dags/s3_to_snowflake_dynamic_load.py
[2026-02-08T07:04:47.349+0000] {processor.py:830} INFO - Processing file /home/cloud/codings/airflow/dags/s3_to_snowflake_dynamic_load.py for tasks to queue
[2026-02-08T07:04:47.351+0000] {logging_mixin.py:188} INFO - [2026-02-08T07:04:47.350+0000] {dagbag.py:545} INFO - Filling up the DagBag from /home/cloud/codings/airflow/dags/s3_to_snowflake_dynamic_load.py
[2026-02-08T07:04:47.375+0000] {processor.py:840} INFO - DAG(s) 's3_to_snowflake_dynamic_load' retrieved from /home/cloud/codings/airflow/dags/s3_to_snowflake_dynamic_load.py
[2026-02-08T07:04:47.409+0000] {logging_mixin.py:188} INFO - [2026-02-08T07:04:47.409+0000] {dag.py:3089} INFO - Sync 1 DAGs
[2026-02-08T07:04:47.434+0000] {logging_mixin.py:188} INFO - [2026-02-08T07:04:47.433+0000] {dag.py:3947} INFO - Setting next_dagrun for s3_to_snowflake_dynamic_load to None, run_after=None
[2026-02-08T07:04:47.469+0000] {processor.py:183} INFO - Processing /home/cloud/codings/airflow/dags/s3_to_snowflake_dynamic_load.py took 0.163 seconds
[2026-02-08T07:05:17.678+0000] {processor.py:161} INFO - Started process (PID=248767) to work on /home/cloud/codings/airflow/dags/s3_to_snowflake_dynamic_load.py
[2026-02-08T07:05:17.696+0000] {processor.py:830} INFO - Processing file /home/cloud/codings/airflow/dags/s3_to_snowflake_dynamic_load.py for tasks to queue
[2026-02-08T07:05:17.698+0000] {logging_mixin.py:188} INFO - [2026-02-08T07:05:17.697+0000] {dagbag.py:545} INFO - Filling up the DagBag from /home/cloud/codings/airflow/dags/s3_to_snowflake_dynamic_load.py
[2026-02-08T07:05:17.714+0000] {processor.py:840} INFO - DAG(s) 's3_to_snowflake_dynamic_load' retrieved from /home/cloud/codings/airflow/dags/s3_to_snowflake_dynamic_load.py
[2026-02-08T07:05:17.748+0000] {logging_mixin.py:188} INFO - [2026-02-08T07:05:17.748+0000] {dag.py:3089} INFO - Sync 1 DAGs
[2026-02-08T07:05:17.770+0000] {logging_mixin.py:188} INFO - [2026-02-08T07:05:17.770+0000] {dag.py:3947} INFO - Setting next_dagrun for s3_to_snowflake_dynamic_load to None, run_after=None
[2026-02-08T07:05:17.802+0000] {processor.py:183} INFO - Processing /home/cloud/codings/airflow/dags/s3_to_snowflake_dynamic_load.py took 0.137 seconds
[2026-02-08T07:05:48.005+0000] {processor.py:161} INFO - Started process (PID=248979) to work on /home/cloud/codings/airflow/dags/s3_to_snowflake_dynamic_load.py
[2026-02-08T07:05:48.006+0000] {processor.py:830} INFO - Processing file /home/cloud/codings/airflow/dags/s3_to_snowflake_dynamic_load.py for tasks to queue
[2026-02-08T07:05:48.007+0000] {logging_mixin.py:188} INFO - [2026-02-08T07:05:48.007+0000] {dagbag.py:545} INFO - Filling up the DagBag from /home/cloud/codings/airflow/dags/s3_to_snowflake_dynamic_load.py
[2026-02-08T07:05:48.023+0000] {processor.py:840} INFO - DAG(s) 's3_to_snowflake_dynamic_load' retrieved from /home/cloud/codings/airflow/dags/s3_to_snowflake_dynamic_load.py
[2026-02-08T07:05:48.053+0000] {logging_mixin.py:188} INFO - [2026-02-08T07:05:48.053+0000] {dag.py:3089} INFO - Sync 1 DAGs
[2026-02-08T07:05:48.073+0000] {logging_mixin.py:188} INFO - [2026-02-08T07:05:48.073+0000] {dag.py:3947} INFO - Setting next_dagrun for s3_to_snowflake_dynamic_load to None, run_after=None
[2026-02-08T07:05:48.111+0000] {processor.py:183} INFO - Processing /home/cloud/codings/airflow/dags/s3_to_snowflake_dynamic_load.py took 0.116 seconds
[2026-02-08T07:06:18.358+0000] {processor.py:161} INFO - Started process (PID=249183) to work on /home/cloud/codings/airflow/dags/s3_to_snowflake_dynamic_load.py
[2026-02-08T07:06:18.362+0000] {processor.py:830} INFO - Processing file /home/cloud/codings/airflow/dags/s3_to_snowflake_dynamic_load.py for tasks to queue
[2026-02-08T07:06:18.364+0000] {logging_mixin.py:188} INFO - [2026-02-08T07:06:18.363+0000] {dagbag.py:545} INFO - Filling up the DagBag from /home/cloud/codings/airflow/dags/s3_to_snowflake_dynamic_load.py
[2026-02-08T07:06:18.394+0000] {processor.py:840} INFO - DAG(s) 's3_to_snowflake_dynamic_load' retrieved from /home/cloud/codings/airflow/dags/s3_to_snowflake_dynamic_load.py
[2026-02-08T07:06:18.438+0000] {logging_mixin.py:188} INFO - [2026-02-08T07:06:18.438+0000] {dag.py:3089} INFO - Sync 1 DAGs
[2026-02-08T07:06:18.468+0000] {logging_mixin.py:188} INFO - [2026-02-08T07:06:18.467+0000] {dag.py:3947} INFO - Setting next_dagrun for s3_to_snowflake_dynamic_load to None, run_after=None
[2026-02-08T07:06:18.521+0000] {processor.py:183} INFO - Processing /home/cloud/codings/airflow/dags/s3_to_snowflake_dynamic_load.py took 0.188 seconds
[2026-02-08T07:06:48.641+0000] {processor.py:161} INFO - Started process (PID=249403) to work on /home/cloud/codings/airflow/dags/s3_to_snowflake_dynamic_load.py
[2026-02-08T07:06:48.643+0000] {processor.py:830} INFO - Processing file /home/cloud/codings/airflow/dags/s3_to_snowflake_dynamic_load.py for tasks to queue
[2026-02-08T07:06:48.645+0000] {logging_mixin.py:188} INFO - [2026-02-08T07:06:48.644+0000] {dagbag.py:545} INFO - Filling up the DagBag from /home/cloud/codings/airflow/dags/s3_to_snowflake_dynamic_load.py
[2026-02-08T07:06:48.663+0000] {processor.py:840} INFO - DAG(s) 's3_to_snowflake_dynamic_load' retrieved from /home/cloud/codings/airflow/dags/s3_to_snowflake_dynamic_load.py
[2026-02-08T07:06:48.692+0000] {logging_mixin.py:188} INFO - [2026-02-08T07:06:48.692+0000] {dag.py:3089} INFO - Sync 1 DAGs
[2026-02-08T07:06:48.714+0000] {logging_mixin.py:188} INFO - [2026-02-08T07:06:48.714+0000] {dag.py:3947} INFO - Setting next_dagrun for s3_to_snowflake_dynamic_load to None, run_after=None
[2026-02-08T07:06:48.750+0000] {processor.py:183} INFO - Processing /home/cloud/codings/airflow/dags/s3_to_snowflake_dynamic_load.py took 0.118 seconds
[2026-02-08T07:07:19.198+0000] {processor.py:161} INFO - Started process (PID=249460) to work on /home/cloud/codings/airflow/dags/s3_to_snowflake_dynamic_load.py
[2026-02-08T07:07:19.200+0000] {processor.py:830} INFO - Processing file /home/cloud/codings/airflow/dags/s3_to_snowflake_dynamic_load.py for tasks to queue
[2026-02-08T07:07:19.201+0000] {logging_mixin.py:188} INFO - [2026-02-08T07:07:19.201+0000] {dagbag.py:545} INFO - Filling up the DagBag from /home/cloud/codings/airflow/dags/s3_to_snowflake_dynamic_load.py
[2026-02-08T07:07:19.219+0000] {processor.py:840} INFO - DAG(s) 's3_to_snowflake_dynamic_load' retrieved from /home/cloud/codings/airflow/dags/s3_to_snowflake_dynamic_load.py
[2026-02-08T07:07:19.256+0000] {logging_mixin.py:188} INFO - [2026-02-08T07:07:19.256+0000] {dag.py:3089} INFO - Sync 1 DAGs
[2026-02-08T07:07:19.278+0000] {logging_mixin.py:188} INFO - [2026-02-08T07:07:19.278+0000] {dag.py:3947} INFO - Setting next_dagrun for s3_to_snowflake_dynamic_load to None, run_after=None
[2026-02-08T07:07:19.319+0000] {processor.py:183} INFO - Processing /home/cloud/codings/airflow/dags/s3_to_snowflake_dynamic_load.py took 0.134 seconds
[2026-02-08T07:07:49.733+0000] {processor.py:161} INFO - Started process (PID=249526) to work on /home/cloud/codings/airflow/dags/s3_to_snowflake_dynamic_load.py
[2026-02-08T07:07:49.751+0000] {processor.py:830} INFO - Processing file /home/cloud/codings/airflow/dags/s3_to_snowflake_dynamic_load.py for tasks to queue
[2026-02-08T07:07:49.753+0000] {logging_mixin.py:188} INFO - [2026-02-08T07:07:49.752+0000] {dagbag.py:545} INFO - Filling up the DagBag from /home/cloud/codings/airflow/dags/s3_to_snowflake_dynamic_load.py
[2026-02-08T07:07:49.769+0000] {processor.py:840} INFO - DAG(s) 's3_to_snowflake_dynamic_load' retrieved from /home/cloud/codings/airflow/dags/s3_to_snowflake_dynamic_load.py
[2026-02-08T07:07:49.799+0000] {logging_mixin.py:188} INFO - [2026-02-08T07:07:49.799+0000] {dag.py:3089} INFO - Sync 1 DAGs
[2026-02-08T07:07:49.821+0000] {logging_mixin.py:188} INFO - [2026-02-08T07:07:49.821+0000] {dag.py:3947} INFO - Setting next_dagrun for s3_to_snowflake_dynamic_load to None, run_after=None
[2026-02-08T07:07:49.877+0000] {processor.py:183} INFO - Processing /home/cloud/codings/airflow/dags/s3_to_snowflake_dynamic_load.py took 0.153 seconds
[2026-02-08T07:08:20.276+0000] {processor.py:161} INFO - Started process (PID=249582) to work on /home/cloud/codings/airflow/dags/s3_to_snowflake_dynamic_load.py
[2026-02-08T07:08:20.281+0000] {processor.py:830} INFO - Processing file /home/cloud/codings/airflow/dags/s3_to_snowflake_dynamic_load.py for tasks to queue
[2026-02-08T07:08:20.284+0000] {logging_mixin.py:188} INFO - [2026-02-08T07:08:20.282+0000] {dagbag.py:545} INFO - Filling up the DagBag from /home/cloud/codings/airflow/dags/s3_to_snowflake_dynamic_load.py
[2026-02-08T07:08:20.316+0000] {processor.py:840} INFO - DAG(s) 's3_to_snowflake_dynamic_load' retrieved from /home/cloud/codings/airflow/dags/s3_to_snowflake_dynamic_load.py
[2026-02-08T07:08:20.368+0000] {logging_mixin.py:188} INFO - [2026-02-08T07:08:20.367+0000] {dag.py:3089} INFO - Sync 1 DAGs
[2026-02-08T07:08:20.393+0000] {logging_mixin.py:188} INFO - [2026-02-08T07:08:20.392+0000] {dag.py:3947} INFO - Setting next_dagrun for s3_to_snowflake_dynamic_load to None, run_after=None
[2026-02-08T07:08:20.439+0000] {processor.py:183} INFO - Processing /home/cloud/codings/airflow/dags/s3_to_snowflake_dynamic_load.py took 0.177 seconds
[2026-02-08T07:08:50.654+0000] {processor.py:161} INFO - Started process (PID=249808) to work on /home/cloud/codings/airflow/dags/s3_to_snowflake_dynamic_load.py
[2026-02-08T07:08:50.656+0000] {processor.py:830} INFO - Processing file /home/cloud/codings/airflow/dags/s3_to_snowflake_dynamic_load.py for tasks to queue
[2026-02-08T07:08:50.658+0000] {logging_mixin.py:188} INFO - [2026-02-08T07:08:50.657+0000] {dagbag.py:545} INFO - Filling up the DagBag from /home/cloud/codings/airflow/dags/s3_to_snowflake_dynamic_load.py
[2026-02-08T07:08:50.674+0000] {processor.py:840} INFO - DAG(s) 's3_to_snowflake_dynamic_load' retrieved from /home/cloud/codings/airflow/dags/s3_to_snowflake_dynamic_load.py
[2026-02-08T07:08:50.710+0000] {logging_mixin.py:188} INFO - [2026-02-08T07:08:50.709+0000] {dag.py:3089} INFO - Sync 1 DAGs
[2026-02-08T07:08:50.736+0000] {logging_mixin.py:188} INFO - [2026-02-08T07:08:50.735+0000] {dag.py:3947} INFO - Setting next_dagrun for s3_to_snowflake_dynamic_load to None, run_after=None
[2026-02-08T07:08:50.774+0000] {processor.py:183} INFO - Processing /home/cloud/codings/airflow/dags/s3_to_snowflake_dynamic_load.py took 0.134 seconds
[2026-02-08T07:09:21.211+0000] {processor.py:161} INFO - Started process (PID=250015) to work on /home/cloud/codings/airflow/dags/s3_to_snowflake_dynamic_load.py
[2026-02-08T07:09:21.234+0000] {processor.py:830} INFO - Processing file /home/cloud/codings/airflow/dags/s3_to_snowflake_dynamic_load.py for tasks to queue
[2026-02-08T07:09:21.236+0000] {logging_mixin.py:188} INFO - [2026-02-08T07:09:21.235+0000] {dagbag.py:545} INFO - Filling up the DagBag from /home/cloud/codings/airflow/dags/s3_to_snowflake_dynamic_load.py
[2026-02-08T07:09:21.257+0000] {processor.py:840} INFO - DAG(s) 's3_to_snowflake_dynamic_load' retrieved from /home/cloud/codings/airflow/dags/s3_to_snowflake_dynamic_load.py
[2026-02-08T07:09:21.310+0000] {logging_mixin.py:188} INFO - [2026-02-08T07:09:21.309+0000] {dag.py:3089} INFO - Sync 1 DAGs
[2026-02-08T07:09:21.344+0000] {logging_mixin.py:188} INFO - [2026-02-08T07:09:21.343+0000] {dag.py:3947} INFO - Setting next_dagrun for s3_to_snowflake_dynamic_load to None, run_after=None
[2026-02-08T07:09:21.394+0000] {processor.py:183} INFO - Processing /home/cloud/codings/airflow/dags/s3_to_snowflake_dynamic_load.py took 0.194 seconds
[2026-02-08T07:09:51.537+0000] {processor.py:161} INFO - Started process (PID=250192) to work on /home/cloud/codings/airflow/dags/s3_to_snowflake_dynamic_load.py
[2026-02-08T07:09:51.540+0000] {processor.py:830} INFO - Processing file /home/cloud/codings/airflow/dags/s3_to_snowflake_dynamic_load.py for tasks to queue
[2026-02-08T07:09:51.543+0000] {logging_mixin.py:188} INFO - [2026-02-08T07:09:51.541+0000] {dagbag.py:545} INFO - Filling up the DagBag from /home/cloud/codings/airflow/dags/s3_to_snowflake_dynamic_load.py
[2026-02-08T07:09:51.563+0000] {processor.py:840} INFO - DAG(s) 's3_to_snowflake_dynamic_load' retrieved from /home/cloud/codings/airflow/dags/s3_to_snowflake_dynamic_load.py
[2026-02-08T07:09:51.599+0000] {logging_mixin.py:188} INFO - [2026-02-08T07:09:51.599+0000] {dag.py:3089} INFO - Sync 1 DAGs
[2026-02-08T07:09:51.620+0000] {logging_mixin.py:188} INFO - [2026-02-08T07:09:51.620+0000] {dag.py:3947} INFO - Setting next_dagrun for s3_to_snowflake_dynamic_load to None, run_after=None
[2026-02-08T07:09:51.653+0000] {processor.py:183} INFO - Processing /home/cloud/codings/airflow/dags/s3_to_snowflake_dynamic_load.py took 0.130 seconds
[2026-02-08T07:10:21.832+0000] {processor.py:161} INFO - Started process (PID=250369) to work on /home/cloud/codings/airflow/dags/s3_to_snowflake_dynamic_load.py
[2026-02-08T07:10:21.842+0000] {processor.py:830} INFO - Processing file /home/cloud/codings/airflow/dags/s3_to_snowflake_dynamic_load.py for tasks to queue
[2026-02-08T07:10:21.843+0000] {logging_mixin.py:188} INFO - [2026-02-08T07:10:21.843+0000] {dagbag.py:545} INFO - Filling up the DagBag from /home/cloud/codings/airflow/dags/s3_to_snowflake_dynamic_load.py
[2026-02-08T07:10:21.855+0000] {processor.py:840} INFO - DAG(s) 's3_to_snowflake_dynamic_load' retrieved from /home/cloud/codings/airflow/dags/s3_to_snowflake_dynamic_load.py
[2026-02-08T07:10:21.880+0000] {logging_mixin.py:188} INFO - [2026-02-08T07:10:21.880+0000] {dag.py:3089} INFO - Sync 1 DAGs
[2026-02-08T07:10:21.898+0000] {logging_mixin.py:188} INFO - [2026-02-08T07:10:21.897+0000] {dag.py:3947} INFO - Setting next_dagrun for s3_to_snowflake_dynamic_load to None, run_after=None
[2026-02-08T07:10:21.927+0000] {processor.py:183} INFO - Processing /home/cloud/codings/airflow/dags/s3_to_snowflake_dynamic_load.py took 0.103 seconds
[2026-02-08T07:10:52.112+0000] {processor.py:161} INFO - Started process (PID=250481) to work on /home/cloud/codings/airflow/dags/s3_to_snowflake_dynamic_load.py
[2026-02-08T07:10:52.114+0000] {processor.py:830} INFO - Processing file /home/cloud/codings/airflow/dags/s3_to_snowflake_dynamic_load.py for tasks to queue
[2026-02-08T07:10:52.115+0000] {logging_mixin.py:188} INFO - [2026-02-08T07:10:52.114+0000] {dagbag.py:545} INFO - Filling up the DagBag from /home/cloud/codings/airflow/dags/s3_to_snowflake_dynamic_load.py
[2026-02-08T07:10:52.126+0000] {processor.py:840} INFO - DAG(s) 's3_to_snowflake_dynamic_load' retrieved from /home/cloud/codings/airflow/dags/s3_to_snowflake_dynamic_load.py
[2026-02-08T07:10:52.150+0000] {logging_mixin.py:188} INFO - [2026-02-08T07:10:52.149+0000] {dag.py:3089} INFO - Sync 1 DAGs
[2026-02-08T07:10:52.165+0000] {logging_mixin.py:188} INFO - [2026-02-08T07:10:52.165+0000] {dag.py:3947} INFO - Setting next_dagrun for s3_to_snowflake_dynamic_load to None, run_after=None
[2026-02-08T07:10:52.190+0000] {processor.py:183} INFO - Processing /home/cloud/codings/airflow/dags/s3_to_snowflake_dynamic_load.py took 0.084 seconds
[2026-02-08T07:11:22.280+0000] {processor.py:161} INFO - Started process (PID=250682) to work on /home/cloud/codings/airflow/dags/s3_to_snowflake_dynamic_load.py
[2026-02-08T07:11:22.281+0000] {processor.py:830} INFO - Processing file /home/cloud/codings/airflow/dags/s3_to_snowflake_dynamic_load.py for tasks to queue
[2026-02-08T07:11:22.282+0000] {logging_mixin.py:188} INFO - [2026-02-08T07:11:22.281+0000] {dagbag.py:545} INFO - Filling up the DagBag from /home/cloud/codings/airflow/dags/s3_to_snowflake_dynamic_load.py
[2026-02-08T07:11:22.294+0000] {processor.py:840} INFO - DAG(s) 's3_to_snowflake_dynamic_load' retrieved from /home/cloud/codings/airflow/dags/s3_to_snowflake_dynamic_load.py
[2026-02-08T07:11:22.325+0000] {logging_mixin.py:188} INFO - [2026-02-08T07:11:22.325+0000] {dag.py:3089} INFO - Sync 1 DAGs
[2026-02-08T07:11:22.347+0000] {logging_mixin.py:188} INFO - [2026-02-08T07:11:22.346+0000] {dag.py:3947} INFO - Setting next_dagrun for s3_to_snowflake_dynamic_load to None, run_after=None
[2026-02-08T07:11:22.382+0000] {processor.py:183} INFO - Processing /home/cloud/codings/airflow/dags/s3_to_snowflake_dynamic_load.py took 0.109 seconds
[2026-02-08T07:11:52.568+0000] {processor.py:161} INFO - Started process (PID=250966) to work on /home/cloud/codings/airflow/dags/s3_to_snowflake_dynamic_load.py
[2026-02-08T07:11:52.571+0000] {processor.py:830} INFO - Processing file /home/cloud/codings/airflow/dags/s3_to_snowflake_dynamic_load.py for tasks to queue
[2026-02-08T07:11:52.572+0000] {logging_mixin.py:188} INFO - [2026-02-08T07:11:52.572+0000] {dagbag.py:545} INFO - Filling up the DagBag from /home/cloud/codings/airflow/dags/s3_to_snowflake_dynamic_load.py
[2026-02-08T07:11:52.584+0000] {processor.py:840} INFO - DAG(s) 's3_to_snowflake_dynamic_load' retrieved from /home/cloud/codings/airflow/dags/s3_to_snowflake_dynamic_load.py
[2026-02-08T07:11:52.608+0000] {logging_mixin.py:188} INFO - [2026-02-08T07:11:52.608+0000] {dag.py:3089} INFO - Sync 1 DAGs
[2026-02-08T07:11:52.624+0000] {logging_mixin.py:188} INFO - [2026-02-08T07:11:52.624+0000] {dag.py:3947} INFO - Setting next_dagrun for s3_to_snowflake_dynamic_load to None, run_after=None
[2026-02-08T07:11:52.655+0000] {processor.py:183} INFO - Processing /home/cloud/codings/airflow/dags/s3_to_snowflake_dynamic_load.py took 0.095 seconds
[2026-02-08T07:12:22.764+0000] {processor.py:161} INFO - Started process (PID=251166) to work on /home/cloud/codings/airflow/dags/s3_to_snowflake_dynamic_load.py
[2026-02-08T07:12:22.766+0000] {processor.py:830} INFO - Processing file /home/cloud/codings/airflow/dags/s3_to_snowflake_dynamic_load.py for tasks to queue
[2026-02-08T07:12:22.769+0000] {logging_mixin.py:188} INFO - [2026-02-08T07:12:22.768+0000] {dagbag.py:545} INFO - Filling up the DagBag from /home/cloud/codings/airflow/dags/s3_to_snowflake_dynamic_load.py
[2026-02-08T07:12:22.794+0000] {processor.py:840} INFO - DAG(s) 's3_to_snowflake_dynamic_load' retrieved from /home/cloud/codings/airflow/dags/s3_to_snowflake_dynamic_load.py
[2026-02-08T07:12:22.834+0000] {logging_mixin.py:188} INFO - [2026-02-08T07:12:22.834+0000] {dag.py:3089} INFO - Sync 1 DAGs
[2026-02-08T07:12:22.855+0000] {logging_mixin.py:188} INFO - [2026-02-08T07:12:22.855+0000] {dag.py:3947} INFO - Setting next_dagrun for s3_to_snowflake_dynamic_load to None, run_after=None
[2026-02-08T07:12:22.904+0000] {processor.py:183} INFO - Processing /home/cloud/codings/airflow/dags/s3_to_snowflake_dynamic_load.py took 0.168 seconds
[2026-02-08T07:12:53.021+0000] {processor.py:161} INFO - Started process (PID=251390) to work on /home/cloud/codings/airflow/dags/s3_to_snowflake_dynamic_load.py
[2026-02-08T07:12:53.039+0000] {processor.py:830} INFO - Processing file /home/cloud/codings/airflow/dags/s3_to_snowflake_dynamic_load.py for tasks to queue
[2026-02-08T07:12:53.041+0000] {logging_mixin.py:188} INFO - [2026-02-08T07:12:53.040+0000] {dagbag.py:545} INFO - Filling up the DagBag from /home/cloud/codings/airflow/dags/s3_to_snowflake_dynamic_load.py
[2026-02-08T07:12:53.061+0000] {processor.py:840} INFO - DAG(s) 's3_to_snowflake_dynamic_load' retrieved from /home/cloud/codings/airflow/dags/s3_to_snowflake_dynamic_load.py
[2026-02-08T07:12:53.105+0000] {logging_mixin.py:188} INFO - [2026-02-08T07:12:53.105+0000] {dag.py:3089} INFO - Sync 1 DAGs
[2026-02-08T07:12:53.137+0000] {logging_mixin.py:188} INFO - [2026-02-08T07:12:53.136+0000] {dag.py:3947} INFO - Setting next_dagrun for s3_to_snowflake_dynamic_load to None, run_after=None
[2026-02-08T07:12:53.185+0000] {processor.py:183} INFO - Processing /home/cloud/codings/airflow/dags/s3_to_snowflake_dynamic_load.py took 0.178 seconds
[2026-02-08T07:13:23.312+0000] {processor.py:161} INFO - Started process (PID=251608) to work on /home/cloud/codings/airflow/dags/s3_to_snowflake_dynamic_load.py
[2026-02-08T07:13:23.330+0000] {processor.py:830} INFO - Processing file /home/cloud/codings/airflow/dags/s3_to_snowflake_dynamic_load.py for tasks to queue
[2026-02-08T07:13:23.332+0000] {logging_mixin.py:188} INFO - [2026-02-08T07:13:23.331+0000] {dagbag.py:545} INFO - Filling up the DagBag from /home/cloud/codings/airflow/dags/s3_to_snowflake_dynamic_load.py
[2026-02-08T07:13:23.355+0000] {processor.py:840} INFO - DAG(s) 's3_to_snowflake_dynamic_load' retrieved from /home/cloud/codings/airflow/dags/s3_to_snowflake_dynamic_load.py
[2026-02-08T07:13:23.398+0000] {logging_mixin.py:188} INFO - [2026-02-08T07:13:23.398+0000] {dag.py:3089} INFO - Sync 1 DAGs
[2026-02-08T07:13:23.427+0000] {logging_mixin.py:188} INFO - [2026-02-08T07:13:23.426+0000] {dag.py:3947} INFO - Setting next_dagrun for s3_to_snowflake_dynamic_load to None, run_after=None
[2026-02-08T07:13:23.495+0000] {processor.py:183} INFO - Processing /home/cloud/codings/airflow/dags/s3_to_snowflake_dynamic_load.py took 0.190 seconds
[2026-02-08T07:13:53.630+0000] {processor.py:161} INFO - Started process (PID=251862) to work on /home/cloud/codings/airflow/dags/s3_to_snowflake_dynamic_load.py
[2026-02-08T07:13:53.637+0000] {processor.py:830} INFO - Processing file /home/cloud/codings/airflow/dags/s3_to_snowflake_dynamic_load.py for tasks to queue
[2026-02-08T07:13:53.639+0000] {logging_mixin.py:188} INFO - [2026-02-08T07:13:53.638+0000] {dagbag.py:545} INFO - Filling up the DagBag from /home/cloud/codings/airflow/dags/s3_to_snowflake_dynamic_load.py
[2026-02-08T07:13:53.655+0000] {processor.py:840} INFO - DAG(s) 's3_to_snowflake_dynamic_load' retrieved from /home/cloud/codings/airflow/dags/s3_to_snowflake_dynamic_load.py
[2026-02-08T07:13:53.689+0000] {logging_mixin.py:188} INFO - [2026-02-08T07:13:53.689+0000] {dag.py:3089} INFO - Sync 1 DAGs
[2026-02-08T07:13:53.714+0000] {logging_mixin.py:188} INFO - [2026-02-08T07:13:53.713+0000] {dag.py:3947} INFO - Setting next_dagrun for s3_to_snowflake_dynamic_load to None, run_after=None
[2026-02-08T07:13:53.760+0000] {processor.py:183} INFO - Processing /home/cloud/codings/airflow/dags/s3_to_snowflake_dynamic_load.py took 0.141 seconds
[2026-02-08T07:14:23.897+0000] {processor.py:161} INFO - Started process (PID=252113) to work on /home/cloud/codings/airflow/dags/s3_to_snowflake_dynamic_load.py
[2026-02-08T07:14:23.915+0000] {processor.py:830} INFO - Processing file /home/cloud/codings/airflow/dags/s3_to_snowflake_dynamic_load.py for tasks to queue
[2026-02-08T07:14:23.916+0000] {logging_mixin.py:188} INFO - [2026-02-08T07:14:23.915+0000] {dagbag.py:545} INFO - Filling up the DagBag from /home/cloud/codings/airflow/dags/s3_to_snowflake_dynamic_load.py
[2026-02-08T07:14:23.929+0000] {processor.py:840} INFO - DAG(s) 's3_to_snowflake_dynamic_load' retrieved from /home/cloud/codings/airflow/dags/s3_to_snowflake_dynamic_load.py
[2026-02-08T07:14:23.953+0000] {logging_mixin.py:188} INFO - [2026-02-08T07:14:23.953+0000] {dag.py:3089} INFO - Sync 1 DAGs
[2026-02-08T07:14:23.968+0000] {logging_mixin.py:188} INFO - [2026-02-08T07:14:23.968+0000] {dag.py:3947} INFO - Setting next_dagrun for s3_to_snowflake_dynamic_load to None, run_after=None
[2026-02-08T07:14:23.999+0000] {processor.py:183} INFO - Processing /home/cloud/codings/airflow/dags/s3_to_snowflake_dynamic_load.py took 0.108 seconds
[2026-02-08T07:14:54.164+0000] {processor.py:161} INFO - Started process (PID=252351) to work on /home/cloud/codings/airflow/dags/s3_to_snowflake_dynamic_load.py
[2026-02-08T07:14:54.165+0000] {processor.py:830} INFO - Processing file /home/cloud/codings/airflow/dags/s3_to_snowflake_dynamic_load.py for tasks to queue
[2026-02-08T07:14:54.166+0000] {logging_mixin.py:188} INFO - [2026-02-08T07:14:54.166+0000] {dagbag.py:545} INFO - Filling up the DagBag from /home/cloud/codings/airflow/dags/s3_to_snowflake_dynamic_load.py
[2026-02-08T07:14:54.176+0000] {processor.py:840} INFO - DAG(s) 's3_to_snowflake_dynamic_load' retrieved from /home/cloud/codings/airflow/dags/s3_to_snowflake_dynamic_load.py
[2026-02-08T07:14:54.196+0000] {logging_mixin.py:188} INFO - [2026-02-08T07:14:54.195+0000] {dag.py:3089} INFO - Sync 1 DAGs
[2026-02-08T07:14:54.209+0000] {logging_mixin.py:188} INFO - [2026-02-08T07:14:54.208+0000] {dag.py:3947} INFO - Setting next_dagrun for s3_to_snowflake_dynamic_load to None, run_after=None
[2026-02-08T07:14:54.233+0000] {processor.py:183} INFO - Processing /home/cloud/codings/airflow/dags/s3_to_snowflake_dynamic_load.py took 0.076 seconds
[2026-02-08T07:15:24.357+0000] {processor.py:161} INFO - Started process (PID=252537) to work on /home/cloud/codings/airflow/dags/s3_to_snowflake_dynamic_load.py
[2026-02-08T07:15:24.379+0000] {processor.py:830} INFO - Processing file /home/cloud/codings/airflow/dags/s3_to_snowflake_dynamic_load.py for tasks to queue
[2026-02-08T07:15:24.380+0000] {logging_mixin.py:188} INFO - [2026-02-08T07:15:24.379+0000] {dagbag.py:545} INFO - Filling up the DagBag from /home/cloud/codings/airflow/dags/s3_to_snowflake_dynamic_load.py
[2026-02-08T07:15:24.398+0000] {processor.py:840} INFO - DAG(s) 's3_to_snowflake_dynamic_load' retrieved from /home/cloud/codings/airflow/dags/s3_to_snowflake_dynamic_load.py
[2026-02-08T07:15:24.438+0000] {logging_mixin.py:188} INFO - [2026-02-08T07:15:24.437+0000] {dag.py:3089} INFO - Sync 1 DAGs
[2026-02-08T07:15:24.464+0000] {logging_mixin.py:188} INFO - [2026-02-08T07:15:24.463+0000] {dag.py:3947} INFO - Setting next_dagrun for s3_to_snowflake_dynamic_load to None, run_after=None
[2026-02-08T07:15:24.504+0000] {processor.py:183} INFO - Processing /home/cloud/codings/airflow/dags/s3_to_snowflake_dynamic_load.py took 0.160 seconds
[2026-02-08T07:15:54.644+0000] {processor.py:161} INFO - Started process (PID=252647) to work on /home/cloud/codings/airflow/dags/s3_to_snowflake_dynamic_load.py
[2026-02-08T07:15:54.646+0000] {processor.py:830} INFO - Processing file /home/cloud/codings/airflow/dags/s3_to_snowflake_dynamic_load.py for tasks to queue
[2026-02-08T07:15:54.647+0000] {logging_mixin.py:188} INFO - [2026-02-08T07:15:54.646+0000] {dagbag.py:545} INFO - Filling up the DagBag from /home/cloud/codings/airflow/dags/s3_to_snowflake_dynamic_load.py
[2026-02-08T07:15:54.658+0000] {processor.py:840} INFO - DAG(s) 's3_to_snowflake_dynamic_load' retrieved from /home/cloud/codings/airflow/dags/s3_to_snowflake_dynamic_load.py
[2026-02-08T07:15:54.683+0000] {logging_mixin.py:188} INFO - [2026-02-08T07:15:54.683+0000] {dag.py:3089} INFO - Sync 1 DAGs
[2026-02-08T07:15:54.700+0000] {logging_mixin.py:188} INFO - [2026-02-08T07:15:54.700+0000] {dag.py:3947} INFO - Setting next_dagrun for s3_to_snowflake_dynamic_load to None, run_after=None
[2026-02-08T07:15:54.731+0000] {processor.py:183} INFO - Processing /home/cloud/codings/airflow/dags/s3_to_snowflake_dynamic_load.py took 0.095 seconds
[2026-02-08T07:16:24.886+0000] {processor.py:161} INFO - Started process (PID=252734) to work on /home/cloud/codings/airflow/dags/s3_to_snowflake_dynamic_load.py
[2026-02-08T07:16:24.892+0000] {processor.py:830} INFO - Processing file /home/cloud/codings/airflow/dags/s3_to_snowflake_dynamic_load.py for tasks to queue
[2026-02-08T07:16:24.899+0000] {logging_mixin.py:188} INFO - [2026-02-08T07:16:24.894+0000] {dagbag.py:545} INFO - Filling up the DagBag from /home/cloud/codings/airflow/dags/s3_to_snowflake_dynamic_load.py
[2026-02-08T07:16:24.950+0000] {processor.py:840} INFO - DAG(s) 's3_to_snowflake_dynamic_load' retrieved from /home/cloud/codings/airflow/dags/s3_to_snowflake_dynamic_load.py
[2026-02-08T07:16:25.066+0000] {logging_mixin.py:188} INFO - [2026-02-08T07:16:25.065+0000] {dag.py:3089} INFO - Sync 1 DAGs
[2026-02-08T07:16:25.137+0000] {logging_mixin.py:188} INFO - [2026-02-08T07:16:25.136+0000] {dag.py:3947} INFO - Setting next_dagrun for s3_to_snowflake_dynamic_load to None, run_after=None
[2026-02-08T07:16:25.208+0000] {processor.py:183} INFO - Processing /home/cloud/codings/airflow/dags/s3_to_snowflake_dynamic_load.py took 0.359 seconds
[2026-02-08T07:16:55.404+0000] {processor.py:161} INFO - Started process (PID=253008) to work on /home/cloud/codings/airflow/dags/s3_to_snowflake_dynamic_load.py
[2026-02-08T07:16:55.405+0000] {processor.py:830} INFO - Processing file /home/cloud/codings/airflow/dags/s3_to_snowflake_dynamic_load.py for tasks to queue
[2026-02-08T07:16:55.406+0000] {logging_mixin.py:188} INFO - [2026-02-08T07:16:55.406+0000] {dagbag.py:545} INFO - Filling up the DagBag from /home/cloud/codings/airflow/dags/s3_to_snowflake_dynamic_load.py
[2026-02-08T07:16:55.417+0000] {processor.py:840} INFO - DAG(s) 's3_to_snowflake_dynamic_load' retrieved from /home/cloud/codings/airflow/dags/s3_to_snowflake_dynamic_load.py
[2026-02-08T07:16:55.444+0000] {logging_mixin.py:188} INFO - [2026-02-08T07:16:55.443+0000] {dag.py:3089} INFO - Sync 1 DAGs
[2026-02-08T07:16:55.462+0000] {logging_mixin.py:188} INFO - [2026-02-08T07:16:55.461+0000] {dag.py:3947} INFO - Setting next_dagrun for s3_to_snowflake_dynamic_load to None, run_after=None
[2026-02-08T07:16:55.489+0000] {processor.py:183} INFO - Processing /home/cloud/codings/airflow/dags/s3_to_snowflake_dynamic_load.py took 0.093 seconds
[2026-02-08T07:17:25.650+0000] {processor.py:161} INFO - Started process (PID=253236) to work on /home/cloud/codings/airflow/dags/s3_to_snowflake_dynamic_load.py
[2026-02-08T07:17:25.652+0000] {processor.py:830} INFO - Processing file /home/cloud/codings/airflow/dags/s3_to_snowflake_dynamic_load.py for tasks to queue
[2026-02-08T07:17:25.654+0000] {logging_mixin.py:188} INFO - [2026-02-08T07:17:25.653+0000] {dagbag.py:545} INFO - Filling up the DagBag from /home/cloud/codings/airflow/dags/s3_to_snowflake_dynamic_load.py
[2026-02-08T07:17:25.669+0000] {processor.py:840} INFO - DAG(s) 's3_to_snowflake_dynamic_load' retrieved from /home/cloud/codings/airflow/dags/s3_to_snowflake_dynamic_load.py
[2026-02-08T07:17:25.703+0000] {logging_mixin.py:188} INFO - [2026-02-08T07:17:25.702+0000] {dag.py:3089} INFO - Sync 1 DAGs
[2026-02-08T07:17:25.732+0000] {logging_mixin.py:188} INFO - [2026-02-08T07:17:25.731+0000] {dag.py:3947} INFO - Setting next_dagrun for s3_to_snowflake_dynamic_load to None, run_after=None
[2026-02-08T07:17:25.767+0000] {processor.py:183} INFO - Processing /home/cloud/codings/airflow/dags/s3_to_snowflake_dynamic_load.py took 0.128 seconds
[2026-02-08T07:17:56.137+0000] {processor.py:161} INFO - Started process (PID=253298) to work on /home/cloud/codings/airflow/dags/s3_to_snowflake_dynamic_load.py
[2026-02-08T07:17:56.158+0000] {processor.py:830} INFO - Processing file /home/cloud/codings/airflow/dags/s3_to_snowflake_dynamic_load.py for tasks to queue
[2026-02-08T07:17:56.159+0000] {logging_mixin.py:188} INFO - [2026-02-08T07:17:56.159+0000] {dagbag.py:545} INFO - Filling up the DagBag from /home/cloud/codings/airflow/dags/s3_to_snowflake_dynamic_load.py
[2026-02-08T07:17:56.170+0000] {processor.py:840} INFO - DAG(s) 's3_to_snowflake_dynamic_load' retrieved from /home/cloud/codings/airflow/dags/s3_to_snowflake_dynamic_load.py
[2026-02-08T07:17:56.191+0000] {logging_mixin.py:188} INFO - [2026-02-08T07:17:56.191+0000] {dag.py:3089} INFO - Sync 1 DAGs
[2026-02-08T07:17:56.205+0000] {logging_mixin.py:188} INFO - [2026-02-08T07:17:56.205+0000] {dag.py:3947} INFO - Setting next_dagrun for s3_to_snowflake_dynamic_load to None, run_after=None
[2026-02-08T07:17:56.230+0000] {processor.py:183} INFO - Processing /home/cloud/codings/airflow/dags/s3_to_snowflake_dynamic_load.py took 0.100 seconds
[2026-02-08T07:18:26.514+0000] {processor.py:161} INFO - Started process (PID=253360) to work on /home/cloud/codings/airflow/dags/s3_to_snowflake_dynamic_load.py
[2026-02-08T07:18:26.515+0000] {processor.py:830} INFO - Processing file /home/cloud/codings/airflow/dags/s3_to_snowflake_dynamic_load.py for tasks to queue
[2026-02-08T07:18:26.516+0000] {logging_mixin.py:188} INFO - [2026-02-08T07:18:26.516+0000] {dagbag.py:545} INFO - Filling up the DagBag from /home/cloud/codings/airflow/dags/s3_to_snowflake_dynamic_load.py
[2026-02-08T07:18:26.526+0000] {processor.py:840} INFO - DAG(s) 's3_to_snowflake_dynamic_load' retrieved from /home/cloud/codings/airflow/dags/s3_to_snowflake_dynamic_load.py
[2026-02-08T07:18:26.546+0000] {logging_mixin.py:188} INFO - [2026-02-08T07:18:26.546+0000] {dag.py:3089} INFO - Sync 1 DAGs
[2026-02-08T07:18:26.560+0000] {logging_mixin.py:188} INFO - [2026-02-08T07:18:26.560+0000] {dag.py:3947} INFO - Setting next_dagrun for s3_to_snowflake_dynamic_load to None, run_after=None
[2026-02-08T07:18:26.584+0000] {processor.py:183} INFO - Processing /home/cloud/codings/airflow/dags/s3_to_snowflake_dynamic_load.py took 0.078 seconds
[2026-02-08T07:18:56.890+0000] {processor.py:161} INFO - Started process (PID=253422) to work on /home/cloud/codings/airflow/dags/s3_to_snowflake_dynamic_load.py
[2026-02-08T07:18:56.891+0000] {processor.py:830} INFO - Processing file /home/cloud/codings/airflow/dags/s3_to_snowflake_dynamic_load.py for tasks to queue
[2026-02-08T07:18:56.892+0000] {logging_mixin.py:188} INFO - [2026-02-08T07:18:56.891+0000] {dagbag.py:545} INFO - Filling up the DagBag from /home/cloud/codings/airflow/dags/s3_to_snowflake_dynamic_load.py
[2026-02-08T07:18:56.902+0000] {processor.py:840} INFO - DAG(s) 's3_to_snowflake_dynamic_load' retrieved from /home/cloud/codings/airflow/dags/s3_to_snowflake_dynamic_load.py
[2026-02-08T07:18:56.926+0000] {logging_mixin.py:188} INFO - [2026-02-08T07:18:56.925+0000] {dag.py:3089} INFO - Sync 1 DAGs
[2026-02-08T07:18:56.943+0000] {logging_mixin.py:188} INFO - [2026-02-08T07:18:56.942+0000] {dag.py:3947} INFO - Setting next_dagrun for s3_to_snowflake_dynamic_load to None, run_after=None
[2026-02-08T07:18:56.966+0000] {processor.py:183} INFO - Processing /home/cloud/codings/airflow/dags/s3_to_snowflake_dynamic_load.py took 0.083 seconds
[2026-02-08T07:19:27.118+0000] {processor.py:161} INFO - Started process (PID=253486) to work on /home/cloud/codings/airflow/dags/s3_to_snowflake_dynamic_load.py
[2026-02-08T07:19:27.135+0000] {processor.py:830} INFO - Processing file /home/cloud/codings/airflow/dags/s3_to_snowflake_dynamic_load.py for tasks to queue
[2026-02-08T07:19:27.137+0000] {logging_mixin.py:188} INFO - [2026-02-08T07:19:27.136+0000] {dagbag.py:545} INFO - Filling up the DagBag from /home/cloud/codings/airflow/dags/s3_to_snowflake_dynamic_load.py
[2026-02-08T07:19:27.148+0000] {processor.py:840} INFO - DAG(s) 's3_to_snowflake_dynamic_load' retrieved from /home/cloud/codings/airflow/dags/s3_to_snowflake_dynamic_load.py
[2026-02-08T07:19:27.175+0000] {logging_mixin.py:188} INFO - [2026-02-08T07:19:27.175+0000] {dag.py:3089} INFO - Sync 1 DAGs
[2026-02-08T07:19:27.195+0000] {logging_mixin.py:188} INFO - [2026-02-08T07:19:27.195+0000] {dag.py:3947} INFO - Setting next_dagrun for s3_to_snowflake_dynamic_load to None, run_after=None
[2026-02-08T07:19:27.225+0000] {processor.py:183} INFO - Processing /home/cloud/codings/airflow/dags/s3_to_snowflake_dynamic_load.py took 0.114 seconds
[2026-02-08T07:19:57.597+0000] {processor.py:161} INFO - Started process (PID=253548) to work on /home/cloud/codings/airflow/dags/s3_to_snowflake_dynamic_load.py
[2026-02-08T07:19:57.598+0000] {processor.py:830} INFO - Processing file /home/cloud/codings/airflow/dags/s3_to_snowflake_dynamic_load.py for tasks to queue
[2026-02-08T07:19:57.599+0000] {logging_mixin.py:188} INFO - [2026-02-08T07:19:57.599+0000] {dagbag.py:545} INFO - Filling up the DagBag from /home/cloud/codings/airflow/dags/s3_to_snowflake_dynamic_load.py
[2026-02-08T07:19:57.609+0000] {processor.py:840} INFO - DAG(s) 's3_to_snowflake_dynamic_load' retrieved from /home/cloud/codings/airflow/dags/s3_to_snowflake_dynamic_load.py
[2026-02-08T07:19:57.629+0000] {logging_mixin.py:188} INFO - [2026-02-08T07:19:57.629+0000] {dag.py:3089} INFO - Sync 1 DAGs
[2026-02-08T07:19:57.643+0000] {logging_mixin.py:188} INFO - [2026-02-08T07:19:57.642+0000] {dag.py:3947} INFO - Setting next_dagrun for s3_to_snowflake_dynamic_load to None, run_after=None
[2026-02-08T07:19:57.668+0000] {processor.py:183} INFO - Processing /home/cloud/codings/airflow/dags/s3_to_snowflake_dynamic_load.py took 0.078 seconds
[2026-02-08T07:20:28.026+0000] {processor.py:161} INFO - Started process (PID=253610) to work on /home/cloud/codings/airflow/dags/s3_to_snowflake_dynamic_load.py
[2026-02-08T07:20:28.045+0000] {processor.py:830} INFO - Processing file /home/cloud/codings/airflow/dags/s3_to_snowflake_dynamic_load.py for tasks to queue
[2026-02-08T07:20:28.047+0000] {logging_mixin.py:188} INFO - [2026-02-08T07:20:28.046+0000] {dagbag.py:545} INFO - Filling up the DagBag from /home/cloud/codings/airflow/dags/s3_to_snowflake_dynamic_load.py
[2026-02-08T07:20:28.080+0000] {processor.py:840} INFO - DAG(s) 's3_to_snowflake_dynamic_load' retrieved from /home/cloud/codings/airflow/dags/s3_to_snowflake_dynamic_load.py
[2026-02-08T07:20:28.170+0000] {logging_mixin.py:188} INFO - [2026-02-08T07:20:28.169+0000] {dag.py:3089} INFO - Sync 1 DAGs
[2026-02-08T07:20:28.215+0000] {logging_mixin.py:188} INFO - [2026-02-08T07:20:28.214+0000] {dag.py:3947} INFO - Setting next_dagrun for s3_to_snowflake_dynamic_load to None, run_after=None
[2026-02-08T07:20:28.271+0000] {processor.py:183} INFO - Processing /home/cloud/codings/airflow/dags/s3_to_snowflake_dynamic_load.py took 0.280 seconds
[2026-02-08T07:20:58.470+0000] {processor.py:161} INFO - Started process (PID=253674) to work on /home/cloud/codings/airflow/dags/s3_to_snowflake_dynamic_load.py
[2026-02-08T07:20:58.471+0000] {processor.py:830} INFO - Processing file /home/cloud/codings/airflow/dags/s3_to_snowflake_dynamic_load.py for tasks to queue
[2026-02-08T07:20:58.472+0000] {logging_mixin.py:188} INFO - [2026-02-08T07:20:58.472+0000] {dagbag.py:545} INFO - Filling up the DagBag from /home/cloud/codings/airflow/dags/s3_to_snowflake_dynamic_load.py
[2026-02-08T07:20:58.482+0000] {processor.py:840} INFO - DAG(s) 's3_to_snowflake_dynamic_load' retrieved from /home/cloud/codings/airflow/dags/s3_to_snowflake_dynamic_load.py
[2026-02-08T07:20:58.501+0000] {logging_mixin.py:188} INFO - [2026-02-08T07:20:58.501+0000] {dag.py:3089} INFO - Sync 1 DAGs
[2026-02-08T07:20:58.515+0000] {logging_mixin.py:188} INFO - [2026-02-08T07:20:58.514+0000] {dag.py:3947} INFO - Setting next_dagrun for s3_to_snowflake_dynamic_load to None, run_after=None
[2026-02-08T07:20:58.538+0000] {processor.py:183} INFO - Processing /home/cloud/codings/airflow/dags/s3_to_snowflake_dynamic_load.py took 0.075 seconds
[2026-02-08T07:21:28.866+0000] {processor.py:161} INFO - Started process (PID=253871) to work on /home/cloud/codings/airflow/dags/s3_to_snowflake_dynamic_load.py
[2026-02-08T07:21:28.892+0000] {processor.py:830} INFO - Processing file /home/cloud/codings/airflow/dags/s3_to_snowflake_dynamic_load.py for tasks to queue
[2026-02-08T07:21:28.893+0000] {logging_mixin.py:188} INFO - [2026-02-08T07:21:28.893+0000] {dagbag.py:545} INFO - Filling up the DagBag from /home/cloud/codings/airflow/dags/s3_to_snowflake_dynamic_load.py
[2026-02-08T07:21:28.906+0000] {processor.py:840} INFO - DAG(s) 's3_to_snowflake_dynamic_load' retrieved from /home/cloud/codings/airflow/dags/s3_to_snowflake_dynamic_load.py
[2026-02-08T07:21:28.933+0000] {logging_mixin.py:188} INFO - [2026-02-08T07:21:28.933+0000] {dag.py:3089} INFO - Sync 1 DAGs
[2026-02-08T07:21:28.948+0000] {logging_mixin.py:188} INFO - [2026-02-08T07:21:28.948+0000] {dag.py:3947} INFO - Setting next_dagrun for s3_to_snowflake_dynamic_load to None, run_after=None
[2026-02-08T07:21:28.976+0000] {processor.py:183} INFO - Processing /home/cloud/codings/airflow/dags/s3_to_snowflake_dynamic_load.py took 0.120 seconds
[2026-02-08T07:21:59.374+0000] {processor.py:161} INFO - Started process (PID=254131) to work on /home/cloud/codings/airflow/dags/s3_to_snowflake_dynamic_load.py
[2026-02-08T07:21:59.376+0000] {processor.py:830} INFO - Processing file /home/cloud/codings/airflow/dags/s3_to_snowflake_dynamic_load.py for tasks to queue
[2026-02-08T07:21:59.379+0000] {logging_mixin.py:188} INFO - [2026-02-08T07:21:59.378+0000] {dagbag.py:545} INFO - Filling up the DagBag from /home/cloud/codings/airflow/dags/s3_to_snowflake_dynamic_load.py
[2026-02-08T07:21:59.408+0000] {processor.py:840} INFO - DAG(s) 's3_to_snowflake_dynamic_load' retrieved from /home/cloud/codings/airflow/dags/s3_to_snowflake_dynamic_load.py
[2026-02-08T07:21:59.465+0000] {logging_mixin.py:188} INFO - [2026-02-08T07:21:59.465+0000] {dag.py:3089} INFO - Sync 1 DAGs
[2026-02-08T07:21:59.490+0000] {logging_mixin.py:188} INFO - [2026-02-08T07:21:59.489+0000] {dag.py:3947} INFO - Setting next_dagrun for s3_to_snowflake_dynamic_load to None, run_after=None
[2026-02-08T07:21:59.533+0000] {processor.py:183} INFO - Processing /home/cloud/codings/airflow/dags/s3_to_snowflake_dynamic_load.py took 0.180 seconds
[2026-02-08T07:22:29.629+0000] {processor.py:161} INFO - Started process (PID=254197) to work on /home/cloud/codings/airflow/dags/s3_to_snowflake_dynamic_load.py
[2026-02-08T07:22:29.646+0000] {processor.py:830} INFO - Processing file /home/cloud/codings/airflow/dags/s3_to_snowflake_dynamic_load.py for tasks to queue
[2026-02-08T07:22:29.648+0000] {logging_mixin.py:188} INFO - [2026-02-08T07:22:29.647+0000] {dagbag.py:545} INFO - Filling up the DagBag from /home/cloud/codings/airflow/dags/s3_to_snowflake_dynamic_load.py
[2026-02-08T07:22:29.657+0000] {processor.py:840} INFO - DAG(s) 's3_to_snowflake_dynamic_load' retrieved from /home/cloud/codings/airflow/dags/s3_to_snowflake_dynamic_load.py
[2026-02-08T07:22:29.675+0000] {logging_mixin.py:188} INFO - [2026-02-08T07:22:29.675+0000] {dag.py:3089} INFO - Sync 1 DAGs
[2026-02-08T07:22:29.687+0000] {logging_mixin.py:188} INFO - [2026-02-08T07:22:29.687+0000] {dag.py:3947} INFO - Setting next_dagrun for s3_to_snowflake_dynamic_load to None, run_after=None
[2026-02-08T07:22:29.710+0000] {processor.py:183} INFO - Processing /home/cloud/codings/airflow/dags/s3_to_snowflake_dynamic_load.py took 0.089 seconds
[2026-02-08T07:23:00.016+0000] {processor.py:161} INFO - Started process (PID=254259) to work on /home/cloud/codings/airflow/dags/s3_to_snowflake_dynamic_load.py
[2026-02-08T07:23:00.018+0000] {processor.py:830} INFO - Processing file /home/cloud/codings/airflow/dags/s3_to_snowflake_dynamic_load.py for tasks to queue
[2026-02-08T07:23:00.023+0000] {logging_mixin.py:188} INFO - [2026-02-08T07:23:00.022+0000] {dagbag.py:545} INFO - Filling up the DagBag from /home/cloud/codings/airflow/dags/s3_to_snowflake_dynamic_load.py
[2026-02-08T07:23:00.040+0000] {processor.py:840} INFO - DAG(s) 's3_to_snowflake_dynamic_load' retrieved from /home/cloud/codings/airflow/dags/s3_to_snowflake_dynamic_load.py
[2026-02-08T07:23:00.066+0000] {logging_mixin.py:188} INFO - [2026-02-08T07:23:00.065+0000] {dag.py:3089} INFO - Sync 1 DAGs
[2026-02-08T07:23:00.085+0000] {logging_mixin.py:188} INFO - [2026-02-08T07:23:00.085+0000] {dag.py:3947} INFO - Setting next_dagrun for s3_to_snowflake_dynamic_load to None, run_after=None
[2026-02-08T07:23:00.121+0000] {processor.py:183} INFO - Processing /home/cloud/codings/airflow/dags/s3_to_snowflake_dynamic_load.py took 0.117 seconds
[2026-02-08T07:23:30.255+0000] {processor.py:161} INFO - Started process (PID=254443) to work on /home/cloud/codings/airflow/dags/s3_to_snowflake_dynamic_load.py
[2026-02-08T07:23:30.277+0000] {processor.py:830} INFO - Processing file /home/cloud/codings/airflow/dags/s3_to_snowflake_dynamic_load.py for tasks to queue
[2026-02-08T07:23:30.278+0000] {logging_mixin.py:188} INFO - [2026-02-08T07:23:30.278+0000] {dagbag.py:545} INFO - Filling up the DagBag from /home/cloud/codings/airflow/dags/s3_to_snowflake_dynamic_load.py
[2026-02-08T07:23:30.295+0000] {processor.py:840} INFO - DAG(s) 's3_to_snowflake_dynamic_load' retrieved from /home/cloud/codings/airflow/dags/s3_to_snowflake_dynamic_load.py
[2026-02-08T07:23:30.324+0000] {logging_mixin.py:188} INFO - [2026-02-08T07:23:30.323+0000] {dag.py:3089} INFO - Sync 1 DAGs
[2026-02-08T07:23:30.344+0000] {logging_mixin.py:188} INFO - [2026-02-08T07:23:30.344+0000] {dag.py:3947} INFO - Setting next_dagrun for s3_to_snowflake_dynamic_load to None, run_after=None
[2026-02-08T07:23:30.375+0000] {processor.py:183} INFO - Processing /home/cloud/codings/airflow/dags/s3_to_snowflake_dynamic_load.py took 0.131 seconds
[2026-02-08T07:24:00.662+0000] {processor.py:161} INFO - Started process (PID=254649) to work on /home/cloud/codings/airflow/dags/s3_to_snowflake_dynamic_load.py
[2026-02-08T07:24:00.679+0000] {processor.py:830} INFO - Processing file /home/cloud/codings/airflow/dags/s3_to_snowflake_dynamic_load.py for tasks to queue
[2026-02-08T07:24:00.680+0000] {logging_mixin.py:188} INFO - [2026-02-08T07:24:00.680+0000] {dagbag.py:545} INFO - Filling up the DagBag from /home/cloud/codings/airflow/dags/s3_to_snowflake_dynamic_load.py
[2026-02-08T07:24:00.690+0000] {processor.py:840} INFO - DAG(s) 's3_to_snowflake_dynamic_load' retrieved from /home/cloud/codings/airflow/dags/s3_to_snowflake_dynamic_load.py
[2026-02-08T07:24:00.709+0000] {logging_mixin.py:188} INFO - [2026-02-08T07:24:00.708+0000] {dag.py:3089} INFO - Sync 1 DAGs
[2026-02-08T07:24:00.721+0000] {logging_mixin.py:188} INFO - [2026-02-08T07:24:00.721+0000] {dag.py:3947} INFO - Setting next_dagrun for s3_to_snowflake_dynamic_load to None, run_after=None
[2026-02-08T07:24:00.743+0000] {processor.py:183} INFO - Processing /home/cloud/codings/airflow/dags/s3_to_snowflake_dynamic_load.py took 0.088 seconds
[2026-02-08T07:24:31.076+0000] {processor.py:161} INFO - Started process (PID=254856) to work on /home/cloud/codings/airflow/dags/s3_to_snowflake_dynamic_load.py
[2026-02-08T07:24:31.078+0000] {processor.py:830} INFO - Processing file /home/cloud/codings/airflow/dags/s3_to_snowflake_dynamic_load.py for tasks to queue
[2026-02-08T07:24:31.080+0000] {logging_mixin.py:188} INFO - [2026-02-08T07:24:31.079+0000] {dagbag.py:545} INFO - Filling up the DagBag from /home/cloud/codings/airflow/dags/s3_to_snowflake_dynamic_load.py
[2026-02-08T07:24:31.101+0000] {processor.py:840} INFO - DAG(s) 's3_to_snowflake_dynamic_load' retrieved from /home/cloud/codings/airflow/dags/s3_to_snowflake_dynamic_load.py
[2026-02-08T07:24:31.139+0000] {logging_mixin.py:188} INFO - [2026-02-08T07:24:31.138+0000] {dag.py:3089} INFO - Sync 1 DAGs
[2026-02-08T07:24:31.163+0000] {logging_mixin.py:188} INFO - [2026-02-08T07:24:31.163+0000] {dag.py:3947} INFO - Setting next_dagrun for s3_to_snowflake_dynamic_load to None, run_after=None
[2026-02-08T07:24:31.198+0000] {processor.py:183} INFO - Processing /home/cloud/codings/airflow/dags/s3_to_snowflake_dynamic_load.py took 0.136 seconds
[2026-02-08T07:25:01.646+0000] {processor.py:161} INFO - Started process (PID=255065) to work on /home/cloud/codings/airflow/dags/s3_to_snowflake_dynamic_load.py
[2026-02-08T07:25:01.665+0000] {processor.py:830} INFO - Processing file /home/cloud/codings/airflow/dags/s3_to_snowflake_dynamic_load.py for tasks to queue
[2026-02-08T07:25:01.668+0000] {logging_mixin.py:188} INFO - [2026-02-08T07:25:01.667+0000] {dagbag.py:545} INFO - Filling up the DagBag from /home/cloud/codings/airflow/dags/s3_to_snowflake_dynamic_load.py
[2026-02-08T07:25:01.707+0000] {processor.py:840} INFO - DAG(s) 's3_to_snowflake_dynamic_load' retrieved from /home/cloud/codings/airflow/dags/s3_to_snowflake_dynamic_load.py
[2026-02-08T07:25:01.765+0000] {logging_mixin.py:188} INFO - [2026-02-08T07:25:01.764+0000] {dag.py:3089} INFO - Sync 1 DAGs
[2026-02-08T07:25:01.803+0000] {logging_mixin.py:188} INFO - [2026-02-08T07:25:01.802+0000] {dag.py:3947} INFO - Setting next_dagrun for s3_to_snowflake_dynamic_load to None, run_after=None
[2026-02-08T07:25:01.850+0000] {processor.py:183} INFO - Processing /home/cloud/codings/airflow/dags/s3_to_snowflake_dynamic_load.py took 0.233 seconds
[2026-02-08T07:25:32.167+0000] {processor.py:161} INFO - Started process (PID=255281) to work on /home/cloud/codings/airflow/dags/s3_to_snowflake_dynamic_load.py
[2026-02-08T07:25:32.169+0000] {processor.py:830} INFO - Processing file /home/cloud/codings/airflow/dags/s3_to_snowflake_dynamic_load.py for tasks to queue
[2026-02-08T07:25:32.171+0000] {logging_mixin.py:188} INFO - [2026-02-08T07:25:32.170+0000] {dagbag.py:545} INFO - Filling up the DagBag from /home/cloud/codings/airflow/dags/s3_to_snowflake_dynamic_load.py
[2026-02-08T07:25:32.194+0000] {processor.py:840} INFO - DAG(s) 's3_to_snowflake_dynamic_load' retrieved from /home/cloud/codings/airflow/dags/s3_to_snowflake_dynamic_load.py
[2026-02-08T07:25:32.233+0000] {logging_mixin.py:188} INFO - [2026-02-08T07:25:32.232+0000] {dag.py:3089} INFO - Sync 1 DAGs
[2026-02-08T07:25:32.266+0000] {logging_mixin.py:188} INFO - [2026-02-08T07:25:32.265+0000] {dag.py:3947} INFO - Setting next_dagrun for s3_to_snowflake_dynamic_load to None, run_after=None
[2026-02-08T07:25:32.311+0000] {processor.py:183} INFO - Processing /home/cloud/codings/airflow/dags/s3_to_snowflake_dynamic_load.py took 0.157 seconds
[2026-02-08T07:26:02.655+0000] {processor.py:161} INFO - Started process (PID=255463) to work on /home/cloud/codings/airflow/dags/s3_to_snowflake_dynamic_load.py
[2026-02-08T07:26:02.683+0000] {processor.py:830} INFO - Processing file /home/cloud/codings/airflow/dags/s3_to_snowflake_dynamic_load.py for tasks to queue
[2026-02-08T07:26:02.685+0000] {logging_mixin.py:188} INFO - [2026-02-08T07:26:02.684+0000] {dagbag.py:545} INFO - Filling up the DagBag from /home/cloud/codings/airflow/dags/s3_to_snowflake_dynamic_load.py
[2026-02-08T07:26:02.701+0000] {processor.py:840} INFO - DAG(s) 's3_to_snowflake_dynamic_load' retrieved from /home/cloud/codings/airflow/dags/s3_to_snowflake_dynamic_load.py
[2026-02-08T07:26:02.735+0000] {logging_mixin.py:188} INFO - [2026-02-08T07:26:02.735+0000] {dag.py:3089} INFO - Sync 1 DAGs
[2026-02-08T07:26:02.758+0000] {logging_mixin.py:188} INFO - [2026-02-08T07:26:02.758+0000] {dag.py:3947} INFO - Setting next_dagrun for s3_to_snowflake_dynamic_load to None, run_after=None
[2026-02-08T07:26:02.787+0000] {processor.py:183} INFO - Processing /home/cloud/codings/airflow/dags/s3_to_snowflake_dynamic_load.py took 0.144 seconds
[2026-02-08T07:26:33.176+0000] {processor.py:161} INFO - Started process (PID=255725) to work on /home/cloud/codings/airflow/dags/s3_to_snowflake_dynamic_load.py
[2026-02-08T07:26:33.178+0000] {processor.py:830} INFO - Processing file /home/cloud/codings/airflow/dags/s3_to_snowflake_dynamic_load.py for tasks to queue
[2026-02-08T07:26:33.180+0000] {logging_mixin.py:188} INFO - [2026-02-08T07:26:33.179+0000] {dagbag.py:545} INFO - Filling up the DagBag from /home/cloud/codings/airflow/dags/s3_to_snowflake_dynamic_load.py
[2026-02-08T07:26:33.203+0000] {processor.py:840} INFO - DAG(s) 's3_to_snowflake_dynamic_load' retrieved from /home/cloud/codings/airflow/dags/s3_to_snowflake_dynamic_load.py
[2026-02-08T07:26:33.250+0000] {logging_mixin.py:188} INFO - [2026-02-08T07:26:33.250+0000] {dag.py:3089} INFO - Sync 1 DAGs
[2026-02-08T07:26:33.278+0000] {logging_mixin.py:188} INFO - [2026-02-08T07:26:33.278+0000] {dag.py:3947} INFO - Setting next_dagrun for s3_to_snowflake_dynamic_load to None, run_after=None
[2026-02-08T07:26:33.320+0000] {processor.py:183} INFO - Processing /home/cloud/codings/airflow/dags/s3_to_snowflake_dynamic_load.py took 0.156 seconds
[2026-02-08T07:27:03.713+0000] {processor.py:161} INFO - Started process (PID=255960) to work on /home/cloud/codings/airflow/dags/s3_to_snowflake_dynamic_load.py
[2026-02-08T07:27:03.716+0000] {processor.py:830} INFO - Processing file /home/cloud/codings/airflow/dags/s3_to_snowflake_dynamic_load.py for tasks to queue
[2026-02-08T07:27:03.718+0000] {logging_mixin.py:188} INFO - [2026-02-08T07:27:03.717+0000] {dagbag.py:545} INFO - Filling up the DagBag from /home/cloud/codings/airflow/dags/s3_to_snowflake_dynamic_load.py
[2026-02-08T07:27:03.762+0000] {processor.py:840} INFO - DAG(s) 's3_to_snowflake_dynamic_load' retrieved from /home/cloud/codings/airflow/dags/s3_to_snowflake_dynamic_load.py
[2026-02-08T07:27:03.855+0000] {logging_mixin.py:188} INFO - [2026-02-08T07:27:03.855+0000] {dag.py:3089} INFO - Sync 1 DAGs
[2026-02-08T07:27:03.913+0000] {logging_mixin.py:188} INFO - [2026-02-08T07:27:03.913+0000] {dag.py:3947} INFO - Setting next_dagrun for s3_to_snowflake_dynamic_load to None, run_after=None
[2026-02-08T07:27:04.017+0000] {processor.py:183} INFO - Processing /home/cloud/codings/airflow/dags/s3_to_snowflake_dynamic_load.py took 0.320 seconds
[2026-02-08T07:27:34.443+0000] {processor.py:161} INFO - Started process (PID=256175) to work on /home/cloud/codings/airflow/dags/s3_to_snowflake_dynamic_load.py
[2026-02-08T07:27:34.471+0000] {processor.py:830} INFO - Processing file /home/cloud/codings/airflow/dags/s3_to_snowflake_dynamic_load.py for tasks to queue
[2026-02-08T07:27:34.472+0000] {logging_mixin.py:188} INFO - [2026-02-08T07:27:34.472+0000] {dagbag.py:545} INFO - Filling up the DagBag from /home/cloud/codings/airflow/dags/s3_to_snowflake_dynamic_load.py
[2026-02-08T07:27:34.483+0000] {processor.py:840} INFO - DAG(s) 's3_to_snowflake_dynamic_load' retrieved from /home/cloud/codings/airflow/dags/s3_to_snowflake_dynamic_load.py
[2026-02-08T07:27:34.503+0000] {logging_mixin.py:188} INFO - [2026-02-08T07:27:34.503+0000] {dag.py:3089} INFO - Sync 1 DAGs
[2026-02-08T07:27:34.517+0000] {logging_mixin.py:188} INFO - [2026-02-08T07:27:34.517+0000] {dag.py:3947} INFO - Setting next_dagrun for s3_to_snowflake_dynamic_load to None, run_after=None
[2026-02-08T07:27:34.540+0000] {processor.py:183} INFO - Processing /home/cloud/codings/airflow/dags/s3_to_snowflake_dynamic_load.py took 0.104 seconds
[2026-02-08T07:28:04.975+0000] {processor.py:161} INFO - Started process (PID=256457) to work on /home/cloud/codings/airflow/dags/s3_to_snowflake_dynamic_load.py
[2026-02-08T07:28:04.977+0000] {processor.py:830} INFO - Processing file /home/cloud/codings/airflow/dags/s3_to_snowflake_dynamic_load.py for tasks to queue
[2026-02-08T07:28:04.979+0000] {logging_mixin.py:188} INFO - [2026-02-08T07:28:04.978+0000] {dagbag.py:545} INFO - Filling up the DagBag from /home/cloud/codings/airflow/dags/s3_to_snowflake_dynamic_load.py
[2026-02-08T07:28:04.998+0000] {processor.py:840} INFO - DAG(s) 's3_to_snowflake_dynamic_load' retrieved from /home/cloud/codings/airflow/dags/s3_to_snowflake_dynamic_load.py
[2026-02-08T07:28:05.052+0000] {logging_mixin.py:188} INFO - [2026-02-08T07:28:05.051+0000] {dag.py:3089} INFO - Sync 1 DAGs
[2026-02-08T07:28:05.079+0000] {logging_mixin.py:188} INFO - [2026-02-08T07:28:05.078+0000] {dag.py:3947} INFO - Setting next_dagrun for s3_to_snowflake_dynamic_load to None, run_after=None
[2026-02-08T07:28:05.128+0000] {processor.py:183} INFO - Processing /home/cloud/codings/airflow/dags/s3_to_snowflake_dynamic_load.py took 0.165 seconds
[2026-02-08T07:28:35.438+0000] {processor.py:161} INFO - Started process (PID=256521) to work on /home/cloud/codings/airflow/dags/s3_to_snowflake_dynamic_load.py
[2026-02-08T07:28:35.440+0000] {processor.py:830} INFO - Processing file /home/cloud/codings/airflow/dags/s3_to_snowflake_dynamic_load.py for tasks to queue
[2026-02-08T07:28:35.441+0000] {logging_mixin.py:188} INFO - [2026-02-08T07:28:35.440+0000] {dagbag.py:545} INFO - Filling up the DagBag from /home/cloud/codings/airflow/dags/s3_to_snowflake_dynamic_load.py
[2026-02-08T07:28:35.453+0000] {processor.py:840} INFO - DAG(s) 's3_to_snowflake_dynamic_load' retrieved from /home/cloud/codings/airflow/dags/s3_to_snowflake_dynamic_load.py
[2026-02-08T07:28:35.473+0000] {logging_mixin.py:188} INFO - [2026-02-08T07:28:35.473+0000] {dag.py:3089} INFO - Sync 1 DAGs
[2026-02-08T07:28:35.486+0000] {logging_mixin.py:188} INFO - [2026-02-08T07:28:35.486+0000] {dag.py:3947} INFO - Setting next_dagrun for s3_to_snowflake_dynamic_load to None, run_after=None
[2026-02-08T07:28:35.508+0000] {processor.py:183} INFO - Processing /home/cloud/codings/airflow/dags/s3_to_snowflake_dynamic_load.py took 0.080 seconds
[2026-02-08T07:29:05.855+0000] {processor.py:161} INFO - Started process (PID=256585) to work on /home/cloud/codings/airflow/dags/s3_to_snowflake_dynamic_load.py
[2026-02-08T07:29:05.859+0000] {processor.py:830} INFO - Processing file /home/cloud/codings/airflow/dags/s3_to_snowflake_dynamic_load.py for tasks to queue
[2026-02-08T07:29:05.862+0000] {logging_mixin.py:188} INFO - [2026-02-08T07:29:05.861+0000] {dagbag.py:545} INFO - Filling up the DagBag from /home/cloud/codings/airflow/dags/s3_to_snowflake_dynamic_load.py
[2026-02-08T07:29:05.902+0000] {processor.py:840} INFO - DAG(s) 's3_to_snowflake_dynamic_load' retrieved from /home/cloud/codings/airflow/dags/s3_to_snowflake_dynamic_load.py
[2026-02-08T07:29:06.032+0000] {logging_mixin.py:188} INFO - [2026-02-08T07:29:06.023+0000] {dag.py:3089} INFO - Sync 1 DAGs
[2026-02-08T07:29:06.128+0000] {logging_mixin.py:188} INFO - [2026-02-08T07:29:06.117+0000] {dag.py:3947} INFO - Setting next_dagrun for s3_to_snowflake_dynamic_load to None, run_after=None
[2026-02-08T07:29:06.250+0000] {processor.py:183} INFO - Processing /home/cloud/codings/airflow/dags/s3_to_snowflake_dynamic_load.py took 0.417 seconds
[2026-02-08T07:29:36.604+0000] {processor.py:161} INFO - Started process (PID=256833) to work on /home/cloud/codings/airflow/dags/s3_to_snowflake_dynamic_load.py
[2026-02-08T07:29:36.606+0000] {processor.py:830} INFO - Processing file /home/cloud/codings/airflow/dags/s3_to_snowflake_dynamic_load.py for tasks to queue
[2026-02-08T07:29:36.608+0000] {logging_mixin.py:188} INFO - [2026-02-08T07:29:36.607+0000] {dagbag.py:545} INFO - Filling up the DagBag from /home/cloud/codings/airflow/dags/s3_to_snowflake_dynamic_load.py
[2026-02-08T07:29:36.635+0000] {processor.py:840} INFO - DAG(s) 's3_to_snowflake_dynamic_load' retrieved from /home/cloud/codings/airflow/dags/s3_to_snowflake_dynamic_load.py
[2026-02-08T07:29:36.676+0000] {logging_mixin.py:188} INFO - [2026-02-08T07:29:36.676+0000] {dag.py:3089} INFO - Sync 1 DAGs
[2026-02-08T07:29:36.710+0000] {logging_mixin.py:188} INFO - [2026-02-08T07:29:36.709+0000] {dag.py:3947} INFO - Setting next_dagrun for s3_to_snowflake_dynamic_load to None, run_after=None
[2026-02-08T07:29:36.752+0000] {processor.py:183} INFO - Processing /home/cloud/codings/airflow/dags/s3_to_snowflake_dynamic_load.py took 0.162 seconds
