[2026-03-10T07:50:09.972+0000] {processor.py:161} INFO - Started process (PID=361791) to work on /home/cloud/codings/airflow/dags/dag_GET_Current_Semantic_Stage_YML.py
[2026-03-10T07:50:09.973+0000] {processor.py:830} INFO - Processing file /home/cloud/codings/airflow/dags/dag_GET_Current_Semantic_Stage_YML.py for tasks to queue
[2026-03-10T07:50:09.974+0000] {logging_mixin.py:188} INFO - [2026-03-10T07:50:09.973+0000] {dagbag.py:545} INFO - Filling up the DagBag from /home/cloud/codings/airflow/dags/dag_GET_Current_Semantic_Stage_YML.py
[2026-03-10T07:50:10.018+0000] {processor.py:840} INFO - DAG(s) 'dag_GET_Current_Semantic_Stage_YML' retrieved from /home/cloud/codings/airflow/dags/dag_GET_Current_Semantic_Stage_YML.py
[2026-03-10T07:50:10.186+0000] {logging_mixin.py:188} INFO - [2026-03-10T07:50:10.185+0000] {override.py:1858} INFO - Created Permission View: can edit on DAG:dag_GET_Current_Semantic_Stage_YML
[2026-03-10T07:50:10.203+0000] {logging_mixin.py:188} INFO - [2026-03-10T07:50:10.202+0000] {override.py:1858} INFO - Created Permission View: can delete on DAG:dag_GET_Current_Semantic_Stage_YML
[2026-03-10T07:50:10.217+0000] {logging_mixin.py:188} INFO - [2026-03-10T07:50:10.216+0000] {override.py:1858} INFO - Created Permission View: can read on DAG:dag_GET_Current_Semantic_Stage_YML
[2026-03-10T07:50:10.217+0000] {logging_mixin.py:188} INFO - [2026-03-10T07:50:10.217+0000] {dag.py:3089} INFO - Sync 1 DAGs
[2026-03-10T07:50:10.242+0000] {logging_mixin.py:188} INFO - [2026-03-10T07:50:10.242+0000] {dag.py:3111} INFO - Creating ORM DAG for dag_GET_Current_Semantic_Stage_YML
[2026-03-10T07:50:10.245+0000] {logging_mixin.py:188} INFO - [2026-03-10T07:50:10.245+0000] {dag.py:3947} INFO - Setting next_dagrun for dag_GET_Current_Semantic_Stage_YML to None, run_after=None
[2026-03-10T07:50:10.307+0000] {processor.py:183} INFO - Processing /home/cloud/codings/airflow/dags/dag_GET_Current_Semantic_Stage_YML.py took 0.350 seconds
[2026-03-10T07:50:40.738+0000] {processor.py:161} INFO - Started process (PID=362024) to work on /home/cloud/codings/airflow/dags/dag_GET_Current_Semantic_Stage_YML.py
[2026-03-10T07:50:40.739+0000] {processor.py:830} INFO - Processing file /home/cloud/codings/airflow/dags/dag_GET_Current_Semantic_Stage_YML.py for tasks to queue
[2026-03-10T07:50:40.740+0000] {logging_mixin.py:188} INFO - [2026-03-10T07:50:40.740+0000] {dagbag.py:545} INFO - Filling up the DagBag from /home/cloud/codings/airflow/dags/dag_GET_Current_Semantic_Stage_YML.py
[2026-03-10T07:50:40.761+0000] {processor.py:840} INFO - DAG(s) 'dag_GET_Current_Semantic_Stage_YML' retrieved from /home/cloud/codings/airflow/dags/dag_GET_Current_Semantic_Stage_YML.py
[2026-03-10T07:50:40.776+0000] {logging_mixin.py:188} INFO - [2026-03-10T07:50:40.775+0000] {dag.py:3089} INFO - Sync 1 DAGs
[2026-03-10T07:50:40.788+0000] {logging_mixin.py:188} INFO - [2026-03-10T07:50:40.788+0000] {dag.py:3947} INFO - Setting next_dagrun for dag_GET_Current_Semantic_Stage_YML to None, run_after=None
[2026-03-10T07:50:40.815+0000] {processor.py:183} INFO - Processing /home/cloud/codings/airflow/dags/dag_GET_Current_Semantic_Stage_YML.py took 0.083 seconds
[2026-03-10T07:51:11.246+0000] {processor.py:161} INFO - Started process (PID=362278) to work on /home/cloud/codings/airflow/dags/dag_GET_Current_Semantic_Stage_YML.py
[2026-03-10T07:51:11.269+0000] {processor.py:830} INFO - Processing file /home/cloud/codings/airflow/dags/dag_GET_Current_Semantic_Stage_YML.py for tasks to queue
[2026-03-10T07:51:11.273+0000] {logging_mixin.py:188} INFO - [2026-03-10T07:51:11.271+0000] {dagbag.py:545} INFO - Filling up the DagBag from /home/cloud/codings/airflow/dags/dag_GET_Current_Semantic_Stage_YML.py
[2026-03-10T07:51:11.346+0000] {processor.py:840} INFO - DAG(s) 'dag_GET_Current_Semantic_Stage_YML' retrieved from /home/cloud/codings/airflow/dags/dag_GET_Current_Semantic_Stage_YML.py
[2026-03-10T07:51:11.381+0000] {logging_mixin.py:188} INFO - [2026-03-10T07:51:11.380+0000] {dag.py:3089} INFO - Sync 1 DAGs
[2026-03-10T07:51:11.422+0000] {logging_mixin.py:188} INFO - [2026-03-10T07:51:11.421+0000] {dag.py:3947} INFO - Setting next_dagrun for dag_GET_Current_Semantic_Stage_YML to None, run_after=None
[2026-03-10T07:51:11.507+0000] {processor.py:183} INFO - Processing /home/cloud/codings/airflow/dags/dag_GET_Current_Semantic_Stage_YML.py took 0.286 seconds
[2026-03-10T07:51:41.653+0000] {processor.py:161} INFO - Started process (PID=362505) to work on /home/cloud/codings/airflow/dags/dag_GET_Current_Semantic_Stage_YML.py
[2026-03-10T07:51:41.654+0000] {processor.py:830} INFO - Processing file /home/cloud/codings/airflow/dags/dag_GET_Current_Semantic_Stage_YML.py for tasks to queue
[2026-03-10T07:51:41.655+0000] {logging_mixin.py:188} INFO - [2026-03-10T07:51:41.655+0000] {dagbag.py:545} INFO - Filling up the DagBag from /home/cloud/codings/airflow/dags/dag_GET_Current_Semantic_Stage_YML.py
[2026-03-10T07:51:41.683+0000] {processor.py:840} INFO - DAG(s) 'dag_GET_Current_Semantic_Stage_YML' retrieved from /home/cloud/codings/airflow/dags/dag_GET_Current_Semantic_Stage_YML.py
[2026-03-10T07:51:41.701+0000] {logging_mixin.py:188} INFO - [2026-03-10T07:51:41.700+0000] {dag.py:3089} INFO - Sync 1 DAGs
[2026-03-10T07:51:41.715+0000] {logging_mixin.py:188} INFO - [2026-03-10T07:51:41.715+0000] {dag.py:3947} INFO - Setting next_dagrun for dag_GET_Current_Semantic_Stage_YML to None, run_after=None
[2026-03-10T07:51:41.744+0000] {processor.py:183} INFO - Processing /home/cloud/codings/airflow/dags/dag_GET_Current_Semantic_Stage_YML.py took 0.099 seconds
[2026-03-10T07:52:11.962+0000] {processor.py:161} INFO - Started process (PID=362931) to work on /home/cloud/codings/airflow/dags/dag_GET_Current_Semantic_Stage_YML.py
[2026-03-10T07:52:11.982+0000] {processor.py:830} INFO - Processing file /home/cloud/codings/airflow/dags/dag_GET_Current_Semantic_Stage_YML.py for tasks to queue
[2026-03-10T07:52:11.986+0000] {logging_mixin.py:188} INFO - [2026-03-10T07:52:11.984+0000] {dagbag.py:545} INFO - Filling up the DagBag from /home/cloud/codings/airflow/dags/dag_GET_Current_Semantic_Stage_YML.py
[2026-03-10T07:52:12.071+0000] {processor.py:840} INFO - DAG(s) 'dag_GET_Current_Semantic_Stage_YML' retrieved from /home/cloud/codings/airflow/dags/dag_GET_Current_Semantic_Stage_YML.py
[2026-03-10T07:52:12.094+0000] {logging_mixin.py:188} INFO - [2026-03-10T07:52:12.093+0000] {dag.py:3089} INFO - Sync 1 DAGs
[2026-03-10T07:52:12.112+0000] {logging_mixin.py:188} INFO - [2026-03-10T07:52:12.112+0000] {dag.py:3947} INFO - Setting next_dagrun for dag_GET_Current_Semantic_Stage_YML to None, run_after=None
[2026-03-10T07:52:12.138+0000] {processor.py:183} INFO - Processing /home/cloud/codings/airflow/dags/dag_GET_Current_Semantic_Stage_YML.py took 0.194 seconds
[2026-03-10T07:52:42.332+0000] {processor.py:161} INFO - Started process (PID=363390) to work on /home/cloud/codings/airflow/dags/dag_GET_Current_Semantic_Stage_YML.py
[2026-03-10T07:52:42.333+0000] {processor.py:830} INFO - Processing file /home/cloud/codings/airflow/dags/dag_GET_Current_Semantic_Stage_YML.py for tasks to queue
[2026-03-10T07:52:42.334+0000] {logging_mixin.py:188} INFO - [2026-03-10T07:52:42.333+0000] {dagbag.py:545} INFO - Filling up the DagBag from /home/cloud/codings/airflow/dags/dag_GET_Current_Semantic_Stage_YML.py
[2026-03-10T07:52:42.358+0000] {processor.py:840} INFO - DAG(s) 'dag_GET_Current_Semantic_Stage_YML' retrieved from /home/cloud/codings/airflow/dags/dag_GET_Current_Semantic_Stage_YML.py
[2026-03-10T07:52:42.376+0000] {logging_mixin.py:188} INFO - [2026-03-10T07:52:42.376+0000] {dag.py:3089} INFO - Sync 1 DAGs
[2026-03-10T07:52:42.390+0000] {logging_mixin.py:188} INFO - [2026-03-10T07:52:42.390+0000] {dag.py:3947} INFO - Setting next_dagrun for dag_GET_Current_Semantic_Stage_YML to None, run_after=None
[2026-03-10T07:52:42.415+0000] {processor.py:183} INFO - Processing /home/cloud/codings/airflow/dags/dag_GET_Current_Semantic_Stage_YML.py took 0.092 seconds
[2026-03-10T07:53:12.609+0000] {processor.py:161} INFO - Started process (PID=363620) to work on /home/cloud/codings/airflow/dags/dag_GET_Current_Semantic_Stage_YML.py
[2026-03-10T07:53:12.629+0000] {processor.py:830} INFO - Processing file /home/cloud/codings/airflow/dags/dag_GET_Current_Semantic_Stage_YML.py for tasks to queue
[2026-03-10T07:53:12.634+0000] {logging_mixin.py:188} INFO - [2026-03-10T07:53:12.632+0000] {dagbag.py:545} INFO - Filling up the DagBag from /home/cloud/codings/airflow/dags/dag_GET_Current_Semantic_Stage_YML.py
[2026-03-10T07:53:12.723+0000] {processor.py:840} INFO - DAG(s) 'dag_GET_Current_Semantic_Stage_YML' retrieved from /home/cloud/codings/airflow/dags/dag_GET_Current_Semantic_Stage_YML.py
[2026-03-10T07:53:12.764+0000] {logging_mixin.py:188} INFO - [2026-03-10T07:53:12.764+0000] {dag.py:3089} INFO - Sync 1 DAGs
[2026-03-10T07:53:12.795+0000] {logging_mixin.py:188} INFO - [2026-03-10T07:53:12.794+0000] {dag.py:3947} INFO - Setting next_dagrun for dag_GET_Current_Semantic_Stage_YML to None, run_after=None
[2026-03-10T07:53:12.862+0000] {processor.py:183} INFO - Processing /home/cloud/codings/airflow/dags/dag_GET_Current_Semantic_Stage_YML.py took 0.264 seconds
[2026-03-10T07:53:43.083+0000] {processor.py:161} INFO - Started process (PID=363902) to work on /home/cloud/codings/airflow/dags/dag_GET_Current_Semantic_Stage_YML.py
[2026-03-10T07:53:43.087+0000] {processor.py:830} INFO - Processing file /home/cloud/codings/airflow/dags/dag_GET_Current_Semantic_Stage_YML.py for tasks to queue
[2026-03-10T07:53:43.089+0000] {logging_mixin.py:188} INFO - [2026-03-10T07:53:43.088+0000] {dagbag.py:545} INFO - Filling up the DagBag from /home/cloud/codings/airflow/dags/dag_GET_Current_Semantic_Stage_YML.py
[2026-03-10T07:53:43.146+0000] {processor.py:840} INFO - DAG(s) 'dag_GET_Current_Semantic_Stage_YML' retrieved from /home/cloud/codings/airflow/dags/dag_GET_Current_Semantic_Stage_YML.py
[2026-03-10T07:53:43.171+0000] {logging_mixin.py:188} INFO - [2026-03-10T07:53:43.170+0000] {dag.py:3089} INFO - Sync 1 DAGs
[2026-03-10T07:53:43.189+0000] {logging_mixin.py:188} INFO - [2026-03-10T07:53:43.189+0000] {dag.py:3947} INFO - Setting next_dagrun for dag_GET_Current_Semantic_Stage_YML to None, run_after=None
[2026-03-10T07:53:43.221+0000] {processor.py:183} INFO - Processing /home/cloud/codings/airflow/dags/dag_GET_Current_Semantic_Stage_YML.py took 0.156 seconds
[2026-03-10T07:54:13.412+0000] {processor.py:161} INFO - Started process (PID=364251) to work on /home/cloud/codings/airflow/dags/dag_GET_Current_Semantic_Stage_YML.py
[2026-03-10T07:54:13.431+0000] {processor.py:830} INFO - Processing file /home/cloud/codings/airflow/dags/dag_GET_Current_Semantic_Stage_YML.py for tasks to queue
[2026-03-10T07:54:13.434+0000] {logging_mixin.py:188} INFO - [2026-03-10T07:54:13.432+0000] {dagbag.py:545} INFO - Filling up the DagBag from /home/cloud/codings/airflow/dags/dag_GET_Current_Semantic_Stage_YML.py
[2026-03-10T07:54:13.486+0000] {processor.py:840} INFO - DAG(s) 'dag_GET_Current_Semantic_Stage_YML' retrieved from /home/cloud/codings/airflow/dags/dag_GET_Current_Semantic_Stage_YML.py
[2026-03-10T07:54:13.524+0000] {logging_mixin.py:188} INFO - [2026-03-10T07:54:13.524+0000] {dag.py:3089} INFO - Sync 1 DAGs
[2026-03-10T07:54:13.559+0000] {logging_mixin.py:188} INFO - [2026-03-10T07:54:13.558+0000] {dag.py:3947} INFO - Setting next_dagrun for dag_GET_Current_Semantic_Stage_YML to None, run_after=None
[2026-03-10T07:54:13.608+0000] {processor.py:183} INFO - Processing /home/cloud/codings/airflow/dags/dag_GET_Current_Semantic_Stage_YML.py took 0.213 seconds
[2026-03-10T07:54:43.840+0000] {processor.py:161} INFO - Started process (PID=364471) to work on /home/cloud/codings/airflow/dags/dag_GET_Current_Semantic_Stage_YML.py
[2026-03-10T07:54:43.861+0000] {processor.py:830} INFO - Processing file /home/cloud/codings/airflow/dags/dag_GET_Current_Semantic_Stage_YML.py for tasks to queue
[2026-03-10T07:54:43.864+0000] {logging_mixin.py:188} INFO - [2026-03-10T07:54:43.863+0000] {dagbag.py:545} INFO - Filling up the DagBag from /home/cloud/codings/airflow/dags/dag_GET_Current_Semantic_Stage_YML.py
[2026-03-10T07:54:43.934+0000] {processor.py:840} INFO - DAG(s) 'dag_GET_Current_Semantic_Stage_YML' retrieved from /home/cloud/codings/airflow/dags/dag_GET_Current_Semantic_Stage_YML.py
[2026-03-10T07:54:43.955+0000] {logging_mixin.py:188} INFO - [2026-03-10T07:54:43.954+0000] {dag.py:3089} INFO - Sync 1 DAGs
[2026-03-10T07:54:43.971+0000] {logging_mixin.py:188} INFO - [2026-03-10T07:54:43.970+0000] {dag.py:3947} INFO - Setting next_dagrun for dag_GET_Current_Semantic_Stage_YML to None, run_after=None
[2026-03-10T07:54:44.022+0000] {processor.py:183} INFO - Processing /home/cloud/codings/airflow/dags/dag_GET_Current_Semantic_Stage_YML.py took 0.206 seconds
