[2026-03-10T07:55:10.766+0000] {processor.py:161} INFO - Started process (PID=364789) to work on /home/cloud/codings/airflow/dags/dag_GET_Current_YML_From_Cortex.py
[2026-03-10T07:55:10.768+0000] {processor.py:830} INFO - Processing file /home/cloud/codings/airflow/dags/dag_GET_Current_YML_From_Cortex.py for tasks to queue
[2026-03-10T07:55:10.769+0000] {logging_mixin.py:188} INFO - [2026-03-10T07:55:10.769+0000] {dagbag.py:545} INFO - Filling up the DagBag from /home/cloud/codings/airflow/dags/dag_GET_Current_YML_From_Cortex.py
[2026-03-10T07:55:10.808+0000] {processor.py:840} INFO - DAG(s) 'dag_GET_Current_Semantic_Stage_YML' retrieved from /home/cloud/codings/airflow/dags/dag_GET_Current_YML_From_Cortex.py
[2026-03-10T07:55:10.964+0000] {logging_mixin.py:188} INFO - [2026-03-10T07:55:10.963+0000] {dag.py:3089} INFO - Sync 1 DAGs
[2026-03-10T07:55:10.976+0000] {logging_mixin.py:188} INFO - [2026-03-10T07:55:10.976+0000] {dag.py:3947} INFO - Setting next_dagrun for dag_GET_Current_Semantic_Stage_YML to None, run_after=None
[2026-03-10T07:55:11.026+0000] {processor.py:183} INFO - Processing /home/cloud/codings/airflow/dags/dag_GET_Current_YML_From_Cortex.py took 0.275 seconds
[2026-03-10T07:55:21.228+0000] {processor.py:161} INFO - Started process (PID=364863) to work on /home/cloud/codings/airflow/dags/dag_GET_Current_YML_From_Cortex.py
[2026-03-10T07:55:21.229+0000] {processor.py:830} INFO - Processing file /home/cloud/codings/airflow/dags/dag_GET_Current_YML_From_Cortex.py for tasks to queue
[2026-03-10T07:55:21.230+0000] {logging_mixin.py:188} INFO - [2026-03-10T07:55:21.230+0000] {dagbag.py:545} INFO - Filling up the DagBag from /home/cloud/codings/airflow/dags/dag_GET_Current_YML_From_Cortex.py
[2026-03-10T07:55:21.258+0000] {processor.py:840} INFO - DAG(s) 'dag_GET_Current_YML_From_Cortex' retrieved from /home/cloud/codings/airflow/dags/dag_GET_Current_YML_From_Cortex.py
[2026-03-10T07:55:21.415+0000] {logging_mixin.py:188} INFO - [2026-03-10T07:55:21.415+0000] {override.py:1858} INFO - Created Permission View: can edit on DAG:dag_GET_Current_YML_From_Cortex
[2026-03-10T07:55:21.433+0000] {logging_mixin.py:188} INFO - [2026-03-10T07:55:21.433+0000] {override.py:1858} INFO - Created Permission View: can delete on DAG:dag_GET_Current_YML_From_Cortex
[2026-03-10T07:55:21.446+0000] {logging_mixin.py:188} INFO - [2026-03-10T07:55:21.446+0000] {override.py:1858} INFO - Created Permission View: can read on DAG:dag_GET_Current_YML_From_Cortex
[2026-03-10T07:55:21.447+0000] {logging_mixin.py:188} INFO - [2026-03-10T07:55:21.447+0000] {dag.py:3089} INFO - Sync 1 DAGs
[2026-03-10T07:55:21.464+0000] {logging_mixin.py:188} INFO - [2026-03-10T07:55:21.464+0000] {dag.py:3111} INFO - Creating ORM DAG for dag_GET_Current_YML_From_Cortex
[2026-03-10T07:55:21.465+0000] {logging_mixin.py:188} INFO - [2026-03-10T07:55:21.465+0000] {dag.py:3947} INFO - Setting next_dagrun for dag_GET_Current_YML_From_Cortex to None, run_after=None
[2026-03-10T07:55:21.487+0000] {processor.py:183} INFO - Processing /home/cloud/codings/airflow/dags/dag_GET_Current_YML_From_Cortex.py took 0.268 seconds
[2026-03-10T07:55:26.592+0000] {processor.py:161} INFO - Started process (PID=364904) to work on /home/cloud/codings/airflow/dags/dag_GET_Current_YML_From_Cortex.py
[2026-03-10T07:55:26.594+0000] {processor.py:830} INFO - Processing file /home/cloud/codings/airflow/dags/dag_GET_Current_YML_From_Cortex.py for tasks to queue
[2026-03-10T07:55:26.595+0000] {logging_mixin.py:188} INFO - [2026-03-10T07:55:26.594+0000] {dagbag.py:545} INFO - Filling up the DagBag from /home/cloud/codings/airflow/dags/dag_GET_Current_YML_From_Cortex.py
[2026-03-10T07:55:26.637+0000] {processor.py:840} INFO - DAG(s) 'dag_GET_Current_YML_From_Cortex' retrieved from /home/cloud/codings/airflow/dags/dag_GET_Current_YML_From_Cortex.py
[2026-03-10T07:55:26.655+0000] {logging_mixin.py:188} INFO - [2026-03-10T07:55:26.653+0000] {dag.py:3089} INFO - Sync 1 DAGs
[2026-03-10T07:55:26.713+0000] {logging_mixin.py:188} INFO - [2026-03-10T07:55:26.712+0000] {dag.py:3947} INFO - Setting next_dagrun for dag_GET_Current_YML_From_Cortex to None, run_after=None
[2026-03-10T07:55:26.829+0000] {processor.py:183} INFO - Processing /home/cloud/codings/airflow/dags/dag_GET_Current_YML_From_Cortex.py took 0.248 seconds
[2026-03-10T07:55:31.917+0000] {processor.py:161} INFO - Started process (PID=364944) to work on /home/cloud/codings/airflow/dags/dag_GET_Current_YML_From_Cortex.py
[2026-03-10T07:55:31.918+0000] {processor.py:830} INFO - Processing file /home/cloud/codings/airflow/dags/dag_GET_Current_YML_From_Cortex.py for tasks to queue
[2026-03-10T07:55:31.919+0000] {logging_mixin.py:188} INFO - [2026-03-10T07:55:31.919+0000] {dagbag.py:545} INFO - Filling up the DagBag from /home/cloud/codings/airflow/dags/dag_GET_Current_YML_From_Cortex.py
[2026-03-10T07:55:31.944+0000] {processor.py:840} INFO - DAG(s) 'dag_GET_Current_YML_From_Cortex' retrieved from /home/cloud/codings/airflow/dags/dag_GET_Current_YML_From_Cortex.py
[2026-03-10T07:55:31.949+0000] {logging_mixin.py:188} INFO - [2026-03-10T07:55:31.948+0000] {dag.py:3089} INFO - Sync 1 DAGs
[2026-03-10T07:55:31.963+0000] {logging_mixin.py:188} INFO - [2026-03-10T07:55:31.963+0000] {dag.py:3947} INFO - Setting next_dagrun for dag_GET_Current_YML_From_Cortex to None, run_after=None
[2026-03-10T07:55:31.989+0000] {processor.py:183} INFO - Processing /home/cloud/codings/airflow/dags/dag_GET_Current_YML_From_Cortex.py took 0.078 seconds
[2026-03-10T07:55:40.263+0000] {processor.py:161} INFO - Started process (PID=365012) to work on /home/cloud/codings/airflow/dags/dag_GET_Current_YML_From_Cortex.py
[2026-03-10T07:55:40.283+0000] {processor.py:830} INFO - Processing file /home/cloud/codings/airflow/dags/dag_GET_Current_YML_From_Cortex.py for tasks to queue
[2026-03-10T07:55:40.285+0000] {logging_mixin.py:188} INFO - [2026-03-10T07:55:40.284+0000] {dagbag.py:545} INFO - Filling up the DagBag from /home/cloud/codings/airflow/dags/dag_GET_Current_YML_From_Cortex.py
[2026-03-10T07:55:40.345+0000] {processor.py:840} INFO - DAG(s) 'dag_GET_Current_YML_From_Cortex' retrieved from /home/cloud/codings/airflow/dags/dag_GET_Current_YML_From_Cortex.py
[2026-03-10T07:55:40.355+0000] {logging_mixin.py:188} INFO - [2026-03-10T07:55:40.355+0000] {dag.py:3089} INFO - Sync 1 DAGs
[2026-03-10T07:55:40.381+0000] {logging_mixin.py:188} INFO - [2026-03-10T07:55:40.381+0000] {dag.py:3947} INFO - Setting next_dagrun for dag_GET_Current_YML_From_Cortex to None, run_after=None
[2026-03-10T07:55:40.430+0000] {processor.py:183} INFO - Processing /home/cloud/codings/airflow/dags/dag_GET_Current_YML_From_Cortex.py took 0.183 seconds
[2026-03-10T07:55:44.206+0000] {processor.py:161} INFO - Started process (PID=365028) to work on /home/cloud/codings/airflow/dags/dag_GET_Current_YML_From_Cortex.py
[2026-03-10T07:55:44.225+0000] {processor.py:830} INFO - Processing file /home/cloud/codings/airflow/dags/dag_GET_Current_YML_From_Cortex.py for tasks to queue
[2026-03-10T07:55:44.228+0000] {logging_mixin.py:188} INFO - [2026-03-10T07:55:44.227+0000] {dagbag.py:545} INFO - Filling up the DagBag from /home/cloud/codings/airflow/dags/dag_GET_Current_YML_From_Cortex.py
[2026-03-10T07:55:44.280+0000] {processor.py:840} INFO - DAG(s) 'dag_GET_Current_YML_From_Cortex' retrieved from /home/cloud/codings/airflow/dags/dag_GET_Current_YML_From_Cortex.py
[2026-03-10T07:55:44.288+0000] {logging_mixin.py:188} INFO - [2026-03-10T07:55:44.288+0000] {dag.py:3089} INFO - Sync 1 DAGs
[2026-03-10T07:55:44.342+0000] {logging_mixin.py:188} INFO - [2026-03-10T07:55:44.342+0000] {dag.py:3947} INFO - Setting next_dagrun for dag_GET_Current_YML_From_Cortex to None, run_after=None
[2026-03-10T07:55:44.478+0000] {processor.py:183} INFO - Processing /home/cloud/codings/airflow/dags/dag_GET_Current_YML_From_Cortex.py took 0.286 seconds
[2026-03-10T07:56:09.566+0000] {processor.py:161} INFO - Started process (PID=365270) to work on /home/cloud/codings/airflow/dags/dag_GET_Current_YML_From_Cortex.py
[2026-03-10T07:56:09.568+0000] {processor.py:830} INFO - Processing file /home/cloud/codings/airflow/dags/dag_GET_Current_YML_From_Cortex.py for tasks to queue
[2026-03-10T07:56:09.570+0000] {logging_mixin.py:188} INFO - [2026-03-10T07:56:09.569+0000] {dagbag.py:545} INFO - Filling up the DagBag from /home/cloud/codings/airflow/dags/dag_GET_Current_YML_From_Cortex.py
[2026-03-10T07:56:09.597+0000] {logging_mixin.py:188} INFO - [2026-03-10T07:56:09.592+0000] {dagbag.py:355} ERROR - Failed to import: /home/cloud/codings/airflow/dags/dag_GET_Current_YML_From_Cortex.py
Traceback (most recent call last):
  File "/home/cloud/codings/mvenv/lib/python3.12/site-packages/airflow/models/dagbag.py", line 351, in parse
    loader.exec_module(new_module)
  File "<frozen importlib._bootstrap_external>", line 995, in exec_module
  File "<frozen importlib._bootstrap>", line 488, in _call_with_frames_removed
  File "/home/cloud/codings/airflow/dags/dag_GET_Current_YML_From_Cortex.py", line 47, in <module>
    python_callable=Push_Updated_YML
                    ^^^^^^^^^^^^^^^^
NameError: name 'Push_Updated_YML' is not defined
[2026-03-10T07:56:09.601+0000] {processor.py:842} WARNING - No viable dags retrieved from /home/cloud/codings/airflow/dags/dag_GET_Current_YML_From_Cortex.py
[2026-03-10T07:56:09.618+0000] {processor.py:183} INFO - Processing /home/cloud/codings/airflow/dags/dag_GET_Current_YML_From_Cortex.py took 0.062 seconds
[2026-03-10T07:56:10.700+0000] {processor.py:161} INFO - Started process (PID=365273) to work on /home/cloud/codings/airflow/dags/dag_GET_Current_YML_From_Cortex.py
[2026-03-10T07:56:10.702+0000] {processor.py:830} INFO - Processing file /home/cloud/codings/airflow/dags/dag_GET_Current_YML_From_Cortex.py for tasks to queue
[2026-03-10T07:56:10.703+0000] {logging_mixin.py:188} INFO - [2026-03-10T07:56:10.702+0000] {dagbag.py:545} INFO - Filling up the DagBag from /home/cloud/codings/airflow/dags/dag_GET_Current_YML_From_Cortex.py
[2026-03-10T07:56:10.735+0000] {logging_mixin.py:188} INFO - [2026-03-10T07:56:10.730+0000] {dagbag.py:355} ERROR - Failed to import: /home/cloud/codings/airflow/dags/dag_GET_Current_YML_From_Cortex.py
Traceback (most recent call last):
  File "/home/cloud/codings/mvenv/lib/python3.12/site-packages/airflow/models/dagbag.py", line 351, in parse
    loader.exec_module(new_module)
  File "<frozen importlib._bootstrap_external>", line 995, in exec_module
  File "<frozen importlib._bootstrap>", line 488, in _call_with_frames_removed
  File "/home/cloud/codings/airflow/dags/dag_GET_Current_YML_From_Cortex.py", line 47, in <module>
    python_callable=Push_Updated_YML
                    ^^^^^^^^^^^^^^^^
NameError: name 'Push_Updated_YML' is not defined
[2026-03-10T07:56:10.739+0000] {processor.py:842} WARNING - No viable dags retrieved from /home/cloud/codings/airflow/dags/dag_GET_Current_YML_From_Cortex.py
[2026-03-10T07:56:10.762+0000] {processor.py:183} INFO - Processing /home/cloud/codings/airflow/dags/dag_GET_Current_YML_From_Cortex.py took 0.070 seconds
[2026-03-10T07:56:16.152+0000] {processor.py:161} INFO - Started process (PID=365311) to work on /home/cloud/codings/airflow/dags/dag_GET_Current_YML_From_Cortex.py
[2026-03-10T07:56:16.171+0000] {processor.py:830} INFO - Processing file /home/cloud/codings/airflow/dags/dag_GET_Current_YML_From_Cortex.py for tasks to queue
[2026-03-10T07:56:16.172+0000] {logging_mixin.py:188} INFO - [2026-03-10T07:56:16.172+0000] {dagbag.py:545} INFO - Filling up the DagBag from /home/cloud/codings/airflow/dags/dag_GET_Current_YML_From_Cortex.py
[2026-03-10T07:56:16.212+0000] {logging_mixin.py:188} INFO - [2026-03-10T07:56:16.206+0000] {dagbag.py:355} ERROR - Failed to import: /home/cloud/codings/airflow/dags/dag_GET_Current_YML_From_Cortex.py
Traceback (most recent call last):
  File "/home/cloud/codings/mvenv/lib/python3.12/site-packages/airflow/models/dagbag.py", line 351, in parse
    loader.exec_module(new_module)
  File "<frozen importlib._bootstrap_external>", line 995, in exec_module
  File "<frozen importlib._bootstrap>", line 488, in _call_with_frames_removed
  File "/home/cloud/codings/airflow/dags/dag_GET_Current_YML_From_Cortex.py", line 47, in <module>
    python_callable=Push_Updated_YML
                    ^^^^^^^^^^^^^^^^
NameError: name 'Push_Updated_YML' is not defined
[2026-03-10T07:56:16.216+0000] {processor.py:842} WARNING - No viable dags retrieved from /home/cloud/codings/airflow/dags/dag_GET_Current_YML_From_Cortex.py
[2026-03-10T07:56:16.238+0000] {processor.py:183} INFO - Processing /home/cloud/codings/airflow/dags/dag_GET_Current_YML_From_Cortex.py took 0.110 seconds
[2026-03-10T07:56:21.087+0000] {processor.py:161} INFO - Started process (PID=365349) to work on /home/cloud/codings/airflow/dags/dag_GET_Current_YML_From_Cortex.py
[2026-03-10T07:56:21.106+0000] {processor.py:830} INFO - Processing file /home/cloud/codings/airflow/dags/dag_GET_Current_YML_From_Cortex.py for tasks to queue
[2026-03-10T07:56:21.108+0000] {logging_mixin.py:188} INFO - [2026-03-10T07:56:21.107+0000] {dagbag.py:545} INFO - Filling up the DagBag from /home/cloud/codings/airflow/dags/dag_GET_Current_YML_From_Cortex.py
[2026-03-10T07:56:21.159+0000] {logging_mixin.py:188} INFO - [2026-03-10T07:56:21.148+0000] {dagbag.py:355} ERROR - Failed to import: /home/cloud/codings/airflow/dags/dag_GET_Current_YML_From_Cortex.py
Traceback (most recent call last):
  File "/home/cloud/codings/mvenv/lib/python3.12/site-packages/airflow/models/dagbag.py", line 351, in parse
    loader.exec_module(new_module)
  File "<frozen importlib._bootstrap_external>", line 995, in exec_module
  File "<frozen importlib._bootstrap>", line 488, in _call_with_frames_removed
  File "/home/cloud/codings/airflow/dags/dag_GET_Current_YML_From_Cortex.py", line 47, in <module>
    python_callable=Push_Updated_YML
                    ^^^^^^^^^^^^^^^^
NameError: name 'Push_Updated_YML' is not defined
[2026-03-10T07:56:21.170+0000] {processor.py:842} WARNING - No viable dags retrieved from /home/cloud/codings/airflow/dags/dag_GET_Current_YML_From_Cortex.py
[2026-03-10T07:56:21.202+0000] {processor.py:183} INFO - Processing /home/cloud/codings/airflow/dags/dag_GET_Current_YML_From_Cortex.py took 0.139 seconds
[2026-03-10T07:56:27.830+0000] {processor.py:161} INFO - Started process (PID=365420) to work on /home/cloud/codings/airflow/dags/dag_GET_Current_YML_From_Cortex.py
[2026-03-10T07:56:27.849+0000] {processor.py:830} INFO - Processing file /home/cloud/codings/airflow/dags/dag_GET_Current_YML_From_Cortex.py for tasks to queue
[2026-03-10T07:56:27.852+0000] {logging_mixin.py:188} INFO - [2026-03-10T07:56:27.851+0000] {dagbag.py:545} INFO - Filling up the DagBag from /home/cloud/codings/airflow/dags/dag_GET_Current_YML_From_Cortex.py
[2026-03-10T07:56:27.914+0000] {processor.py:840} INFO - DAG(s) 'dag_GET_Current_YML_From_Cortex' retrieved from /home/cloud/codings/airflow/dags/dag_GET_Current_YML_From_Cortex.py
[2026-03-10T07:56:28.034+0000] {logging_mixin.py:188} INFO - [2026-03-10T07:56:28.034+0000] {dag.py:3089} INFO - Sync 1 DAGs
[2026-03-10T07:56:28.046+0000] {logging_mixin.py:188} INFO - [2026-03-10T07:56:28.046+0000] {dag.py:3947} INFO - Setting next_dagrun for dag_GET_Current_YML_From_Cortex to None, run_after=None
[2026-03-10T07:56:28.083+0000] {processor.py:183} INFO - Processing /home/cloud/codings/airflow/dags/dag_GET_Current_YML_From_Cortex.py took 0.288 seconds
[2026-03-10T07:56:58.441+0000] {processor.py:161} INFO - Started process (PID=365739) to work on /home/cloud/codings/airflow/dags/dag_GET_Current_YML_From_Cortex.py
[2026-03-10T07:56:58.458+0000] {processor.py:830} INFO - Processing file /home/cloud/codings/airflow/dags/dag_GET_Current_YML_From_Cortex.py for tasks to queue
[2026-03-10T07:56:58.460+0000] {logging_mixin.py:188} INFO - [2026-03-10T07:56:58.459+0000] {dagbag.py:545} INFO - Filling up the DagBag from /home/cloud/codings/airflow/dags/dag_GET_Current_YML_From_Cortex.py
[2026-03-10T07:56:58.495+0000] {processor.py:840} INFO - DAG(s) 'dag_GET_Current_YML_From_Cortex' retrieved from /home/cloud/codings/airflow/dags/dag_GET_Current_YML_From_Cortex.py
[2026-03-10T07:56:58.516+0000] {logging_mixin.py:188} INFO - [2026-03-10T07:56:58.516+0000] {dag.py:3089} INFO - Sync 1 DAGs
[2026-03-10T07:56:58.536+0000] {logging_mixin.py:188} INFO - [2026-03-10T07:56:58.534+0000] {dag.py:3947} INFO - Setting next_dagrun for dag_GET_Current_YML_From_Cortex to None, run_after=None
[2026-03-10T07:56:58.578+0000] {processor.py:183} INFO - Processing /home/cloud/codings/airflow/dags/dag_GET_Current_YML_From_Cortex.py took 0.150 seconds
[2026-03-10T07:57:28.937+0000] {processor.py:161} INFO - Started process (PID=366093) to work on /home/cloud/codings/airflow/dags/dag_GET_Current_YML_From_Cortex.py
[2026-03-10T07:57:28.966+0000] {processor.py:830} INFO - Processing file /home/cloud/codings/airflow/dags/dag_GET_Current_YML_From_Cortex.py for tasks to queue
[2026-03-10T07:57:28.970+0000] {logging_mixin.py:188} INFO - [2026-03-10T07:57:28.969+0000] {dagbag.py:545} INFO - Filling up the DagBag from /home/cloud/codings/airflow/dags/dag_GET_Current_YML_From_Cortex.py
[2026-03-10T07:57:29.030+0000] {processor.py:840} INFO - DAG(s) 'dag_GET_Current_YML_From_Cortex' retrieved from /home/cloud/codings/airflow/dags/dag_GET_Current_YML_From_Cortex.py
[2026-03-10T07:57:29.052+0000] {logging_mixin.py:188} INFO - [2026-03-10T07:57:29.052+0000] {dag.py:3089} INFO - Sync 1 DAGs
[2026-03-10T07:57:29.067+0000] {logging_mixin.py:188} INFO - [2026-03-10T07:57:29.067+0000] {dag.py:3947} INFO - Setting next_dagrun for dag_GET_Current_YML_From_Cortex to None, run_after=None
[2026-03-10T07:57:29.107+0000] {processor.py:183} INFO - Processing /home/cloud/codings/airflow/dags/dag_GET_Current_YML_From_Cortex.py took 0.194 seconds
[2026-03-10T07:57:59.379+0000] {processor.py:161} INFO - Started process (PID=366472) to work on /home/cloud/codings/airflow/dags/dag_GET_Current_YML_From_Cortex.py
[2026-03-10T07:57:59.404+0000] {processor.py:830} INFO - Processing file /home/cloud/codings/airflow/dags/dag_GET_Current_YML_From_Cortex.py for tasks to queue
[2026-03-10T07:57:59.406+0000] {logging_mixin.py:188} INFO - [2026-03-10T07:57:59.405+0000] {dagbag.py:545} INFO - Filling up the DagBag from /home/cloud/codings/airflow/dags/dag_GET_Current_YML_From_Cortex.py
[2026-03-10T07:57:59.441+0000] {processor.py:840} INFO - DAG(s) 'dag_GET_Current_YML_From_Cortex' retrieved from /home/cloud/codings/airflow/dags/dag_GET_Current_YML_From_Cortex.py
[2026-03-10T07:57:59.455+0000] {logging_mixin.py:188} INFO - [2026-03-10T07:57:59.455+0000] {dag.py:3089} INFO - Sync 1 DAGs
[2026-03-10T07:57:59.468+0000] {logging_mixin.py:188} INFO - [2026-03-10T07:57:59.467+0000] {dag.py:3947} INFO - Setting next_dagrun for dag_GET_Current_YML_From_Cortex to None, run_after=None
[2026-03-10T07:57:59.493+0000] {processor.py:183} INFO - Processing /home/cloud/codings/airflow/dags/dag_GET_Current_YML_From_Cortex.py took 0.159 seconds
[2026-03-10T07:58:29.711+0000] {processor.py:161} INFO - Started process (PID=366803) to work on /home/cloud/codings/airflow/dags/dag_GET_Current_YML_From_Cortex.py
[2026-03-10T07:58:29.714+0000] {processor.py:830} INFO - Processing file /home/cloud/codings/airflow/dags/dag_GET_Current_YML_From_Cortex.py for tasks to queue
[2026-03-10T07:58:29.716+0000] {logging_mixin.py:188} INFO - [2026-03-10T07:58:29.715+0000] {dagbag.py:545} INFO - Filling up the DagBag from /home/cloud/codings/airflow/dags/dag_GET_Current_YML_From_Cortex.py
[2026-03-10T07:58:29.767+0000] {processor.py:840} INFO - DAG(s) 'dag_GET_Current_YML_From_Cortex' retrieved from /home/cloud/codings/airflow/dags/dag_GET_Current_YML_From_Cortex.py
[2026-03-10T07:58:29.802+0000] {logging_mixin.py:188} INFO - [2026-03-10T07:58:29.802+0000] {dag.py:3089} INFO - Sync 1 DAGs
[2026-03-10T07:58:29.834+0000] {logging_mixin.py:188} INFO - [2026-03-10T07:58:29.833+0000] {dag.py:3947} INFO - Setting next_dagrun for dag_GET_Current_YML_From_Cortex to None, run_after=None
[2026-03-10T07:58:29.897+0000] {processor.py:183} INFO - Processing /home/cloud/codings/airflow/dags/dag_GET_Current_YML_From_Cortex.py took 0.198 seconds
