[2026-03-10T07:40:08.493+0000] {processor.py:161} INFO - Started process (PID=356473) to work on /home/cloud/codings/airflow/dags/dag_Push_Updated_YML_To_Semantic_Stage.py
[2026-03-10T07:40:08.494+0000] {processor.py:830} INFO - Processing file /home/cloud/codings/airflow/dags/dag_Push_Updated_YML_To_Semantic_Stage.py for tasks to queue
[2026-03-10T07:40:08.496+0000] {logging_mixin.py:188} INFO - [2026-03-10T07:40:08.495+0000] {dagbag.py:545} INFO - Filling up the DagBag from /home/cloud/codings/airflow/dags/dag_Push_Updated_YML_To_Semantic_Stage.py
[2026-03-10T07:40:08.542+0000] {logging_mixin.py:188} INFO - [2026-03-10T07:40:08.535+0000] {dagbag.py:355} ERROR - Failed to import: /home/cloud/codings/airflow/dags/dag_Push_Updated_YML_To_Semantic_Stage.py
Traceback (most recent call last):
  File "/home/cloud/codings/mvenv/lib/python3.12/site-packages/airflow/models/dagbag.py", line 351, in parse
    loader.exec_module(new_module)
  File "<frozen importlib._bootstrap_external>", line 995, in exec_module
  File "<frozen importlib._bootstrap>", line 488, in _call_with_frames_removed
  File "/home/cloud/codings/airflow/dags/dag_Push_Updated_YML_To_Semantic_Stage.py", line 142, in <module>
    python_callable=Generating_Semantic_Model
                    ^^^^^^^^^^^^^^^^^^^^^^^^^
NameError: name 'Generating_Semantic_Model' is not defined
[2026-03-10T07:40:08.547+0000] {processor.py:842} WARNING - No viable dags retrieved from /home/cloud/codings/airflow/dags/dag_Push_Updated_YML_To_Semantic_Stage.py
[2026-03-10T07:40:08.579+0000] {processor.py:183} INFO - Processing /home/cloud/codings/airflow/dags/dag_Push_Updated_YML_To_Semantic_Stage.py took 0.099 seconds
[2026-03-10T07:40:28.846+0000] {processor.py:161} INFO - Started process (PID=356767) to work on /home/cloud/codings/airflow/dags/dag_Push_Updated_YML_To_Semantic_Stage.py
[2026-03-10T07:40:28.848+0000] {processor.py:830} INFO - Processing file /home/cloud/codings/airflow/dags/dag_Push_Updated_YML_To_Semantic_Stage.py for tasks to queue
[2026-03-10T07:40:28.849+0000] {logging_mixin.py:188} INFO - [2026-03-10T07:40:28.848+0000] {dagbag.py:545} INFO - Filling up the DagBag from /home/cloud/codings/airflow/dags/dag_Push_Updated_YML_To_Semantic_Stage.py
[2026-03-10T07:40:28.885+0000] {logging_mixin.py:188} INFO - [2026-03-10T07:40:28.879+0000] {dagbag.py:355} ERROR - Failed to import: /home/cloud/codings/airflow/dags/dag_Push_Updated_YML_To_Semantic_Stage.py
Traceback (most recent call last):
  File "/home/cloud/codings/mvenv/lib/python3.12/site-packages/airflow/models/dagbag.py", line 351, in parse
    loader.exec_module(new_module)
  File "<frozen importlib._bootstrap_external>", line 995, in exec_module
  File "<frozen importlib._bootstrap>", line 488, in _call_with_frames_removed
  File "/home/cloud/codings/airflow/dags/dag_Push_Updated_YML_To_Semantic_Stage.py", line 141, in <module>
    python_callable=Generating_Semantic_Model
                    ^^^^^^^^^^^^^^^^^^^^^^^^^
NameError: name 'Generating_Semantic_Model' is not defined
[2026-03-10T07:40:28.889+0000] {processor.py:842} WARNING - No viable dags retrieved from /home/cloud/codings/airflow/dags/dag_Push_Updated_YML_To_Semantic_Stage.py
[2026-03-10T07:40:28.908+0000] {processor.py:183} INFO - Processing /home/cloud/codings/airflow/dags/dag_Push_Updated_YML_To_Semantic_Stage.py took 0.071 seconds
[2026-03-10T07:40:59.519+0000] {processor.py:161} INFO - Started process (PID=356990) to work on /home/cloud/codings/airflow/dags/dag_Push_Updated_YML_To_Semantic_Stage.py
[2026-03-10T07:40:59.521+0000] {processor.py:830} INFO - Processing file /home/cloud/codings/airflow/dags/dag_Push_Updated_YML_To_Semantic_Stage.py for tasks to queue
[2026-03-10T07:40:59.523+0000] {logging_mixin.py:188} INFO - [2026-03-10T07:40:59.522+0000] {dagbag.py:545} INFO - Filling up the DagBag from /home/cloud/codings/airflow/dags/dag_Push_Updated_YML_To_Semantic_Stage.py
[2026-03-10T07:40:59.563+0000] {logging_mixin.py:188} INFO - [2026-03-10T07:40:59.555+0000] {dagbag.py:355} ERROR - Failed to import: /home/cloud/codings/airflow/dags/dag_Push_Updated_YML_To_Semantic_Stage.py
Traceback (most recent call last):
  File "/home/cloud/codings/mvenv/lib/python3.12/site-packages/airflow/models/dagbag.py", line 351, in parse
    loader.exec_module(new_module)
  File "<frozen importlib._bootstrap_external>", line 995, in exec_module
  File "<frozen importlib._bootstrap>", line 488, in _call_with_frames_removed
  File "/home/cloud/codings/airflow/dags/dag_Push_Updated_YML_To_Semantic_Stage.py", line 141, in <module>
    python_callable=Generating_Semantic_Model
                    ^^^^^^^^^^^^^^^^^^^^^^^^^
NameError: name 'Generating_Semantic_Model' is not defined
[2026-03-10T07:40:59.569+0000] {processor.py:842} WARNING - No viable dags retrieved from /home/cloud/codings/airflow/dags/dag_Push_Updated_YML_To_Semantic_Stage.py
[2026-03-10T07:40:59.591+0000] {processor.py:183} INFO - Processing /home/cloud/codings/airflow/dags/dag_Push_Updated_YML_To_Semantic_Stage.py took 0.082 seconds
[2026-03-10T07:41:00.685+0000] {processor.py:161} INFO - Started process (PID=356997) to work on /home/cloud/codings/airflow/dags/dag_Push_Updated_YML_To_Semantic_Stage.py
[2026-03-10T07:41:00.687+0000] {processor.py:830} INFO - Processing file /home/cloud/codings/airflow/dags/dag_Push_Updated_YML_To_Semantic_Stage.py for tasks to queue
[2026-03-10T07:41:00.689+0000] {logging_mixin.py:188} INFO - [2026-03-10T07:41:00.688+0000] {dagbag.py:545} INFO - Filling up the DagBag from /home/cloud/codings/airflow/dags/dag_Push_Updated_YML_To_Semantic_Stage.py
[2026-03-10T07:41:00.699+0000] {logging_mixin.py:188} INFO - [2026-03-10T07:41:00.696+0000] {dagbag.py:355} ERROR - Failed to import: /home/cloud/codings/airflow/dags/dag_Push_Updated_YML_To_Semantic_Stage.py
Traceback (most recent call last):
  File "/home/cloud/codings/mvenv/lib/python3.12/site-packages/airflow/models/dagbag.py", line 351, in parse
    loader.exec_module(new_module)
  File "<frozen importlib._bootstrap_external>", line 991, in exec_module
  File "<frozen importlib._bootstrap_external>", line 1129, in get_code
  File "<frozen importlib._bootstrap_external>", line 1059, in source_to_code
  File "<frozen importlib._bootstrap>", line 488, in _call_with_frames_removed
  File "/home/cloud/codings/airflow/dags/dag_Push_Updated_YML_To_Semantic_Stage.py", line 45
    def Create_Semantic_Model():
IndentationError: unexpected indent
[2026-03-10T07:41:00.700+0000] {processor.py:842} WARNING - No viable dags retrieved from /home/cloud/codings/airflow/dags/dag_Push_Updated_YML_To_Semantic_Stage.py
[2026-03-10T07:41:00.735+0000] {processor.py:183} INFO - Processing /home/cloud/codings/airflow/dags/dag_Push_Updated_YML_To_Semantic_Stage.py took 0.067 seconds
[2026-03-10T07:41:06.571+0000] {processor.py:161} INFO - Started process (PID=357098) to work on /home/cloud/codings/airflow/dags/dag_Push_Updated_YML_To_Semantic_Stage.py
[2026-03-10T07:41:06.588+0000] {processor.py:830} INFO - Processing file /home/cloud/codings/airflow/dags/dag_Push_Updated_YML_To_Semantic_Stage.py for tasks to queue
[2026-03-10T07:41:06.590+0000] {logging_mixin.py:188} INFO - [2026-03-10T07:41:06.589+0000] {dagbag.py:545} INFO - Filling up the DagBag from /home/cloud/codings/airflow/dags/dag_Push_Updated_YML_To_Semantic_Stage.py
[2026-03-10T07:41:06.617+0000] {logging_mixin.py:188} INFO - [2026-03-10T07:41:06.613+0000] {dagbag.py:355} ERROR - Failed to import: /home/cloud/codings/airflow/dags/dag_Push_Updated_YML_To_Semantic_Stage.py
Traceback (most recent call last):
  File "/home/cloud/codings/mvenv/lib/python3.12/site-packages/airflow/models/dagbag.py", line 351, in parse
    loader.exec_module(new_module)
  File "<frozen importlib._bootstrap_external>", line 995, in exec_module
  File "<frozen importlib._bootstrap>", line 488, in _call_with_frames_removed
  File "/home/cloud/codings/airflow/dags/dag_Push_Updated_YML_To_Semantic_Stage.py", line 143, in <module>
    python_callable=Generating_Semantic_Model
                    ^^^^^^^^^^^^^^^^^^^^^^^^^
NameError: name 'Generating_Semantic_Model' is not defined
[2026-03-10T07:41:06.620+0000] {processor.py:842} WARNING - No viable dags retrieved from /home/cloud/codings/airflow/dags/dag_Push_Updated_YML_To_Semantic_Stage.py
[2026-03-10T07:41:06.640+0000] {processor.py:183} INFO - Processing /home/cloud/codings/airflow/dags/dag_Push_Updated_YML_To_Semantic_Stage.py took 0.077 seconds
[2026-03-10T07:41:10.599+0000] {processor.py:161} INFO - Started process (PID=357130) to work on /home/cloud/codings/airflow/dags/dag_Push_Updated_YML_To_Semantic_Stage.py
[2026-03-10T07:41:10.603+0000] {processor.py:830} INFO - Processing file /home/cloud/codings/airflow/dags/dag_Push_Updated_YML_To_Semantic_Stage.py for tasks to queue
[2026-03-10T07:41:10.607+0000] {logging_mixin.py:188} INFO - [2026-03-10T07:41:10.605+0000] {dagbag.py:545} INFO - Filling up the DagBag from /home/cloud/codings/airflow/dags/dag_Push_Updated_YML_To_Semantic_Stage.py
[2026-03-10T07:41:10.718+0000] {logging_mixin.py:188} INFO - [2026-03-10T07:41:10.703+0000] {dagbag.py:355} ERROR - Failed to import: /home/cloud/codings/airflow/dags/dag_Push_Updated_YML_To_Semantic_Stage.py
Traceback (most recent call last):
  File "/home/cloud/codings/mvenv/lib/python3.12/site-packages/airflow/models/dagbag.py", line 351, in parse
    loader.exec_module(new_module)
  File "<frozen importlib._bootstrap_external>", line 995, in exec_module
  File "<frozen importlib._bootstrap>", line 488, in _call_with_frames_removed
  File "/home/cloud/codings/airflow/dags/dag_Push_Updated_YML_To_Semantic_Stage.py", line 144, in <module>
    python_callable=Generating_Semantic_Model
                    ^^^^^^^^^^^^^^^^^^^^^^^^^
NameError: name 'Generating_Semantic_Model' is not defined
[2026-03-10T07:41:10.725+0000] {processor.py:842} WARNING - No viable dags retrieved from /home/cloud/codings/airflow/dags/dag_Push_Updated_YML_To_Semantic_Stage.py
[2026-03-10T07:41:10.776+0000] {processor.py:183} INFO - Processing /home/cloud/codings/airflow/dags/dag_Push_Updated_YML_To_Semantic_Stage.py took 0.191 seconds
[2026-03-10T07:41:24.977+0000] {processor.py:161} INFO - Started process (PID=357242) to work on /home/cloud/codings/airflow/dags/dag_Push_Updated_YML_To_Semantic_Stage.py
[2026-03-10T07:41:24.979+0000] {processor.py:830} INFO - Processing file /home/cloud/codings/airflow/dags/dag_Push_Updated_YML_To_Semantic_Stage.py for tasks to queue
[2026-03-10T07:41:24.981+0000] {logging_mixin.py:188} INFO - [2026-03-10T07:41:24.980+0000] {dagbag.py:545} INFO - Filling up the DagBag from /home/cloud/codings/airflow/dags/dag_Push_Updated_YML_To_Semantic_Stage.py
[2026-03-10T07:41:25.027+0000] {logging_mixin.py:188} INFO - [2026-03-10T07:41:25.021+0000] {dagbag.py:355} ERROR - Failed to import: /home/cloud/codings/airflow/dags/dag_Push_Updated_YML_To_Semantic_Stage.py
Traceback (most recent call last):
  File "/home/cloud/codings/mvenv/lib/python3.12/site-packages/airflow/models/dagbag.py", line 351, in parse
    loader.exec_module(new_module)
  File "<frozen importlib._bootstrap_external>", line 995, in exec_module
  File "<frozen importlib._bootstrap>", line 488, in _call_with_frames_removed
  File "/home/cloud/codings/airflow/dags/dag_Push_Updated_YML_To_Semantic_Stage.py", line 61, in <module>
    python_callable=Generating_Semantic_Model
                    ^^^^^^^^^^^^^^^^^^^^^^^^^
NameError: name 'Generating_Semantic_Model' is not defined
[2026-03-10T07:41:25.032+0000] {processor.py:842} WARNING - No viable dags retrieved from /home/cloud/codings/airflow/dags/dag_Push_Updated_YML_To_Semantic_Stage.py
[2026-03-10T07:41:25.070+0000] {processor.py:183} INFO - Processing /home/cloud/codings/airflow/dags/dag_Push_Updated_YML_To_Semantic_Stage.py took 0.107 seconds
[2026-03-10T07:41:53.758+0000] {processor.py:161} INFO - Started process (PID=357437) to work on /home/cloud/codings/airflow/dags/dag_Push_Updated_YML_To_Semantic_Stage.py
[2026-03-10T07:41:53.761+0000] {processor.py:830} INFO - Processing file /home/cloud/codings/airflow/dags/dag_Push_Updated_YML_To_Semantic_Stage.py for tasks to queue
[2026-03-10T07:41:53.763+0000] {logging_mixin.py:188} INFO - [2026-03-10T07:41:53.762+0000] {dagbag.py:545} INFO - Filling up the DagBag from /home/cloud/codings/airflow/dags/dag_Push_Updated_YML_To_Semantic_Stage.py
[2026-03-10T07:41:53.807+0000] {logging_mixin.py:188} INFO - [2026-03-10T07:41:53.801+0000] {dagbag.py:355} ERROR - Failed to import: /home/cloud/codings/airflow/dags/dag_Push_Updated_YML_To_Semantic_Stage.py
Traceback (most recent call last):
  File "/home/cloud/codings/mvenv/lib/python3.12/site-packages/airflow/models/dagbag.py", line 351, in parse
    loader.exec_module(new_module)
  File "<frozen importlib._bootstrap_external>", line 995, in exec_module
  File "<frozen importlib._bootstrap>", line 488, in _call_with_frames_removed
  File "/home/cloud/codings/airflow/dags/dag_Push_Updated_YML_To_Semantic_Stage.py", line 61, in <module>
    python_callable=Generating_Semantic_Model
                    ^^^^^^^^^^^^^^^^^^^^^^^^^
NameError: name 'Generating_Semantic_Model' is not defined
[2026-03-10T07:41:53.810+0000] {processor.py:842} WARNING - No viable dags retrieved from /home/cloud/codings/airflow/dags/dag_Push_Updated_YML_To_Semantic_Stage.py
[2026-03-10T07:41:53.829+0000] {processor.py:183} INFO - Processing /home/cloud/codings/airflow/dags/dag_Push_Updated_YML_To_Semantic_Stage.py took 0.086 seconds
[2026-03-10T07:42:10.587+0000] {processor.py:161} INFO - Started process (PID=357638) to work on /home/cloud/codings/airflow/dags/dag_Push_Updated_YML_To_Semantic_Stage.py
[2026-03-10T07:42:10.588+0000] {processor.py:830} INFO - Processing file /home/cloud/codings/airflow/dags/dag_Push_Updated_YML_To_Semantic_Stage.py for tasks to queue
[2026-03-10T07:42:10.590+0000] {logging_mixin.py:188} INFO - [2026-03-10T07:42:10.589+0000] {dagbag.py:545} INFO - Filling up the DagBag from /home/cloud/codings/airflow/dags/dag_Push_Updated_YML_To_Semantic_Stage.py
[2026-03-10T07:42:10.632+0000] {logging_mixin.py:188} INFO - [2026-03-10T07:42:10.625+0000] {dagbag.py:355} ERROR - Failed to import: /home/cloud/codings/airflow/dags/dag_Push_Updated_YML_To_Semantic_Stage.py
Traceback (most recent call last):
  File "/home/cloud/codings/mvenv/lib/python3.12/site-packages/airflow/models/dagbag.py", line 351, in parse
    loader.exec_module(new_module)
  File "<frozen importlib._bootstrap_external>", line 995, in exec_module
  File "<frozen importlib._bootstrap>", line 488, in _call_with_frames_removed
  File "/home/cloud/codings/airflow/dags/dag_Push_Updated_YML_To_Semantic_Stage.py", line 60, in <module>
    python_callable=Generating_Semantic_Model
                    ^^^^^^^^^^^^^^^^^^^^^^^^^
NameError: name 'Generating_Semantic_Model' is not defined
[2026-03-10T07:42:10.637+0000] {processor.py:842} WARNING - No viable dags retrieved from /home/cloud/codings/airflow/dags/dag_Push_Updated_YML_To_Semantic_Stage.py
[2026-03-10T07:42:10.661+0000] {processor.py:183} INFO - Processing /home/cloud/codings/airflow/dags/dag_Push_Updated_YML_To_Semantic_Stage.py took 0.086 seconds
[2026-03-10T07:42:35.838+0000] {processor.py:161} INFO - Started process (PID=357826) to work on /home/cloud/codings/airflow/dags/dag_Push_Updated_YML_To_Semantic_Stage.py
[2026-03-10T07:42:35.840+0000] {processor.py:830} INFO - Processing file /home/cloud/codings/airflow/dags/dag_Push_Updated_YML_To_Semantic_Stage.py for tasks to queue
[2026-03-10T07:42:35.842+0000] {logging_mixin.py:188} INFO - [2026-03-10T07:42:35.841+0000] {dagbag.py:545} INFO - Filling up the DagBag from /home/cloud/codings/airflow/dags/dag_Push_Updated_YML_To_Semantic_Stage.py
[2026-03-10T07:42:35.874+0000] {processor.py:840} INFO - DAG(s) 'dag_Push_Updated_YML_To_Semantic_Stage' retrieved from /home/cloud/codings/airflow/dags/dag_Push_Updated_YML_To_Semantic_Stage.py
[2026-03-10T07:42:36.088+0000] {logging_mixin.py:188} INFO - [2026-03-10T07:42:36.087+0000] {override.py:1858} INFO - Created Permission View: can edit on DAG:dag_Push_Updated_YML_To_Semantic_Stage
[2026-03-10T07:42:36.104+0000] {logging_mixin.py:188} INFO - [2026-03-10T07:42:36.104+0000] {override.py:1858} INFO - Created Permission View: can delete on DAG:dag_Push_Updated_YML_To_Semantic_Stage
[2026-03-10T07:42:36.117+0000] {logging_mixin.py:188} INFO - [2026-03-10T07:42:36.116+0000] {override.py:1858} INFO - Created Permission View: can read on DAG:dag_Push_Updated_YML_To_Semantic_Stage
[2026-03-10T07:42:36.117+0000] {logging_mixin.py:188} INFO - [2026-03-10T07:42:36.117+0000] {dag.py:3089} INFO - Sync 1 DAGs
[2026-03-10T07:42:36.129+0000] {logging_mixin.py:188} INFO - [2026-03-10T07:42:36.129+0000] {dag.py:3111} INFO - Creating ORM DAG for dag_Push_Updated_YML_To_Semantic_Stage
[2026-03-10T07:42:36.130+0000] {logging_mixin.py:188} INFO - [2026-03-10T07:42:36.130+0000] {dag.py:3947} INFO - Setting next_dagrun for dag_Push_Updated_YML_To_Semantic_Stage to None, run_after=None
[2026-03-10T07:42:36.172+0000] {processor.py:183} INFO - Processing /home/cloud/codings/airflow/dags/dag_Push_Updated_YML_To_Semantic_Stage.py took 0.343 seconds
[2026-03-10T07:43:06.368+0000] {processor.py:161} INFO - Started process (PID=358077) to work on /home/cloud/codings/airflow/dags/dag_Push_Updated_YML_To_Semantic_Stage.py
[2026-03-10T07:43:06.373+0000] {processor.py:830} INFO - Processing file /home/cloud/codings/airflow/dags/dag_Push_Updated_YML_To_Semantic_Stage.py for tasks to queue
[2026-03-10T07:43:06.377+0000] {logging_mixin.py:188} INFO - [2026-03-10T07:43:06.376+0000] {dagbag.py:545} INFO - Filling up the DagBag from /home/cloud/codings/airflow/dags/dag_Push_Updated_YML_To_Semantic_Stage.py
[2026-03-10T07:43:06.446+0000] {processor.py:840} INFO - DAG(s) 'dag_Push_Updated_YML_To_Semantic_Stage' retrieved from /home/cloud/codings/airflow/dags/dag_Push_Updated_YML_To_Semantic_Stage.py
[2026-03-10T07:43:06.482+0000] {logging_mixin.py:188} INFO - [2026-03-10T07:43:06.482+0000] {dag.py:3089} INFO - Sync 1 DAGs
[2026-03-10T07:43:06.525+0000] {logging_mixin.py:188} INFO - [2026-03-10T07:43:06.524+0000] {dag.py:3947} INFO - Setting next_dagrun for dag_Push_Updated_YML_To_Semantic_Stage to None, run_after=None
[2026-03-10T07:43:06.564+0000] {processor.py:183} INFO - Processing /home/cloud/codings/airflow/dags/dag_Push_Updated_YML_To_Semantic_Stage.py took 0.225 seconds
[2026-03-10T07:43:10.249+0000] {processor.py:161} INFO - Started process (PID=358120) to work on /home/cloud/codings/airflow/dags/dag_Push_Updated_YML_To_Semantic_Stage.py
[2026-03-10T07:43:10.251+0000] {processor.py:830} INFO - Processing file /home/cloud/codings/airflow/dags/dag_Push_Updated_YML_To_Semantic_Stage.py for tasks to queue
[2026-03-10T07:43:10.253+0000] {logging_mixin.py:188} INFO - [2026-03-10T07:43:10.252+0000] {dagbag.py:545} INFO - Filling up the DagBag from /home/cloud/codings/airflow/dags/dag_Push_Updated_YML_To_Semantic_Stage.py
[2026-03-10T07:43:10.304+0000] {processor.py:840} INFO - DAG(s) 'dag_Push_Updated_YML_To_Semantic_Stage' retrieved from /home/cloud/codings/airflow/dags/dag_Push_Updated_YML_To_Semantic_Stage.py
[2026-03-10T07:43:10.334+0000] {logging_mixin.py:188} INFO - [2026-03-10T07:43:10.333+0000] {dag.py:3089} INFO - Sync 1 DAGs
[2026-03-10T07:43:10.355+0000] {logging_mixin.py:188} INFO - [2026-03-10T07:43:10.355+0000] {dag.py:3947} INFO - Setting next_dagrun for dag_Push_Updated_YML_To_Semantic_Stage to None, run_after=None
[2026-03-10T07:43:10.416+0000] {processor.py:183} INFO - Processing /home/cloud/codings/airflow/dags/dag_Push_Updated_YML_To_Semantic_Stage.py took 0.183 seconds
[2026-03-10T07:43:12.755+0000] {processor.py:161} INFO - Started process (PID=358152) to work on /home/cloud/codings/airflow/dags/dag_Push_Updated_YML_To_Semantic_Stage.py
[2026-03-10T07:43:12.758+0000] {processor.py:830} INFO - Processing file /home/cloud/codings/airflow/dags/dag_Push_Updated_YML_To_Semantic_Stage.py for tasks to queue
[2026-03-10T07:43:12.760+0000] {logging_mixin.py:188} INFO - [2026-03-10T07:43:12.759+0000] {dagbag.py:545} INFO - Filling up the DagBag from /home/cloud/codings/airflow/dags/dag_Push_Updated_YML_To_Semantic_Stage.py
[2026-03-10T07:43:12.799+0000] {processor.py:840} INFO - DAG(s) 'dag_Push_Updated_YML_To_Semantic_Stage' retrieved from /home/cloud/codings/airflow/dags/dag_Push_Updated_YML_To_Semantic_Stage.py
[2026-03-10T07:43:12.815+0000] {logging_mixin.py:188} INFO - [2026-03-10T07:43:12.815+0000] {dag.py:3089} INFO - Sync 1 DAGs
[2026-03-10T07:43:12.829+0000] {logging_mixin.py:188} INFO - [2026-03-10T07:43:12.829+0000] {dag.py:3947} INFO - Setting next_dagrun for dag_Push_Updated_YML_To_Semantic_Stage to None, run_after=None
[2026-03-10T07:43:12.853+0000] {processor.py:183} INFO - Processing /home/cloud/codings/airflow/dags/dag_Push_Updated_YML_To_Semantic_Stage.py took 0.109 seconds
[2026-03-10T07:43:16.700+0000] {processor.py:161} INFO - Started process (PID=358159) to work on /home/cloud/codings/airflow/dags/dag_Push_Updated_YML_To_Semantic_Stage.py
[2026-03-10T07:43:16.704+0000] {processor.py:830} INFO - Processing file /home/cloud/codings/airflow/dags/dag_Push_Updated_YML_To_Semantic_Stage.py for tasks to queue
[2026-03-10T07:43:16.706+0000] {logging_mixin.py:188} INFO - [2026-03-10T07:43:16.705+0000] {dagbag.py:545} INFO - Filling up the DagBag from /home/cloud/codings/airflow/dags/dag_Push_Updated_YML_To_Semantic_Stage.py
[2026-03-10T07:43:16.773+0000] {processor.py:840} INFO - DAG(s) 'dag_Push_Updated_YML_To_Semantic_Stage' retrieved from /home/cloud/codings/airflow/dags/dag_Push_Updated_YML_To_Semantic_Stage.py
[2026-03-10T07:43:16.803+0000] {logging_mixin.py:188} INFO - [2026-03-10T07:43:16.803+0000] {dag.py:3089} INFO - Sync 1 DAGs
[2026-03-10T07:43:16.833+0000] {logging_mixin.py:188} INFO - [2026-03-10T07:43:16.833+0000] {dag.py:3947} INFO - Setting next_dagrun for dag_Push_Updated_YML_To_Semantic_Stage to None, run_after=None
[2026-03-10T07:43:16.903+0000] {processor.py:183} INFO - Processing /home/cloud/codings/airflow/dags/dag_Push_Updated_YML_To_Semantic_Stage.py took 0.227 seconds
[2026-03-10T07:43:47.475+0000] {processor.py:161} INFO - Started process (PID=358544) to work on /home/cloud/codings/airflow/dags/dag_Push_Updated_YML_To_Semantic_Stage.py
[2026-03-10T07:43:47.495+0000] {processor.py:830} INFO - Processing file /home/cloud/codings/airflow/dags/dag_Push_Updated_YML_To_Semantic_Stage.py for tasks to queue
[2026-03-10T07:43:47.497+0000] {logging_mixin.py:188} INFO - [2026-03-10T07:43:47.496+0000] {dagbag.py:545} INFO - Filling up the DagBag from /home/cloud/codings/airflow/dags/dag_Push_Updated_YML_To_Semantic_Stage.py
[2026-03-10T07:43:47.555+0000] {processor.py:840} INFO - DAG(s) 'dag_Push_Updated_YML_To_Semantic_Stage' retrieved from /home/cloud/codings/airflow/dags/dag_Push_Updated_YML_To_Semantic_Stage.py
[2026-03-10T07:43:47.596+0000] {logging_mixin.py:188} INFO - [2026-03-10T07:43:47.595+0000] {dag.py:3089} INFO - Sync 1 DAGs
[2026-03-10T07:43:47.638+0000] {logging_mixin.py:188} INFO - [2026-03-10T07:43:47.638+0000] {dag.py:3947} INFO - Setting next_dagrun for dag_Push_Updated_YML_To_Semantic_Stage to None, run_after=None
[2026-03-10T07:43:47.704+0000] {processor.py:183} INFO - Processing /home/cloud/codings/airflow/dags/dag_Push_Updated_YML_To_Semantic_Stage.py took 0.250 seconds
[2026-03-10T07:44:18.235+0000] {processor.py:161} INFO - Started process (PID=358777) to work on /home/cloud/codings/airflow/dags/dag_Push_Updated_YML_To_Semantic_Stage.py
[2026-03-10T07:44:18.254+0000] {processor.py:830} INFO - Processing file /home/cloud/codings/airflow/dags/dag_Push_Updated_YML_To_Semantic_Stage.py for tasks to queue
[2026-03-10T07:44:18.258+0000] {logging_mixin.py:188} INFO - [2026-03-10T07:44:18.256+0000] {dagbag.py:545} INFO - Filling up the DagBag from /home/cloud/codings/airflow/dags/dag_Push_Updated_YML_To_Semantic_Stage.py
[2026-03-10T07:44:18.313+0000] {processor.py:840} INFO - DAG(s) 'dag_Push_Updated_YML_To_Semantic_Stage' retrieved from /home/cloud/codings/airflow/dags/dag_Push_Updated_YML_To_Semantic_Stage.py
[2026-03-10T07:44:18.345+0000] {logging_mixin.py:188} INFO - [2026-03-10T07:44:18.344+0000] {dag.py:3089} INFO - Sync 1 DAGs
[2026-03-10T07:44:18.370+0000] {logging_mixin.py:188} INFO - [2026-03-10T07:44:18.370+0000] {dag.py:3947} INFO - Setting next_dagrun for dag_Push_Updated_YML_To_Semantic_Stage to None, run_after=None
[2026-03-10T07:44:18.427+0000] {processor.py:183} INFO - Processing /home/cloud/codings/airflow/dags/dag_Push_Updated_YML_To_Semantic_Stage.py took 0.210 seconds
[2026-03-10T07:44:49.625+0000] {processor.py:161} INFO - Started process (PID=358884) to work on /home/cloud/codings/airflow/dags/dag_Push_Updated_YML_To_Semantic_Stage.py
[2026-03-10T07:44:49.644+0000] {processor.py:830} INFO - Processing file /home/cloud/codings/airflow/dags/dag_Push_Updated_YML_To_Semantic_Stage.py for tasks to queue
[2026-03-10T07:44:49.646+0000] {logging_mixin.py:188} INFO - [2026-03-10T07:44:49.645+0000] {dagbag.py:545} INFO - Filling up the DagBag from /home/cloud/codings/airflow/dags/dag_Push_Updated_YML_To_Semantic_Stage.py
[2026-03-10T07:44:49.693+0000] {processor.py:840} INFO - DAG(s) 'dag_Push_Updated_YML_To_Semantic_Stage' retrieved from /home/cloud/codings/airflow/dags/dag_Push_Updated_YML_To_Semantic_Stage.py
[2026-03-10T07:44:49.725+0000] {logging_mixin.py:188} INFO - [2026-03-10T07:44:49.725+0000] {dag.py:3089} INFO - Sync 1 DAGs
[2026-03-10T07:44:49.753+0000] {logging_mixin.py:188} INFO - [2026-03-10T07:44:49.753+0000] {dag.py:3947} INFO - Setting next_dagrun for dag_Push_Updated_YML_To_Semantic_Stage to None, run_after=None
[2026-03-10T07:44:49.815+0000] {processor.py:183} INFO - Processing /home/cloud/codings/airflow/dags/dag_Push_Updated_YML_To_Semantic_Stage.py took 0.205 seconds
[2026-03-10T07:45:20.811+0000] {processor.py:161} INFO - Started process (PID=359333) to work on /home/cloud/codings/airflow/dags/dag_Push_Updated_YML_To_Semantic_Stage.py
[2026-03-10T07:45:20.829+0000] {processor.py:830} INFO - Processing file /home/cloud/codings/airflow/dags/dag_Push_Updated_YML_To_Semantic_Stage.py for tasks to queue
[2026-03-10T07:45:20.830+0000] {logging_mixin.py:188} INFO - [2026-03-10T07:45:20.830+0000] {dagbag.py:545} INFO - Filling up the DagBag from /home/cloud/codings/airflow/dags/dag_Push_Updated_YML_To_Semantic_Stage.py
[2026-03-10T07:45:20.856+0000] {processor.py:840} INFO - DAG(s) 'dag_Push_Updated_YML_To_Semantic_Stage' retrieved from /home/cloud/codings/airflow/dags/dag_Push_Updated_YML_To_Semantic_Stage.py
[2026-03-10T07:45:20.871+0000] {logging_mixin.py:188} INFO - [2026-03-10T07:45:20.870+0000] {dag.py:3089} INFO - Sync 1 DAGs
[2026-03-10T07:45:20.884+0000] {logging_mixin.py:188} INFO - [2026-03-10T07:45:20.884+0000] {dag.py:3947} INFO - Setting next_dagrun for dag_Push_Updated_YML_To_Semantic_Stage to None, run_after=None
[2026-03-10T07:45:20.925+0000] {processor.py:183} INFO - Processing /home/cloud/codings/airflow/dags/dag_Push_Updated_YML_To_Semantic_Stage.py took 0.120 seconds
[2026-03-10T07:45:51.649+0000] {processor.py:161} INFO - Started process (PID=359460) to work on /home/cloud/codings/airflow/dags/dag_Push_Updated_YML_To_Semantic_Stage.py
[2026-03-10T07:45:51.669+0000] {processor.py:830} INFO - Processing file /home/cloud/codings/airflow/dags/dag_Push_Updated_YML_To_Semantic_Stage.py for tasks to queue
[2026-03-10T07:45:51.671+0000] {logging_mixin.py:188} INFO - [2026-03-10T07:45:51.670+0000] {dagbag.py:545} INFO - Filling up the DagBag from /home/cloud/codings/airflow/dags/dag_Push_Updated_YML_To_Semantic_Stage.py
[2026-03-10T07:45:51.712+0000] {processor.py:840} INFO - DAG(s) 'dag_Push_Updated_YML_To_Semantic_Stage' retrieved from /home/cloud/codings/airflow/dags/dag_Push_Updated_YML_To_Semantic_Stage.py
[2026-03-10T07:45:51.729+0000] {logging_mixin.py:188} INFO - [2026-03-10T07:45:51.728+0000] {dag.py:3089} INFO - Sync 1 DAGs
[2026-03-10T07:45:51.740+0000] {logging_mixin.py:188} INFO - [2026-03-10T07:45:51.740+0000] {dag.py:3947} INFO - Setting next_dagrun for dag_Push_Updated_YML_To_Semantic_Stage to None, run_after=None
[2026-03-10T07:45:51.765+0000] {processor.py:183} INFO - Processing /home/cloud/codings/airflow/dags/dag_Push_Updated_YML_To_Semantic_Stage.py took 0.127 seconds
[2026-03-10T07:46:22.829+0000] {processor.py:161} INFO - Started process (PID=359725) to work on /home/cloud/codings/airflow/dags/dag_Push_Updated_YML_To_Semantic_Stage.py
[2026-03-10T07:46:22.848+0000] {processor.py:830} INFO - Processing file /home/cloud/codings/airflow/dags/dag_Push_Updated_YML_To_Semantic_Stage.py for tasks to queue
[2026-03-10T07:46:22.850+0000] {logging_mixin.py:188} INFO - [2026-03-10T07:46:22.849+0000] {dagbag.py:545} INFO - Filling up the DagBag from /home/cloud/codings/airflow/dags/dag_Push_Updated_YML_To_Semantic_Stage.py
[2026-03-10T07:46:22.902+0000] {processor.py:840} INFO - DAG(s) 'dag_Push_Updated_YML_To_Semantic_Stage' retrieved from /home/cloud/codings/airflow/dags/dag_Push_Updated_YML_To_Semantic_Stage.py
[2026-03-10T07:46:22.932+0000] {logging_mixin.py:188} INFO - [2026-03-10T07:46:22.931+0000] {dag.py:3089} INFO - Sync 1 DAGs
[2026-03-10T07:46:22.962+0000] {logging_mixin.py:188} INFO - [2026-03-10T07:46:22.962+0000] {dag.py:3947} INFO - Setting next_dagrun for dag_Push_Updated_YML_To_Semantic_Stage to None, run_after=None
[2026-03-10T07:46:23.021+0000] {processor.py:183} INFO - Processing /home/cloud/codings/airflow/dags/dag_Push_Updated_YML_To_Semantic_Stage.py took 0.204 seconds
[2026-03-10T07:46:53.511+0000] {processor.py:161} INFO - Started process (PID=359922) to work on /home/cloud/codings/airflow/dags/dag_Push_Updated_YML_To_Semantic_Stage.py
[2026-03-10T07:46:53.538+0000] {processor.py:830} INFO - Processing file /home/cloud/codings/airflow/dags/dag_Push_Updated_YML_To_Semantic_Stage.py for tasks to queue
[2026-03-10T07:46:53.540+0000] {logging_mixin.py:188} INFO - [2026-03-10T07:46:53.539+0000] {dagbag.py:545} INFO - Filling up the DagBag from /home/cloud/codings/airflow/dags/dag_Push_Updated_YML_To_Semantic_Stage.py
[2026-03-10T07:46:53.582+0000] {processor.py:840} INFO - DAG(s) 'dag_Push_Updated_YML_To_Semantic_Stage' retrieved from /home/cloud/codings/airflow/dags/dag_Push_Updated_YML_To_Semantic_Stage.py
[2026-03-10T07:46:53.608+0000] {logging_mixin.py:188} INFO - [2026-03-10T07:46:53.608+0000] {dag.py:3089} INFO - Sync 1 DAGs
[2026-03-10T07:46:53.634+0000] {logging_mixin.py:188} INFO - [2026-03-10T07:46:53.634+0000] {dag.py:3947} INFO - Setting next_dagrun for dag_Push_Updated_YML_To_Semantic_Stage to None, run_after=None
[2026-03-10T07:46:53.682+0000] {processor.py:183} INFO - Processing /home/cloud/codings/airflow/dags/dag_Push_Updated_YML_To_Semantic_Stage.py took 0.186 seconds
[2026-03-10T07:47:23.838+0000] {processor.py:161} INFO - Started process (PID=360208) to work on /home/cloud/codings/airflow/dags/dag_Push_Updated_YML_To_Semantic_Stage.py
[2026-03-10T07:47:23.864+0000] {processor.py:830} INFO - Processing file /home/cloud/codings/airflow/dags/dag_Push_Updated_YML_To_Semantic_Stage.py for tasks to queue
[2026-03-10T07:47:23.866+0000] {logging_mixin.py:188} INFO - [2026-03-10T07:47:23.865+0000] {dagbag.py:545} INFO - Filling up the DagBag from /home/cloud/codings/airflow/dags/dag_Push_Updated_YML_To_Semantic_Stage.py
[2026-03-10T07:47:23.917+0000] {processor.py:840} INFO - DAG(s) 'dag_Push_Updated_YML_To_Semantic_Stage' retrieved from /home/cloud/codings/airflow/dags/dag_Push_Updated_YML_To_Semantic_Stage.py
[2026-03-10T07:47:23.951+0000] {logging_mixin.py:188} INFO - [2026-03-10T07:47:23.950+0000] {dag.py:3089} INFO - Sync 1 DAGs
[2026-03-10T07:47:23.972+0000] {logging_mixin.py:188} INFO - [2026-03-10T07:47:23.972+0000] {dag.py:3947} INFO - Setting next_dagrun for dag_Push_Updated_YML_To_Semantic_Stage to None, run_after=None
[2026-03-10T07:47:24.007+0000] {processor.py:183} INFO - Processing /home/cloud/codings/airflow/dags/dag_Push_Updated_YML_To_Semantic_Stage.py took 0.180 seconds
[2026-03-10T07:47:54.239+0000] {processor.py:161} INFO - Started process (PID=360404) to work on /home/cloud/codings/airflow/dags/dag_Push_Updated_YML_To_Semantic_Stage.py
[2026-03-10T07:47:54.260+0000] {processor.py:830} INFO - Processing file /home/cloud/codings/airflow/dags/dag_Push_Updated_YML_To_Semantic_Stage.py for tasks to queue
[2026-03-10T07:47:54.263+0000] {logging_mixin.py:188} INFO - [2026-03-10T07:47:54.262+0000] {dagbag.py:545} INFO - Filling up the DagBag from /home/cloud/codings/airflow/dags/dag_Push_Updated_YML_To_Semantic_Stage.py
[2026-03-10T07:47:54.305+0000] {processor.py:840} INFO - DAG(s) 'dag_Push_Updated_YML_To_Semantic_Stage' retrieved from /home/cloud/codings/airflow/dags/dag_Push_Updated_YML_To_Semantic_Stage.py
[2026-03-10T07:47:54.324+0000] {logging_mixin.py:188} INFO - [2026-03-10T07:47:54.324+0000] {dag.py:3089} INFO - Sync 1 DAGs
[2026-03-10T07:47:54.344+0000] {logging_mixin.py:188} INFO - [2026-03-10T07:47:54.343+0000] {dag.py:3947} INFO - Setting next_dagrun for dag_Push_Updated_YML_To_Semantic_Stage to None, run_after=None
[2026-03-10T07:47:54.368+0000] {processor.py:183} INFO - Processing /home/cloud/codings/airflow/dags/dag_Push_Updated_YML_To_Semantic_Stage.py took 0.149 seconds
[2026-03-10T07:48:20.658+0000] {processor.py:161} INFO - Started process (PID=360679) to work on /home/cloud/codings/airflow/dags/dag_Push_Updated_YML_To_Semantic_Stage.py
[2026-03-10T07:48:20.660+0000] {processor.py:830} INFO - Processing file /home/cloud/codings/airflow/dags/dag_Push_Updated_YML_To_Semantic_Stage.py for tasks to queue
[2026-03-10T07:48:20.661+0000] {logging_mixin.py:188} INFO - [2026-03-10T07:48:20.660+0000] {dagbag.py:545} INFO - Filling up the DagBag from /home/cloud/codings/airflow/dags/dag_Push_Updated_YML_To_Semantic_Stage.py
[2026-03-10T07:48:20.698+0000] {processor.py:840} INFO - DAG(s) 'dag_Push_Updated_YML_To_Semantic_Stage' retrieved from /home/cloud/codings/airflow/dags/dag_Push_Updated_YML_To_Semantic_Stage.py
[2026-03-10T07:48:20.720+0000] {logging_mixin.py:188} INFO - [2026-03-10T07:48:20.719+0000] {dag.py:3089} INFO - Sync 1 DAGs
[2026-03-10T07:48:20.737+0000] {logging_mixin.py:188} INFO - [2026-03-10T07:48:20.737+0000] {dag.py:3947} INFO - Setting next_dagrun for dag_Push_Updated_YML_To_Semantic_Stage to None, run_after=None
[2026-03-10T07:48:20.770+0000] {processor.py:183} INFO - Processing /home/cloud/codings/airflow/dags/dag_Push_Updated_YML_To_Semantic_Stage.py took 0.120 seconds
[2026-03-10T07:48:51.103+0000] {processor.py:161} INFO - Started process (PID=361019) to work on /home/cloud/codings/airflow/dags/dag_Push_Updated_YML_To_Semantic_Stage.py
[2026-03-10T07:48:51.106+0000] {processor.py:830} INFO - Processing file /home/cloud/codings/airflow/dags/dag_Push_Updated_YML_To_Semantic_Stage.py for tasks to queue
[2026-03-10T07:48:51.108+0000] {logging_mixin.py:188} INFO - [2026-03-10T07:48:51.107+0000] {dagbag.py:545} INFO - Filling up the DagBag from /home/cloud/codings/airflow/dags/dag_Push_Updated_YML_To_Semantic_Stage.py
[2026-03-10T07:48:51.162+0000] {processor.py:840} INFO - DAG(s) 'dag_Push_Updated_YML_To_Semantic_Stage' retrieved from /home/cloud/codings/airflow/dags/dag_Push_Updated_YML_To_Semantic_Stage.py
[2026-03-10T07:48:51.200+0000] {logging_mixin.py:188} INFO - [2026-03-10T07:48:51.199+0000] {dag.py:3089} INFO - Sync 1 DAGs
[2026-03-10T07:48:51.237+0000] {logging_mixin.py:188} INFO - [2026-03-10T07:48:51.237+0000] {dag.py:3947} INFO - Setting next_dagrun for dag_Push_Updated_YML_To_Semantic_Stage to None, run_after=None
[2026-03-10T07:48:51.298+0000] {processor.py:183} INFO - Processing /home/cloud/codings/airflow/dags/dag_Push_Updated_YML_To_Semantic_Stage.py took 0.209 seconds
[2026-03-10T07:49:21.431+0000] {processor.py:161} INFO - Started process (PID=361297) to work on /home/cloud/codings/airflow/dags/dag_Push_Updated_YML_To_Semantic_Stage.py
[2026-03-10T07:49:21.433+0000] {processor.py:830} INFO - Processing file /home/cloud/codings/airflow/dags/dag_Push_Updated_YML_To_Semantic_Stage.py for tasks to queue
[2026-03-10T07:49:21.435+0000] {logging_mixin.py:188} INFO - [2026-03-10T07:49:21.434+0000] {dagbag.py:545} INFO - Filling up the DagBag from /home/cloud/codings/airflow/dags/dag_Push_Updated_YML_To_Semantic_Stage.py
[2026-03-10T07:49:21.481+0000] {processor.py:840} INFO - DAG(s) 'dag_Push_Updated_YML_To_Semantic_Stage' retrieved from /home/cloud/codings/airflow/dags/dag_Push_Updated_YML_To_Semantic_Stage.py
[2026-03-10T07:49:21.501+0000] {logging_mixin.py:188} INFO - [2026-03-10T07:49:21.501+0000] {dag.py:3089} INFO - Sync 1 DAGs
[2026-03-10T07:49:21.516+0000] {logging_mixin.py:188} INFO - [2026-03-10T07:49:21.516+0000] {dag.py:3947} INFO - Setting next_dagrun for dag_Push_Updated_YML_To_Semantic_Stage to None, run_after=None
[2026-03-10T07:49:21.539+0000] {processor.py:183} INFO - Processing /home/cloud/codings/airflow/dags/dag_Push_Updated_YML_To_Semantic_Stage.py took 0.121 seconds
