[2026-02-07T08:11:13.680+0000] {local_task_job_runner.py:120} INFO - ::group::Pre task execution logs
[2026-02-07T08:11:13.691+0000] {taskinstance.py:2076} INFO - Dependencies all met for dep_context=non-requeueable deps ti=<TaskInstance: s3_to_snowflake_dynamic_load.list_s3_files manual__2026-02-07T08:11:10.303614+00:00 [queued]>
[2026-02-07T08:11:13.699+0000] {taskinstance.py:2076} INFO - Dependencies all met for dep_context=requeueable deps ti=<TaskInstance: s3_to_snowflake_dynamic_load.list_s3_files manual__2026-02-07T08:11:10.303614+00:00 [queued]>
[2026-02-07T08:11:13.699+0000] {taskinstance.py:2306} INFO - Starting attempt 1 of 1
[2026-02-07T08:11:13.727+0000] {taskinstance.py:2330} INFO - Executing <Task(PythonOperator): list_s3_files> on 2026-02-07 08:11:10.303614+00:00
[2026-02-07T08:11:13.732+0000] {standard_task_runner.py:64} INFO - Started process 127900 to run task
[2026-02-07T08:11:13.739+0000] {standard_task_runner.py:90} INFO - Running: ['airflow', 'tasks', 'run', 's3_to_snowflake_dynamic_load', 'list_s3_files', 'manual__2026-02-07T08:11:10.303614+00:00', '--job-id', '40', '--raw', '--subdir', 'DAGS_FOLDER/s3_to_snowflake_dynamic_load.py', '--cfg-path', '/tmp/tmp38pt965v']
[2026-02-07T08:11:13.742+0000] {standard_task_runner.py:91} INFO - Job 40: Subtask list_s3_files
[2026-02-07T08:11:13.822+0000] {task_command.py:426} INFO - Running <TaskInstance: s3_to_snowflake_dynamic_load.list_s3_files manual__2026-02-07T08:11:10.303614+00:00 [running]> on host DESKTOP-OGBECNS.localdomain
[2026-02-07T08:11:13.971+0000] {taskinstance.py:2648} INFO - Exporting env vars: AIRFLOW_CTX_DAG_OWNER='airflow' AIRFLOW_CTX_DAG_ID='s3_to_snowflake_dynamic_load' AIRFLOW_CTX_TASK_ID='list_s3_files' AIRFLOW_CTX_EXECUTION_DATE='2026-02-07T08:11:10.303614+00:00' AIRFLOW_CTX_TRY_NUMBER='1' AIRFLOW_CTX_DAG_RUN_ID='manual__2026-02-07T08:11:10.303614+00:00'
[2026-02-07T08:11:13.973+0000] {taskinstance.py:430} INFO - ::endgroup::
[2026-02-07T08:11:14.022+0000] {base.py:84} INFO - Using connection ID 'aws_conn_id' for task execution.
[2026-02-07T08:11:14.023+0000] {connection_wrapper.py:384} INFO - AWS Connection (conn_id='aws_conn_id', conn_type='aws') credentials retrieved from login and password.
[2026-02-07T08:11:15.155+0000] {taskinstance.py:441} INFO - ::group::Post task execution logs
[2026-02-07T08:11:15.156+0000] {taskinstance.py:2905} ERROR - Task failed with exception
Traceback (most recent call last):
  File "/home/cloud/codings/mvenv/lib/python3.12/site-packages/airflow/models/taskinstance.py", line 465, in _execute_task
    result = _execute_callable(context=context, **execute_callable_kwargs)
             ^^^^^^^^^^^^^^^^^^^^^^^^^^^^^^^^^^^^^^^^^^^^^^^^^^^^^^^^^^^^^
  File "/home/cloud/codings/mvenv/lib/python3.12/site-packages/airflow/models/taskinstance.py", line 432, in _execute_callable
    return execute_callable(context=context, **execute_callable_kwargs)
           ^^^^^^^^^^^^^^^^^^^^^^^^^^^^^^^^^^^^^^^^^^^^^^^^^^^^^^^^^^^^
  File "/home/cloud/codings/mvenv/lib/python3.12/site-packages/airflow/models/baseoperator.py", line 401, in wrapper
    return func(self, *args, **kwargs)
           ^^^^^^^^^^^^^^^^^^^^^^^^^^^
  File "/home/cloud/codings/mvenv/lib/python3.12/site-packages/airflow/operators/python.py", line 235, in execute
    return_value = self.execute_callable()
                   ^^^^^^^^^^^^^^^^^^^^^^^
  File "/home/cloud/codings/mvenv/lib/python3.12/site-packages/airflow/operators/python.py", line 252, in execute_callable
    return self.python_callable(*self.op_args, **self.op_kwargs)
           ^^^^^^^^^^^^^^^^^^^^^^^^^^^^^^^^^^^^^^^^^^^^^^^^^^^^^
  File "/home/cloud/codings/airflow/dags/s3_to_snowflake_dynamic_load.py", line 18, in list_s3_files_callable
    return file_list
           ^^^^^^^^^
NameError: name 'file_list' is not defined
[2026-02-07T08:11:15.164+0000] {taskinstance.py:1206} INFO - Marking task as FAILED. dag_id=s3_to_snowflake_dynamic_load, task_id=list_s3_files, run_id=manual__2026-02-07T08:11:10.303614+00:00, execution_date=20260207T081110, start_date=20260207T081113, end_date=20260207T081115
[2026-02-07T08:11:15.180+0000] {standard_task_runner.py:110} ERROR - Failed to execute job 40 for task list_s3_files (name 'file_list' is not defined; 127900)
[2026-02-07T08:11:15.200+0000] {local_task_job_runner.py:243} INFO - Task exited with return code 1
[2026-02-07T08:11:15.219+0000] {taskinstance.py:3503} INFO - 0 downstream tasks scheduled from follow-on schedule check
[2026-02-07T08:11:15.220+0000] {local_task_job_runner.py:222} INFO - ::endgroup::
