[2026-02-05T13:08:27.490+0000] {local_task_job_runner.py:120} INFO - ::group::Pre task execution logs
[2026-02-05T13:08:27.515+0000] {taskinstance.py:2076} INFO - Dependencies all met for dep_context=non-requeueable deps ti=<TaskInstance: hello_world.bash_hello scheduled__2026-02-04T00:00:00+00:00 [queued]>
[2026-02-05T13:08:27.524+0000] {taskinstance.py:2076} INFO - Dependencies all met for dep_context=requeueable deps ti=<TaskInstance: hello_world.bash_hello scheduled__2026-02-04T00:00:00+00:00 [queued]>
[2026-02-05T13:08:27.524+0000] {taskinstance.py:2306} INFO - Starting attempt 1 of 1
[2026-02-05T13:08:27.545+0000] {taskinstance.py:2330} INFO - Executing <Task(BashOperator): bash_hello> on 2026-02-04 00:00:00+00:00
[2026-02-05T13:08:27.551+0000] {standard_task_runner.py:64} INFO - Started process 156219 to run task
[2026-02-05T13:08:27.555+0000] {standard_task_runner.py:90} INFO - Running: ['airflow', 'tasks', 'run', 'hello_world', 'bash_hello', 'scheduled__2026-02-04T00:00:00+00:00', '--job-id', '7', '--raw', '--subdir', 'DAGS_FOLDER/hello_world.py', '--cfg-path', '/tmp/tmppp7q67ta']
[2026-02-05T13:08:27.557+0000] {standard_task_runner.py:91} INFO - Job 7: Subtask bash_hello
[2026-02-05T13:08:27.611+0000] {task_command.py:426} INFO - Running <TaskInstance: hello_world.bash_hello scheduled__2026-02-04T00:00:00+00:00 [running]> on host DESKTOP-OGBECNS.localdomain
[2026-02-05T13:08:27.709+0000] {taskinstance.py:2648} INFO - Exporting env vars: AIRFLOW_CTX_DAG_OWNER='airflow' AIRFLOW_CTX_DAG_ID='hello_world' AIRFLOW_CTX_TASK_ID='bash_hello' AIRFLOW_CTX_EXECUTION_DATE='2026-02-04T00:00:00+00:00' AIRFLOW_CTX_TRY_NUMBER='1' AIRFLOW_CTX_DAG_RUN_ID='scheduled__2026-02-04T00:00:00+00:00'
[2026-02-05T13:08:27.710+0000] {taskinstance.py:430} INFO - ::endgroup::
[2026-02-05T13:08:27.733+0000] {subprocess.py:63} INFO - Tmp dir root location: /tmp
[2026-02-05T13:08:27.736+0000] {subprocess.py:75} INFO - Running command: ['/usr/bin/bash', '-c', 'echo "Hello from Bash!"']
[2026-02-05T13:08:27.748+0000] {subprocess.py:86} INFO - Output:
[2026-02-05T13:08:27.752+0000] {subprocess.py:93} INFO - Hello from Bash!
[2026-02-05T13:08:27.753+0000] {subprocess.py:97} INFO - Command exited with return code 0
[2026-02-05T13:08:27.754+0000] {taskinstance.py:441} INFO - ::group::Post task execution logs
[2026-02-05T13:08:27.791+0000] {taskinstance.py:1206} INFO - Marking task as SUCCESS. dag_id=hello_world, task_id=bash_hello, run_id=scheduled__2026-02-04T00:00:00+00:00, execution_date=20260204T000000, start_date=20260205T130827, end_date=20260205T130827
[2026-02-05T13:08:27.849+0000] {local_task_job_runner.py:243} INFO - Task exited with return code 0
[2026-02-05T13:08:27.874+0000] {taskinstance.py:3503} INFO - 0 downstream tasks scheduled from follow-on schedule check
[2026-02-05T13:08:27.875+0000] {local_task_job_runner.py:222} INFO - ::endgroup::
