[2026-03-10T08:09:10.233+0000] {local_task_job_runner.py:120} INFO - ::group::Pre task execution logs
[2026-03-10T08:09:10.367+0000] {taskinstance.py:2076} INFO - Dependencies all met for dep_context=non-requeueable deps ti=<TaskInstance: 2_dag_GET_Current_YML_From_Cortex.GET_Current_Cortex_YML manual__2026-03-10T08:09:07.048716+00:00 [queued]>
[2026-03-10T08:09:10.380+0000] {taskinstance.py:2076} INFO - Dependencies all met for dep_context=requeueable deps ti=<TaskInstance: 2_dag_GET_Current_YML_From_Cortex.GET_Current_Cortex_YML manual__2026-03-10T08:09:07.048716+00:00 [queued]>
[2026-03-10T08:09:10.381+0000] {taskinstance.py:2306} INFO - Starting attempt 1 of 1
[2026-03-10T08:09:10.423+0000] {taskinstance.py:2330} INFO - Executing <Task(PythonOperator): GET_Current_Cortex_YML> on 2026-03-10 08:09:07.048716+00:00
[2026-03-10T08:09:10.429+0000] {standard_task_runner.py:64} INFO - Started process 372240 to run task
[2026-03-10T08:09:10.435+0000] {standard_task_runner.py:90} INFO - Running: ['airflow', 'tasks', 'run', '2_dag_GET_Current_YML_From_Cortex', 'GET_Current_Cortex_YML', 'manual__2026-03-10T08:09:07.048716+00:00', '--job-id', '62', '--raw', '--subdir', 'DAGS_FOLDER/2_dag_GET_Current_YML_From_Cortex.py', '--cfg-path', '/tmp/tmpwena6ifj']
[2026-03-10T08:09:10.439+0000] {standard_task_runner.py:91} INFO - Job 62: Subtask GET_Current_Cortex_YML
[2026-03-10T08:09:10.528+0000] {task_command.py:426} INFO - Running <TaskInstance: 2_dag_GET_Current_YML_From_Cortex.GET_Current_Cortex_YML manual__2026-03-10T08:09:07.048716+00:00 [running]> on host DESKTOP-OGBECNS.localdomain
[2026-03-10T08:09:10.651+0000] {taskinstance.py:2648} INFO - Exporting env vars: AIRFLOW_CTX_DAG_OWNER='airflow' AIRFLOW_CTX_DAG_ID='2_dag_GET_Current_YML_From_Cortex' AIRFLOW_CTX_TASK_ID='GET_Current_Cortex_YML' AIRFLOW_CTX_EXECUTION_DATE='2026-03-10T08:09:07.048716+00:00' AIRFLOW_CTX_TRY_NUMBER='1' AIRFLOW_CTX_DAG_RUN_ID='manual__2026-03-10T08:09:07.048716+00:00'
[2026-03-10T08:09:10.653+0000] {taskinstance.py:430} INFO - ::endgroup::
[2026-03-10T08:09:11.950+0000] {connection.py:611} INFO - Snowflake Connector for Python Version: 4.2.0, Python Version: 3.12.3, Platform: Linux-6.6.87.2-microsoft-standard-WSL2-x86_64-with-glibc2.39
[2026-03-10T08:09:11.953+0000] {connection.py:1695} INFO - Connecting to GLOBAL Snowflake domain
[2026-03-10T08:09:12.164+0000] {credentials.py:1278} INFO - Found credentials in shared credentials file: ~/.aws/credentials
[2026-03-10T08:09:16.334+0000] {logging_mixin.py:188} INFO - File downloaded to /home/cloud/codings/source_files/yml/
[2026-03-10T08:09:16.334+0000] {python.py:237} INFO - Done. Returned value was: None
[2026-03-10T08:09:16.335+0000] {taskinstance.py:441} INFO - ::group::Post task execution logs
[2026-03-10T08:09:16.344+0000] {taskinstance.py:1206} INFO - Marking task as SUCCESS. dag_id=2_dag_GET_Current_YML_From_Cortex, task_id=GET_Current_Cortex_YML, run_id=manual__2026-03-10T08:09:07.048716+00:00, execution_date=20260310T080907, start_date=20260310T080910, end_date=20260310T080916
[2026-03-10T08:09:16.414+0000] {local_task_job_runner.py:243} INFO - Task exited with return code 0
[2026-03-10T08:09:16.429+0000] {taskinstance.py:3503} INFO - 0 downstream tasks scheduled from follow-on schedule check
[2026-03-10T08:09:16.431+0000] {local_task_job_runner.py:222} INFO - ::endgroup::
