[0m06:23:35.379320 [debug] [MainThread]: Sending event: {'category': 'dbt', 'action': 'invocation', 'label': 'start', 'context': [<snowplow_tracker.self_describing_json.SelfDescribingJson object at 0x7e2c1e51bcb0>, <snowplow_tracker.self_describing_json.SelfDescribingJson object at 0x7e2c1cce6a20>, <snowplow_tracker.self_describing_json.SelfDescribingJson object at 0x7e2c1d41bdd0>]}


============================== 06:23:35.388661 | e77e0fc1-d054-4093-9c3c-6544315cf39f ==============================
[0m06:23:35.388661 [info ] [MainThread]: Running with dbt=1.11.3
[0m06:23:35.390209 [debug] [MainThread]: running dbt with arguments {'send_anonymous_usage_stats': 'True', 'debug': 'False', 'invocation_command': 'dbt run', 'warn_error_options': 'WarnErrorOptionsV2(error=[], warn=[], silence=[])', 'indirect_selection': 'eager', 'fail_fast': 'False', 'no_print': 'None', 'partial_parse': 'True', 'static_parser': 'True', 'log_format': 'default', 'printer_width': '80', 'use_experimental_parser': 'False', 'use_colors': 'True', 'log_path': 'logs', 'empty': 'False', 'version_check': 'True', 'profiles_dir': '/home/cloud/.dbt', 'write_json': 'True', 'warn_error': 'None', 'quiet': 'False', 'log_cache_events': 'False', 'introspect': 'True', 'cache_selected_only': 'False', 'target_path': 'None'}
[0m06:23:35.391705 [error] [MainThread]: Encountered an error:
Runtime Error
  No dbt_project.yml found at expected path /home/cloud/codings/dbt_project.yml
  Verify that each entry within packages.yml (and their transitive dependencies) contains a file named dbt_project.yml
  
[0m06:23:35.393905 [debug] [MainThread]: Resource report: {"command_name": "run", "command_success": false, "command_wall_clock_time": 0.18552025, "process_in_blocks": "0", "process_kernel_time": 0.585647, "process_mem_max_rss": "100628", "process_out_blocks": "8", "process_user_time": 3.924651}
[0m06:23:35.395195 [debug] [MainThread]: Command `dbt run` failed at 06:23:35.394964 after 0.19 seconds
[0m06:23:35.396040 [debug] [MainThread]: Sending event: {'category': 'dbt', 'action': 'invocation', 'label': 'end', 'context': [<snowplow_tracker.self_describing_json.SelfDescribingJson object at 0x7e2c1c3af980>, <snowplow_tracker.self_describing_json.SelfDescribingJson object at 0x7e2c1e51bcb0>, <snowplow_tracker.self_describing_json.SelfDescribingJson object at 0x7e2c1d2aea50>]}
[0m06:23:35.397230 [debug] [MainThread]: Flushing usage events
[0m06:23:36.384128 [debug] [MainThread]: An error was encountered while trying to flush usage events
[0m11:19:19.451431 [debug] [MainThread]: Sending event: {'category': 'dbt', 'action': 'invocation', 'label': 'start', 'context': [<snowplow_tracker.self_describing_json.SelfDescribingJson object at 0x78d6236731d0>, <snowplow_tracker.self_describing_json.SelfDescribingJson object at 0x78d625017fe0>, <snowplow_tracker.self_describing_json.SelfDescribingJson object at 0x78d623673e00>]}


============================== 11:19:19.460948 | 17606ed0-1b3c-4d5d-be49-2bc820099230 ==============================
[0m11:19:19.460948 [info ] [MainThread]: Running with dbt=1.11.3
[0m11:19:19.462508 [debug] [MainThread]: running dbt with arguments {'empty': 'False', 'use_experimental_parser': 'False', 'static_parser': 'True', 'partial_parse': 'True', 'cache_selected_only': 'False', 'log_format': 'default', 'introspect': 'True', 'warn_error': 'None', 'debug': 'False', 'invocation_command': 'dbt run', 'target_path': 'None', 'version_check': 'True', 'log_cache_events': 'False', 'no_print': 'None', 'quiet': 'False', 'use_colors': 'True', 'log_path': 'logs', 'write_json': 'True', 'warn_error_options': 'WarnErrorOptionsV2(error=[], warn=[], silence=[])', 'send_anonymous_usage_stats': 'True', 'fail_fast': 'False', 'profiles_dir': '/home/cloud/.dbt', 'indirect_selection': 'eager', 'printer_width': '80'}
[0m11:19:19.463312 [error] [MainThread]: Encountered an error:
Runtime Error
  No dbt_project.yml found at expected path /home/cloud/codings/dbt_project.yml
  Verify that each entry within packages.yml (and their transitive dependencies) contains a file named dbt_project.yml
  
[0m11:19:19.465198 [debug] [MainThread]: Resource report: {"command_name": "run", "command_success": false, "command_wall_clock_time": 0.11922125, "process_in_blocks": "0", "process_kernel_time": 0.774212, "process_mem_max_rss": "100472", "process_out_blocks": "16", "process_user_time": 2.825265}
[0m11:19:19.465942 [debug] [MainThread]: Command `dbt run` failed at 11:19:19.465786 after 0.12 seconds
[0m11:19:19.466596 [debug] [MainThread]: Sending event: {'category': 'dbt', 'action': 'invocation', 'label': 'end', 'context': [<snowplow_tracker.self_describing_json.SelfDescribingJson object at 0x78d622740650>, <snowplow_tracker.self_describing_json.SelfDescribingJson object at 0x78d623673e00>, <snowplow_tracker.self_describing_json.SelfDescribingJson object at 0x78d6230fc9b0>]}
[0m11:19:19.467306 [debug] [MainThread]: Flushing usage events
[0m11:19:20.429898 [debug] [MainThread]: An error was encountered while trying to flush usage events
[0m08:48:15.170341 [debug] [MainThread]: Sending event: {'category': 'dbt', 'action': 'invocation', 'label': 'start', 'context': [<snowplow_tracker.self_describing_json.SelfDescribingJson object at 0x70302605aed0>, <snowplow_tracker.self_describing_json.SelfDescribingJson object at 0x703026a5e840>, <snowplow_tracker.self_describing_json.SelfDescribingJson object at 0x70302682d640>]}


============================== 08:48:15.176726 | ec425ed1-9642-44b1-a3af-71ac92bc9be0 ==============================
[0m08:48:15.176726 [info ] [MainThread]: Running with dbt=1.11.3
[0m08:48:15.177538 [debug] [MainThread]: running dbt with arguments {'log_format': 'default', 'profiles_dir': '/home/cloud/.dbt', 'log_path': 'logs', 'debug': 'False', 'send_anonymous_usage_stats': 'True', 'cache_selected_only': 'False', 'introspect': 'True', 'quiet': 'False', 'write_json': 'True', 'use_colors': 'True', 'fail_fast': 'False', 'warn_error_options': 'WarnErrorOptionsV2(error=[], warn=[], silence=[])', 'version_check': 'True', 'warn_error': 'None', 'use_experimental_parser': 'False', 'no_print': 'None', 'log_cache_events': 'False', 'invocation_command': 'dbt init', 'empty': 'None', 'indirect_selection': 'eager', 'static_parser': 'True', 'partial_parse': 'True', 'printer_width': '80', 'target_path': 'None'}
[0m08:48:15.197263 [info ] [MainThread]: Creating dbt configuration folder at /home/cloud/.dbt
[0m08:48:28.786385 [debug] [MainThread]: Starter project path: /home/cloud/codings/mvenv/lib/python3.12/site-packages/dbt/include/starter_project
[0m08:48:28.795567 [info ] [MainThread]: 
Your new dbt project "portfolio360" was created!

For more information on how to configure the profiles.yml file,
please consult the dbt documentation here:

  https://docs.getdbt.com/docs/configure-your-profile

One more thing:

Need help? Don't hesitate to reach out to us via GitHub issues or on Slack:

  https://community.getdbt.com/

Happy modeling!

[0m08:48:28.796209 [info ] [MainThread]: Setting up your profile.
[0m08:48:32.668941 [debug] [MainThread]: Snowflake adapter: Setting snowflake.connector to ERROR (file logging only)
[0m08:48:32.669732 [debug] [MainThread]: Snowflake adapter: Setting botocore to ERROR (file logging only)
[0m08:48:32.670100 [debug] [MainThread]: Snowflake adapter: Setting boto3 to ERROR (file logging only)
[0m08:49:42.991701 [info ] [MainThread]: Profile portfolio360 written to /home/cloud/.dbt/profiles.yml using target's profile_template.yml and your supplied values. Run 'dbt debug' to validate the connection.
[0m08:49:42.993168 [debug] [MainThread]: Resource report: {"command_name": "init", "command_success": true, "command_wall_clock_time": 87.90288, "process_in_blocks": "27368", "process_kernel_time": 1.386599, "process_mem_max_rss": "194532", "process_out_blocks": "80", "process_user_time": 3.120871}
[0m08:49:42.994002 [debug] [MainThread]: Command `dbt init` succeeded at 08:49:42.993892 after 87.90 seconds
[0m08:49:42.994390 [debug] [MainThread]: Sending event: {'category': 'dbt', 'action': 'invocation', 'label': 'end', 'context': [<snowplow_tracker.self_describing_json.SelfDescribingJson object at 0x703027bb02f0>, <snowplow_tracker.self_describing_json.SelfDescribingJson object at 0x703009003bc0>, <snowplow_tracker.self_describing_json.SelfDescribingJson object at 0x7030086cf6b0>]}
[0m08:49:42.994826 [debug] [MainThread]: Flushing usage events
[0m08:49:44.646242 [debug] [MainThread]: An error was encountered while trying to flush usage events
