[2026-02-06T14:23:35.695+0000] {processor.py:161} INFO - Started process (PID=3984) to work on /home/cloud/codings/airflow/dags/dag_snowflake_through_airflow.py
[2026-02-06T14:23:35.696+0000] {processor.py:830} INFO - Processing file /home/cloud/codings/airflow/dags/dag_snowflake_through_airflow.py for tasks to queue
[2026-02-06T14:23:35.698+0000] {logging_mixin.py:188} INFO - [2026-02-06T14:23:35.697+0000] {dagbag.py:545} INFO - Filling up the DagBag from /home/cloud/codings/airflow/dags/dag_snowflake_through_airflow.py
[2026-02-06T14:23:35.719+0000] {processor.py:840} INFO - DAG(s) 'dag_snowflake_through_airflow' retrieved from /home/cloud/codings/airflow/dags/dag_snowflake_through_airflow.py
[2026-02-06T14:23:35.821+0000] {logging_mixin.py:188} INFO - [2026-02-06T14:23:35.820+0000] {override.py:1858} INFO - Created Permission View: can edit on DAG:dag_snowflake_through_airflow
[2026-02-06T14:23:35.837+0000] {logging_mixin.py:188} INFO - [2026-02-06T14:23:35.837+0000] {override.py:1858} INFO - Created Permission View: can read on DAG:dag_snowflake_through_airflow
[2026-02-06T14:23:35.849+0000] {logging_mixin.py:188} INFO - [2026-02-06T14:23:35.849+0000] {override.py:1858} INFO - Created Permission View: can delete on DAG:dag_snowflake_through_airflow
[2026-02-06T14:23:35.850+0000] {logging_mixin.py:188} INFO - [2026-02-06T14:23:35.849+0000] {dag.py:3089} INFO - Sync 1 DAGs
[2026-02-06T14:23:35.860+0000] {logging_mixin.py:188} INFO - [2026-02-06T14:23:35.860+0000] {dag.py:3111} INFO - Creating ORM DAG for dag_snowflake_through_airflow
[2026-02-06T14:23:35.861+0000] {logging_mixin.py:188} INFO - [2026-02-06T14:23:35.860+0000] {dag.py:3947} INFO - Setting next_dagrun for dag_snowflake_through_airflow to None, run_after=None
[2026-02-06T14:23:35.880+0000] {processor.py:183} INFO - Processing /home/cloud/codings/airflow/dags/dag_snowflake_through_airflow.py took 0.191 seconds
[2026-02-06T14:23:48.684+0000] {processor.py:161} INFO - Started process (PID=4073) to work on /home/cloud/codings/airflow/dags/dag_snowflake_through_airflow.py
[2026-02-06T14:23:48.689+0000] {processor.py:830} INFO - Processing file /home/cloud/codings/airflow/dags/dag_snowflake_through_airflow.py for tasks to queue
[2026-02-06T14:23:48.691+0000] {logging_mixin.py:188} INFO - [2026-02-06T14:23:48.691+0000] {dagbag.py:545} INFO - Filling up the DagBag from /home/cloud/codings/airflow/dags/dag_snowflake_through_airflow.py
[2026-02-06T14:23:48.702+0000] {processor.py:840} INFO - DAG(s) 'dag_snowflake_through_airflow' retrieved from /home/cloud/codings/airflow/dags/dag_snowflake_through_airflow.py
[2026-02-06T14:23:48.711+0000] {logging_mixin.py:188} INFO - [2026-02-06T14:23:48.710+0000] {dag.py:3089} INFO - Sync 1 DAGs
[2026-02-06T14:23:48.725+0000] {logging_mixin.py:188} INFO - [2026-02-06T14:23:48.725+0000] {dag.py:3947} INFO - Setting next_dagrun for dag_snowflake_through_airflow to None, run_after=None
[2026-02-06T14:23:48.749+0000] {processor.py:183} INFO - Processing /home/cloud/codings/airflow/dags/dag_snowflake_through_airflow.py took 0.076 seconds
[2026-02-06T14:23:51.814+0000] {processor.py:161} INFO - Started process (PID=4108) to work on /home/cloud/codings/airflow/dags/dag_snowflake_through_airflow.py
[2026-02-06T14:23:51.815+0000] {processor.py:830} INFO - Processing file /home/cloud/codings/airflow/dags/dag_snowflake_through_airflow.py for tasks to queue
[2026-02-06T14:23:51.817+0000] {logging_mixin.py:188} INFO - [2026-02-06T14:23:51.817+0000] {dagbag.py:545} INFO - Filling up the DagBag from /home/cloud/codings/airflow/dags/dag_snowflake_through_airflow.py
[2026-02-06T14:23:51.827+0000] {processor.py:840} INFO - DAG(s) 'dag_snowflake_through_airflow' retrieved from /home/cloud/codings/airflow/dags/dag_snowflake_through_airflow.py
[2026-02-06T14:23:51.835+0000] {logging_mixin.py:188} INFO - [2026-02-06T14:23:51.835+0000] {dag.py:3089} INFO - Sync 1 DAGs
[2026-02-06T14:23:51.850+0000] {logging_mixin.py:188} INFO - [2026-02-06T14:23:51.850+0000] {dag.py:3947} INFO - Setting next_dagrun for dag_snowflake_through_airflow to None, run_after=None
[2026-02-06T14:23:51.873+0000] {processor.py:183} INFO - Processing /home/cloud/codings/airflow/dags/dag_snowflake_through_airflow.py took 0.066 seconds
[2026-02-06T14:23:59.903+0000] {processor.py:161} INFO - Started process (PID=4160) to work on /home/cloud/codings/airflow/dags/dag_snowflake_through_airflow.py
[2026-02-06T14:23:59.906+0000] {processor.py:830} INFO - Processing file /home/cloud/codings/airflow/dags/dag_snowflake_through_airflow.py for tasks to queue
[2026-02-06T14:23:59.910+0000] {logging_mixin.py:188} INFO - [2026-02-06T14:23:59.909+0000] {dagbag.py:545} INFO - Filling up the DagBag from /home/cloud/codings/airflow/dags/dag_snowflake_through_airflow.py
[2026-02-06T14:23:59.926+0000] {processor.py:840} INFO - DAG(s) 'dag_snowflake_through_airflow' retrieved from /home/cloud/codings/airflow/dags/dag_snowflake_through_airflow.py
[2026-02-06T14:23:59.934+0000] {logging_mixin.py:188} INFO - [2026-02-06T14:23:59.934+0000] {dag.py:3089} INFO - Sync 1 DAGs
[2026-02-06T14:23:59.949+0000] {logging_mixin.py:188} INFO - [2026-02-06T14:23:59.949+0000] {dag.py:3947} INFO - Setting next_dagrun for dag_snowflake_through_airflow to None, run_after=None
[2026-02-06T14:23:59.976+0000] {processor.py:183} INFO - Processing /home/cloud/codings/airflow/dags/dag_snowflake_through_airflow.py took 0.081 seconds
[2026-02-06T14:24:34.580+0000] {processor.py:161} INFO - Started process (PID=4346) to work on /home/cloud/codings/airflow/dags/dag_snowflake_through_airflow.py
[2026-02-06T14:24:34.581+0000] {processor.py:830} INFO - Processing file /home/cloud/codings/airflow/dags/dag_snowflake_through_airflow.py for tasks to queue
[2026-02-06T14:24:34.583+0000] {logging_mixin.py:188} INFO - [2026-02-06T14:24:34.583+0000] {dagbag.py:545} INFO - Filling up the DagBag from /home/cloud/codings/airflow/dags/dag_snowflake_through_airflow.py
[2026-02-06T14:24:34.592+0000] {processor.py:840} INFO - DAG(s) 'dag_snowflake_through_airflow' retrieved from /home/cloud/codings/airflow/dags/dag_snowflake_through_airflow.py
[2026-02-06T14:24:34.613+0000] {logging_mixin.py:188} INFO - [2026-02-06T14:24:34.613+0000] {dag.py:3089} INFO - Sync 1 DAGs
[2026-02-06T14:24:34.625+0000] {logging_mixin.py:188} INFO - [2026-02-06T14:24:34.624+0000] {dag.py:3947} INFO - Setting next_dagrun for dag_snowflake_through_airflow to None, run_after=None
[2026-02-06T14:24:34.647+0000] {processor.py:183} INFO - Processing /home/cloud/codings/airflow/dags/dag_snowflake_through_airflow.py took 0.072 seconds
[2026-02-06T14:25:05.216+0000] {processor.py:161} INFO - Started process (PID=4457) to work on /home/cloud/codings/airflow/dags/dag_snowflake_through_airflow.py
[2026-02-06T14:25:05.221+0000] {processor.py:830} INFO - Processing file /home/cloud/codings/airflow/dags/dag_snowflake_through_airflow.py for tasks to queue
[2026-02-06T14:25:05.223+0000] {logging_mixin.py:188} INFO - [2026-02-06T14:25:05.223+0000] {dagbag.py:545} INFO - Filling up the DagBag from /home/cloud/codings/airflow/dags/dag_snowflake_through_airflow.py
[2026-02-06T14:25:05.235+0000] {processor.py:840} INFO - DAG(s) 'dag_snowflake_through_airflow' retrieved from /home/cloud/codings/airflow/dags/dag_snowflake_through_airflow.py
[2026-02-06T14:25:05.252+0000] {logging_mixin.py:188} INFO - [2026-02-06T14:25:05.251+0000] {dag.py:3089} INFO - Sync 1 DAGs
[2026-02-06T14:25:05.261+0000] {logging_mixin.py:188} INFO - [2026-02-06T14:25:05.261+0000] {dag.py:3947} INFO - Setting next_dagrun for dag_snowflake_through_airflow to None, run_after=None
[2026-02-06T14:25:05.282+0000] {processor.py:183} INFO - Processing /home/cloud/codings/airflow/dags/dag_snowflake_through_airflow.py took 0.072 seconds
[2026-02-06T14:25:35.378+0000] {processor.py:161} INFO - Started process (PID=4688) to work on /home/cloud/codings/airflow/dags/dag_snowflake_through_airflow.py
[2026-02-06T14:25:35.384+0000] {processor.py:830} INFO - Processing file /home/cloud/codings/airflow/dags/dag_snowflake_through_airflow.py for tasks to queue
[2026-02-06T14:25:35.388+0000] {logging_mixin.py:188} INFO - [2026-02-06T14:25:35.387+0000] {dagbag.py:545} INFO - Filling up the DagBag from /home/cloud/codings/airflow/dags/dag_snowflake_through_airflow.py
[2026-02-06T14:25:35.404+0000] {processor.py:840} INFO - DAG(s) 'dag_snowflake_through_airflow' retrieved from /home/cloud/codings/airflow/dags/dag_snowflake_through_airflow.py
[2026-02-06T14:25:35.425+0000] {logging_mixin.py:188} INFO - [2026-02-06T14:25:35.425+0000] {dag.py:3089} INFO - Sync 1 DAGs
[2026-02-06T14:25:35.436+0000] {logging_mixin.py:188} INFO - [2026-02-06T14:25:35.436+0000] {dag.py:3947} INFO - Setting next_dagrun for dag_snowflake_through_airflow to None, run_after=None
[2026-02-06T14:25:35.460+0000] {processor.py:183} INFO - Processing /home/cloud/codings/airflow/dags/dag_snowflake_through_airflow.py took 0.091 seconds
[2026-02-06T14:26:06.279+0000] {processor.py:161} INFO - Started process (PID=4831) to work on /home/cloud/codings/airflow/dags/dag_snowflake_through_airflow.py
[2026-02-06T14:26:06.281+0000] {processor.py:830} INFO - Processing file /home/cloud/codings/airflow/dags/dag_snowflake_through_airflow.py for tasks to queue
[2026-02-06T14:26:06.286+0000] {logging_mixin.py:188} INFO - [2026-02-06T14:26:06.285+0000] {dagbag.py:545} INFO - Filling up the DagBag from /home/cloud/codings/airflow/dags/dag_snowflake_through_airflow.py
[2026-02-06T14:26:06.307+0000] {processor.py:840} INFO - DAG(s) 'dag_snowflake_through_airflow' retrieved from /home/cloud/codings/airflow/dags/dag_snowflake_through_airflow.py
[2026-02-06T14:26:06.328+0000] {logging_mixin.py:188} INFO - [2026-02-06T14:26:06.328+0000] {dag.py:3089} INFO - Sync 1 DAGs
[2026-02-06T14:26:06.337+0000] {logging_mixin.py:188} INFO - [2026-02-06T14:26:06.337+0000] {dag.py:3947} INFO - Setting next_dagrun for dag_snowflake_through_airflow to None, run_after=None
[2026-02-06T14:26:06.360+0000] {processor.py:183} INFO - Processing /home/cloud/codings/airflow/dags/dag_snowflake_through_airflow.py took 0.094 seconds
[2026-02-06T14:26:31.043+0000] {processor.py:161} INFO - Started process (PID=4969) to work on /home/cloud/codings/airflow/dags/dag_snowflake_through_airflow.py
[2026-02-06T14:26:31.045+0000] {processor.py:830} INFO - Processing file /home/cloud/codings/airflow/dags/dag_snowflake_through_airflow.py for tasks to queue
[2026-02-06T14:26:31.048+0000] {logging_mixin.py:188} INFO - [2026-02-06T14:26:31.047+0000] {dagbag.py:545} INFO - Filling up the DagBag from /home/cloud/codings/airflow/dags/dag_snowflake_through_airflow.py
[2026-02-06T14:26:31.053+0000] {logging_mixin.py:188} INFO - [2026-02-06T14:26:31.050+0000] {dagbag.py:355} ERROR - Failed to import: /home/cloud/codings/airflow/dags/dag_snowflake_through_airflow.py
Traceback (most recent call last):
  File "/home/cloud/codings/mvenv/lib/python3.12/site-packages/airflow/models/dagbag.py", line 351, in parse
    loader.exec_module(new_module)
  File "<frozen importlib._bootstrap_external>", line 991, in exec_module
  File "<frozen importlib._bootstrap_external>", line 1129, in get_code
  File "<frozen importlib._bootstrap_external>", line 1059, in source_to_code
  File "<frozen importlib._bootstrap>", line 488, in _call_with_frames_removed
  File "/home/cloud/codings/airflow/dags/dag_snowflake_through_airflow.py", line 12
    sql="""SELECT CURRENT_VERSION()",
        ^
SyntaxError: unterminated triple-quoted string literal (detected at line 14)
[2026-02-06T14:26:31.053+0000] {processor.py:842} WARNING - No viable dags retrieved from /home/cloud/codings/airflow/dags/dag_snowflake_through_airflow.py
[2026-02-06T14:26:31.083+0000] {processor.py:183} INFO - Processing /home/cloud/codings/airflow/dags/dag_snowflake_through_airflow.py took 0.047 seconds
[2026-02-06T14:26:35.052+0000] {processor.py:161} INFO - Started process (PID=5006) to work on /home/cloud/codings/airflow/dags/dag_snowflake_through_airflow.py
[2026-02-06T14:26:35.053+0000] {processor.py:830} INFO - Processing file /home/cloud/codings/airflow/dags/dag_snowflake_through_airflow.py for tasks to queue
[2026-02-06T14:26:35.056+0000] {logging_mixin.py:188} INFO - [2026-02-06T14:26:35.056+0000] {dagbag.py:545} INFO - Filling up the DagBag from /home/cloud/codings/airflow/dags/dag_snowflake_through_airflow.py
[2026-02-06T14:26:35.069+0000] {processor.py:840} INFO - DAG(s) 'dag_snowflake_through_airflow' retrieved from /home/cloud/codings/airflow/dags/dag_snowflake_through_airflow.py
[2026-02-06T14:26:35.088+0000] {logging_mixin.py:188} INFO - [2026-02-06T14:26:35.088+0000] {dag.py:3089} INFO - Sync 1 DAGs
[2026-02-06T14:26:35.099+0000] {logging_mixin.py:188} INFO - [2026-02-06T14:26:35.099+0000] {dag.py:3947} INFO - Setting next_dagrun for dag_snowflake_through_airflow to None, run_after=None
[2026-02-06T14:26:35.129+0000] {processor.py:183} INFO - Processing /home/cloud/codings/airflow/dags/dag_snowflake_through_airflow.py took 0.086 seconds
[2026-02-06T14:26:45.957+0000] {processor.py:161} INFO - Started process (PID=5086) to work on /home/cloud/codings/airflow/dags/dag_snowflake_through_airflow.py
[2026-02-06T14:26:45.959+0000] {processor.py:830} INFO - Processing file /home/cloud/codings/airflow/dags/dag_snowflake_through_airflow.py for tasks to queue
[2026-02-06T14:26:45.963+0000] {logging_mixin.py:188} INFO - [2026-02-06T14:26:45.962+0000] {dagbag.py:545} INFO - Filling up the DagBag from /home/cloud/codings/airflow/dags/dag_snowflake_through_airflow.py
[2026-02-06T14:26:45.978+0000] {processor.py:840} INFO - DAG(s) 'dag_snowflake_through_airflow' retrieved from /home/cloud/codings/airflow/dags/dag_snowflake_through_airflow.py
[2026-02-06T14:26:46.071+0000] {logging_mixin.py:188} INFO - [2026-02-06T14:26:46.070+0000] {dag.py:3089} INFO - Sync 1 DAGs
[2026-02-06T14:26:46.080+0000] {logging_mixin.py:188} INFO - [2026-02-06T14:26:46.080+0000] {dag.py:3947} INFO - Setting next_dagrun for dag_snowflake_through_airflow to None, run_after=None
[2026-02-06T14:26:46.105+0000] {processor.py:183} INFO - Processing /home/cloud/codings/airflow/dags/dag_snowflake_through_airflow.py took 0.159 seconds
[2026-02-06T14:26:49.259+0000] {processor.py:161} INFO - Started process (PID=5123) to work on /home/cloud/codings/airflow/dags/dag_snowflake_through_airflow.py
[2026-02-06T14:26:49.261+0000] {processor.py:830} INFO - Processing file /home/cloud/codings/airflow/dags/dag_snowflake_through_airflow.py for tasks to queue
[2026-02-06T14:26:49.266+0000] {logging_mixin.py:188} INFO - [2026-02-06T14:26:49.265+0000] {dagbag.py:545} INFO - Filling up the DagBag from /home/cloud/codings/airflow/dags/dag_snowflake_through_airflow.py
[2026-02-06T14:26:49.286+0000] {processor.py:840} INFO - DAG(s) 'dag_snowflake_through_airflow' retrieved from /home/cloud/codings/airflow/dags/dag_snowflake_through_airflow.py
[2026-02-06T14:26:49.296+0000] {logging_mixin.py:188} INFO - [2026-02-06T14:26:49.295+0000] {dag.py:3089} INFO - Sync 1 DAGs
[2026-02-06T14:26:49.308+0000] {logging_mixin.py:188} INFO - [2026-02-06T14:26:49.308+0000] {dag.py:3947} INFO - Setting next_dagrun for dag_snowflake_through_airflow to None, run_after=None
[2026-02-06T14:26:49.329+0000] {processor.py:183} INFO - Processing /home/cloud/codings/airflow/dags/dag_snowflake_through_airflow.py took 0.088 seconds
[2026-02-06T14:26:57.346+0000] {processor.py:161} INFO - Started process (PID=5200) to work on /home/cloud/codings/airflow/dags/dag_snowflake_through_airflow.py
[2026-02-06T14:26:57.348+0000] {processor.py:830} INFO - Processing file /home/cloud/codings/airflow/dags/dag_snowflake_through_airflow.py for tasks to queue
[2026-02-06T14:26:57.350+0000] {logging_mixin.py:188} INFO - [2026-02-06T14:26:57.349+0000] {dagbag.py:545} INFO - Filling up the DagBag from /home/cloud/codings/airflow/dags/dag_snowflake_through_airflow.py
[2026-02-06T14:26:57.360+0000] {processor.py:840} INFO - DAG(s) 'dag_snowflake_through_airflow' retrieved from /home/cloud/codings/airflow/dags/dag_snowflake_through_airflow.py
[2026-02-06T14:26:57.366+0000] {logging_mixin.py:188} INFO - [2026-02-06T14:26:57.365+0000] {dag.py:3089} INFO - Sync 1 DAGs
[2026-02-06T14:26:57.376+0000] {logging_mixin.py:188} INFO - [2026-02-06T14:26:57.376+0000] {dag.py:3947} INFO - Setting next_dagrun for dag_snowflake_through_airflow to None, run_after=None
[2026-02-06T14:26:57.398+0000] {processor.py:183} INFO - Processing /home/cloud/codings/airflow/dags/dag_snowflake_through_airflow.py took 0.057 seconds
[2026-02-06T14:27:03.923+0000] {processor.py:161} INFO - Started process (PID=5243) to work on /home/cloud/codings/airflow/dags/dag_snowflake_through_airflow.py
[2026-02-06T14:27:03.926+0000] {processor.py:830} INFO - Processing file /home/cloud/codings/airflow/dags/dag_snowflake_through_airflow.py for tasks to queue
[2026-02-06T14:27:03.932+0000] {logging_mixin.py:188} INFO - [2026-02-06T14:27:03.931+0000] {dagbag.py:545} INFO - Filling up the DagBag from /home/cloud/codings/airflow/dags/dag_snowflake_through_airflow.py
[2026-02-06T14:27:03.951+0000] {processor.py:840} INFO - DAG(s) 'dag_snowflake_through_airflow' retrieved from /home/cloud/codings/airflow/dags/dag_snowflake_through_airflow.py
[2026-02-06T14:27:03.960+0000] {logging_mixin.py:188} INFO - [2026-02-06T14:27:03.959+0000] {dag.py:3089} INFO - Sync 1 DAGs
[2026-02-06T14:27:03.971+0000] {logging_mixin.py:188} INFO - [2026-02-06T14:27:03.971+0000] {dag.py:3947} INFO - Setting next_dagrun for dag_snowflake_through_airflow to None, run_after=None
[2026-02-06T14:27:03.995+0000] {processor.py:183} INFO - Processing /home/cloud/codings/airflow/dags/dag_snowflake_through_airflow.py took 0.086 seconds
[2026-02-06T14:27:07.148+0000] {processor.py:161} INFO - Started process (PID=5250) to work on /home/cloud/codings/airflow/dags/dag_snowflake_through_airflow.py
[2026-02-06T14:27:07.148+0000] {processor.py:830} INFO - Processing file /home/cloud/codings/airflow/dags/dag_snowflake_through_airflow.py for tasks to queue
[2026-02-06T14:27:07.150+0000] {logging_mixin.py:188} INFO - [2026-02-06T14:27:07.150+0000] {dagbag.py:545} INFO - Filling up the DagBag from /home/cloud/codings/airflow/dags/dag_snowflake_through_airflow.py
[2026-02-06T14:27:07.160+0000] {processor.py:840} INFO - DAG(s) 'dag_snowflake_through_airflow' retrieved from /home/cloud/codings/airflow/dags/dag_snowflake_through_airflow.py
[2026-02-06T14:27:07.166+0000] {logging_mixin.py:188} INFO - [2026-02-06T14:27:07.166+0000] {dag.py:3089} INFO - Sync 1 DAGs
[2026-02-06T14:27:07.178+0000] {logging_mixin.py:188} INFO - [2026-02-06T14:27:07.177+0000] {dag.py:3947} INFO - Setting next_dagrun for dag_snowflake_through_airflow to None, run_after=None
[2026-02-06T14:27:07.200+0000] {processor.py:183} INFO - Processing /home/cloud/codings/airflow/dags/dag_snowflake_through_airflow.py took 0.058 seconds
[2026-02-06T14:27:37.973+0000] {processor.py:161} INFO - Started process (PID=5369) to work on /home/cloud/codings/airflow/dags/dag_snowflake_through_airflow.py
[2026-02-06T14:27:37.979+0000] {processor.py:830} INFO - Processing file /home/cloud/codings/airflow/dags/dag_snowflake_through_airflow.py for tasks to queue
[2026-02-06T14:27:37.981+0000] {logging_mixin.py:188} INFO - [2026-02-06T14:27:37.981+0000] {dagbag.py:545} INFO - Filling up the DagBag from /home/cloud/codings/airflow/dags/dag_snowflake_through_airflow.py
[2026-02-06T14:27:37.991+0000] {processor.py:840} INFO - DAG(s) 'dag_snowflake_through_airflow' retrieved from /home/cloud/codings/airflow/dags/dag_snowflake_through_airflow.py
[2026-02-06T14:27:38.098+0000] {logging_mixin.py:188} INFO - [2026-02-06T14:27:38.097+0000] {dag.py:3089} INFO - Sync 1 DAGs
[2026-02-06T14:27:38.111+0000] {logging_mixin.py:188} INFO - [2026-02-06T14:27:38.111+0000] {dag.py:3947} INFO - Setting next_dagrun for dag_snowflake_through_airflow to None, run_after=None
[2026-02-06T14:27:38.136+0000] {processor.py:183} INFO - Processing /home/cloud/codings/airflow/dags/dag_snowflake_through_airflow.py took 0.169 seconds
[2026-02-06T14:28:05.125+0000] {processor.py:161} INFO - Started process (PID=5475) to work on /home/cloud/codings/airflow/dags/dag_snowflake_through_airflow.py
[2026-02-06T14:28:05.130+0000] {processor.py:830} INFO - Processing file /home/cloud/codings/airflow/dags/dag_snowflake_through_airflow.py for tasks to queue
[2026-02-06T14:28:05.134+0000] {logging_mixin.py:188} INFO - [2026-02-06T14:28:05.133+0000] {dagbag.py:545} INFO - Filling up the DagBag from /home/cloud/codings/airflow/dags/dag_snowflake_through_airflow.py
[2026-02-06T14:28:05.152+0000] {processor.py:840} INFO - DAG(s) 'dag_snowflake_through_airflow' retrieved from /home/cloud/codings/airflow/dags/dag_snowflake_through_airflow.py
[2026-02-06T14:28:05.165+0000] {logging_mixin.py:188} INFO - [2026-02-06T14:28:05.164+0000] {dag.py:3089} INFO - Sync 1 DAGs
[2026-02-06T14:28:05.185+0000] {logging_mixin.py:188} INFO - [2026-02-06T14:28:05.185+0000] {dag.py:3947} INFO - Setting next_dagrun for dag_snowflake_through_airflow to None, run_after=None
[2026-02-06T14:28:05.220+0000] {processor.py:183} INFO - Processing /home/cloud/codings/airflow/dags/dag_snowflake_through_airflow.py took 0.105 seconds
[2026-02-06T14:28:16.005+0000] {processor.py:161} INFO - Started process (PID=5549) to work on /home/cloud/codings/airflow/dags/dag_snowflake_through_airflow.py
[2026-02-06T14:28:16.006+0000] {processor.py:830} INFO - Processing file /home/cloud/codings/airflow/dags/dag_snowflake_through_airflow.py for tasks to queue
[2026-02-06T14:28:16.007+0000] {logging_mixin.py:188} INFO - [2026-02-06T14:28:16.007+0000] {dagbag.py:545} INFO - Filling up the DagBag from /home/cloud/codings/airflow/dags/dag_snowflake_through_airflow.py
[2026-02-06T14:28:16.018+0000] {processor.py:840} INFO - DAG(s) 'dag_snowflake_through_airflow' retrieved from /home/cloud/codings/airflow/dags/dag_snowflake_through_airflow.py
[2026-02-06T14:28:16.120+0000] {logging_mixin.py:188} INFO - [2026-02-06T14:28:16.120+0000] {dag.py:3089} INFO - Sync 1 DAGs
[2026-02-06T14:28:16.132+0000] {logging_mixin.py:188} INFO - [2026-02-06T14:28:16.132+0000] {dag.py:3947} INFO - Setting next_dagrun for dag_snowflake_through_airflow to None, run_after=None
[2026-02-06T14:28:16.162+0000] {processor.py:183} INFO - Processing /home/cloud/codings/airflow/dags/dag_snowflake_through_airflow.py took 0.164 seconds
[2026-02-06T14:28:46.349+0000] {processor.py:161} INFO - Started process (PID=5672) to work on /home/cloud/codings/airflow/dags/dag_snowflake_through_airflow.py
[2026-02-06T14:28:46.351+0000] {processor.py:830} INFO - Processing file /home/cloud/codings/airflow/dags/dag_snowflake_through_airflow.py for tasks to queue
[2026-02-06T14:28:46.354+0000] {logging_mixin.py:188} INFO - [2026-02-06T14:28:46.353+0000] {dagbag.py:545} INFO - Filling up the DagBag from /home/cloud/codings/airflow/dags/dag_snowflake_through_airflow.py
[2026-02-06T14:28:46.364+0000] {processor.py:840} INFO - DAG(s) 'dag_snowflake_through_airflow' retrieved from /home/cloud/codings/airflow/dags/dag_snowflake_through_airflow.py
[2026-02-06T14:28:46.388+0000] {logging_mixin.py:188} INFO - [2026-02-06T14:28:46.387+0000] {dag.py:3089} INFO - Sync 1 DAGs
[2026-02-06T14:28:46.401+0000] {logging_mixin.py:188} INFO - [2026-02-06T14:28:46.400+0000] {dag.py:3947} INFO - Setting next_dagrun for dag_snowflake_through_airflow to None, run_after=None
[2026-02-06T14:28:46.423+0000] {processor.py:183} INFO - Processing /home/cloud/codings/airflow/dags/dag_snowflake_through_airflow.py took 0.079 seconds
[2026-02-06T14:28:57.122+0000] {processor.py:161} INFO - Started process (PID=5757) to work on /home/cloud/codings/airflow/dags/dag_snowflake_through_airflow.py
[2026-02-06T14:28:57.127+0000] {processor.py:830} INFO - Processing file /home/cloud/codings/airflow/dags/dag_snowflake_through_airflow.py for tasks to queue
[2026-02-06T14:28:57.130+0000] {logging_mixin.py:188} INFO - [2026-02-06T14:28:57.130+0000] {dagbag.py:545} INFO - Filling up the DagBag from /home/cloud/codings/airflow/dags/dag_snowflake_through_airflow.py
[2026-02-06T14:28:57.142+0000] {processor.py:840} INFO - DAG(s) 'dag_snowflake_through_airflow' retrieved from /home/cloud/codings/airflow/dags/dag_snowflake_through_airflow.py
[2026-02-06T14:28:57.311+0000] {logging_mixin.py:188} INFO - [2026-02-06T14:28:57.310+0000] {dag.py:3089} INFO - Sync 1 DAGs
[2026-02-06T14:28:57.331+0000] {logging_mixin.py:188} INFO - [2026-02-06T14:28:57.330+0000] {dag.py:3947} INFO - Setting next_dagrun for dag_snowflake_through_airflow to None, run_after=None
[2026-02-06T14:28:57.384+0000] {processor.py:183} INFO - Processing /home/cloud/codings/airflow/dags/dag_snowflake_through_airflow.py took 0.269 seconds
[2026-02-06T14:29:27.566+0000] {processor.py:161} INFO - Started process (PID=5857) to work on /home/cloud/codings/airflow/dags/dag_snowflake_through_airflow.py
[2026-02-06T14:29:27.571+0000] {processor.py:830} INFO - Processing file /home/cloud/codings/airflow/dags/dag_snowflake_through_airflow.py for tasks to queue
[2026-02-06T14:29:27.573+0000] {logging_mixin.py:188} INFO - [2026-02-06T14:29:27.572+0000] {dagbag.py:545} INFO - Filling up the DagBag from /home/cloud/codings/airflow/dags/dag_snowflake_through_airflow.py
[2026-02-06T14:29:27.583+0000] {processor.py:840} INFO - DAG(s) 'dag_snowflake_through_airflow' retrieved from /home/cloud/codings/airflow/dags/dag_snowflake_through_airflow.py
[2026-02-06T14:29:27.601+0000] {logging_mixin.py:188} INFO - [2026-02-06T14:29:27.601+0000] {dag.py:3089} INFO - Sync 1 DAGs
[2026-02-06T14:29:27.611+0000] {logging_mixin.py:188} INFO - [2026-02-06T14:29:27.611+0000] {dag.py:3947} INFO - Setting next_dagrun for dag_snowflake_through_airflow to None, run_after=None
[2026-02-06T14:29:27.631+0000] {processor.py:183} INFO - Processing /home/cloud/codings/airflow/dags/dag_snowflake_through_airflow.py took 0.074 seconds
[2026-02-06T14:29:58.431+0000] {processor.py:161} INFO - Started process (PID=5968) to work on /home/cloud/codings/airflow/dags/dag_snowflake_through_airflow.py
[2026-02-06T14:29:58.433+0000] {processor.py:830} INFO - Processing file /home/cloud/codings/airflow/dags/dag_snowflake_through_airflow.py for tasks to queue
[2026-02-06T14:29:58.437+0000] {logging_mixin.py:188} INFO - [2026-02-06T14:29:58.436+0000] {dagbag.py:545} INFO - Filling up the DagBag from /home/cloud/codings/airflow/dags/dag_snowflake_through_airflow.py
[2026-02-06T14:29:58.454+0000] {processor.py:840} INFO - DAG(s) 'dag_snowflake_through_airflow' retrieved from /home/cloud/codings/airflow/dags/dag_snowflake_through_airflow.py
[2026-02-06T14:29:58.476+0000] {logging_mixin.py:188} INFO - [2026-02-06T14:29:58.476+0000] {dag.py:3089} INFO - Sync 1 DAGs
[2026-02-06T14:29:58.486+0000] {logging_mixin.py:188} INFO - [2026-02-06T14:29:58.486+0000] {dag.py:3947} INFO - Setting next_dagrun for dag_snowflake_through_airflow to None, run_after=None
[2026-02-06T14:29:58.505+0000] {processor.py:183} INFO - Processing /home/cloud/codings/airflow/dags/dag_snowflake_through_airflow.py took 0.087 seconds
[2026-02-06T14:30:14.606+0000] {processor.py:161} INFO - Started process (PID=6090) to work on /home/cloud/codings/airflow/dags/dag_snowflake_through_airflow.py
[2026-02-06T14:30:14.607+0000] {processor.py:830} INFO - Processing file /home/cloud/codings/airflow/dags/dag_snowflake_through_airflow.py for tasks to queue
[2026-02-06T14:30:14.609+0000] {logging_mixin.py:188} INFO - [2026-02-06T14:30:14.609+0000] {dagbag.py:545} INFO - Filling up the DagBag from /home/cloud/codings/airflow/dags/dag_snowflake_through_airflow.py
[2026-02-06T14:30:14.617+0000] {processor.py:840} INFO - DAG(s) 'dag_snowflake_through_airflow' retrieved from /home/cloud/codings/airflow/dags/dag_snowflake_through_airflow.py
[2026-02-06T14:30:14.691+0000] {logging_mixin.py:188} INFO - [2026-02-06T14:30:14.691+0000] {dag.py:3089} INFO - Sync 1 DAGs
[2026-02-06T14:30:14.698+0000] {logging_mixin.py:188} INFO - [2026-02-06T14:30:14.698+0000] {dag.py:3947} INFO - Setting next_dagrun for dag_snowflake_through_airflow to None, run_after=None
[2026-02-06T14:30:14.721+0000] {processor.py:183} INFO - Processing /home/cloud/codings/airflow/dags/dag_snowflake_through_airflow.py took 0.120 seconds
[2026-02-06T14:30:27.293+0000] {processor.py:161} INFO - Started process (PID=6201) to work on /home/cloud/codings/airflow/dags/dag_snowflake_through_airflow.py
[2026-02-06T14:30:27.293+0000] {processor.py:830} INFO - Processing file /home/cloud/codings/airflow/dags/dag_snowflake_through_airflow.py for tasks to queue
[2026-02-06T14:30:27.295+0000] {logging_mixin.py:188} INFO - [2026-02-06T14:30:27.295+0000] {dagbag.py:545} INFO - Filling up the DagBag from /home/cloud/codings/airflow/dags/dag_snowflake_through_airflow.py
[2026-02-06T14:30:27.307+0000] {processor.py:840} INFO - DAG(s) 'dag_snowflake_through_airflow' retrieved from /home/cloud/codings/airflow/dags/dag_snowflake_through_airflow.py
[2026-02-06T14:30:27.314+0000] {logging_mixin.py:188} INFO - [2026-02-06T14:30:27.314+0000] {dag.py:3089} INFO - Sync 1 DAGs
[2026-02-06T14:30:27.325+0000] {logging_mixin.py:188} INFO - [2026-02-06T14:30:27.325+0000] {dag.py:3947} INFO - Setting next_dagrun for dag_snowflake_through_airflow to None, run_after=None
[2026-02-06T14:30:27.349+0000] {processor.py:183} INFO - Processing /home/cloud/codings/airflow/dags/dag_snowflake_through_airflow.py took 0.061 seconds
[2026-02-06T14:30:38.518+0000] {processor.py:161} INFO - Started process (PID=6280) to work on /home/cloud/codings/airflow/dags/dag_snowflake_through_airflow.py
[2026-02-06T14:30:38.522+0000] {processor.py:830} INFO - Processing file /home/cloud/codings/airflow/dags/dag_snowflake_through_airflow.py for tasks to queue
[2026-02-06T14:30:38.524+0000] {logging_mixin.py:188} INFO - [2026-02-06T14:30:38.524+0000] {dagbag.py:545} INFO - Filling up the DagBag from /home/cloud/codings/airflow/dags/dag_snowflake_through_airflow.py
[2026-02-06T14:30:38.536+0000] {processor.py:840} INFO - DAG(s) 'dag_snowflake_through_airflow' retrieved from /home/cloud/codings/airflow/dags/dag_snowflake_through_airflow.py
[2026-02-06T14:30:38.542+0000] {logging_mixin.py:188} INFO - [2026-02-06T14:30:38.542+0000] {dag.py:3089} INFO - Sync 1 DAGs
[2026-02-06T14:30:38.554+0000] {logging_mixin.py:188} INFO - [2026-02-06T14:30:38.554+0000] {dag.py:3947} INFO - Setting next_dagrun for dag_snowflake_through_airflow to None, run_after=None
[2026-02-06T14:30:38.577+0000] {processor.py:183} INFO - Processing /home/cloud/codings/airflow/dags/dag_snowflake_through_airflow.py took 0.066 seconds
[2026-02-06T14:31:09.506+0000] {processor.py:161} INFO - Started process (PID=6398) to work on /home/cloud/codings/airflow/dags/dag_snowflake_through_airflow.py
[2026-02-06T14:31:09.509+0000] {processor.py:830} INFO - Processing file /home/cloud/codings/airflow/dags/dag_snowflake_through_airflow.py for tasks to queue
[2026-02-06T14:31:09.514+0000] {logging_mixin.py:188} INFO - [2026-02-06T14:31:09.513+0000] {dagbag.py:545} INFO - Filling up the DagBag from /home/cloud/codings/airflow/dags/dag_snowflake_through_airflow.py
[2026-02-06T14:31:09.531+0000] {processor.py:840} INFO - DAG(s) 'dag_snowflake_through_airflow' retrieved from /home/cloud/codings/airflow/dags/dag_snowflake_through_airflow.py
[2026-02-06T14:31:09.648+0000] {logging_mixin.py:188} INFO - [2026-02-06T14:31:09.647+0000] {dag.py:3089} INFO - Sync 1 DAGs
[2026-02-06T14:31:09.660+0000] {logging_mixin.py:188} INFO - [2026-02-06T14:31:09.660+0000] {dag.py:3947} INFO - Setting next_dagrun for dag_snowflake_through_airflow to None, run_after=None
[2026-02-06T14:31:09.684+0000] {processor.py:183} INFO - Processing /home/cloud/codings/airflow/dags/dag_snowflake_through_airflow.py took 0.185 seconds
[2026-02-06T14:31:39.852+0000] {processor.py:161} INFO - Started process (PID=6500) to work on /home/cloud/codings/airflow/dags/dag_snowflake_through_airflow.py
[2026-02-06T14:31:39.857+0000] {processor.py:830} INFO - Processing file /home/cloud/codings/airflow/dags/dag_snowflake_through_airflow.py for tasks to queue
[2026-02-06T14:31:39.859+0000] {logging_mixin.py:188} INFO - [2026-02-06T14:31:39.858+0000] {dagbag.py:545} INFO - Filling up the DagBag from /home/cloud/codings/airflow/dags/dag_snowflake_through_airflow.py
[2026-02-06T14:31:39.867+0000] {processor.py:840} INFO - DAG(s) 'dag_snowflake_through_airflow' retrieved from /home/cloud/codings/airflow/dags/dag_snowflake_through_airflow.py
[2026-02-06T14:31:39.884+0000] {logging_mixin.py:188} INFO - [2026-02-06T14:31:39.884+0000] {dag.py:3089} INFO - Sync 1 DAGs
[2026-02-06T14:31:39.894+0000] {logging_mixin.py:188} INFO - [2026-02-06T14:31:39.894+0000] {dag.py:3947} INFO - Setting next_dagrun for dag_snowflake_through_airflow to None, run_after=None
[2026-02-06T14:31:39.919+0000] {processor.py:183} INFO - Processing /home/cloud/codings/airflow/dags/dag_snowflake_through_airflow.py took 0.071 seconds
[2026-02-06T14:32:10.745+0000] {processor.py:161} INFO - Started process (PID=6683) to work on /home/cloud/codings/airflow/dags/dag_snowflake_through_airflow.py
[2026-02-06T14:32:10.750+0000] {processor.py:830} INFO - Processing file /home/cloud/codings/airflow/dags/dag_snowflake_through_airflow.py for tasks to queue
[2026-02-06T14:32:10.752+0000] {logging_mixin.py:188} INFO - [2026-02-06T14:32:10.752+0000] {dagbag.py:545} INFO - Filling up the DagBag from /home/cloud/codings/airflow/dags/dag_snowflake_through_airflow.py
[2026-02-06T14:32:10.761+0000] {processor.py:840} INFO - DAG(s) 'dag_snowflake_through_airflow' retrieved from /home/cloud/codings/airflow/dags/dag_snowflake_through_airflow.py
[2026-02-06T14:32:10.777+0000] {logging_mixin.py:188} INFO - [2026-02-06T14:32:10.777+0000] {dag.py:3089} INFO - Sync 1 DAGs
[2026-02-06T14:32:10.787+0000] {logging_mixin.py:188} INFO - [2026-02-06T14:32:10.787+0000] {dag.py:3947} INFO - Setting next_dagrun for dag_snowflake_through_airflow to None, run_after=None
[2026-02-06T14:32:10.810+0000] {processor.py:183} INFO - Processing /home/cloud/codings/airflow/dags/dag_snowflake_through_airflow.py took 0.068 seconds
[2026-02-06T14:32:41.583+0000] {processor.py:161} INFO - Started process (PID=6929) to work on /home/cloud/codings/airflow/dags/dag_snowflake_through_airflow.py
[2026-02-06T14:32:41.584+0000] {processor.py:830} INFO - Processing file /home/cloud/codings/airflow/dags/dag_snowflake_through_airflow.py for tasks to queue
[2026-02-06T14:32:41.586+0000] {logging_mixin.py:188} INFO - [2026-02-06T14:32:41.586+0000] {dagbag.py:545} INFO - Filling up the DagBag from /home/cloud/codings/airflow/dags/dag_snowflake_through_airflow.py
[2026-02-06T14:32:41.594+0000] {processor.py:840} INFO - DAG(s) 'dag_snowflake_through_airflow' retrieved from /home/cloud/codings/airflow/dags/dag_snowflake_through_airflow.py
[2026-02-06T14:32:41.610+0000] {logging_mixin.py:188} INFO - [2026-02-06T14:32:41.609+0000] {dag.py:3089} INFO - Sync 1 DAGs
[2026-02-06T14:32:41.620+0000] {logging_mixin.py:188} INFO - [2026-02-06T14:32:41.620+0000] {dag.py:3947} INFO - Setting next_dagrun for dag_snowflake_through_airflow to None, run_after=None
[2026-02-06T14:32:41.642+0000] {processor.py:183} INFO - Processing /home/cloud/codings/airflow/dags/dag_snowflake_through_airflow.py took 0.064 seconds
[2026-02-06T14:33:11.788+0000] {processor.py:161} INFO - Started process (PID=7141) to work on /home/cloud/codings/airflow/dags/dag_snowflake_through_airflow.py
[2026-02-06T14:33:11.789+0000] {processor.py:830} INFO - Processing file /home/cloud/codings/airflow/dags/dag_snowflake_through_airflow.py for tasks to queue
[2026-02-06T14:33:11.791+0000] {logging_mixin.py:188} INFO - [2026-02-06T14:33:11.790+0000] {dagbag.py:545} INFO - Filling up the DagBag from /home/cloud/codings/airflow/dags/dag_snowflake_through_airflow.py
[2026-02-06T14:33:11.799+0000] {processor.py:840} INFO - DAG(s) 'dag_snowflake_through_airflow' retrieved from /home/cloud/codings/airflow/dags/dag_snowflake_through_airflow.py
[2026-02-06T14:33:11.815+0000] {logging_mixin.py:188} INFO - [2026-02-06T14:33:11.815+0000] {dag.py:3089} INFO - Sync 1 DAGs
[2026-02-06T14:33:11.824+0000] {logging_mixin.py:188} INFO - [2026-02-06T14:33:11.824+0000] {dag.py:3947} INFO - Setting next_dagrun for dag_snowflake_through_airflow to None, run_after=None
[2026-02-06T14:33:11.846+0000] {processor.py:183} INFO - Processing /home/cloud/codings/airflow/dags/dag_snowflake_through_airflow.py took 0.063 seconds
