[2026-02-06T15:53:50.202+0000] {processor.py:161} INFO - Started process (PID=120413) to work on /home/cloud/codings/airflow/dags/list_s3_files_in_logs.py
[2026-02-06T15:53:50.203+0000] {processor.py:830} INFO - Processing file /home/cloud/codings/airflow/dags/list_s3_files_in_logs.py for tasks to queue
[2026-02-06T15:53:50.205+0000] {logging_mixin.py:188} INFO - [2026-02-06T15:53:50.204+0000] {dagbag.py:545} INFO - Filling up the DagBag from /home/cloud/codings/airflow/dags/list_s3_files_in_logs.py
[2026-02-06T15:53:50.224+0000] {processor.py:840} INFO - DAG(s) 'list_s3_files_in_logs' retrieved from /home/cloud/codings/airflow/dags/list_s3_files_in_logs.py
[2026-02-06T15:53:50.358+0000] {logging_mixin.py:188} INFO - [2026-02-06T15:53:50.356+0000] {override.py:1858} INFO - Created Permission View: can edit on DAG:list_s3_files_in_logs
[2026-02-06T15:53:50.371+0000] {logging_mixin.py:188} INFO - [2026-02-06T15:53:50.371+0000] {override.py:1858} INFO - Created Permission View: can read on DAG:list_s3_files_in_logs
[2026-02-06T15:53:50.382+0000] {logging_mixin.py:188} INFO - [2026-02-06T15:53:50.381+0000] {override.py:1858} INFO - Created Permission View: can delete on DAG:list_s3_files_in_logs
[2026-02-06T15:53:50.383+0000] {logging_mixin.py:188} INFO - [2026-02-06T15:53:50.382+0000] {dag.py:3089} INFO - Sync 1 DAGs
[2026-02-06T15:53:50.395+0000] {logging_mixin.py:188} INFO - [2026-02-06T15:53:50.394+0000] {dag.py:3111} INFO - Creating ORM DAG for list_s3_files_in_logs
[2026-02-06T15:53:50.395+0000] {logging_mixin.py:188} INFO - [2026-02-06T15:53:50.395+0000] {dag.py:3947} INFO - Setting next_dagrun for list_s3_files_in_logs to None, run_after=None
[2026-02-06T15:53:50.417+0000] {processor.py:183} INFO - Processing /home/cloud/codings/airflow/dags/list_s3_files_in_logs.py took 0.224 seconds
[2026-02-06T15:54:21.441+0000] {processor.py:161} INFO - Started process (PID=120489) to work on /home/cloud/codings/airflow/dags/list_s3_files_in_logs.py
[2026-02-06T15:54:21.442+0000] {processor.py:830} INFO - Processing file /home/cloud/codings/airflow/dags/list_s3_files_in_logs.py for tasks to queue
[2026-02-06T15:54:21.444+0000] {logging_mixin.py:188} INFO - [2026-02-06T15:54:21.443+0000] {dagbag.py:545} INFO - Filling up the DagBag from /home/cloud/codings/airflow/dags/list_s3_files_in_logs.py
[2026-02-06T15:54:21.457+0000] {processor.py:840} INFO - DAG(s) 'list_s3_files_in_logs' retrieved from /home/cloud/codings/airflow/dags/list_s3_files_in_logs.py
[2026-02-06T15:54:21.482+0000] {logging_mixin.py:188} INFO - [2026-02-06T15:54:21.481+0000] {dag.py:3089} INFO - Sync 1 DAGs
[2026-02-06T15:54:21.499+0000] {logging_mixin.py:188} INFO - [2026-02-06T15:54:21.499+0000] {dag.py:3947} INFO - Setting next_dagrun for list_s3_files_in_logs to None, run_after=None
[2026-02-06T15:54:21.527+0000] {processor.py:183} INFO - Processing /home/cloud/codings/airflow/dags/list_s3_files_in_logs.py took 0.093 seconds
[2026-02-06T15:54:51.888+0000] {processor.py:161} INFO - Started process (PID=120557) to work on /home/cloud/codings/airflow/dags/list_s3_files_in_logs.py
[2026-02-06T15:54:51.905+0000] {processor.py:830} INFO - Processing file /home/cloud/codings/airflow/dags/list_s3_files_in_logs.py for tasks to queue
[2026-02-06T15:54:51.906+0000] {logging_mixin.py:188} INFO - [2026-02-06T15:54:51.905+0000] {dagbag.py:545} INFO - Filling up the DagBag from /home/cloud/codings/airflow/dags/list_s3_files_in_logs.py
[2026-02-06T15:54:51.919+0000] {processor.py:840} INFO - DAG(s) 'list_s3_files_in_logs' retrieved from /home/cloud/codings/airflow/dags/list_s3_files_in_logs.py
[2026-02-06T15:54:51.944+0000] {logging_mixin.py:188} INFO - [2026-02-06T15:54:51.944+0000] {dag.py:3089} INFO - Sync 1 DAGs
[2026-02-06T15:54:51.962+0000] {logging_mixin.py:188} INFO - [2026-02-06T15:54:51.962+0000] {dag.py:3947} INFO - Setting next_dagrun for list_s3_files_in_logs to None, run_after=None
[2026-02-06T15:54:51.990+0000] {processor.py:183} INFO - Processing /home/cloud/codings/airflow/dags/list_s3_files_in_logs.py took 0.110 seconds
[2026-02-06T15:55:22.275+0000] {processor.py:161} INFO - Started process (PID=120628) to work on /home/cloud/codings/airflow/dags/list_s3_files_in_logs.py
[2026-02-06T15:55:22.277+0000] {processor.py:830} INFO - Processing file /home/cloud/codings/airflow/dags/list_s3_files_in_logs.py for tasks to queue
[2026-02-06T15:55:22.278+0000] {logging_mixin.py:188} INFO - [2026-02-06T15:55:22.277+0000] {dagbag.py:545} INFO - Filling up the DagBag from /home/cloud/codings/airflow/dags/list_s3_files_in_logs.py
[2026-02-06T15:55:22.290+0000] {processor.py:840} INFO - DAG(s) 'list_s3_files_in_logs' retrieved from /home/cloud/codings/airflow/dags/list_s3_files_in_logs.py
[2026-02-06T15:55:22.310+0000] {logging_mixin.py:188} INFO - [2026-02-06T15:55:22.310+0000] {dag.py:3089} INFO - Sync 1 DAGs
[2026-02-06T15:55:22.324+0000] {logging_mixin.py:188} INFO - [2026-02-06T15:55:22.324+0000] {dag.py:3947} INFO - Setting next_dagrun for list_s3_files_in_logs to None, run_after=None
[2026-02-06T15:55:22.348+0000] {processor.py:183} INFO - Processing /home/cloud/codings/airflow/dags/list_s3_files_in_logs.py took 0.079 seconds
[2026-02-06T15:55:52.586+0000] {processor.py:161} INFO - Started process (PID=120694) to work on /home/cloud/codings/airflow/dags/list_s3_files_in_logs.py
[2026-02-06T15:55:52.596+0000] {processor.py:830} INFO - Processing file /home/cloud/codings/airflow/dags/list_s3_files_in_logs.py for tasks to queue
[2026-02-06T15:55:52.597+0000] {logging_mixin.py:188} INFO - [2026-02-06T15:55:52.596+0000] {dagbag.py:545} INFO - Filling up the DagBag from /home/cloud/codings/airflow/dags/list_s3_files_in_logs.py
[2026-02-06T15:55:52.611+0000] {processor.py:840} INFO - DAG(s) 'list_s3_files_in_logs' retrieved from /home/cloud/codings/airflow/dags/list_s3_files_in_logs.py
[2026-02-06T15:55:52.636+0000] {logging_mixin.py:188} INFO - [2026-02-06T15:55:52.636+0000] {dag.py:3089} INFO - Sync 1 DAGs
[2026-02-06T15:55:52.654+0000] {logging_mixin.py:188} INFO - [2026-02-06T15:55:52.653+0000] {dag.py:3947} INFO - Setting next_dagrun for list_s3_files_in_logs to None, run_after=None
[2026-02-06T15:55:52.684+0000] {processor.py:183} INFO - Processing /home/cloud/codings/airflow/dags/list_s3_files_in_logs.py took 0.107 seconds
[2026-02-06T15:56:23.562+0000] {processor.py:161} INFO - Started process (PID=120758) to work on /home/cloud/codings/airflow/dags/list_s3_files_in_logs.py
[2026-02-06T15:56:23.563+0000] {processor.py:830} INFO - Processing file /home/cloud/codings/airflow/dags/list_s3_files_in_logs.py for tasks to queue
[2026-02-06T15:56:23.564+0000] {logging_mixin.py:188} INFO - [2026-02-06T15:56:23.564+0000] {dagbag.py:545} INFO - Filling up the DagBag from /home/cloud/codings/airflow/dags/list_s3_files_in_logs.py
[2026-02-06T15:56:23.577+0000] {processor.py:840} INFO - DAG(s) 'list_s3_files_in_logs' retrieved from /home/cloud/codings/airflow/dags/list_s3_files_in_logs.py
[2026-02-06T15:56:23.598+0000] {logging_mixin.py:188} INFO - [2026-02-06T15:56:23.598+0000] {dag.py:3089} INFO - Sync 1 DAGs
[2026-02-06T15:56:23.612+0000] {logging_mixin.py:188} INFO - [2026-02-06T15:56:23.612+0000] {dag.py:3947} INFO - Setting next_dagrun for list_s3_files_in_logs to None, run_after=None
[2026-02-06T15:56:23.638+0000] {processor.py:183} INFO - Processing /home/cloud/codings/airflow/dags/list_s3_files_in_logs.py took 0.082 seconds
[2026-02-06T15:56:54.486+0000] {processor.py:161} INFO - Started process (PID=120828) to work on /home/cloud/codings/airflow/dags/list_s3_files_in_logs.py
[2026-02-06T15:56:54.488+0000] {processor.py:830} INFO - Processing file /home/cloud/codings/airflow/dags/list_s3_files_in_logs.py for tasks to queue
[2026-02-06T15:56:54.489+0000] {logging_mixin.py:188} INFO - [2026-02-06T15:56:54.489+0000] {dagbag.py:545} INFO - Filling up the DagBag from /home/cloud/codings/airflow/dags/list_s3_files_in_logs.py
[2026-02-06T15:56:54.504+0000] {processor.py:840} INFO - DAG(s) 'list_s3_files_in_logs' retrieved from /home/cloud/codings/airflow/dags/list_s3_files_in_logs.py
[2026-02-06T15:56:54.530+0000] {logging_mixin.py:188} INFO - [2026-02-06T15:56:54.530+0000] {dag.py:3089} INFO - Sync 1 DAGs
[2026-02-06T15:56:54.551+0000] {logging_mixin.py:188} INFO - [2026-02-06T15:56:54.551+0000] {dag.py:3947} INFO - Setting next_dagrun for list_s3_files_in_logs to None, run_after=None
[2026-02-06T15:56:54.585+0000] {processor.py:183} INFO - Processing /home/cloud/codings/airflow/dags/list_s3_files_in_logs.py took 0.109 seconds
[2026-02-06T15:57:25.446+0000] {processor.py:161} INFO - Started process (PID=120899) to work on /home/cloud/codings/airflow/dags/list_s3_files_in_logs.py
[2026-02-06T15:57:25.447+0000] {processor.py:830} INFO - Processing file /home/cloud/codings/airflow/dags/list_s3_files_in_logs.py for tasks to queue
[2026-02-06T15:57:25.448+0000] {logging_mixin.py:188} INFO - [2026-02-06T15:57:25.448+0000] {dagbag.py:545} INFO - Filling up the DagBag from /home/cloud/codings/airflow/dags/list_s3_files_in_logs.py
[2026-02-06T15:57:25.461+0000] {processor.py:840} INFO - DAG(s) 'list_s3_files_in_logs' retrieved from /home/cloud/codings/airflow/dags/list_s3_files_in_logs.py
[2026-02-06T15:57:25.487+0000] {logging_mixin.py:188} INFO - [2026-02-06T15:57:25.487+0000] {dag.py:3089} INFO - Sync 1 DAGs
[2026-02-06T15:57:25.505+0000] {logging_mixin.py:188} INFO - [2026-02-06T15:57:25.505+0000] {dag.py:3947} INFO - Setting next_dagrun for list_s3_files_in_logs to None, run_after=None
[2026-02-06T15:57:25.536+0000] {processor.py:183} INFO - Processing /home/cloud/codings/airflow/dags/list_s3_files_in_logs.py took 0.097 seconds
[2026-02-06T15:57:56.625+0000] {processor.py:161} INFO - Started process (PID=120973) to work on /home/cloud/codings/airflow/dags/list_s3_files_in_logs.py
[2026-02-06T15:57:56.653+0000] {processor.py:830} INFO - Processing file /home/cloud/codings/airflow/dags/list_s3_files_in_logs.py for tasks to queue
[2026-02-06T15:57:56.655+0000] {logging_mixin.py:188} INFO - [2026-02-06T15:57:56.654+0000] {dagbag.py:545} INFO - Filling up the DagBag from /home/cloud/codings/airflow/dags/list_s3_files_in_logs.py
[2026-02-06T15:57:56.668+0000] {processor.py:840} INFO - DAG(s) 'list_s3_files_in_logs' retrieved from /home/cloud/codings/airflow/dags/list_s3_files_in_logs.py
[2026-02-06T15:57:56.699+0000] {logging_mixin.py:188} INFO - [2026-02-06T15:57:56.698+0000] {dag.py:3089} INFO - Sync 1 DAGs
[2026-02-06T15:57:56.718+0000] {logging_mixin.py:188} INFO - [2026-02-06T15:57:56.718+0000] {dag.py:3947} INFO - Setting next_dagrun for list_s3_files_in_logs to None, run_after=None
[2026-02-06T15:57:56.749+0000] {processor.py:183} INFO - Processing /home/cloud/codings/airflow/dags/list_s3_files_in_logs.py took 0.131 seconds
[2026-02-06T15:58:27.606+0000] {processor.py:161} INFO - Started process (PID=121043) to work on /home/cloud/codings/airflow/dags/list_s3_files_in_logs.py
[2026-02-06T15:58:27.609+0000] {processor.py:830} INFO - Processing file /home/cloud/codings/airflow/dags/list_s3_files_in_logs.py for tasks to queue
[2026-02-06T15:58:27.610+0000] {logging_mixin.py:188} INFO - [2026-02-06T15:58:27.609+0000] {dagbag.py:545} INFO - Filling up the DagBag from /home/cloud/codings/airflow/dags/list_s3_files_in_logs.py
[2026-02-06T15:58:27.625+0000] {processor.py:840} INFO - DAG(s) 'list_s3_files_in_logs' retrieved from /home/cloud/codings/airflow/dags/list_s3_files_in_logs.py
[2026-02-06T15:58:27.654+0000] {logging_mixin.py:188} INFO - [2026-02-06T15:58:27.654+0000] {dag.py:3089} INFO - Sync 1 DAGs
[2026-02-06T15:58:27.674+0000] {logging_mixin.py:188} INFO - [2026-02-06T15:58:27.673+0000] {dag.py:3947} INFO - Setting next_dagrun for list_s3_files_in_logs to None, run_after=None
[2026-02-06T15:58:27.707+0000] {processor.py:183} INFO - Processing /home/cloud/codings/airflow/dags/list_s3_files_in_logs.py took 0.108 seconds
[2026-02-06T15:58:58.587+0000] {processor.py:161} INFO - Started process (PID=121117) to work on /home/cloud/codings/airflow/dags/list_s3_files_in_logs.py
[2026-02-06T15:58:58.589+0000] {processor.py:830} INFO - Processing file /home/cloud/codings/airflow/dags/list_s3_files_in_logs.py for tasks to queue
[2026-02-06T15:58:58.590+0000] {logging_mixin.py:188} INFO - [2026-02-06T15:58:58.589+0000] {dagbag.py:545} INFO - Filling up the DagBag from /home/cloud/codings/airflow/dags/list_s3_files_in_logs.py
[2026-02-06T15:58:58.603+0000] {processor.py:840} INFO - DAG(s) 'list_s3_files_in_logs' retrieved from /home/cloud/codings/airflow/dags/list_s3_files_in_logs.py
[2026-02-06T15:58:58.630+0000] {logging_mixin.py:188} INFO - [2026-02-06T15:58:58.629+0000] {dag.py:3089} INFO - Sync 1 DAGs
[2026-02-06T15:58:58.650+0000] {logging_mixin.py:188} INFO - [2026-02-06T15:58:58.649+0000] {dag.py:3947} INFO - Setting next_dagrun for list_s3_files_in_logs to None, run_after=None
[2026-02-06T15:58:58.679+0000] {processor.py:183} INFO - Processing /home/cloud/codings/airflow/dags/list_s3_files_in_logs.py took 0.101 seconds
[2026-02-06T15:59:29.099+0000] {processor.py:161} INFO - Started process (PID=121189) to work on /home/cloud/codings/airflow/dags/list_s3_files_in_logs.py
[2026-02-06T15:59:29.101+0000] {processor.py:830} INFO - Processing file /home/cloud/codings/airflow/dags/list_s3_files_in_logs.py for tasks to queue
[2026-02-06T15:59:29.103+0000] {logging_mixin.py:188} INFO - [2026-02-06T15:59:29.102+0000] {dagbag.py:545} INFO - Filling up the DagBag from /home/cloud/codings/airflow/dags/list_s3_files_in_logs.py
[2026-02-06T15:59:29.132+0000] {processor.py:840} INFO - DAG(s) 'list_s3_files_in_logs' retrieved from /home/cloud/codings/airflow/dags/list_s3_files_in_logs.py
[2026-02-06T15:59:29.178+0000] {logging_mixin.py:188} INFO - [2026-02-06T15:59:29.177+0000] {dag.py:3089} INFO - Sync 1 DAGs
[2026-02-06T15:59:29.202+0000] {logging_mixin.py:188} INFO - [2026-02-06T15:59:29.202+0000] {dag.py:3947} INFO - Setting next_dagrun for list_s3_files_in_logs to None, run_after=None
[2026-02-06T15:59:29.254+0000] {processor.py:183} INFO - Processing /home/cloud/codings/airflow/dags/list_s3_files_in_logs.py took 0.170 seconds
[2026-02-06T15:59:59.531+0000] {processor.py:161} INFO - Started process (PID=121257) to work on /home/cloud/codings/airflow/dags/list_s3_files_in_logs.py
[2026-02-06T15:59:59.532+0000] {processor.py:830} INFO - Processing file /home/cloud/codings/airflow/dags/list_s3_files_in_logs.py for tasks to queue
[2026-02-06T15:59:59.533+0000] {logging_mixin.py:188} INFO - [2026-02-06T15:59:59.532+0000] {dagbag.py:545} INFO - Filling up the DagBag from /home/cloud/codings/airflow/dags/list_s3_files_in_logs.py
[2026-02-06T15:59:59.544+0000] {processor.py:840} INFO - DAG(s) 'list_s3_files_in_logs' retrieved from /home/cloud/codings/airflow/dags/list_s3_files_in_logs.py
[2026-02-06T15:59:59.566+0000] {logging_mixin.py:188} INFO - [2026-02-06T15:59:59.566+0000] {dag.py:3089} INFO - Sync 1 DAGs
[2026-02-06T15:59:59.586+0000] {logging_mixin.py:188} INFO - [2026-02-06T15:59:59.585+0000] {dag.py:3947} INFO - Setting next_dagrun for list_s3_files_in_logs to None, run_after=None
[2026-02-06T15:59:59.612+0000] {processor.py:183} INFO - Processing /home/cloud/codings/airflow/dags/list_s3_files_in_logs.py took 0.088 seconds
[2026-02-06T16:00:29.698+0000] {processor.py:161} INFO - Started process (PID=121325) to work on /home/cloud/codings/airflow/dags/list_s3_files_in_logs.py
[2026-02-06T16:00:29.699+0000] {processor.py:830} INFO - Processing file /home/cloud/codings/airflow/dags/list_s3_files_in_logs.py for tasks to queue
[2026-02-06T16:00:29.701+0000] {logging_mixin.py:188} INFO - [2026-02-06T16:00:29.700+0000] {dagbag.py:545} INFO - Filling up the DagBag from /home/cloud/codings/airflow/dags/list_s3_files_in_logs.py
[2026-02-06T16:00:29.713+0000] {processor.py:840} INFO - DAG(s) 'list_s3_files_in_logs' retrieved from /home/cloud/codings/airflow/dags/list_s3_files_in_logs.py
[2026-02-06T16:00:29.746+0000] {logging_mixin.py:188} INFO - [2026-02-06T16:00:29.746+0000] {dag.py:3089} INFO - Sync 1 DAGs
[2026-02-06T16:00:29.763+0000] {logging_mixin.py:188} INFO - [2026-02-06T16:00:29.762+0000] {dag.py:3947} INFO - Setting next_dagrun for list_s3_files_in_logs to None, run_after=None
[2026-02-06T16:00:29.790+0000] {processor.py:183} INFO - Processing /home/cloud/codings/airflow/dags/list_s3_files_in_logs.py took 0.099 seconds
[2026-02-06T16:01:00.110+0000] {processor.py:161} INFO - Started process (PID=121393) to work on /home/cloud/codings/airflow/dags/list_s3_files_in_logs.py
[2026-02-06T16:01:00.131+0000] {processor.py:830} INFO - Processing file /home/cloud/codings/airflow/dags/list_s3_files_in_logs.py for tasks to queue
[2026-02-06T16:01:00.132+0000] {logging_mixin.py:188} INFO - [2026-02-06T16:01:00.132+0000] {dagbag.py:545} INFO - Filling up the DagBag from /home/cloud/codings/airflow/dags/list_s3_files_in_logs.py
[2026-02-06T16:01:00.146+0000] {processor.py:840} INFO - DAG(s) 'list_s3_files_in_logs' retrieved from /home/cloud/codings/airflow/dags/list_s3_files_in_logs.py
[2026-02-06T16:01:00.170+0000] {logging_mixin.py:188} INFO - [2026-02-06T16:01:00.169+0000] {dag.py:3089} INFO - Sync 1 DAGs
[2026-02-06T16:01:00.186+0000] {logging_mixin.py:188} INFO - [2026-02-06T16:01:00.185+0000] {dag.py:3947} INFO - Setting next_dagrun for list_s3_files_in_logs to None, run_after=None
[2026-02-06T16:01:00.216+0000] {processor.py:183} INFO - Processing /home/cloud/codings/airflow/dags/list_s3_files_in_logs.py took 0.114 seconds
[2026-02-06T16:01:30.386+0000] {processor.py:161} INFO - Started process (PID=121456) to work on /home/cloud/codings/airflow/dags/list_s3_files_in_logs.py
[2026-02-06T16:01:30.389+0000] {processor.py:830} INFO - Processing file /home/cloud/codings/airflow/dags/list_s3_files_in_logs.py for tasks to queue
[2026-02-06T16:01:30.392+0000] {logging_mixin.py:188} INFO - [2026-02-06T16:01:30.391+0000] {dagbag.py:545} INFO - Filling up the DagBag from /home/cloud/codings/airflow/dags/list_s3_files_in_logs.py
[2026-02-06T16:01:30.407+0000] {processor.py:840} INFO - DAG(s) 'list_s3_files_in_logs' retrieved from /home/cloud/codings/airflow/dags/list_s3_files_in_logs.py
[2026-02-06T16:01:30.427+0000] {logging_mixin.py:188} INFO - [2026-02-06T16:01:30.426+0000] {dag.py:3089} INFO - Sync 1 DAGs
[2026-02-06T16:01:30.439+0000] {logging_mixin.py:188} INFO - [2026-02-06T16:01:30.439+0000] {dag.py:3947} INFO - Setting next_dagrun for list_s3_files_in_logs to None, run_after=None
[2026-02-06T16:01:30.462+0000] {processor.py:183} INFO - Processing /home/cloud/codings/airflow/dags/list_s3_files_in_logs.py took 0.095 seconds
[2026-02-06T16:02:01.266+0000] {processor.py:161} INFO - Started process (PID=121522) to work on /home/cloud/codings/airflow/dags/list_s3_files_in_logs.py
[2026-02-06T16:02:01.283+0000] {processor.py:830} INFO - Processing file /home/cloud/codings/airflow/dags/list_s3_files_in_logs.py for tasks to queue
[2026-02-06T16:02:01.286+0000] {logging_mixin.py:188} INFO - [2026-02-06T16:02:01.285+0000] {dagbag.py:545} INFO - Filling up the DagBag from /home/cloud/codings/airflow/dags/list_s3_files_in_logs.py
[2026-02-06T16:02:01.310+0000] {processor.py:840} INFO - DAG(s) 'list_s3_files_in_logs' retrieved from /home/cloud/codings/airflow/dags/list_s3_files_in_logs.py
[2026-02-06T16:02:01.342+0000] {logging_mixin.py:188} INFO - [2026-02-06T16:02:01.342+0000] {dag.py:3089} INFO - Sync 1 DAGs
[2026-02-06T16:02:01.359+0000] {logging_mixin.py:188} INFO - [2026-02-06T16:02:01.359+0000] {dag.py:3947} INFO - Setting next_dagrun for list_s3_files_in_logs to None, run_after=None
[2026-02-06T16:02:01.385+0000] {processor.py:183} INFO - Processing /home/cloud/codings/airflow/dags/list_s3_files_in_logs.py took 0.125 seconds
[2026-02-06T16:02:32.210+0000] {processor.py:161} INFO - Started process (PID=121596) to work on /home/cloud/codings/airflow/dags/list_s3_files_in_logs.py
[2026-02-06T16:02:32.211+0000] {processor.py:830} INFO - Processing file /home/cloud/codings/airflow/dags/list_s3_files_in_logs.py for tasks to queue
[2026-02-06T16:02:32.212+0000] {logging_mixin.py:188} INFO - [2026-02-06T16:02:32.212+0000] {dagbag.py:545} INFO - Filling up the DagBag from /home/cloud/codings/airflow/dags/list_s3_files_in_logs.py
[2026-02-06T16:02:32.223+0000] {processor.py:840} INFO - DAG(s) 'list_s3_files_in_logs' retrieved from /home/cloud/codings/airflow/dags/list_s3_files_in_logs.py
[2026-02-06T16:02:32.244+0000] {logging_mixin.py:188} INFO - [2026-02-06T16:02:32.243+0000] {dag.py:3089} INFO - Sync 1 DAGs
[2026-02-06T16:02:32.257+0000] {logging_mixin.py:188} INFO - [2026-02-06T16:02:32.257+0000] {dag.py:3947} INFO - Setting next_dagrun for list_s3_files_in_logs to None, run_after=None
[2026-02-06T16:02:32.282+0000] {processor.py:183} INFO - Processing /home/cloud/codings/airflow/dags/list_s3_files_in_logs.py took 0.078 seconds
[2026-02-06T16:03:03.164+0000] {processor.py:161} INFO - Started process (PID=121672) to work on /home/cloud/codings/airflow/dags/list_s3_files_in_logs.py
[2026-02-06T16:03:03.191+0000] {processor.py:830} INFO - Processing file /home/cloud/codings/airflow/dags/list_s3_files_in_logs.py for tasks to queue
[2026-02-06T16:03:03.192+0000] {logging_mixin.py:188} INFO - [2026-02-06T16:03:03.192+0000] {dagbag.py:545} INFO - Filling up the DagBag from /home/cloud/codings/airflow/dags/list_s3_files_in_logs.py
[2026-02-06T16:03:03.204+0000] {processor.py:840} INFO - DAG(s) 'list_s3_files_in_logs' retrieved from /home/cloud/codings/airflow/dags/list_s3_files_in_logs.py
[2026-02-06T16:03:03.226+0000] {logging_mixin.py:188} INFO - [2026-02-06T16:03:03.225+0000] {dag.py:3089} INFO - Sync 1 DAGs
[2026-02-06T16:03:03.244+0000] {logging_mixin.py:188} INFO - [2026-02-06T16:03:03.244+0000] {dag.py:3947} INFO - Setting next_dagrun for list_s3_files_in_logs to None, run_after=None
[2026-02-06T16:03:03.273+0000] {processor.py:183} INFO - Processing /home/cloud/codings/airflow/dags/list_s3_files_in_logs.py took 0.117 seconds
[2026-02-06T16:03:34.190+0000] {processor.py:161} INFO - Started process (PID=121740) to work on /home/cloud/codings/airflow/dags/list_s3_files_in_logs.py
[2026-02-06T16:03:34.209+0000] {processor.py:830} INFO - Processing file /home/cloud/codings/airflow/dags/list_s3_files_in_logs.py for tasks to queue
[2026-02-06T16:03:34.211+0000] {logging_mixin.py:188} INFO - [2026-02-06T16:03:34.210+0000] {dagbag.py:545} INFO - Filling up the DagBag from /home/cloud/codings/airflow/dags/list_s3_files_in_logs.py
[2026-02-06T16:03:34.238+0000] {processor.py:840} INFO - DAG(s) 'list_s3_files_in_logs' retrieved from /home/cloud/codings/airflow/dags/list_s3_files_in_logs.py
[2026-02-06T16:03:34.278+0000] {logging_mixin.py:188} INFO - [2026-02-06T16:03:34.277+0000] {dag.py:3089} INFO - Sync 1 DAGs
[2026-02-06T16:03:34.297+0000] {logging_mixin.py:188} INFO - [2026-02-06T16:03:34.296+0000] {dag.py:3947} INFO - Setting next_dagrun for list_s3_files_in_logs to None, run_after=None
[2026-02-06T16:03:34.319+0000] {processor.py:183} INFO - Processing /home/cloud/codings/airflow/dags/list_s3_files_in_logs.py took 0.142 seconds
[2026-02-06T16:04:05.141+0000] {processor.py:161} INFO - Started process (PID=121808) to work on /home/cloud/codings/airflow/dags/list_s3_files_in_logs.py
[2026-02-06T16:04:05.142+0000] {processor.py:830} INFO - Processing file /home/cloud/codings/airflow/dags/list_s3_files_in_logs.py for tasks to queue
[2026-02-06T16:04:05.143+0000] {logging_mixin.py:188} INFO - [2026-02-06T16:04:05.143+0000] {dagbag.py:545} INFO - Filling up the DagBag from /home/cloud/codings/airflow/dags/list_s3_files_in_logs.py
[2026-02-06T16:04:05.155+0000] {processor.py:840} INFO - DAG(s) 'list_s3_files_in_logs' retrieved from /home/cloud/codings/airflow/dags/list_s3_files_in_logs.py
[2026-02-06T16:04:05.176+0000] {logging_mixin.py:188} INFO - [2026-02-06T16:04:05.175+0000] {dag.py:3089} INFO - Sync 1 DAGs
[2026-02-06T16:04:05.191+0000] {logging_mixin.py:188} INFO - [2026-02-06T16:04:05.191+0000] {dag.py:3947} INFO - Setting next_dagrun for list_s3_files_in_logs to None, run_after=None
[2026-02-06T16:04:05.216+0000] {processor.py:183} INFO - Processing /home/cloud/codings/airflow/dags/list_s3_files_in_logs.py took 0.083 seconds
[2026-02-06T16:04:35.283+0000] {processor.py:161} INFO - Started process (PID=121878) to work on /home/cloud/codings/airflow/dags/list_s3_files_in_logs.py
[2026-02-06T16:04:35.300+0000] {processor.py:830} INFO - Processing file /home/cloud/codings/airflow/dags/list_s3_files_in_logs.py for tasks to queue
[2026-02-06T16:04:35.301+0000] {logging_mixin.py:188} INFO - [2026-02-06T16:04:35.301+0000] {dagbag.py:545} INFO - Filling up the DagBag from /home/cloud/codings/airflow/dags/list_s3_files_in_logs.py
[2026-02-06T16:04:35.314+0000] {processor.py:840} INFO - DAG(s) 'list_s3_files_in_logs' retrieved from /home/cloud/codings/airflow/dags/list_s3_files_in_logs.py
[2026-02-06T16:04:35.337+0000] {logging_mixin.py:188} INFO - [2026-02-06T16:04:35.336+0000] {dag.py:3089} INFO - Sync 1 DAGs
[2026-02-06T16:04:35.351+0000] {logging_mixin.py:188} INFO - [2026-02-06T16:04:35.350+0000] {dag.py:3947} INFO - Setting next_dagrun for list_s3_files_in_logs to None, run_after=None
[2026-02-06T16:04:35.374+0000] {processor.py:183} INFO - Processing /home/cloud/codings/airflow/dags/list_s3_files_in_logs.py took 0.101 seconds
[2026-02-06T16:05:06.441+0000] {processor.py:161} INFO - Started process (PID=121948) to work on /home/cloud/codings/airflow/dags/list_s3_files_in_logs.py
[2026-02-06T16:05:06.458+0000] {processor.py:830} INFO - Processing file /home/cloud/codings/airflow/dags/list_s3_files_in_logs.py for tasks to queue
[2026-02-06T16:05:06.459+0000] {logging_mixin.py:188} INFO - [2026-02-06T16:05:06.459+0000] {dagbag.py:545} INFO - Filling up the DagBag from /home/cloud/codings/airflow/dags/list_s3_files_in_logs.py
[2026-02-06T16:05:06.476+0000] {processor.py:840} INFO - DAG(s) 'list_s3_files_in_logs' retrieved from /home/cloud/codings/airflow/dags/list_s3_files_in_logs.py
[2026-02-06T16:05:06.503+0000] {logging_mixin.py:188} INFO - [2026-02-06T16:05:06.502+0000] {dag.py:3089} INFO - Sync 1 DAGs
[2026-02-06T16:05:06.523+0000] {logging_mixin.py:188} INFO - [2026-02-06T16:05:06.522+0000] {dag.py:3947} INFO - Setting next_dagrun for list_s3_files_in_logs to None, run_after=None
[2026-02-06T16:05:06.558+0000] {processor.py:183} INFO - Processing /home/cloud/codings/airflow/dags/list_s3_files_in_logs.py took 0.125 seconds
[2026-02-06T16:05:37.459+0000] {processor.py:161} INFO - Started process (PID=122018) to work on /home/cloud/codings/airflow/dags/list_s3_files_in_logs.py
[2026-02-06T16:05:37.462+0000] {processor.py:830} INFO - Processing file /home/cloud/codings/airflow/dags/list_s3_files_in_logs.py for tasks to queue
[2026-02-06T16:05:37.465+0000] {logging_mixin.py:188} INFO - [2026-02-06T16:05:37.464+0000] {dagbag.py:545} INFO - Filling up the DagBag from /home/cloud/codings/airflow/dags/list_s3_files_in_logs.py
[2026-02-06T16:05:37.500+0000] {processor.py:840} INFO - DAG(s) 'list_s3_files_in_logs' retrieved from /home/cloud/codings/airflow/dags/list_s3_files_in_logs.py
[2026-02-06T16:05:37.528+0000] {logging_mixin.py:188} INFO - [2026-02-06T16:05:37.527+0000] {dag.py:3089} INFO - Sync 1 DAGs
[2026-02-06T16:05:37.548+0000] {logging_mixin.py:188} INFO - [2026-02-06T16:05:37.547+0000] {dag.py:3947} INFO - Setting next_dagrun for list_s3_files_in_logs to None, run_after=None
[2026-02-06T16:05:37.571+0000] {processor.py:183} INFO - Processing /home/cloud/codings/airflow/dags/list_s3_files_in_logs.py took 0.132 seconds
[2026-02-06T16:06:07.704+0000] {processor.py:161} INFO - Started process (PID=122073) to work on /home/cloud/codings/airflow/dags/list_s3_files_in_logs.py
[2026-02-06T16:06:07.721+0000] {processor.py:830} INFO - Processing file /home/cloud/codings/airflow/dags/list_s3_files_in_logs.py for tasks to queue
[2026-02-06T16:06:07.722+0000] {logging_mixin.py:188} INFO - [2026-02-06T16:06:07.722+0000] {dagbag.py:545} INFO - Filling up the DagBag from /home/cloud/codings/airflow/dags/list_s3_files_in_logs.py
[2026-02-06T16:06:07.737+0000] {processor.py:840} INFO - DAG(s) 'list_s3_files_in_logs' retrieved from /home/cloud/codings/airflow/dags/list_s3_files_in_logs.py
[2026-02-06T16:06:07.766+0000] {logging_mixin.py:188} INFO - [2026-02-06T16:06:07.765+0000] {dag.py:3089} INFO - Sync 1 DAGs
[2026-02-06T16:06:07.785+0000] {logging_mixin.py:188} INFO - [2026-02-06T16:06:07.785+0000] {dag.py:3947} INFO - Setting next_dagrun for list_s3_files_in_logs to None, run_after=None
[2026-02-06T16:06:07.820+0000] {processor.py:183} INFO - Processing /home/cloud/codings/airflow/dags/list_s3_files_in_logs.py took 0.124 seconds
[2026-02-06T16:06:38.342+0000] {processor.py:161} INFO - Started process (PID=122142) to work on /home/cloud/codings/airflow/dags/list_s3_files_in_logs.py
[2026-02-06T16:06:38.343+0000] {processor.py:830} INFO - Processing file /home/cloud/codings/airflow/dags/list_s3_files_in_logs.py for tasks to queue
[2026-02-06T16:06:38.344+0000] {logging_mixin.py:188} INFO - [2026-02-06T16:06:38.344+0000] {dagbag.py:545} INFO - Filling up the DagBag from /home/cloud/codings/airflow/dags/list_s3_files_in_logs.py
[2026-02-06T16:06:38.356+0000] {processor.py:840} INFO - DAG(s) 'list_s3_files_in_logs' retrieved from /home/cloud/codings/airflow/dags/list_s3_files_in_logs.py
[2026-02-06T16:06:38.377+0000] {logging_mixin.py:188} INFO - [2026-02-06T16:06:38.377+0000] {dag.py:3089} INFO - Sync 1 DAGs
[2026-02-06T16:06:38.392+0000] {logging_mixin.py:188} INFO - [2026-02-06T16:06:38.392+0000] {dag.py:3947} INFO - Setting next_dagrun for list_s3_files_in_logs to None, run_after=None
[2026-02-06T16:06:38.416+0000] {processor.py:183} INFO - Processing /home/cloud/codings/airflow/dags/list_s3_files_in_logs.py took 0.081 seconds
[2026-02-06T16:07:08.964+0000] {processor.py:161} INFO - Started process (PID=122209) to work on /home/cloud/codings/airflow/dags/list_s3_files_in_logs.py
[2026-02-06T16:07:08.982+0000] {processor.py:830} INFO - Processing file /home/cloud/codings/airflow/dags/list_s3_files_in_logs.py for tasks to queue
[2026-02-06T16:07:08.984+0000] {logging_mixin.py:188} INFO - [2026-02-06T16:07:08.983+0000] {dagbag.py:545} INFO - Filling up the DagBag from /home/cloud/codings/airflow/dags/list_s3_files_in_logs.py
[2026-02-06T16:07:09.008+0000] {processor.py:840} INFO - DAG(s) 'list_s3_files_in_logs' retrieved from /home/cloud/codings/airflow/dags/list_s3_files_in_logs.py
[2026-02-06T16:07:09.051+0000] {logging_mixin.py:188} INFO - [2026-02-06T16:07:09.050+0000] {dag.py:3089} INFO - Sync 1 DAGs
[2026-02-06T16:07:09.083+0000] {logging_mixin.py:188} INFO - [2026-02-06T16:07:09.083+0000] {dag.py:3947} INFO - Setting next_dagrun for list_s3_files_in_logs to None, run_after=None
[2026-02-06T16:07:09.148+0000] {processor.py:183} INFO - Processing /home/cloud/codings/airflow/dags/list_s3_files_in_logs.py took 0.197 seconds
[2026-02-06T16:07:39.907+0000] {processor.py:161} INFO - Started process (PID=122277) to work on /home/cloud/codings/airflow/dags/list_s3_files_in_logs.py
[2026-02-06T16:07:39.909+0000] {processor.py:830} INFO - Processing file /home/cloud/codings/airflow/dags/list_s3_files_in_logs.py for tasks to queue
[2026-02-06T16:07:39.911+0000] {logging_mixin.py:188} INFO - [2026-02-06T16:07:39.910+0000] {dagbag.py:545} INFO - Filling up the DagBag from /home/cloud/codings/airflow/dags/list_s3_files_in_logs.py
[2026-02-06T16:07:39.925+0000] {processor.py:840} INFO - DAG(s) 'list_s3_files_in_logs' retrieved from /home/cloud/codings/airflow/dags/list_s3_files_in_logs.py
[2026-02-06T16:07:39.953+0000] {logging_mixin.py:188} INFO - [2026-02-06T16:07:39.952+0000] {dag.py:3089} INFO - Sync 1 DAGs
[2026-02-06T16:07:39.973+0000] {logging_mixin.py:188} INFO - [2026-02-06T16:07:39.972+0000] {dag.py:3947} INFO - Setting next_dagrun for list_s3_files_in_logs to None, run_after=None
[2026-02-06T16:07:40.004+0000] {processor.py:183} INFO - Processing /home/cloud/codings/airflow/dags/list_s3_files_in_logs.py took 0.106 seconds
[2026-02-06T16:08:11.183+0000] {processor.py:161} INFO - Started process (PID=122345) to work on /home/cloud/codings/airflow/dags/list_s3_files_in_logs.py
[2026-02-06T16:08:11.201+0000] {processor.py:830} INFO - Processing file /home/cloud/codings/airflow/dags/list_s3_files_in_logs.py for tasks to queue
[2026-02-06T16:08:11.204+0000] {logging_mixin.py:188} INFO - [2026-02-06T16:08:11.203+0000] {dagbag.py:545} INFO - Filling up the DagBag from /home/cloud/codings/airflow/dags/list_s3_files_in_logs.py
[2026-02-06T16:08:11.226+0000] {processor.py:840} INFO - DAG(s) 'list_s3_files_in_logs' retrieved from /home/cloud/codings/airflow/dags/list_s3_files_in_logs.py
[2026-02-06T16:08:11.270+0000] {logging_mixin.py:188} INFO - [2026-02-06T16:08:11.268+0000] {dag.py:3089} INFO - Sync 1 DAGs
[2026-02-06T16:08:11.294+0000] {logging_mixin.py:188} INFO - [2026-02-06T16:08:11.293+0000] {dag.py:3947} INFO - Setting next_dagrun for list_s3_files_in_logs to None, run_after=None
[2026-02-06T16:08:11.338+0000] {processor.py:183} INFO - Processing /home/cloud/codings/airflow/dags/list_s3_files_in_logs.py took 0.167 seconds
[2026-02-06T16:08:41.456+0000] {processor.py:161} INFO - Started process (PID=122416) to work on /home/cloud/codings/airflow/dags/list_s3_files_in_logs.py
[2026-02-06T16:08:41.473+0000] {processor.py:830} INFO - Processing file /home/cloud/codings/airflow/dags/list_s3_files_in_logs.py for tasks to queue
[2026-02-06T16:08:41.474+0000] {logging_mixin.py:188} INFO - [2026-02-06T16:08:41.474+0000] {dagbag.py:545} INFO - Filling up the DagBag from /home/cloud/codings/airflow/dags/list_s3_files_in_logs.py
[2026-02-06T16:08:41.489+0000] {processor.py:840} INFO - DAG(s) 'list_s3_files_in_logs' retrieved from /home/cloud/codings/airflow/dags/list_s3_files_in_logs.py
[2026-02-06T16:08:41.516+0000] {logging_mixin.py:188} INFO - [2026-02-06T16:08:41.515+0000] {dag.py:3089} INFO - Sync 1 DAGs
[2026-02-06T16:08:41.533+0000] {logging_mixin.py:188} INFO - [2026-02-06T16:08:41.532+0000] {dag.py:3947} INFO - Setting next_dagrun for list_s3_files_in_logs to None, run_after=None
[2026-02-06T16:08:41.563+0000] {processor.py:183} INFO - Processing /home/cloud/codings/airflow/dags/list_s3_files_in_logs.py took 0.115 seconds
[2026-02-06T16:09:12.358+0000] {processor.py:161} INFO - Started process (PID=122485) to work on /home/cloud/codings/airflow/dags/list_s3_files_in_logs.py
[2026-02-06T16:09:12.361+0000] {processor.py:830} INFO - Processing file /home/cloud/codings/airflow/dags/list_s3_files_in_logs.py for tasks to queue
[2026-02-06T16:09:12.364+0000] {logging_mixin.py:188} INFO - [2026-02-06T16:09:12.364+0000] {dagbag.py:545} INFO - Filling up the DagBag from /home/cloud/codings/airflow/dags/list_s3_files_in_logs.py
[2026-02-06T16:09:12.377+0000] {processor.py:840} INFO - DAG(s) 'list_s3_files_in_logs' retrieved from /home/cloud/codings/airflow/dags/list_s3_files_in_logs.py
[2026-02-06T16:09:12.409+0000] {logging_mixin.py:188} INFO - [2026-02-06T16:09:12.408+0000] {dag.py:3089} INFO - Sync 1 DAGs
[2026-02-06T16:09:12.434+0000] {logging_mixin.py:188} INFO - [2026-02-06T16:09:12.434+0000] {dag.py:3947} INFO - Setting next_dagrun for list_s3_files_in_logs to None, run_after=None
[2026-02-06T16:09:12.464+0000] {processor.py:183} INFO - Processing /home/cloud/codings/airflow/dags/list_s3_files_in_logs.py took 0.126 seconds
[2026-02-06T16:09:43.548+0000] {processor.py:161} INFO - Started process (PID=122553) to work on /home/cloud/codings/airflow/dags/list_s3_files_in_logs.py
[2026-02-06T16:09:43.550+0000] {processor.py:830} INFO - Processing file /home/cloud/codings/airflow/dags/list_s3_files_in_logs.py for tasks to queue
[2026-02-06T16:09:43.551+0000] {logging_mixin.py:188} INFO - [2026-02-06T16:09:43.551+0000] {dagbag.py:545} INFO - Filling up the DagBag from /home/cloud/codings/airflow/dags/list_s3_files_in_logs.py
[2026-02-06T16:09:43.565+0000] {processor.py:840} INFO - DAG(s) 'list_s3_files_in_logs' retrieved from /home/cloud/codings/airflow/dags/list_s3_files_in_logs.py
[2026-02-06T16:09:43.589+0000] {logging_mixin.py:188} INFO - [2026-02-06T16:09:43.589+0000] {dag.py:3089} INFO - Sync 1 DAGs
[2026-02-06T16:09:43.605+0000] {logging_mixin.py:188} INFO - [2026-02-06T16:09:43.605+0000] {dag.py:3947} INFO - Setting next_dagrun for list_s3_files_in_logs to None, run_after=None
[2026-02-06T16:09:43.635+0000] {processor.py:183} INFO - Processing /home/cloud/codings/airflow/dags/list_s3_files_in_logs.py took 0.093 seconds
[2026-02-06T16:10:13.843+0000] {processor.py:161} INFO - Started process (PID=122621) to work on /home/cloud/codings/airflow/dags/list_s3_files_in_logs.py
[2026-02-06T16:10:13.844+0000] {processor.py:830} INFO - Processing file /home/cloud/codings/airflow/dags/list_s3_files_in_logs.py for tasks to queue
[2026-02-06T16:10:13.846+0000] {logging_mixin.py:188} INFO - [2026-02-06T16:10:13.845+0000] {dagbag.py:545} INFO - Filling up the DagBag from /home/cloud/codings/airflow/dags/list_s3_files_in_logs.py
[2026-02-06T16:10:13.857+0000] {processor.py:840} INFO - DAG(s) 'list_s3_files_in_logs' retrieved from /home/cloud/codings/airflow/dags/list_s3_files_in_logs.py
[2026-02-06T16:10:13.880+0000] {logging_mixin.py:188} INFO - [2026-02-06T16:10:13.879+0000] {dag.py:3089} INFO - Sync 1 DAGs
[2026-02-06T16:10:13.894+0000] {logging_mixin.py:188} INFO - [2026-02-06T16:10:13.894+0000] {dag.py:3947} INFO - Setting next_dagrun for list_s3_files_in_logs to None, run_after=None
[2026-02-06T16:10:13.920+0000] {processor.py:183} INFO - Processing /home/cloud/codings/airflow/dags/list_s3_files_in_logs.py took 0.083 seconds
[2026-02-06T16:10:44.373+0000] {processor.py:161} INFO - Started process (PID=122683) to work on /home/cloud/codings/airflow/dags/list_s3_files_in_logs.py
[2026-02-06T16:10:44.392+0000] {processor.py:830} INFO - Processing file /home/cloud/codings/airflow/dags/list_s3_files_in_logs.py for tasks to queue
[2026-02-06T16:10:44.393+0000] {logging_mixin.py:188} INFO - [2026-02-06T16:10:44.393+0000] {dagbag.py:545} INFO - Filling up the DagBag from /home/cloud/codings/airflow/dags/list_s3_files_in_logs.py
[2026-02-06T16:10:44.407+0000] {processor.py:840} INFO - DAG(s) 'list_s3_files_in_logs' retrieved from /home/cloud/codings/airflow/dags/list_s3_files_in_logs.py
[2026-02-06T16:10:44.426+0000] {logging_mixin.py:188} INFO - [2026-02-06T16:10:44.426+0000] {dag.py:3089} INFO - Sync 1 DAGs
[2026-02-06T16:10:44.441+0000] {logging_mixin.py:188} INFO - [2026-02-06T16:10:44.440+0000] {dag.py:3947} INFO - Setting next_dagrun for list_s3_files_in_logs to None, run_after=None
[2026-02-06T16:10:44.471+0000] {processor.py:183} INFO - Processing /home/cloud/codings/airflow/dags/list_s3_files_in_logs.py took 0.118 seconds
[2026-02-06T16:11:15.419+0000] {processor.py:161} INFO - Started process (PID=122749) to work on /home/cloud/codings/airflow/dags/list_s3_files_in_logs.py
[2026-02-06T16:11:15.420+0000] {processor.py:830} INFO - Processing file /home/cloud/codings/airflow/dags/list_s3_files_in_logs.py for tasks to queue
[2026-02-06T16:11:15.422+0000] {logging_mixin.py:188} INFO - [2026-02-06T16:11:15.421+0000] {dagbag.py:545} INFO - Filling up the DagBag from /home/cloud/codings/airflow/dags/list_s3_files_in_logs.py
[2026-02-06T16:11:15.442+0000] {processor.py:840} INFO - DAG(s) 'list_s3_files_in_logs' retrieved from /home/cloud/codings/airflow/dags/list_s3_files_in_logs.py
[2026-02-06T16:11:15.479+0000] {logging_mixin.py:188} INFO - [2026-02-06T16:11:15.478+0000] {dag.py:3089} INFO - Sync 1 DAGs
[2026-02-06T16:11:15.503+0000] {logging_mixin.py:188} INFO - [2026-02-06T16:11:15.503+0000] {dag.py:3947} INFO - Setting next_dagrun for list_s3_files_in_logs to None, run_after=None
[2026-02-06T16:11:15.544+0000] {processor.py:183} INFO - Processing /home/cloud/codings/airflow/dags/list_s3_files_in_logs.py took 0.137 seconds
[2026-02-06T16:11:46.416+0000] {processor.py:161} INFO - Started process (PID=122811) to work on /home/cloud/codings/airflow/dags/list_s3_files_in_logs.py
[2026-02-06T16:11:46.445+0000] {processor.py:830} INFO - Processing file /home/cloud/codings/airflow/dags/list_s3_files_in_logs.py for tasks to queue
[2026-02-06T16:11:46.446+0000] {logging_mixin.py:188} INFO - [2026-02-06T16:11:46.446+0000] {dagbag.py:545} INFO - Filling up the DagBag from /home/cloud/codings/airflow/dags/list_s3_files_in_logs.py
[2026-02-06T16:11:46.464+0000] {processor.py:840} INFO - DAG(s) 'list_s3_files_in_logs' retrieved from /home/cloud/codings/airflow/dags/list_s3_files_in_logs.py
[2026-02-06T16:11:46.497+0000] {logging_mixin.py:188} INFO - [2026-02-06T16:11:46.496+0000] {dag.py:3089} INFO - Sync 1 DAGs
[2026-02-06T16:11:46.519+0000] {logging_mixin.py:188} INFO - [2026-02-06T16:11:46.518+0000] {dag.py:3947} INFO - Setting next_dagrun for list_s3_files_in_logs to None, run_after=None
[2026-02-06T16:11:46.551+0000] {processor.py:183} INFO - Processing /home/cloud/codings/airflow/dags/list_s3_files_in_logs.py took 0.146 seconds
[2026-02-06T16:12:17.470+0000] {processor.py:161} INFO - Started process (PID=122879) to work on /home/cloud/codings/airflow/dags/list_s3_files_in_logs.py
[2026-02-06T16:12:17.472+0000] {processor.py:830} INFO - Processing file /home/cloud/codings/airflow/dags/list_s3_files_in_logs.py for tasks to queue
[2026-02-06T16:12:17.474+0000] {logging_mixin.py:188} INFO - [2026-02-06T16:12:17.473+0000] {dagbag.py:545} INFO - Filling up the DagBag from /home/cloud/codings/airflow/dags/list_s3_files_in_logs.py
[2026-02-06T16:12:17.496+0000] {processor.py:840} INFO - DAG(s) 'list_s3_files_in_logs' retrieved from /home/cloud/codings/airflow/dags/list_s3_files_in_logs.py
[2026-02-06T16:12:17.540+0000] {logging_mixin.py:188} INFO - [2026-02-06T16:12:17.540+0000] {dag.py:3089} INFO - Sync 1 DAGs
[2026-02-06T16:12:17.578+0000] {logging_mixin.py:188} INFO - [2026-02-06T16:12:17.578+0000] {dag.py:3947} INFO - Setting next_dagrun for list_s3_files_in_logs to None, run_after=None
[2026-02-06T16:12:17.623+0000] {processor.py:183} INFO - Processing /home/cloud/codings/airflow/dags/list_s3_files_in_logs.py took 0.164 seconds
[2026-02-06T16:12:48.626+0000] {processor.py:161} INFO - Started process (PID=122948) to work on /home/cloud/codings/airflow/dags/list_s3_files_in_logs.py
[2026-02-06T16:12:48.644+0000] {processor.py:830} INFO - Processing file /home/cloud/codings/airflow/dags/list_s3_files_in_logs.py for tasks to queue
[2026-02-06T16:12:48.647+0000] {logging_mixin.py:188} INFO - [2026-02-06T16:12:48.646+0000] {dagbag.py:545} INFO - Filling up the DagBag from /home/cloud/codings/airflow/dags/list_s3_files_in_logs.py
[2026-02-06T16:12:48.677+0000] {processor.py:840} INFO - DAG(s) 'list_s3_files_in_logs' retrieved from /home/cloud/codings/airflow/dags/list_s3_files_in_logs.py
[2026-02-06T16:12:48.724+0000] {logging_mixin.py:188} INFO - [2026-02-06T16:12:48.723+0000] {dag.py:3089} INFO - Sync 1 DAGs
[2026-02-06T16:12:48.752+0000] {logging_mixin.py:188} INFO - [2026-02-06T16:12:48.752+0000] {dag.py:3947} INFO - Setting next_dagrun for list_s3_files_in_logs to None, run_after=None
[2026-02-06T16:12:48.806+0000] {processor.py:183} INFO - Processing /home/cloud/codings/airflow/dags/list_s3_files_in_logs.py took 0.197 seconds
[2026-02-06T16:13:19.810+0000] {processor.py:161} INFO - Started process (PID=123020) to work on /home/cloud/codings/airflow/dags/list_s3_files_in_logs.py
[2026-02-06T16:13:19.812+0000] {processor.py:830} INFO - Processing file /home/cloud/codings/airflow/dags/list_s3_files_in_logs.py for tasks to queue
[2026-02-06T16:13:19.813+0000] {logging_mixin.py:188} INFO - [2026-02-06T16:13:19.812+0000] {dagbag.py:545} INFO - Filling up the DagBag from /home/cloud/codings/airflow/dags/list_s3_files_in_logs.py
[2026-02-06T16:13:19.828+0000] {processor.py:840} INFO - DAG(s) 'list_s3_files_in_logs' retrieved from /home/cloud/codings/airflow/dags/list_s3_files_in_logs.py
[2026-02-06T16:13:19.861+0000] {logging_mixin.py:188} INFO - [2026-02-06T16:13:19.861+0000] {dag.py:3089} INFO - Sync 1 DAGs
[2026-02-06T16:13:19.882+0000] {logging_mixin.py:188} INFO - [2026-02-06T16:13:19.882+0000] {dag.py:3947} INFO - Setting next_dagrun for list_s3_files_in_logs to None, run_after=None
[2026-02-06T16:13:19.920+0000] {processor.py:183} INFO - Processing /home/cloud/codings/airflow/dags/list_s3_files_in_logs.py took 0.118 seconds
[2026-02-06T16:13:50.893+0000] {processor.py:161} INFO - Started process (PID=123082) to work on /home/cloud/codings/airflow/dags/list_s3_files_in_logs.py
[2026-02-06T16:13:50.894+0000] {processor.py:830} INFO - Processing file /home/cloud/codings/airflow/dags/list_s3_files_in_logs.py for tasks to queue
[2026-02-06T16:13:50.895+0000] {logging_mixin.py:188} INFO - [2026-02-06T16:13:50.895+0000] {dagbag.py:545} INFO - Filling up the DagBag from /home/cloud/codings/airflow/dags/list_s3_files_in_logs.py
[2026-02-06T16:13:50.907+0000] {processor.py:840} INFO - DAG(s) 'list_s3_files_in_logs' retrieved from /home/cloud/codings/airflow/dags/list_s3_files_in_logs.py
[2026-02-06T16:13:50.933+0000] {logging_mixin.py:188} INFO - [2026-02-06T16:13:50.933+0000] {dag.py:3089} INFO - Sync 1 DAGs
[2026-02-06T16:13:50.950+0000] {logging_mixin.py:188} INFO - [2026-02-06T16:13:50.950+0000] {dag.py:3947} INFO - Setting next_dagrun for list_s3_files_in_logs to None, run_after=None
[2026-02-06T16:13:50.979+0000] {processor.py:183} INFO - Processing /home/cloud/codings/airflow/dags/list_s3_files_in_logs.py took 0.092 seconds
[2026-02-06T16:14:21.926+0000] {processor.py:161} INFO - Started process (PID=123150) to work on /home/cloud/codings/airflow/dags/list_s3_files_in_logs.py
[2026-02-06T16:14:21.932+0000] {processor.py:830} INFO - Processing file /home/cloud/codings/airflow/dags/list_s3_files_in_logs.py for tasks to queue
[2026-02-06T16:14:21.934+0000] {logging_mixin.py:188} INFO - [2026-02-06T16:14:21.933+0000] {dagbag.py:545} INFO - Filling up the DagBag from /home/cloud/codings/airflow/dags/list_s3_files_in_logs.py
[2026-02-06T16:14:21.959+0000] {processor.py:840} INFO - DAG(s) 'list_s3_files_in_logs' retrieved from /home/cloud/codings/airflow/dags/list_s3_files_in_logs.py
[2026-02-06T16:14:22.011+0000] {logging_mixin.py:188} INFO - [2026-02-06T16:14:22.010+0000] {dag.py:3089} INFO - Sync 1 DAGs
[2026-02-06T16:14:22.053+0000] {logging_mixin.py:188} INFO - [2026-02-06T16:14:22.053+0000] {dag.py:3947} INFO - Setting next_dagrun for list_s3_files_in_logs to None, run_after=None
[2026-02-06T16:14:22.119+0000] {processor.py:183} INFO - Processing /home/cloud/codings/airflow/dags/list_s3_files_in_logs.py took 0.206 seconds
[2026-02-06T16:14:52.966+0000] {processor.py:161} INFO - Started process (PID=123220) to work on /home/cloud/codings/airflow/dags/list_s3_files_in_logs.py
[2026-02-06T16:14:52.967+0000] {processor.py:830} INFO - Processing file /home/cloud/codings/airflow/dags/list_s3_files_in_logs.py for tasks to queue
[2026-02-06T16:14:52.968+0000] {logging_mixin.py:188} INFO - [2026-02-06T16:14:52.968+0000] {dagbag.py:545} INFO - Filling up the DagBag from /home/cloud/codings/airflow/dags/list_s3_files_in_logs.py
[2026-02-06T16:14:52.984+0000] {processor.py:840} INFO - DAG(s) 'list_s3_files_in_logs' retrieved from /home/cloud/codings/airflow/dags/list_s3_files_in_logs.py
[2026-02-06T16:14:53.016+0000] {logging_mixin.py:188} INFO - [2026-02-06T16:14:53.016+0000] {dag.py:3089} INFO - Sync 1 DAGs
[2026-02-06T16:14:53.038+0000] {logging_mixin.py:188} INFO - [2026-02-06T16:14:53.038+0000] {dag.py:3947} INFO - Setting next_dagrun for list_s3_files_in_logs to None, run_after=None
[2026-02-06T16:14:53.075+0000] {processor.py:183} INFO - Processing /home/cloud/codings/airflow/dags/list_s3_files_in_logs.py took 0.117 seconds
[2026-02-06T16:15:23.957+0000] {processor.py:161} INFO - Started process (PID=123290) to work on /home/cloud/codings/airflow/dags/list_s3_files_in_logs.py
[2026-02-06T16:15:23.958+0000] {processor.py:830} INFO - Processing file /home/cloud/codings/airflow/dags/list_s3_files_in_logs.py for tasks to queue
[2026-02-06T16:15:23.959+0000] {logging_mixin.py:188} INFO - [2026-02-06T16:15:23.958+0000] {dagbag.py:545} INFO - Filling up the DagBag from /home/cloud/codings/airflow/dags/list_s3_files_in_logs.py
[2026-02-06T16:15:23.973+0000] {processor.py:840} INFO - DAG(s) 'list_s3_files_in_logs' retrieved from /home/cloud/codings/airflow/dags/list_s3_files_in_logs.py
[2026-02-06T16:15:24.001+0000] {logging_mixin.py:188} INFO - [2026-02-06T16:15:24.001+0000] {dag.py:3089} INFO - Sync 1 DAGs
[2026-02-06T16:15:24.021+0000] {logging_mixin.py:188} INFO - [2026-02-06T16:15:24.021+0000] {dag.py:3947} INFO - Setting next_dagrun for list_s3_files_in_logs to None, run_after=None
[2026-02-06T16:15:24.054+0000] {processor.py:183} INFO - Processing /home/cloud/codings/airflow/dags/list_s3_files_in_logs.py took 0.105 seconds
[2026-02-06T16:15:54.402+0000] {processor.py:161} INFO - Started process (PID=123357) to work on /home/cloud/codings/airflow/dags/list_s3_files_in_logs.py
[2026-02-06T16:15:54.420+0000] {processor.py:830} INFO - Processing file /home/cloud/codings/airflow/dags/list_s3_files_in_logs.py for tasks to queue
[2026-02-06T16:15:54.421+0000] {logging_mixin.py:188} INFO - [2026-02-06T16:15:54.420+0000] {dagbag.py:545} INFO - Filling up the DagBag from /home/cloud/codings/airflow/dags/list_s3_files_in_logs.py
[2026-02-06T16:15:54.437+0000] {processor.py:840} INFO - DAG(s) 'list_s3_files_in_logs' retrieved from /home/cloud/codings/airflow/dags/list_s3_files_in_logs.py
[2026-02-06T16:15:54.474+0000] {logging_mixin.py:188} INFO - [2026-02-06T16:15:54.473+0000] {dag.py:3089} INFO - Sync 1 DAGs
[2026-02-06T16:15:54.501+0000] {logging_mixin.py:188} INFO - [2026-02-06T16:15:54.501+0000] {dag.py:3947} INFO - Setting next_dagrun for list_s3_files_in_logs to None, run_after=None
[2026-02-06T16:15:54.544+0000] {processor.py:183} INFO - Processing /home/cloud/codings/airflow/dags/list_s3_files_in_logs.py took 0.150 seconds
[2026-02-06T16:16:24.834+0000] {processor.py:161} INFO - Started process (PID=123410) to work on /home/cloud/codings/airflow/dags/list_s3_files_in_logs.py
[2026-02-06T16:16:24.835+0000] {processor.py:830} INFO - Processing file /home/cloud/codings/airflow/dags/list_s3_files_in_logs.py for tasks to queue
[2026-02-06T16:16:24.837+0000] {logging_mixin.py:188} INFO - [2026-02-06T16:16:24.836+0000] {dagbag.py:545} INFO - Filling up the DagBag from /home/cloud/codings/airflow/dags/list_s3_files_in_logs.py
[2026-02-06T16:16:24.854+0000] {processor.py:840} INFO - DAG(s) 'list_s3_files_in_logs' retrieved from /home/cloud/codings/airflow/dags/list_s3_files_in_logs.py
[2026-02-06T16:16:24.886+0000] {logging_mixin.py:188} INFO - [2026-02-06T16:16:24.885+0000] {dag.py:3089} INFO - Sync 1 DAGs
[2026-02-06T16:16:24.911+0000] {logging_mixin.py:188} INFO - [2026-02-06T16:16:24.910+0000] {dag.py:3947} INFO - Setting next_dagrun for list_s3_files_in_logs to None, run_after=None
[2026-02-06T16:16:24.946+0000] {processor.py:183} INFO - Processing /home/cloud/codings/airflow/dags/list_s3_files_in_logs.py took 0.122 seconds
[2026-02-06T16:16:55.119+0000] {processor.py:161} INFO - Started process (PID=123479) to work on /home/cloud/codings/airflow/dags/list_s3_files_in_logs.py
[2026-02-06T16:16:55.136+0000] {processor.py:830} INFO - Processing file /home/cloud/codings/airflow/dags/list_s3_files_in_logs.py for tasks to queue
[2026-02-06T16:16:55.138+0000] {logging_mixin.py:188} INFO - [2026-02-06T16:16:55.137+0000] {dagbag.py:545} INFO - Filling up the DagBag from /home/cloud/codings/airflow/dags/list_s3_files_in_logs.py
[2026-02-06T16:16:55.154+0000] {processor.py:840} INFO - DAG(s) 'list_s3_files_in_logs' retrieved from /home/cloud/codings/airflow/dags/list_s3_files_in_logs.py
[2026-02-06T16:16:55.183+0000] {logging_mixin.py:188} INFO - [2026-02-06T16:16:55.183+0000] {dag.py:3089} INFO - Sync 1 DAGs
[2026-02-06T16:16:55.206+0000] {logging_mixin.py:188} INFO - [2026-02-06T16:16:55.206+0000] {dag.py:3947} INFO - Setting next_dagrun for list_s3_files_in_logs to None, run_after=None
[2026-02-06T16:16:55.241+0000] {processor.py:183} INFO - Processing /home/cloud/codings/airflow/dags/list_s3_files_in_logs.py took 0.131 seconds
[2026-02-06T16:17:26.256+0000] {processor.py:161} INFO - Started process (PID=123550) to work on /home/cloud/codings/airflow/dags/list_s3_files_in_logs.py
[2026-02-06T16:17:26.273+0000] {processor.py:830} INFO - Processing file /home/cloud/codings/airflow/dags/list_s3_files_in_logs.py for tasks to queue
[2026-02-06T16:17:26.274+0000] {logging_mixin.py:188} INFO - [2026-02-06T16:17:26.274+0000] {dagbag.py:545} INFO - Filling up the DagBag from /home/cloud/codings/airflow/dags/list_s3_files_in_logs.py
[2026-02-06T16:17:26.290+0000] {processor.py:840} INFO - DAG(s) 'list_s3_files_in_logs' retrieved from /home/cloud/codings/airflow/dags/list_s3_files_in_logs.py
[2026-02-06T16:17:26.316+0000] {logging_mixin.py:188} INFO - [2026-02-06T16:17:26.316+0000] {dag.py:3089} INFO - Sync 1 DAGs
[2026-02-06T16:17:26.336+0000] {logging_mixin.py:188} INFO - [2026-02-06T16:17:26.336+0000] {dag.py:3947} INFO - Setting next_dagrun for list_s3_files_in_logs to None, run_after=None
[2026-02-06T16:17:26.368+0000] {processor.py:183} INFO - Processing /home/cloud/codings/airflow/dags/list_s3_files_in_logs.py took 0.121 seconds
[2026-02-06T16:17:57.514+0000] {processor.py:161} INFO - Started process (PID=123612) to work on /home/cloud/codings/airflow/dags/list_s3_files_in_logs.py
[2026-02-06T16:17:57.532+0000] {processor.py:830} INFO - Processing file /home/cloud/codings/airflow/dags/list_s3_files_in_logs.py for tasks to queue
[2026-02-06T16:17:57.533+0000] {logging_mixin.py:188} INFO - [2026-02-06T16:17:57.532+0000] {dagbag.py:545} INFO - Filling up the DagBag from /home/cloud/codings/airflow/dags/list_s3_files_in_logs.py
[2026-02-06T16:17:57.549+0000] {processor.py:840} INFO - DAG(s) 'list_s3_files_in_logs' retrieved from /home/cloud/codings/airflow/dags/list_s3_files_in_logs.py
[2026-02-06T16:17:57.580+0000] {logging_mixin.py:188} INFO - [2026-02-06T16:17:57.579+0000] {dag.py:3089} INFO - Sync 1 DAGs
[2026-02-06T16:17:57.602+0000] {logging_mixin.py:188} INFO - [2026-02-06T16:17:57.602+0000] {dag.py:3947} INFO - Setting next_dagrun for list_s3_files_in_logs to None, run_after=None
[2026-02-06T16:17:57.639+0000] {processor.py:183} INFO - Processing /home/cloud/codings/airflow/dags/list_s3_files_in_logs.py took 0.133 seconds
[2026-02-06T16:18:27.862+0000] {processor.py:161} INFO - Started process (PID=123681) to work on /home/cloud/codings/airflow/dags/list_s3_files_in_logs.py
[2026-02-06T16:18:27.864+0000] {processor.py:830} INFO - Processing file /home/cloud/codings/airflow/dags/list_s3_files_in_logs.py for tasks to queue
[2026-02-06T16:18:27.867+0000] {logging_mixin.py:188} INFO - [2026-02-06T16:18:27.865+0000] {dagbag.py:545} INFO - Filling up the DagBag from /home/cloud/codings/airflow/dags/list_s3_files_in_logs.py
[2026-02-06T16:18:27.897+0000] {processor.py:840} INFO - DAG(s) 'list_s3_files_in_logs' retrieved from /home/cloud/codings/airflow/dags/list_s3_files_in_logs.py
[2026-02-06T16:18:27.946+0000] {logging_mixin.py:188} INFO - [2026-02-06T16:18:27.945+0000] {dag.py:3089} INFO - Sync 1 DAGs
[2026-02-06T16:18:27.976+0000] {logging_mixin.py:188} INFO - [2026-02-06T16:18:27.975+0000] {dag.py:3947} INFO - Setting next_dagrun for list_s3_files_in_logs to None, run_after=None
[2026-02-06T16:18:28.024+0000] {processor.py:183} INFO - Processing /home/cloud/codings/airflow/dags/list_s3_files_in_logs.py took 0.183 seconds
[2026-02-06T16:18:58.128+0000] {processor.py:161} INFO - Started process (PID=123747) to work on /home/cloud/codings/airflow/dags/list_s3_files_in_logs.py
[2026-02-06T16:18:58.129+0000] {processor.py:830} INFO - Processing file /home/cloud/codings/airflow/dags/list_s3_files_in_logs.py for tasks to queue
[2026-02-06T16:18:58.130+0000] {logging_mixin.py:188} INFO - [2026-02-06T16:18:58.130+0000] {dagbag.py:545} INFO - Filling up the DagBag from /home/cloud/codings/airflow/dags/list_s3_files_in_logs.py
[2026-02-06T16:18:58.144+0000] {processor.py:840} INFO - DAG(s) 'list_s3_files_in_logs' retrieved from /home/cloud/codings/airflow/dags/list_s3_files_in_logs.py
[2026-02-06T16:18:58.167+0000] {logging_mixin.py:188} INFO - [2026-02-06T16:18:58.167+0000] {dag.py:3089} INFO - Sync 1 DAGs
[2026-02-06T16:18:58.185+0000] {logging_mixin.py:188} INFO - [2026-02-06T16:18:58.185+0000] {dag.py:3947} INFO - Setting next_dagrun for list_s3_files_in_logs to None, run_after=None
[2026-02-06T16:18:58.215+0000] {processor.py:183} INFO - Processing /home/cloud/codings/airflow/dags/list_s3_files_in_logs.py took 0.094 seconds
[2026-02-06T16:19:28.879+0000] {processor.py:161} INFO - Started process (PID=123817) to work on /home/cloud/codings/airflow/dags/list_s3_files_in_logs.py
[2026-02-06T16:19:28.881+0000] {processor.py:830} INFO - Processing file /home/cloud/codings/airflow/dags/list_s3_files_in_logs.py for tasks to queue
[2026-02-06T16:19:28.882+0000] {logging_mixin.py:188} INFO - [2026-02-06T16:19:28.881+0000] {dagbag.py:545} INFO - Filling up the DagBag from /home/cloud/codings/airflow/dags/list_s3_files_in_logs.py
[2026-02-06T16:19:28.895+0000] {processor.py:840} INFO - DAG(s) 'list_s3_files_in_logs' retrieved from /home/cloud/codings/airflow/dags/list_s3_files_in_logs.py
[2026-02-06T16:19:28.924+0000] {logging_mixin.py:188} INFO - [2026-02-06T16:19:28.924+0000] {dag.py:3089} INFO - Sync 1 DAGs
[2026-02-06T16:19:28.939+0000] {logging_mixin.py:188} INFO - [2026-02-06T16:19:28.939+0000] {dag.py:3947} INFO - Setting next_dagrun for list_s3_files_in_logs to None, run_after=None
[2026-02-06T16:19:28.962+0000] {processor.py:183} INFO - Processing /home/cloud/codings/airflow/dags/list_s3_files_in_logs.py took 0.091 seconds
[2026-02-06T16:19:59.121+0000] {processor.py:161} INFO - Started process (PID=123883) to work on /home/cloud/codings/airflow/dags/list_s3_files_in_logs.py
[2026-02-06T16:19:59.123+0000] {processor.py:830} INFO - Processing file /home/cloud/codings/airflow/dags/list_s3_files_in_logs.py for tasks to queue
[2026-02-06T16:19:59.124+0000] {logging_mixin.py:188} INFO - [2026-02-06T16:19:59.123+0000] {dagbag.py:545} INFO - Filling up the DagBag from /home/cloud/codings/airflow/dags/list_s3_files_in_logs.py
[2026-02-06T16:19:59.139+0000] {processor.py:840} INFO - DAG(s) 'list_s3_files_in_logs' retrieved from /home/cloud/codings/airflow/dags/list_s3_files_in_logs.py
[2026-02-06T16:19:59.166+0000] {logging_mixin.py:188} INFO - [2026-02-06T16:19:59.165+0000] {dag.py:3089} INFO - Sync 1 DAGs
[2026-02-06T16:19:59.187+0000] {logging_mixin.py:188} INFO - [2026-02-06T16:19:59.186+0000] {dag.py:3947} INFO - Setting next_dagrun for list_s3_files_in_logs to None, run_after=None
[2026-02-06T16:19:59.216+0000] {processor.py:183} INFO - Processing /home/cloud/codings/airflow/dags/list_s3_files_in_logs.py took 0.102 seconds
[2026-02-06T16:20:29.329+0000] {processor.py:161} INFO - Started process (PID=123945) to work on /home/cloud/codings/airflow/dags/list_s3_files_in_logs.py
[2026-02-06T16:20:29.354+0000] {processor.py:830} INFO - Processing file /home/cloud/codings/airflow/dags/list_s3_files_in_logs.py for tasks to queue
[2026-02-06T16:20:29.355+0000] {logging_mixin.py:188} INFO - [2026-02-06T16:20:29.354+0000] {dagbag.py:545} INFO - Filling up the DagBag from /home/cloud/codings/airflow/dags/list_s3_files_in_logs.py
[2026-02-06T16:20:29.369+0000] {processor.py:840} INFO - DAG(s) 'list_s3_files_in_logs' retrieved from /home/cloud/codings/airflow/dags/list_s3_files_in_logs.py
[2026-02-06T16:20:29.395+0000] {logging_mixin.py:188} INFO - [2026-02-06T16:20:29.395+0000] {dag.py:3089} INFO - Sync 1 DAGs
[2026-02-06T16:20:29.415+0000] {logging_mixin.py:188} INFO - [2026-02-06T16:20:29.414+0000] {dag.py:3947} INFO - Setting next_dagrun for list_s3_files_in_logs to None, run_after=None
[2026-02-06T16:20:29.447+0000] {processor.py:183} INFO - Processing /home/cloud/codings/airflow/dags/list_s3_files_in_logs.py took 0.125 seconds
[2026-02-06T16:20:59.567+0000] {processor.py:161} INFO - Started process (PID=124011) to work on /home/cloud/codings/airflow/dags/list_s3_files_in_logs.py
[2026-02-06T16:20:59.585+0000] {processor.py:830} INFO - Processing file /home/cloud/codings/airflow/dags/list_s3_files_in_logs.py for tasks to queue
[2026-02-06T16:20:59.586+0000] {logging_mixin.py:188} INFO - [2026-02-06T16:20:59.586+0000] {dagbag.py:545} INFO - Filling up the DagBag from /home/cloud/codings/airflow/dags/list_s3_files_in_logs.py
[2026-02-06T16:20:59.601+0000] {processor.py:840} INFO - DAG(s) 'list_s3_files_in_logs' retrieved from /home/cloud/codings/airflow/dags/list_s3_files_in_logs.py
[2026-02-06T16:20:59.630+0000] {logging_mixin.py:188} INFO - [2026-02-06T16:20:59.629+0000] {dag.py:3089} INFO - Sync 1 DAGs
[2026-02-06T16:20:59.651+0000] {logging_mixin.py:188} INFO - [2026-02-06T16:20:59.650+0000] {dag.py:3947} INFO - Setting next_dagrun for list_s3_files_in_logs to None, run_after=None
[2026-02-06T16:20:59.679+0000] {processor.py:183} INFO - Processing /home/cloud/codings/airflow/dags/list_s3_files_in_logs.py took 0.119 seconds
[2026-02-06T16:21:30.336+0000] {processor.py:161} INFO - Started process (PID=124069) to work on /home/cloud/codings/airflow/dags/list_s3_files_in_logs.py
[2026-02-06T16:21:30.337+0000] {processor.py:830} INFO - Processing file /home/cloud/codings/airflow/dags/list_s3_files_in_logs.py for tasks to queue
[2026-02-06T16:21:30.338+0000] {logging_mixin.py:188} INFO - [2026-02-06T16:21:30.338+0000] {dagbag.py:545} INFO - Filling up the DagBag from /home/cloud/codings/airflow/dags/list_s3_files_in_logs.py
[2026-02-06T16:21:30.350+0000] {processor.py:840} INFO - DAG(s) 'list_s3_files_in_logs' retrieved from /home/cloud/codings/airflow/dags/list_s3_files_in_logs.py
[2026-02-06T16:21:30.372+0000] {logging_mixin.py:188} INFO - [2026-02-06T16:21:30.371+0000] {dag.py:3089} INFO - Sync 1 DAGs
[2026-02-06T16:21:30.389+0000] {logging_mixin.py:188} INFO - [2026-02-06T16:21:30.389+0000] {dag.py:3947} INFO - Setting next_dagrun for list_s3_files_in_logs to None, run_after=None
[2026-02-06T16:21:30.419+0000] {processor.py:183} INFO - Processing /home/cloud/codings/airflow/dags/list_s3_files_in_logs.py took 0.089 seconds
[2026-02-06T16:22:00.589+0000] {processor.py:161} INFO - Started process (PID=124135) to work on /home/cloud/codings/airflow/dags/list_s3_files_in_logs.py
[2026-02-06T16:22:00.590+0000] {processor.py:830} INFO - Processing file /home/cloud/codings/airflow/dags/list_s3_files_in_logs.py for tasks to queue
[2026-02-06T16:22:00.592+0000] {logging_mixin.py:188} INFO - [2026-02-06T16:22:00.591+0000] {dagbag.py:545} INFO - Filling up the DagBag from /home/cloud/codings/airflow/dags/list_s3_files_in_logs.py
[2026-02-06T16:22:00.606+0000] {processor.py:840} INFO - DAG(s) 'list_s3_files_in_logs' retrieved from /home/cloud/codings/airflow/dags/list_s3_files_in_logs.py
[2026-02-06T16:22:00.631+0000] {logging_mixin.py:188} INFO - [2026-02-06T16:22:00.630+0000] {dag.py:3089} INFO - Sync 1 DAGs
[2026-02-06T16:22:00.649+0000] {logging_mixin.py:188} INFO - [2026-02-06T16:22:00.649+0000] {dag.py:3947} INFO - Setting next_dagrun for list_s3_files_in_logs to None, run_after=None
[2026-02-06T16:22:01.568+0000] {processor.py:183} INFO - Processing /home/cloud/codings/airflow/dags/list_s3_files_in_logs.py took 0.101 seconds
[2026-02-06T16:22:31.863+0000] {processor.py:161} INFO - Started process (PID=124199) to work on /home/cloud/codings/airflow/dags/list_s3_files_in_logs.py
[2026-02-06T16:22:31.865+0000] {processor.py:830} INFO - Processing file /home/cloud/codings/airflow/dags/list_s3_files_in_logs.py for tasks to queue
[2026-02-06T16:22:31.866+0000] {logging_mixin.py:188} INFO - [2026-02-06T16:22:31.865+0000] {dagbag.py:545} INFO - Filling up the DagBag from /home/cloud/codings/airflow/dags/list_s3_files_in_logs.py
[2026-02-06T16:22:31.878+0000] {processor.py:840} INFO - DAG(s) 'list_s3_files_in_logs' retrieved from /home/cloud/codings/airflow/dags/list_s3_files_in_logs.py
[2026-02-06T16:22:31.904+0000] {logging_mixin.py:188} INFO - [2026-02-06T16:22:31.903+0000] {dag.py:3089} INFO - Sync 1 DAGs
[2026-02-06T16:22:31.922+0000] {logging_mixin.py:188} INFO - [2026-02-06T16:22:31.922+0000] {dag.py:3947} INFO - Setting next_dagrun for list_s3_files_in_logs to None, run_after=None
[2026-02-06T16:22:31.953+0000] {processor.py:183} INFO - Processing /home/cloud/codings/airflow/dags/list_s3_files_in_logs.py took 0.097 seconds
[2026-02-06T16:23:03.082+0000] {processor.py:161} INFO - Started process (PID=124285) to work on /home/cloud/codings/airflow/dags/list_s3_files_in_logs.py
[2026-02-06T16:23:03.083+0000] {processor.py:830} INFO - Processing file /home/cloud/codings/airflow/dags/list_s3_files_in_logs.py for tasks to queue
[2026-02-06T16:23:03.084+0000] {logging_mixin.py:188} INFO - [2026-02-06T16:23:03.084+0000] {dagbag.py:545} INFO - Filling up the DagBag from /home/cloud/codings/airflow/dags/list_s3_files_in_logs.py
[2026-02-06T16:23:03.097+0000] {processor.py:840} INFO - DAG(s) 'list_s3_files_in_logs' retrieved from /home/cloud/codings/airflow/dags/list_s3_files_in_logs.py
[2026-02-06T16:23:03.121+0000] {logging_mixin.py:188} INFO - [2026-02-06T16:23:03.120+0000] {dag.py:3089} INFO - Sync 1 DAGs
[2026-02-06T16:23:03.139+0000] {logging_mixin.py:188} INFO - [2026-02-06T16:23:03.139+0000] {dag.py:3947} INFO - Setting next_dagrun for list_s3_files_in_logs to None, run_after=None
[2026-02-06T16:23:03.168+0000] {processor.py:183} INFO - Processing /home/cloud/codings/airflow/dags/list_s3_files_in_logs.py took 0.093 seconds
[2026-02-06T16:23:33.308+0000] {processor.py:161} INFO - Started process (PID=124349) to work on /home/cloud/codings/airflow/dags/list_s3_files_in_logs.py
[2026-02-06T16:23:33.326+0000] {processor.py:830} INFO - Processing file /home/cloud/codings/airflow/dags/list_s3_files_in_logs.py for tasks to queue
[2026-02-06T16:23:33.328+0000] {logging_mixin.py:188} INFO - [2026-02-06T16:23:33.327+0000] {dagbag.py:545} INFO - Filling up the DagBag from /home/cloud/codings/airflow/dags/list_s3_files_in_logs.py
[2026-02-06T16:23:33.338+0000] {processor.py:840} INFO - DAG(s) 'list_s3_files_in_logs' retrieved from /home/cloud/codings/airflow/dags/list_s3_files_in_logs.py
[2026-02-06T16:23:33.358+0000] {logging_mixin.py:188} INFO - [2026-02-06T16:23:33.358+0000] {dag.py:3089} INFO - Sync 1 DAGs
[2026-02-06T16:23:33.371+0000] {logging_mixin.py:188} INFO - [2026-02-06T16:23:33.371+0000] {dag.py:3947} INFO - Setting next_dagrun for list_s3_files_in_logs to None, run_after=None
[2026-02-06T16:23:33.399+0000] {processor.py:183} INFO - Processing /home/cloud/codings/airflow/dags/list_s3_files_in_logs.py took 0.098 seconds
[2026-02-06T16:24:03.635+0000] {processor.py:161} INFO - Started process (PID=124410) to work on /home/cloud/codings/airflow/dags/list_s3_files_in_logs.py
[2026-02-06T16:24:03.636+0000] {processor.py:830} INFO - Processing file /home/cloud/codings/airflow/dags/list_s3_files_in_logs.py for tasks to queue
[2026-02-06T16:24:03.637+0000] {logging_mixin.py:188} INFO - [2026-02-06T16:24:03.636+0000] {dagbag.py:545} INFO - Filling up the DagBag from /home/cloud/codings/airflow/dags/list_s3_files_in_logs.py
[2026-02-06T16:24:03.648+0000] {processor.py:840} INFO - DAG(s) 'list_s3_files_in_logs' retrieved from /home/cloud/codings/airflow/dags/list_s3_files_in_logs.py
[2026-02-06T16:24:03.670+0000] {logging_mixin.py:188} INFO - [2026-02-06T16:24:03.669+0000] {dag.py:3089} INFO - Sync 1 DAGs
[2026-02-06T16:24:03.686+0000] {logging_mixin.py:188} INFO - [2026-02-06T16:24:03.685+0000] {dag.py:3947} INFO - Setting next_dagrun for list_s3_files_in_logs to None, run_after=None
[2026-02-06T16:24:03.715+0000] {processor.py:183} INFO - Processing /home/cloud/codings/airflow/dags/list_s3_files_in_logs.py took 0.086 seconds
[2026-02-06T16:24:34.060+0000] {processor.py:161} INFO - Started process (PID=124480) to work on /home/cloud/codings/airflow/dags/list_s3_files_in_logs.py
[2026-02-06T16:24:34.077+0000] {processor.py:830} INFO - Processing file /home/cloud/codings/airflow/dags/list_s3_files_in_logs.py for tasks to queue
[2026-02-06T16:24:34.078+0000] {logging_mixin.py:188} INFO - [2026-02-06T16:24:34.078+0000] {dagbag.py:545} INFO - Filling up the DagBag from /home/cloud/codings/airflow/dags/list_s3_files_in_logs.py
[2026-02-06T16:24:34.093+0000] {processor.py:840} INFO - DAG(s) 'list_s3_files_in_logs' retrieved from /home/cloud/codings/airflow/dags/list_s3_files_in_logs.py
[2026-02-06T16:24:34.121+0000] {logging_mixin.py:188} INFO - [2026-02-06T16:24:34.120+0000] {dag.py:3089} INFO - Sync 1 DAGs
[2026-02-06T16:24:34.138+0000] {logging_mixin.py:188} INFO - [2026-02-06T16:24:34.138+0000] {dag.py:3947} INFO - Setting next_dagrun for list_s3_files_in_logs to None, run_after=None
[2026-02-06T16:24:34.170+0000] {processor.py:183} INFO - Processing /home/cloud/codings/airflow/dags/list_s3_files_in_logs.py took 0.117 seconds
[2026-02-06T16:25:04.416+0000] {processor.py:161} INFO - Started process (PID=124544) to work on /home/cloud/codings/airflow/dags/list_s3_files_in_logs.py
[2026-02-06T16:25:04.418+0000] {processor.py:830} INFO - Processing file /home/cloud/codings/airflow/dags/list_s3_files_in_logs.py for tasks to queue
[2026-02-06T16:25:04.419+0000] {logging_mixin.py:188} INFO - [2026-02-06T16:25:04.419+0000] {dagbag.py:545} INFO - Filling up the DagBag from /home/cloud/codings/airflow/dags/list_s3_files_in_logs.py
[2026-02-06T16:25:04.434+0000] {processor.py:840} INFO - DAG(s) 'list_s3_files_in_logs' retrieved from /home/cloud/codings/airflow/dags/list_s3_files_in_logs.py
[2026-02-06T16:25:04.462+0000] {logging_mixin.py:188} INFO - [2026-02-06T16:25:04.462+0000] {dag.py:3089} INFO - Sync 1 DAGs
[2026-02-06T16:25:04.480+0000] {logging_mixin.py:188} INFO - [2026-02-06T16:25:04.480+0000] {dag.py:3947} INFO - Setting next_dagrun for list_s3_files_in_logs to None, run_after=None
[2026-02-06T16:25:04.516+0000] {processor.py:183} INFO - Processing /home/cloud/codings/airflow/dags/list_s3_files_in_logs.py took 0.108 seconds
[2026-02-06T16:25:35.495+0000] {processor.py:161} INFO - Started process (PID=124608) to work on /home/cloud/codings/airflow/dags/list_s3_files_in_logs.py
[2026-02-06T16:25:35.497+0000] {processor.py:830} INFO - Processing file /home/cloud/codings/airflow/dags/list_s3_files_in_logs.py for tasks to queue
[2026-02-06T16:25:35.499+0000] {logging_mixin.py:188} INFO - [2026-02-06T16:25:35.498+0000] {dagbag.py:545} INFO - Filling up the DagBag from /home/cloud/codings/airflow/dags/list_s3_files_in_logs.py
[2026-02-06T16:25:35.523+0000] {processor.py:840} INFO - DAG(s) 'list_s3_files_in_logs' retrieved from /home/cloud/codings/airflow/dags/list_s3_files_in_logs.py
[2026-02-06T16:25:35.562+0000] {logging_mixin.py:188} INFO - [2026-02-06T16:25:35.561+0000] {dag.py:3089} INFO - Sync 1 DAGs
[2026-02-06T16:25:35.593+0000] {logging_mixin.py:188} INFO - [2026-02-06T16:25:35.593+0000] {dag.py:3947} INFO - Setting next_dagrun for list_s3_files_in_logs to None, run_after=None
[2026-02-06T16:25:35.653+0000] {processor.py:183} INFO - Processing /home/cloud/codings/airflow/dags/list_s3_files_in_logs.py took 0.171 seconds
[2026-02-06T16:26:06.636+0000] {processor.py:161} INFO - Started process (PID=124676) to work on /home/cloud/codings/airflow/dags/list_s3_files_in_logs.py
[2026-02-06T16:26:06.655+0000] {processor.py:830} INFO - Processing file /home/cloud/codings/airflow/dags/list_s3_files_in_logs.py for tasks to queue
[2026-02-06T16:26:06.657+0000] {logging_mixin.py:188} INFO - [2026-02-06T16:26:06.656+0000] {dagbag.py:545} INFO - Filling up the DagBag from /home/cloud/codings/airflow/dags/list_s3_files_in_logs.py
[2026-02-06T16:26:06.684+0000] {processor.py:840} INFO - DAG(s) 'list_s3_files_in_logs' retrieved from /home/cloud/codings/airflow/dags/list_s3_files_in_logs.py
[2026-02-06T16:26:06.734+0000] {logging_mixin.py:188} INFO - [2026-02-06T16:26:06.734+0000] {dag.py:3089} INFO - Sync 1 DAGs
[2026-02-06T16:26:06.761+0000] {logging_mixin.py:188} INFO - [2026-02-06T16:26:06.760+0000] {dag.py:3947} INFO - Setting next_dagrun for list_s3_files_in_logs to None, run_after=None
[2026-02-06T16:26:06.821+0000] {processor.py:183} INFO - Processing /home/cloud/codings/airflow/dags/list_s3_files_in_logs.py took 0.208 seconds
[2026-02-06T16:26:37.214+0000] {processor.py:161} INFO - Started process (PID=124730) to work on /home/cloud/codings/airflow/dags/list_s3_files_in_logs.py
[2026-02-06T16:26:37.220+0000] {processor.py:830} INFO - Processing file /home/cloud/codings/airflow/dags/list_s3_files_in_logs.py for tasks to queue
[2026-02-06T16:26:37.235+0000] {logging_mixin.py:188} INFO - [2026-02-06T16:26:37.232+0000] {dagbag.py:545} INFO - Filling up the DagBag from /home/cloud/codings/airflow/dags/list_s3_files_in_logs.py
[2026-02-06T16:26:37.407+0000] {processor.py:840} INFO - DAG(s) 'list_s3_files_in_logs' retrieved from /home/cloud/codings/airflow/dags/list_s3_files_in_logs.py
[2026-02-06T16:26:37.854+0000] {logging_mixin.py:188} INFO - [2026-02-06T16:26:37.848+0000] {dag.py:3089} INFO - Sync 1 DAGs
[2026-02-06T16:26:38.319+0000] {logging_mixin.py:188} INFO - [2026-02-06T16:26:38.318+0000] {dag.py:3947} INFO - Setting next_dagrun for list_s3_files_in_logs to None, run_after=None
[2026-02-06T16:26:38.689+0000] {processor.py:183} INFO - Processing /home/cloud/codings/airflow/dags/list_s3_files_in_logs.py took 1.558 seconds
