[2026-02-06T15:07:32.379+0000] {local_task_job_runner.py:120} INFO - ::group::Pre task execution logs
[2026-02-06T15:07:32.388+0000] {taskinstance.py:2076} INFO - Dependencies all met for dep_context=non-requeueable deps ti=<TaskInstance: aws_s3_list_dag.list_s3_objects manual__2026-02-06T15:07:28.045178+00:00 [queued]>
[2026-02-06T15:07:32.396+0000] {taskinstance.py:2076} INFO - Dependencies all met for dep_context=requeueable deps ti=<TaskInstance: aws_s3_list_dag.list_s3_objects manual__2026-02-06T15:07:28.045178+00:00 [queued]>
[2026-02-06T15:07:32.396+0000] {taskinstance.py:2306} INFO - Starting attempt 1 of 1
[2026-02-06T15:07:32.418+0000] {taskinstance.py:2330} INFO - Executing <Task(S3ListOperator): list_s3_objects> on 2026-02-06 15:07:28.045178+00:00
[2026-02-06T15:07:32.421+0000] {standard_task_runner.py:64} INFO - Started process 21527 to run task
[2026-02-06T15:07:32.425+0000] {standard_task_runner.py:90} INFO - Running: ['airflow', 'tasks', 'run', 'aws_s3_list_dag', 'list_s3_objects', 'manual__2026-02-06T15:07:28.045178+00:00', '--job-id', '20', '--raw', '--subdir', 'DAGS_FOLDER/aws_s3_list.py', '--cfg-path', '/tmp/tmp1zh5u91t']
[2026-02-06T15:07:32.428+0000] {standard_task_runner.py:91} INFO - Job 20: Subtask list_s3_objects
[2026-02-06T15:07:32.481+0000] {task_command.py:426} INFO - Running <TaskInstance: aws_s3_list_dag.list_s3_objects manual__2026-02-06T15:07:28.045178+00:00 [running]> on host DESKTOP-OGBECNS.localdomain
[2026-02-06T15:07:32.610+0000] {taskinstance.py:2648} INFO - Exporting env vars: AIRFLOW_CTX_DAG_OWNER='airflow' AIRFLOW_CTX_DAG_ID='aws_s3_list_dag' AIRFLOW_CTX_TASK_ID='list_s3_objects' AIRFLOW_CTX_EXECUTION_DATE='2026-02-06T15:07:28.045178+00:00' AIRFLOW_CTX_TRY_NUMBER='1' AIRFLOW_CTX_DAG_RUN_ID='manual__2026-02-06T15:07:28.045178+00:00'
[2026-02-06T15:07:32.611+0000] {taskinstance.py:430} INFO - ::endgroup::
[2026-02-06T15:07:32.643+0000] {s3.py:819} INFO - Getting the list of files from bucket: salesinputsource in prefix: parquet/ (Delimiter )
[2026-02-06T15:07:32.649+0000] {base_aws.py:587} WARNING - Unable to find AWS Connection ID 'aws-conn-id', switching to empty.
[2026-02-06T15:07:32.650+0000] {base_aws.py:164} INFO - No connection ID provided. Fallback on boto3 credential strategy (region_name=None). See: https://boto3.amazonaws.com/v1/documentation/api/latest/guide/configuration.html
[2026-02-06T15:07:32.804+0000] {credentials.py:1278} INFO - Found credentials in shared credentials file: ~/.aws/credentials
[2026-02-06T15:07:33.986+0000] {taskinstance.py:441} INFO - ::group::Post task execution logs
[2026-02-06T15:07:34.145+0000] {taskinstance.py:1206} INFO - Marking task as SUCCESS. dag_id=aws_s3_list_dag, task_id=list_s3_objects, run_id=manual__2026-02-06T15:07:28.045178+00:00, execution_date=20260206T150728, start_date=20260206T150732, end_date=20260206T150734
[2026-02-06T15:07:34.205+0000] {local_task_job_runner.py:243} INFO - Task exited with return code 0
[2026-02-06T15:07:34.244+0000] {taskinstance.py:3503} INFO - 0 downstream tasks scheduled from follow-on schedule check
[2026-02-06T15:07:34.245+0000] {local_task_job_runner.py:222} INFO - ::endgroup::
