[2026-02-05T13:08:30.831+0000] {local_task_job_runner.py:120} INFO - ::group::Pre task execution logs
[2026-02-05T13:08:30.876+0000] {taskinstance.py:2076} INFO - Dependencies all met for dep_context=non-requeueable deps ti=<TaskInstance: hello_world.bash_hello manual__2026-02-05T13:08:17.956436+00:00 [queued]>
[2026-02-05T13:08:30.892+0000] {taskinstance.py:2076} INFO - Dependencies all met for dep_context=requeueable deps ti=<TaskInstance: hello_world.bash_hello manual__2026-02-05T13:08:17.956436+00:00 [queued]>
[2026-02-05T13:08:30.892+0000] {taskinstance.py:2306} INFO - Starting attempt 1 of 1
[2026-02-05T13:08:30.923+0000] {taskinstance.py:2330} INFO - Executing <Task(BashOperator): bash_hello> on 2026-02-05 13:08:17.956436+00:00
[2026-02-05T13:08:30.928+0000] {standard_task_runner.py:64} INFO - Started process 156288 to run task
[2026-02-05T13:08:30.932+0000] {standard_task_runner.py:90} INFO - Running: ['airflow', 'tasks', 'run', 'hello_world', 'bash_hello', 'manual__2026-02-05T13:08:17.956436+00:00', '--job-id', '8', '--raw', '--subdir', 'DAGS_FOLDER/hello_world.py', '--cfg-path', '/tmp/tmpch31s_zp']
[2026-02-05T13:08:30.934+0000] {standard_task_runner.py:91} INFO - Job 8: Subtask bash_hello
[2026-02-05T13:08:30.985+0000] {task_command.py:426} INFO - Running <TaskInstance: hello_world.bash_hello manual__2026-02-05T13:08:17.956436+00:00 [running]> on host DESKTOP-OGBECNS.localdomain
[2026-02-05T13:08:31.076+0000] {taskinstance.py:2648} INFO - Exporting env vars: AIRFLOW_CTX_DAG_OWNER='airflow' AIRFLOW_CTX_DAG_ID='hello_world' AIRFLOW_CTX_TASK_ID='bash_hello' AIRFLOW_CTX_EXECUTION_DATE='2026-02-05T13:08:17.956436+00:00' AIRFLOW_CTX_TRY_NUMBER='1' AIRFLOW_CTX_DAG_RUN_ID='manual__2026-02-05T13:08:17.956436+00:00'
[2026-02-05T13:08:31.077+0000] {taskinstance.py:430} INFO - ::endgroup::
[2026-02-05T13:08:31.097+0000] {subprocess.py:63} INFO - Tmp dir root location: /tmp
[2026-02-05T13:08:31.100+0000] {subprocess.py:75} INFO - Running command: ['/usr/bin/bash', '-c', 'echo "Hello from Bash!"']
[2026-02-05T13:08:31.111+0000] {subprocess.py:86} INFO - Output:
[2026-02-05T13:08:31.112+0000] {subprocess.py:93} INFO - Hello from Bash!
[2026-02-05T13:08:31.113+0000] {subprocess.py:97} INFO - Command exited with return code 0
[2026-02-05T13:08:31.114+0000] {taskinstance.py:441} INFO - ::group::Post task execution logs
[2026-02-05T13:08:31.143+0000] {taskinstance.py:1206} INFO - Marking task as SUCCESS. dag_id=hello_world, task_id=bash_hello, run_id=manual__2026-02-05T13:08:17.956436+00:00, execution_date=20260205T130817, start_date=20260205T130830, end_date=20260205T130831
[2026-02-05T13:08:31.186+0000] {local_task_job_runner.py:243} INFO - Task exited with return code 0
[2026-02-05T13:08:31.200+0000] {taskinstance.py:3503} INFO - 0 downstream tasks scheduled from follow-on schedule check
[2026-02-05T13:08:31.202+0000] {local_task_job_runner.py:222} INFO - ::endgroup::
