[2026-03-10T12:30:47.319+0000] {local_task_job_runner.py:120} INFO - ::group::Pre task execution logs
[2026-03-10T12:30:47.337+0000] {taskinstance.py:2076} INFO - Dependencies all met for dep_context=non-requeueable deps ti=<TaskInstance: 1_dag_Create_Apply_TAGs_AND_Policies.Creating_Tags manual__2026-03-10T12:30:42.937334+00:00 [queued]>
[2026-03-10T12:30:47.342+0000] {taskinstance.py:2076} INFO - Dependencies all met for dep_context=requeueable deps ti=<TaskInstance: 1_dag_Create_Apply_TAGs_AND_Policies.Creating_Tags manual__2026-03-10T12:30:42.937334+00:00 [queued]>
[2026-03-10T12:30:47.342+0000] {taskinstance.py:2306} INFO - Starting attempt 1 of 1
[2026-03-10T12:30:47.366+0000] {taskinstance.py:2330} INFO - Executing <Task(PythonOperator): Creating_Tags> on 2026-03-10 12:30:42.937334+00:00
[2026-03-10T12:30:47.374+0000] {standard_task_runner.py:90} INFO - Running: ['airflow', 'tasks', 'run', '1_dag_Create_Apply_TAGs_AND_Policies', 'Creating_Tags', 'manual__2026-03-10T12:30:42.937334+00:00', '--job-id', '70', '--raw', '--subdir', 'DAGS_FOLDER/1_dag_Create_Apply_TAGs_AND_Policies.py', '--cfg-path', '/tmp/tmpbp5apf5k']
[2026-03-10T12:30:47.377+0000] {standard_task_runner.py:91} INFO - Job 70: Subtask Creating_Tags
[2026-03-10T12:30:47.378+0000] {logging_mixin.py:188} WARNING - /home/cloud/codings/mvenv/lib/python3.12/site-packages/airflow/task/task_runner/standard_task_runner.py:62 DeprecationWarning: This process (pid=474350) is multi-threaded, use of fork() may lead to deadlocks in the child.
[2026-03-10T12:30:47.379+0000] {standard_task_runner.py:64} INFO - Started process 474404 to run task
[2026-03-10T12:30:47.432+0000] {task_command.py:426} INFO - Running <TaskInstance: 1_dag_Create_Apply_TAGs_AND_Policies.Creating_Tags manual__2026-03-10T12:30:42.937334+00:00 [running]> on host DESKTOP-OGBECNS.localdomain
[2026-03-10T12:30:47.513+0000] {taskinstance.py:2648} INFO - Exporting env vars: AIRFLOW_CTX_DAG_OWNER='airflow' AIRFLOW_CTX_DAG_ID='1_dag_Create_Apply_TAGs_AND_Policies' AIRFLOW_CTX_TASK_ID='Creating_Tags' AIRFLOW_CTX_EXECUTION_DATE='2026-03-10T12:30:42.937334+00:00' AIRFLOW_CTX_TRY_NUMBER='1' AIRFLOW_CTX_DAG_RUN_ID='manual__2026-03-10T12:30:42.937334+00:00'
[2026-03-10T12:30:47.514+0000] {taskinstance.py:430} INFO - ::endgroup::
[2026-03-10T12:30:47.531+0000] {connection.py:611} INFO - Snowflake Connector for Python Version: 4.2.0, Python Version: 3.12.3, Platform: Linux-6.6.87.2-microsoft-standard-WSL2-x86_64-with-glibc2.39
[2026-03-10T12:30:47.532+0000] {connection.py:1695} INFO - Connecting to GLOBAL Snowflake domain
[2026-03-10T12:30:47.772+0000] {credentials.py:1278} INFO - Found credentials in shared credentials file: ~/.aws/credentials
[2026-03-10T12:30:49.949+0000] {logging_mixin.py:188} INFO - ---------->creating tag SENSITIVITY_LEVEL 
[2026-03-10T12:30:50.716+0000] {logging_mixin.py:188} INFO - Tag SENSITIVITY_LEVEL already exists, skipped creation
[2026-03-10T12:30:50.716+0000] {python.py:237} INFO - Done. Returned value was: None
[2026-03-10T12:30:50.717+0000] {taskinstance.py:441} INFO - ::group::Post task execution logs
[2026-03-10T12:30:50.721+0000] {taskinstance.py:1206} INFO - Marking task as SUCCESS. dag_id=1_dag_Create_Apply_TAGs_AND_Policies, task_id=Creating_Tags, run_id=manual__2026-03-10T12:30:42.937334+00:00, execution_date=20260310T123042, start_date=20260310T123047, end_date=20260310T123050
[2026-03-10T12:30:50.771+0000] {local_task_job_runner.py:243} INFO - Task exited with return code 0
[2026-03-10T12:30:50.794+0000] {taskinstance.py:3503} INFO - 1 downstream tasks scheduled from follow-on schedule check
[2026-03-10T12:30:50.803+0000] {local_task_job_runner.py:222} INFO - ::endgroup::
