[2026-03-10T05:35:09.924+0000] {local_task_job_runner.py:120} INFO - ::group::Pre task execution logs
[2026-03-10T05:35:10.079+0000] {taskinstance.py:2076} INFO - Dependencies all met for dep_context=non-requeueable deps ti=<TaskInstance: dag_Generate_Semantic_Model.Generating_Model manual__2026-03-10T05:35:05.491305+00:00 [queued]>
[2026-03-10T05:35:10.091+0000] {taskinstance.py:2076} INFO - Dependencies all met for dep_context=requeueable deps ti=<TaskInstance: dag_Generate_Semantic_Model.Generating_Model manual__2026-03-10T05:35:05.491305+00:00 [queued]>
[2026-03-10T05:35:10.092+0000] {taskinstance.py:2306} INFO - Starting attempt 1 of 1
[2026-03-10T05:35:10.118+0000] {taskinstance.py:2330} INFO - Executing <Task(PythonOperator): Generating_Model> on 2026-03-10 05:35:05.491305+00:00
[2026-03-10T05:35:10.127+0000] {standard_task_runner.py:64} INFO - Started process 301289 to run task
[2026-03-10T05:35:10.132+0000] {standard_task_runner.py:90} INFO - Running: ['airflow', 'tasks', 'run', 'dag_Generate_Semantic_Model', 'Generating_Model', 'manual__2026-03-10T05:35:05.491305+00:00', '--job-id', '53', '--raw', '--subdir', 'DAGS_FOLDER/dag_Generate_Semantic_Model.py', '--cfg-path', '/tmp/tmpu8vz70yv']
[2026-03-10T05:35:10.138+0000] {standard_task_runner.py:91} INFO - Job 53: Subtask Generating_Model
[2026-03-10T05:35:10.207+0000] {task_command.py:426} INFO - Running <TaskInstance: dag_Generate_Semantic_Model.Generating_Model manual__2026-03-10T05:35:05.491305+00:00 [running]> on host DESKTOP-OGBECNS.localdomain
[2026-03-10T05:35:10.363+0000] {taskinstance.py:2648} INFO - Exporting env vars: AIRFLOW_CTX_DAG_OWNER='airflow' AIRFLOW_CTX_DAG_ID='dag_Generate_Semantic_Model' AIRFLOW_CTX_TASK_ID='Generating_Model' AIRFLOW_CTX_EXECUTION_DATE='2026-03-10T05:35:05.491305+00:00' AIRFLOW_CTX_TRY_NUMBER='1' AIRFLOW_CTX_DAG_RUN_ID='manual__2026-03-10T05:35:05.491305+00:00'
[2026-03-10T05:35:10.365+0000] {taskinstance.py:430} INFO - ::endgroup::
[2026-03-10T05:35:12.228+0000] {taskinstance.py:441} INFO - ::group::Post task execution logs
[2026-03-10T05:35:12.229+0000] {taskinstance.py:2905} ERROR - Task failed with exception
Traceback (most recent call last):
  File "/home/cloud/codings/mvenv/lib/python3.12/site-packages/airflow/models/taskinstance.py", line 465, in _execute_task
    result = _execute_callable(context=context, **execute_callable_kwargs)
             ^^^^^^^^^^^^^^^^^^^^^^^^^^^^^^^^^^^^^^^^^^^^^^^^^^^^^^^^^^^^^
  File "/home/cloud/codings/mvenv/lib/python3.12/site-packages/airflow/models/taskinstance.py", line 432, in _execute_callable
    return execute_callable(context=context, **execute_callable_kwargs)
           ^^^^^^^^^^^^^^^^^^^^^^^^^^^^^^^^^^^^^^^^^^^^^^^^^^^^^^^^^^^^
  File "/home/cloud/codings/mvenv/lib/python3.12/site-packages/airflow/models/baseoperator.py", line 401, in wrapper
    return func(self, *args, **kwargs)
           ^^^^^^^^^^^^^^^^^^^^^^^^^^^
  File "/home/cloud/codings/mvenv/lib/python3.12/site-packages/airflow/operators/python.py", line 235, in execute
    return_value = self.execute_callable()
                   ^^^^^^^^^^^^^^^^^^^^^^^
  File "/home/cloud/codings/mvenv/lib/python3.12/site-packages/airflow/operators/python.py", line 252, in execute_callable
    return self.python_callable(*self.op_args, **self.op_kwargs)
           ^^^^^^^^^^^^^^^^^^^^^^^^^^^^^^^^^^^^^^^^^^^^^^^^^^^^^
  File "/home/cloud/codings/airflow/dags/dag_Generate_Semantic_Model.py", line 23, in Generating_Semantic_Model
    from  py_files.varified_queries import verified_queries
ModuleNotFoundError: No module named 'py_files'
[2026-03-10T05:35:12.242+0000] {taskinstance.py:1206} INFO - Marking task as FAILED. dag_id=dag_Generate_Semantic_Model, task_id=Generating_Model, run_id=manual__2026-03-10T05:35:05.491305+00:00, execution_date=20260310T053505, start_date=20260310T053510, end_date=20260310T053512
[2026-03-10T05:35:12.264+0000] {standard_task_runner.py:110} ERROR - Failed to execute job 53 for task Generating_Model (No module named 'py_files'; 301289)
[2026-03-10T05:35:12.315+0000] {local_task_job_runner.py:243} INFO - Task exited with return code 1
[2026-03-10T05:35:12.334+0000] {taskinstance.py:3503} INFO - 0 downstream tasks scheduled from follow-on schedule check
[2026-03-10T05:35:12.335+0000] {local_task_job_runner.py:222} INFO - ::endgroup::
