[2026-03-10T11:58:44.346+0000] {local_task_job_runner.py:120} INFO - ::group::Pre task execution logs
[2026-03-10T11:58:44.470+0000] {taskinstance.py:2076} INFO - Dependencies all met for dep_context=non-requeueable deps ti=<TaskInstance: 2_dag_Generate_Semantic_Model.Generating_Model manual__2026-03-10T11:58:40.896202+00:00 [queued]>
[2026-03-10T11:58:44.479+0000] {taskinstance.py:2076} INFO - Dependencies all met for dep_context=requeueable deps ti=<TaskInstance: 2_dag_Generate_Semantic_Model.Generating_Model manual__2026-03-10T11:58:40.896202+00:00 [queued]>
[2026-03-10T11:58:44.480+0000] {taskinstance.py:2306} INFO - Starting attempt 1 of 1
[2026-03-10T11:58:44.501+0000] {taskinstance.py:2330} INFO - Executing <Task(PythonOperator): Generating_Model> on 2026-03-10 11:58:40.896202+00:00
[2026-03-10T11:58:44.505+0000] {standard_task_runner.py:64} INFO - Started process 457677 to run task
[2026-03-10T11:58:44.511+0000] {standard_task_runner.py:90} INFO - Running: ['airflow', 'tasks', 'run', '2_dag_Generate_Semantic_Model', 'Generating_Model', 'manual__2026-03-10T11:58:40.896202+00:00', '--job-id', '65', '--raw', '--subdir', 'DAGS_FOLDER/2_dag_Generate_Semantic_Model.py', '--cfg-path', '/tmp/tmpjjdh7htn']
[2026-03-10T11:58:44.516+0000] {standard_task_runner.py:91} INFO - Job 65: Subtask Generating_Model
[2026-03-10T11:58:44.587+0000] {task_command.py:426} INFO - Running <TaskInstance: 2_dag_Generate_Semantic_Model.Generating_Model manual__2026-03-10T11:58:40.896202+00:00 [running]> on host DESKTOP-OGBECNS.localdomain
[2026-03-10T11:58:44.700+0000] {taskinstance.py:2648} INFO - Exporting env vars: AIRFLOW_CTX_DAG_OWNER='airflow' AIRFLOW_CTX_DAG_ID='2_dag_Generate_Semantic_Model' AIRFLOW_CTX_TASK_ID='Generating_Model' AIRFLOW_CTX_EXECUTION_DATE='2026-03-10T11:58:40.896202+00:00' AIRFLOW_CTX_TRY_NUMBER='1' AIRFLOW_CTX_DAG_RUN_ID='manual__2026-03-10T11:58:40.896202+00:00'
[2026-03-10T11:58:44.701+0000] {taskinstance.py:430} INFO - ::endgroup::
[2026-03-10T11:58:46.252+0000] {connection.py:611} INFO - Snowflake Connector for Python Version: 4.2.0, Python Version: 3.12.3, Platform: Linux-6.6.87.2-microsoft-standard-WSL2-x86_64-with-glibc2.39
[2026-03-10T11:58:46.253+0000] {connection.py:1695} INFO - Connecting to GLOBAL Snowflake domain
[2026-03-10T11:58:46.537+0000] {credentials.py:1278} INFO - Found credentials in shared credentials file: ~/.aws/credentials
[2026-03-10T11:59:00.362+0000] {logging_mixin.py:188} INFO - Semantic model generated successfully
[2026-03-10T11:59:00.362+0000] {logging_mixin.py:188} INFO - Views processed: 7
[2026-03-10T11:59:00.363+0000] {logging_mixin.py:188} INFO - 
//Staging Semantic YML file RNDCONTROLLING.semantic.istage...
[2026-03-10T11:59:02.844+0000] {logging_mixin.py:188} INFO -     Semantic Model File staged successfully to @RNDCONTROLLING.semantic.istage
[2026-03-10T11:59:02.844+0000] {python.py:237} INFO - Done. Returned value was: None
[2026-03-10T11:59:02.845+0000] {taskinstance.py:441} INFO - ::group::Post task execution logs
[2026-03-10T11:59:02.849+0000] {taskinstance.py:1206} INFO - Marking task as SUCCESS. dag_id=2_dag_Generate_Semantic_Model, task_id=Generating_Model, run_id=manual__2026-03-10T11:58:40.896202+00:00, execution_date=20260310T115840, start_date=20260310T115844, end_date=20260310T115902
[2026-03-10T11:59:02.911+0000] {local_task_job_runner.py:243} INFO - Task exited with return code 0
[2026-03-10T11:59:02.918+0000] {taskinstance.py:3503} INFO - 0 downstream tasks scheduled from follow-on schedule check
[2026-03-10T11:59:02.918+0000] {local_task_job_runner.py:222} INFO - ::endgroup::
