[2026-03-10T07:44:58.082+0000] {local_task_job_runner.py:120} INFO - ::group::Pre task execution logs
[2026-03-10T07:44:58.335+0000] {taskinstance.py:2076} INFO - Dependencies all met for dep_context=non-requeueable deps ti=<TaskInstance: dag_Push_Updated_YML_To_Semantic_Stage.Generating_Model manual__2026-03-10T07:44:53.936462+00:00 [queued]>
[2026-03-10T07:44:58.349+0000] {taskinstance.py:2076} INFO - Dependencies all met for dep_context=requeueable deps ti=<TaskInstance: dag_Push_Updated_YML_To_Semantic_Stage.Generating_Model manual__2026-03-10T07:44:53.936462+00:00 [queued]>
[2026-03-10T07:44:58.350+0000] {taskinstance.py:2306} INFO - Starting attempt 1 of 1
[2026-03-10T07:44:58.392+0000] {taskinstance.py:2330} INFO - Executing <Task(PythonOperator): Generating_Model> on 2026-03-10 07:44:53.936462+00:00
[2026-03-10T07:44:58.397+0000] {standard_task_runner.py:64} INFO - Started process 359004 to run task
[2026-03-10T07:44:58.401+0000] {standard_task_runner.py:90} INFO - Running: ['airflow', 'tasks', 'run', 'dag_Push_Updated_YML_To_Semantic_Stage', 'Generating_Model', 'manual__2026-03-10T07:44:53.936462+00:00', '--job-id', '60', '--raw', '--subdir', 'DAGS_FOLDER/dag_Push_Updated_YML_To_Semantic_Stage.py', '--cfg-path', '/tmp/tmp4wfh0hyk']
[2026-03-10T07:44:58.403+0000] {standard_task_runner.py:91} INFO - Job 60: Subtask Generating_Model
[2026-03-10T07:44:58.461+0000] {task_command.py:426} INFO - Running <TaskInstance: dag_Push_Updated_YML_To_Semantic_Stage.Generating_Model manual__2026-03-10T07:44:53.936462+00:00 [running]> on host DESKTOP-OGBECNS.localdomain
[2026-03-10T07:44:58.552+0000] {taskinstance.py:2648} INFO - Exporting env vars: AIRFLOW_CTX_DAG_OWNER='airflow' AIRFLOW_CTX_DAG_ID='dag_Push_Updated_YML_To_Semantic_Stage' AIRFLOW_CTX_TASK_ID='Generating_Model' AIRFLOW_CTX_EXECUTION_DATE='2026-03-10T07:44:53.936462+00:00' AIRFLOW_CTX_TRY_NUMBER='1' AIRFLOW_CTX_DAG_RUN_ID='manual__2026-03-10T07:44:53.936462+00:00'
[2026-03-10T07:44:58.553+0000] {taskinstance.py:430} INFO - ::endgroup::
[2026-03-10T07:44:59.950+0000] {connection.py:611} INFO - Snowflake Connector for Python Version: 4.2.0, Python Version: 3.12.3, Platform: Linux-6.6.87.2-microsoft-standard-WSL2-x86_64-with-glibc2.39
[2026-03-10T07:44:59.953+0000] {connection.py:1695} INFO - Connecting to GLOBAL Snowflake domain
[2026-03-10T07:45:00.261+0000] {credentials.py:1278} INFO - Found credentials in shared credentials file: ~/.aws/credentials
[2026-03-10T07:45:04.249+0000] {logging_mixin.py:188} INFO - File downloaded to /home/cloud/codings/source_files/yml/
[2026-03-10T07:45:04.250+0000] {logging_mixin.py:188} INFO - 
//Staging Semantic YML file RNDCONTROLLING.semantic.istage...
[2026-03-10T07:45:05.677+0000] {logging_mixin.py:188} INFO -     Semantic Model File staged successfully to @RNDCONTROLLING.semantic.istage
[2026-03-10T07:45:05.678+0000] {python.py:237} INFO - Done. Returned value was: None
[2026-03-10T07:45:05.679+0000] {taskinstance.py:441} INFO - ::group::Post task execution logs
[2026-03-10T07:45:05.686+0000] {taskinstance.py:1206} INFO - Marking task as SUCCESS. dag_id=dag_Push_Updated_YML_To_Semantic_Stage, task_id=Generating_Model, run_id=manual__2026-03-10T07:44:53.936462+00:00, execution_date=20260310T074453, start_date=20260310T074458, end_date=20260310T074505
[2026-03-10T07:45:05.785+0000] {local_task_job_runner.py:243} INFO - Task exited with return code 0
[2026-03-10T07:45:05.801+0000] {taskinstance.py:3503} INFO - 0 downstream tasks scheduled from follow-on schedule check
[2026-03-10T07:45:05.802+0000] {local_task_job_runner.py:222} INFO - ::endgroup::
